Archive member included to satisfy reference by file (symbol)

/Users/malcolm/opt/cross-newlib/lib/gcc/m68k-elf-rosco/13.2.0/../../../../m68k-elf-rosco/lib/libc.a(libc_a-atexit.o)
                              /Users/malcolm/opt/cross-newlib/lib/gcc/m68k-elf-rosco/13.2.0/../../../../m68k-elf-rosco/lib/crt0.o (atexit)
/Users/malcolm/opt/cross-newlib/lib/gcc/m68k-elf-rosco/13.2.0/../../../../m68k-elf-rosco/lib/libc.a(libc_a-exit.o)
                              /Users/malcolm/opt/cross-newlib/lib/gcc/m68k-elf-rosco/13.2.0/../../../../m68k-elf-rosco/lib/crt0.o (exit)
/Users/malcolm/opt/cross-newlib/lib/gcc/m68k-elf-rosco/13.2.0/../../../../m68k-elf-rosco/lib/libc.a(libc_a-findfp.o)
                              /Users/malcolm/opt/cross-newlib/lib/gcc/m68k-elf-rosco/13.2.0/../../../../m68k-elf-rosco/lib/libc.a(libc_a-exit.o) (__stdio_exit_handler)
/Users/malcolm/opt/cross-newlib/lib/gcc/m68k-elf-rosco/13.2.0/../../../../m68k-elf-rosco/lib/libc.a(libc_a-fwalk.o)
                              /Users/malcolm/opt/cross-newlib/lib/gcc/m68k-elf-rosco/13.2.0/../../../../m68k-elf-rosco/lib/libc.a(libc_a-findfp.o) (_fwalk_sglue)
/Users/malcolm/opt/cross-newlib/lib/gcc/m68k-elf-rosco/13.2.0/../../../../m68k-elf-rosco/lib/libc.a(libc_a-impure.o)
                              /Users/malcolm/opt/cross-newlib/lib/gcc/m68k-elf-rosco/13.2.0/../../../../m68k-elf-rosco/lib/libc.a(libc_a-findfp.o) (_impure_data)
/Users/malcolm/opt/cross-newlib/lib/gcc/m68k-elf-rosco/13.2.0/../../../../m68k-elf-rosco/lib/libc.a(libc_a-memset.o)
                              /Users/malcolm/opt/cross-newlib/lib/gcc/m68k-elf-rosco/13.2.0/../../../../m68k-elf-rosco/lib/libc.a(libc_a-findfp.o) (memset)
/Users/malcolm/opt/cross-newlib/lib/gcc/m68k-elf-rosco/13.2.0/../../../../m68k-elf-rosco/lib/libc.a(libc_a-__atexit.o)
                              /Users/malcolm/opt/cross-newlib/lib/gcc/m68k-elf-rosco/13.2.0/../../../../m68k-elf-rosco/lib/libc.a(libc_a-atexit.o) (__register_exitproc)
/Users/malcolm/opt/cross-newlib/lib/gcc/m68k-elf-rosco/13.2.0/../../../../m68k-elf-rosco/lib/libc.a(libc_a-__call_atexit.o)
                              /Users/malcolm/opt/cross-newlib/lib/gcc/m68k-elf-rosco/13.2.0/../../../../m68k-elf-rosco/lib/libc.a(libc_a-exit.o) (__call_exitprocs)
/Users/malcolm/opt/cross-newlib/lib/gcc/m68k-elf-rosco/13.2.0/../../../../m68k-elf-rosco/lib/libc.a(libc_a-mallocr.o)
                              /Users/malcolm/opt/cross-newlib/lib/gcc/m68k-elf-rosco/13.2.0/../../../../m68k-elf-rosco/lib/libc.a(libc_a-findfp.o) (_malloc_r)
/Users/malcolm/opt/cross-newlib/lib/gcc/m68k-elf-rosco/13.2.0/../../../../m68k-elf-rosco/lib/libc.a(libc_a-mlock.o)
                              /Users/malcolm/opt/cross-newlib/lib/gcc/m68k-elf-rosco/13.2.0/../../../../m68k-elf-rosco/lib/libc.a(libc_a-mallocr.o) (__malloc_lock)
/Users/malcolm/opt/cross-newlib/lib/gcc/m68k-elf-rosco/13.2.0/../../../../m68k-elf-rosco/lib/libc.a(libc_a-fclose.o)
                              /Users/malcolm/opt/cross-newlib/lib/gcc/m68k-elf-rosco/13.2.0/../../../../m68k-elf-rosco/lib/libc.a(libc_a-findfp.o) (_fclose_r)
/Users/malcolm/opt/cross-newlib/lib/gcc/m68k-elf-rosco/13.2.0/../../../../m68k-elf-rosco/lib/libc.a(libc_a-fflush.o)
                              /Users/malcolm/opt/cross-newlib/lib/gcc/m68k-elf-rosco/13.2.0/../../../../m68k-elf-rosco/lib/libc.a(libc_a-fclose.o) (__sflush_r)
/Users/malcolm/opt/cross-newlib/lib/gcc/m68k-elf-rosco/13.2.0/../../../../m68k-elf-rosco/lib/libc.a(libc_a-stdio.o)
                              /Users/malcolm/opt/cross-newlib/lib/gcc/m68k-elf-rosco/13.2.0/../../../../m68k-elf-rosco/lib/libc.a(libc_a-findfp.o) (__sread)
/Users/malcolm/opt/cross-newlib/lib/gcc/m68k-elf-rosco/13.2.0/../../../../m68k-elf-rosco/lib/libc.a(libc_a-closer.o)
                              /Users/malcolm/opt/cross-newlib/lib/gcc/m68k-elf-rosco/13.2.0/../../../../m68k-elf-rosco/lib/libc.a(libc_a-stdio.o) (_close_r)
/Users/malcolm/opt/cross-newlib/lib/gcc/m68k-elf-rosco/13.2.0/../../../../m68k-elf-rosco/lib/libc.a(libc_a-reent.o)
                              /Users/malcolm/opt/cross-newlib/lib/gcc/m68k-elf-rosco/13.2.0/../../../../m68k-elf-rosco/lib/libc.a(libc_a-closer.o) (errno)
/Users/malcolm/opt/cross-newlib/lib/gcc/m68k-elf-rosco/13.2.0/../../../../m68k-elf-rosco/lib/libc.a(libc_a-lseekr.o)
                              /Users/malcolm/opt/cross-newlib/lib/gcc/m68k-elf-rosco/13.2.0/../../../../m68k-elf-rosco/lib/libc.a(libc_a-stdio.o) (_lseek_r)
/Users/malcolm/opt/cross-newlib/lib/gcc/m68k-elf-rosco/13.2.0/../../../../m68k-elf-rosco/lib/libc.a(libc_a-readr.o)
                              /Users/malcolm/opt/cross-newlib/lib/gcc/m68k-elf-rosco/13.2.0/../../../../m68k-elf-rosco/lib/libc.a(libc_a-stdio.o) (_read_r)
/Users/malcolm/opt/cross-newlib/lib/gcc/m68k-elf-rosco/13.2.0/../../../../m68k-elf-rosco/lib/libc.a(libc_a-sbrkr.o)
[...]
Memory Configuration

Name             Origin             Length             Attributes
RAM              0x00000000         0x00100000
EXP_RAM          0x00100000         0x00d00000
ROM              0x00e00000         0x00100000
IO_SPACE         0x00f00000         0x00100000
*default*        0x00000000         0xffffffff

Linker script and memory map

LOAD /Users/malcolm/opt/cross-newlib/lib/gcc/m68k-elf-rosco/13.2.0/../../../../m68k-elf-rosco/lib/crt0.o
LOAD /Users/malcolm/opt/cross-newlib/lib/gcc/m68k-elf-rosco/13.2.0/crti.o
LOAD /Users/malcolm/opt/cross-newlib/lib/gcc/m68k-elf-rosco/13.2.0/crtbegin.o
LOAD main.o
LOAD /Users/malcolm/opt/cross-newlib/lib/gcc/m68k-elf-rosco/13.2.0/libgcc.a
LOAD /Users/malcolm/opt/cross-newlib/lib/gcc/m68k-elf-rosco/13.2.0/../../../../m68k-elf-rosco/lib/libc.a
LOAD /Users/malcolm/opt/cross-newlib/lib/gcc/m68k-elf-rosco/13.2.0/../../../../m68k-elf-rosco/lib/librosco.a
LOAD /Users/malcolm/opt/cross-newlib/lib/gcc/m68k-elf-rosco/13.2.0/../../../../m68k-elf-rosco/lib/libc.a
                [!provide]                        PROVIDE (_STACK_SIZE = 0x4000)
                [!provide]                        PROVIDE (_relocIAL_STACK = 0x0)
                [!provide]                        PROVIDE (_WARM_BOOT = 0x4)
                [!provide]                        PROVIDE (_MFP_VECTORS = 0x100)
                [!provide]                        PROVIDE (_SDB = 0x400)
                0x00000400                        PROVIDE (_SDB_MAGIC = 0x400)
                [!provide]                        PROVIDE (_SDB_STATUS = 0x404)
                [!provide]                        PROVIDE (_SDB_RSRVD_408 = 0x408)
                0x0000040c                        PROVIDE (_TIMER_100HZ = 0x40c)
                [!provide]                        PROVIDE (_EASY68K_ECHOON = 0x410)
                [!provide]                        PROVIDE (_EASY68K_PROMPT = 0x411)
                [!provide]                        PROVIDE (_EASY68K_SHOWLF = 0x412)
                [!provide]                        PROVIDE (_SDB_RSRVD_413 = 0x413)
                [!provide]                        PROVIDE (_SDB_MEM_SIZE = 0x414)
                [!provide]                        PROVIDE (_SDB_UART_BASE = 0x418)
                [!provide]                        PROVIDE (_SDB_CPU_INFO = 0x41c)
                [!provide]                        PROVIDE (_EFP_TABLE = 0x420)
                [!provide]                        PROVIDE (_EFP_PRINT = 0x420)
                [!provide]                        PROVIDE (_EFP_PRINTLN = 0x424)
                [!provide]                        PROVIDE (_EFP_PRINTCHAR = 0x428)
                [!provide]                        PROVIDE (_EFP_HALT = 0x42c)
                [!provide]                        PROVIDE (_EFP_SENDCHAR = 0x430)
                [!provide]                        PROVIDE (_EFP_RECVCHAR = 0x434)
                [!provide]                        PROVIDE (_EFP_CLRSCR = 0x438)
                [!provide]                        PROVIDE (_EFP_MOVEXY = 0x43c)
                [!provide]                        PROVIDE (_EFP_SETCURSOR = 0x440)
                [!provide]                        PROVIDE (_EFP_CHECKCHAR = 0x444)
                [!provide]                        PROVIDE (_EFP_PROGLOADER = 0x448)
                [!provide]                        PROVIDE (_EFP_SD_reloc = 0x44c)
                [!provide]                        PROVIDE (_EFP_SD_READ = 0x450)
                [!provide]                        PROVIDE (_EFP_SD_WRITE = 0x454)
                [!provide]                        PROVIDE (_EFP_SD_REG = 0x458)
                [!provide]                        PROVIDE (_EFP_SPI_reloc = 0x45c)
                [!provide]                        PROVIDE (_EFP_SPI_CS_A = 0x460)
                [!provide]                        PROVIDE (_EFP_SPI_CS_D = 0x464)
                [!provide]                        PROVIDE (_EFP_SPI_XFER_B = 0x468)
                [!provide]                        PROVIDE (_EFP_SPI_XFER_M = 0x46c)
                [!provide]                        PROVIDE (_EFP_SPI_RECV_B = 0x470)
                [!provide]                        PROVIDE (_EFP_SPI_RECV_M = 0x474)
                [!provide]                        PROVIDE (_EFP_SPI_SEND_B = 0x478)
                [!provide]                        PROVIDE (_EFP_SPI_SEND_M = 0x47c)
                [!provide]                        PROVIDE (_EFP_ATA_reloc = 0x480)
                [!provide]                        PROVIDE (_EFP_ATA_READ = 0x484)
                [!provide]                        PROVIDE (_EFP_ATA_WRITE = 0x488)
                [!provide]                        PROVIDE (_EFP_ATA_IDENT = 0x48c)
                [!provide]                        PROVIDE (_EFP_INPUTCHAR = 0x494)
                [!provide]                        PROVIDE (_EFP_CHECKINPUT = 0x498)
                [!provide]                        PROVIDE (_FIRMWARE = 0xe00000)
                [!provide]                        PROVIDE (_FIRMWARE_REV = 0xe00400)
                0x00040000                        PROVIDE (_LOAD_ADDRESS = 0x40000)
                0x00002000                        PROVIDE (_RUN_ADDRESS = 0x2000)

.text.reloc     0x00002000       0x22 load address 0x00040000
                0x00002000                        _reloc = .
 *(.reloc)
 .reloc         0x00002000       0x22 /Users/malcolm/opt/cross-newlib/lib/gcc/m68k-elf-rosco/13.2.0/../../../../m68k-elf-rosco/lib/crt0.o
                0x00002000                _start
                0x00002022                        _reloc_end = .

.text.postreloc
                0x00002024       0x7c load address 0x00040024
                0x00002024                        _postreloc = .
 *(.postreloc)
 *fill*         0x00002024        0xc 
 .postreloc     0x00002030       0x70 /Users/malcolm/opt/cross-newlib/lib/gcc/m68k-elf-rosco/13.2.0/../../../../m68k-elf-rosco/lib/crt0.o
                0x0000204a                _enter
                0x000020a0                        . = ALIGN (0x4)
                0x000020a0                        _postreloc_end = .

.eh_frame       0x000020a0        0x4 load address 0x000400a0
 .eh_frame      0x000020a0        0x0 /Users/malcolm/opt/cross-newlib/lib/gcc/m68k-elf-rosco/13.2.0/crtbegin.o
 .eh_frame      0x000020a0        0x4 /Users/malcolm/opt/cross-newlib/lib/gcc/m68k-elf-rosco/13.2.0/crtend.o

.text           0x000020a4     0x6256 load address 0x000400a4
                0x000020a4                        _code = .
 *(.text*)
 .text          0x000020a4        0x0 /Users/malcolm/opt/cross-newlib/lib/gcc/m68k-elf-rosco/13.2.0/crti.o
 .text          0x000020a4       0xf0 /Users/malcolm/opt/cross-newlib/lib/gcc/m68k-elf-rosco/13.2.0/crtbegin.o
 .text          0x00002194       0x26 main.o
                0x00002194                main
 *fill*         0x000021ba        0x2 
 .text          0x000021bc        0x0 /Users/malcolm/opt/cross-newlib/lib/gcc/m68k-elf-rosco/13.2.0/../../../../m68k-elf-rosco/lib/libc.a(libc_a-atexit.o)
 .text.atexit   0x000021bc       0x16 /Users/malcolm/opt/cross-newlib/lib/gcc/m68k-elf-rosco/13.2.0/../../../../m68k-elf-rosco/lib/libc.a(libc_a-atexit.o)
                0x000021bc                atexit
 *fill*         0x000021d2        0x2 
 .text          0x000021d4        0x0 /Users/malcolm/opt/cross-newlib/lib/gcc/m68k-elf-rosco/13.2.0/../../../../m68k-elf-rosco/lib/libc.a(libc_a-exit.o)
 .text.exit     0x000021d4       0x28 /Users/malcolm/opt/cross-newlib/lib/gcc/m68k-elf-rosco/13.2.0/../../../../m68k-elf-rosco/lib/libc.a(libc_a-exit.o)
                0x000021d4                exit
 .text          0x000021fc        0x0 /Users/malcolm/opt/cross-newlib/lib/gcc/m68k-elf-rosco/13.2.0/../../../../m68k-elf-rosco/lib/libc.a(libc_a-findfp.o)
 .text.__fp_lock
                0x000021fc        0x4 /Users/malcolm/opt/cross-newlib/lib/gcc/m68k-elf-rosco/13.2.0/../../../../m68k-elf-rosco/lib/libc.a(libc_a-findfp.o)
 .text.stdio_exit_handler
                0x00002200       0x1e /Users/malcolm/opt/cross-newlib/lib/gcc/m68k-elf-rosco/13.2.0/../../../../m68k-elf-rosco/lib/libc.a(libc_a-findfp.o)
 .text.cleanup_stdio
                0x0000221e       0x52 /Users/malcolm/opt/cross-newlib/lib/gcc/m68k-elf-rosco/13.2.0/../../../../m68k-elf-rosco/lib/libc.a(libc_a-findfp.o)
 .text.__fp_unlock
                0x00002270        0x4 /Users/malcolm/opt/cross-newlib/lib/gcc/m68k-elf-rosco/13.2.0/../../../../m68k-elf-rosco/lib/libc.a(libc_a-findfp.o)
 .text.global_stdio_init.part.0
                0x00002274      0x178 /Users/malcolm/opt/cross-newlib/lib/gcc/m68k-elf-rosco/13.2.0/../../../../m68k-elf-rosco/lib/libc.a(libc_a-findfp.o)
 .text.__sfp    0x000023ec      0x100 /Users/malcolm/opt/cross-newlib/lib/gcc/m68k-elf-rosco/13.2.0/../../../../m68k-elf-rosco/lib/libc.a(libc_a-findfp.o)
                0x000023ec                __sfp
 .text.__sinit  0x000024ec       0x22 /Users/malcolm/opt/cross-newlib/lib/gcc/m68k-elf-rosco/13.2.0/../../../../m68k-elf-rosco/lib/libc.a(libc_a-findfp.o)
                0x000024ec                __sinit
 .text.__sfp_lock_acquire
                0x0000250e        0x2 /Users/malcolm/opt/cross-newlib/lib/gcc/m68k-elf-rosco/13.2.0/../../../../m68k-elf-rosco/lib/libc.a(libc_a-findfp.o)
                0x0000250e                __sfp_lock_acquire
 .text.__sfp_lock_release
                0x00002510        0x2 /Users/malcolm/opt/cross-newlib/lib/gcc/m68k-elf-rosco/13.2.0/../../../../m68k-elf-rosco/lib/libc.a(libc_a-findfp.o)
                0x00002510                __sfp_lock_release
 .text.__fp_lock_all
                0x00002512       0x1a /Users/malcolm/opt/cross-newlib/lib/gcc/m68k-elf-rosco/13.2.0/../../../../m68k-elf-rosco/lib/libc.a(libc_a-findfp.o)
                0x00002512                __fp_lock_all
 .text.__fp_unlock_all
                0x0000252c       0x1a /Users/malcolm/opt/cross-newlib/lib/gcc/m68k-elf-rosco/13.2.0/../../../../m68k-elf-rosco/lib/libc.a(libc_a-findfp.o)
                0x0000252c                __fp_unlock_all
 *fill*         0x00002546        0x2 
 .text          0x00002548        0x0 /Users/malcolm/opt/cross-newlib/lib/gcc/m68k-elf-rosco/13.2.0/../../../../m68k-elf-rosco/lib/libc.a(libc_a-fwalk.o)
 .text._fwalk_sglue
                0x00002548       0x56 /Users/malcolm/opt/cross-newlib/lib/gcc/m68k-elf-rosco/13.2.0/../../../../m68k-elf-rosco/lib/libc.a(libc_a-fwalk.o)
                0x00002548                _fwalk_sglue
 *fill*         0x0000259e        0x2 
 .text          0x000025a0        0x0 /Users/malcolm/opt/cross-newlib/lib/gcc/m68k-elf-rosco/13.2.0/../../../../m68k-elf-rosco/lib/libc.a(libc_a-impure.o)
 .text          0x000025a0       0x72 /Users/malcolm/opt/cross-newlib/lib/gcc/m68k-elf-rosco/13.2.0/../../../../m68k-elf-rosco/lib/libc.a(libc_a-memset.o)
                0x000025a0                memset
 *fill*         0x00002612        0x2 
 .text          0x00002614        0x0 /Users/malcolm/opt/cross-newlib/lib/gcc/m68k-elf-rosco/13.2.0/../../../../m68k-elf-rosco/lib/libc.a(libc_a-__atexit.o)
 .text.__register_exitproc
                0x00002614       0x96 /Users/malcolm/opt/cross-newlib/lib/gcc/m68k-elf-rosco/13.2.0/../../../../m68k-elf-rosco/lib/libc.a(libc_a-__atexit.o)
                0x00002614                __register_exitproc
 *fill*         0x000026aa        0x2 
 .text          0x000026ac        0x0 /Users/malcolm/opt/cross-newlib/lib/gcc/m68k-elf-rosco/13.2.0/../../../../m68k-elf-rosco/lib/libc.a(libc_a-__call_atexit.o)
 .text.__call_exitprocs
                0x000026ac       0xbc /Users/malcolm/opt/cross-newlib/lib/gcc/m68k-elf-rosco/13.2.0/../../../../m68k-elf-rosco/lib/libc.a(libc_a-__call_atexit.o)
                0x000026ac                __call_exitprocs
 .text          0x00002768        0x0 /Users/malcolm/opt/cross-newlib/lib/gcc/m68k-elf-rosco/13.2.0/../../../../m68k-elf-rosco/lib/libc.a(libc_a-mallocr.o)
 .text._malloc_r
                0x00002768      0x842 /Users/malcolm/opt/cross-newlib/lib/gcc/m68k-elf-rosco/13.2.0/../../../../m68k-elf-rosco/lib/libc.a(libc_a-mallocr.o)
                0x00002768                _malloc_r
 *fill*         0x00002faa        0x2 
 .text          0x00002fac        0x0 /Users/malcolm/opt/cross-newlib/lib/gcc/m68k-elf-rosco/13.2.0/../../../../m68k-elf-rosco/lib/libc.a(libc_a-mlock.o)
 .text.__malloc_lock
                0x00002fac        0x2 /Users/malcolm/opt/cross-newlib/lib/gcc/m68k-elf-rosco/13.2.0/../../../../m68k-elf-rosco/lib/libc.a(libc_a-mlock.o)
                0x00002fac                __malloc_lock
 .text.__malloc_unlock
                0x00002fae        0x2 /Users/malcolm/opt/cross-newlib/lib/gcc/m68k-elf-rosco/13.2.0/../../../../m68k-elf-rosco/lib/libc.a(libc_a-mlock.o)
                0x00002fae                __malloc_unlock
 .text          0x00002fb0        0x0 /Users/malcolm/opt/cross-newlib/lib/gcc/m68k-elf-rosco/13.2.0/../../../../m68k-elf-rosco/lib/libc.a(libc_a-fclose.o)
 .text._fclose_r
                0x00002fb0       0xd8 /Users/malcolm/opt/cross-newlib/lib/gcc/m68k-elf-rosco/13.2.0/../../../../m68k-elf-rosco/lib/libc.a(libc_a-fclose.o)
                0x00002fb0                _fclose_r
 .text.fclose   0x00003088       0x14 /Users/malcolm/opt/cross-newlib/lib/gcc/m68k-elf-rosco/13.2.0/../../../../m68k-elf-rosco/lib/libc.a(libc_a-fclose.o)
                0x00003088                fclose
 .text          0x0000309c        0x0 /Users/malcolm/opt/cross-newlib/lib/gcc/m68k-elf-rosco/13.2.0/../../../../m68k-elf-rosco/lib/libc.a(libc_a-fflush.o)
 .text.__sflush_r
                0x0000309c      0x1ba /Users/malcolm/opt/cross-newlib/lib/gcc/m68k-elf-rosco/13.2.0/../../../../m68k-elf-rosco/lib/libc.a(libc_a-fflush.o)
                0x0000309c                __sflush_r
 .text._fflush_r
                0x00003256       0x44 /Users/malcolm/opt/cross-newlib/lib/gcc/m68k-elf-rosco/13.2.0/../../../../m68k-elf-rosco/lib/libc.a(libc_a-fflush.o)
                0x00003256                _fflush_r
 .text.fflush   0x0000329a       0x74 /Users/malcolm/opt/cross-newlib/lib/gcc/m68k-elf-rosco/13.2.0/../../../../m68k-elf-rosco/lib/libc.a(libc_a-fflush.o)
                0x0000329a                fflush
 *fill*         0x0000330e        0x2 
 .text          0x00003310        0x0 /Users/malcolm/opt/cross-newlib/lib/gcc/m68k-elf-rosco/13.2.0/../../../../m68k-elf-rosco/lib/libc.a(libc_a-stdio.o)
 .text.__sread  0x00003310       0x38 /Users/malcolm/opt/cross-newlib/lib/gcc/m68k-elf-rosco/13.2.0/../../../../m68k-elf-rosco/lib/libc.a(libc_a-stdio.o)
                0x00003310                __sread
 .text.__seofread
                0x00003348        0x4 /Users/malcolm/opt/cross-newlib/lib/gcc/m68k-elf-rosco/13.2.0/../../../../m68k-elf-rosco/lib/libc.a(libc_a-stdio.o)
                0x00003348                __seofread
 .text.__swrite
                0x0000334c       0x86 /Users/malcolm/opt/cross-newlib/lib/gcc/m68k-elf-rosco/13.2.0/../../../../m68k-elf-rosco/lib/libc.a(libc_a-stdio.o)
                0x0000334c                __swrite
 .text.__sseek  0x000033d2       0x40 /Users/malcolm/opt/cross-newlib/lib/gcc/m68k-elf-rosco/13.2.0/../../../../m68k-elf-rosco/lib/libc.a(libc_a-stdio.o)
                0x000033d2                __sseek
 .text.__sclose
                0x00003412       0x12 /Users/malcolm/opt/cross-newlib/lib/gcc/m68k-elf-rosco/13.2.0/../../../../m68k-elf-rosco/lib/libc.a(libc_a-stdio.o)
                0x00003412                __sclose
 .text          0x00003424        0x0 /Users/malcolm/opt/cross-newlib/lib/gcc/m68k-elf-rosco/13.2.0/../../../../m68k-elf-rosco/lib/libc.a(libc_a-closer.o)
 .text._close_r
                0x00003424       0x2a /Users/malcolm/opt/cross-newlib/lib/gcc/m68k-elf-rosco/13.2.0/../../../../m68k-elf-rosco/lib/libc.a(libc_a-closer.o)
                0x00003424                _close_r
 *fill*         0x0000344e        0x2 
 .text          0x00003450        0x0 /Users/malcolm/opt/cross-newlib/lib/gcc/m68k-elf-rosco/13.2.0/../../../../m68k-elf-rosco/lib/libc.a(libc_a-reent.o)
 .text._reclaim_reent
                0x00003450       0xb6 /Users/malcolm/opt/cross-newlib/lib/gcc/m68k-elf-rosco/13.2.0/../../../../m68k-elf-rosco/lib/libc.a(libc_a-reent.o)
                0x00003450                _reclaim_reent
 *fill*         0x00003506        0x2 
 .text          0x00003508        0x0 /Users/malcolm/opt/cross-newlib/lib/gcc/m68k-elf-rosco/13.2.0/../../../../m68k-elf-rosco/lib/libc.a(libc_a-lseekr.o)
 .text._lseek_r
                0x00003508       0x34 /Users/malcolm/opt/cross-newlib/lib/gcc/m68k-elf-rosco/13.2.0/../../../../m68k-elf-rosco/lib/libc.a(libc_a-lseekr.o)
                0x00003508                _lseek_r
 .text          0x0000353c        0x0 /Users/malcolm/opt/cross-newlib/lib/gcc/m68k-elf-rosco/13.2.0/../../../../m68k-elf-rosco/lib/libc.a(libc_a-readr.o)
 .text._read_r  0x0000353c       0x34 /Users/malcolm/opt/cross-newlib/lib/gcc/m68k-elf-rosco/13.2.0/../../../../m68k-elf-rosco/lib/libc.a(libc_a-readr.o)
                0x0000353c                _read_r
 .text          0x00003570        0x0 /Users/malcolm/opt/cross-newlib/lib/gcc/m68k-elf-rosco/13.2.0/../../../../m68k-elf-rosco/lib/libc.a(libc_a-sbrkr.o)
 .text._sbrk_r  0x00003570       0x2a /Users/malcolm/opt/cross-newlib/lib/gcc/m68k-elf-rosco/13.2.0/../../../../m68k-elf-rosco/lib/libc.a(libc_a-sbrkr.o)
                0x00003570                _sbrk_r
 *fill*         0x0000359a        0x2 
 .text          0x0000359c        0x0 /Users/malcolm/opt/cross-newlib/lib/gcc/m68k-elf-rosco/13.2.0/../../../../m68k-elf-rosco/lib/libc.a(libc_a-writer.o)
 .text._write_r
                0x0000359c       0x34 /Users/malcolm/opt/cross-newlib/lib/gcc/m68k-elf-rosco/13.2.0/../../../../m68k-elf-rosco/lib/libc.a(libc_a-writer.o)
                0x0000359c                _write_r
 .text          0x000035d0        0x0 /Users/malcolm/opt/cross-newlib/lib/gcc/m68k-elf-rosco/13.2.0/../../../../m68k-elf-rosco/lib/libc.a(libc_a-freer.o)
 .text._malloc_trim_r
                0x000035d0       0xda /Users/malcolm/opt/cross-newlib/lib/gcc/m68k-elf-rosco/13.2.0/../../../../m68k-elf-rosco/lib/libc.a(libc_a-freer.o)
                0x000035d0                _malloc_trim_r
 .text._free_r  0x000036aa      0x352 /Users/malcolm/opt/cross-newlib/lib/gcc/m68k-elf-rosco/13.2.0/../../../../m68k-elf-rosco/lib/libc.a(libc_a-freer.o)
                0x000036aa                _free_r
 .text          0x000039fc        0x0 /Users/malcolm/opt/cross-newlib/lib/gcc/m68k-elf-rosco/13.2.0/../../../../m68k-elf-rosco/lib/librosco.a(syscalls.o)
 .text._exit    0x000039fc        0x8 /Users/malcolm/opt/cross-newlib/lib/gcc/m68k-elf-rosco/13.2.0/../../../../m68k-elf-rosco/lib/librosco.a(syscalls.o)
                0x000039fc                _exit
 .text._close   0x00003a04       0x7e /Users/malcolm/opt/cross-newlib/lib/gcc/m68k-elf-rosco/13.2.0/../../../../m68k-elf-rosco/lib/librosco.a(syscalls.o)
                0x00003a04                _close
 .text._execve  0x00003a82        0xc /Users/malcolm/opt/cross-newlib/lib/gcc/m68k-elf-rosco/13.2.0/../../../../m68k-elf-rosco/lib/librosco.a(syscalls.o)
                0x00003a82                _execve
 .text._fork    0x00003a8e        0xc /Users/malcolm/opt/cross-newlib/lib/gcc/m68k-elf-rosco/13.2.0/../../../../m68k-elf-rosco/lib/librosco.a(syscalls.o)
                0x00003a8e                _fork
 .text._fstat   0x00003a9a       0x98 /Users/malcolm/opt/cross-newlib/lib/gcc/m68k-elf-rosco/13.2.0/../../../../m68k-elf-rosco/lib/librosco.a(syscalls.o)
                0x00003a9a                _fstat
 .text._getpid  0x00003b32        0x4 /Users/malcolm/opt/cross-newlib/lib/gcc/m68k-elf-rosco/13.2.0/../../../../m68k-elf-rosco/lib/librosco.a(syscalls.o)
                0x00003b32                _getpid
 .text._isatty  0x00003b36       0x10 /Users/malcolm/opt/cross-newlib/lib/gcc/m68k-elf-rosco/13.2.0/../../../../m68k-elf-rosco/lib/librosco.a(syscalls.o)
                0x00003b36                _isatty
 .text._kill    0x00003b46        0xc /Users/malcolm/opt/cross-newlib/lib/gcc/m68k-elf-rosco/13.2.0/../../../../m68k-elf-rosco/lib/librosco.a(syscalls.o)
                0x00003b46                _kill
 .text._link    0x00003b52        0xc /Users/malcolm/opt/cross-newlib/lib/gcc/m68k-elf-rosco/13.2.0/../../../../m68k-elf-rosco/lib/librosco.a(syscalls.o)
                0x00003b52                _link
 .text._lseek   0x00003b5e       0x68 /Users/malcolm/opt/cross-newlib/lib/gcc/m68k-elf-rosco/13.2.0/../../../../m68k-elf-rosco/lib/librosco.a(syscalls.o)
                0x00003b5e                _lseek
 .text._sd_open
                0x00003bc6       0x96 /Users/malcolm/opt/cross-newlib/lib/gcc/m68k-elf-rosco/13.2.0/../../../../m68k-elf-rosco/lib/librosco.a(syscalls.o)
                0x00003bc6                _sd_open
 .text._open    0x00003c5c       0xba /Users/malcolm/opt/cross-newlib/lib/gcc/m68k-elf-rosco/13.2.0/../../../../m68k-elf-rosco/lib/librosco.a(syscalls.o)
                0x00003c5c                _open
 .text._read    0x00003d16      0x124 /Users/malcolm/opt/cross-newlib/lib/gcc/m68k-elf-rosco/13.2.0/../../../../m68k-elf-rosco/lib/librosco.a(syscalls.o)
                0x00003d16                _read
 .text._sbrk    0x00003e3a       0x72 /Users/malcolm/opt/cross-newlib/lib/gcc/m68k-elf-rosco/13.2.0/../../../../m68k-elf-rosco/lib/librosco.a(syscalls.o)
                0x00003e3a                _sbrk
 .text._sd_stat
                0x00003eac      0x120 /Users/malcolm/opt/cross-newlib/lib/gcc/m68k-elf-rosco/13.2.0/../../../../m68k-elf-rosco/lib/librosco.a(syscalls.o)
                0x00003eac                _sd_stat
 .text._stat    0x00003fcc       0x9c /Users/malcolm/opt/cross-newlib/lib/gcc/m68k-elf-rosco/13.2.0/../../../../m68k-elf-rosco/lib/librosco.a(syscalls.o)
                0x00003fcc                _stat
 .text._times   0x00004068       0x1a /Users/malcolm/opt/cross-newlib/lib/gcc/m68k-elf-rosco/13.2.0/../../../../m68k-elf-rosco/lib/librosco.a(syscalls.o)
                0x00004068                _times
 .text._unlink  0x00004082        0xc /Users/malcolm/opt/cross-newlib/lib/gcc/m68k-elf-rosco/13.2.0/../../../../m68k-elf-rosco/lib/librosco.a(syscalls.o)
                0x00004082                _unlink
 .text._wait    0x0000408e        0xc /Users/malcolm/opt/cross-newlib/lib/gcc/m68k-elf-rosco/13.2.0/../../../../m68k-elf-rosco/lib/librosco.a(syscalls.o)
                0x0000408e                _wait
 .text._write   0x0000409a       0xbc /Users/malcolm/opt/cross-newlib/lib/gcc/m68k-elf-rosco/13.2.0/../../../../m68k-elf-rosco/lib/librosco.a(syscalls.o)
                0x0000409a                _write
 .text._gettimeofday
                0x00004156        0xc /Users/malcolm/opt/cross-newlib/lib/gcc/m68k-elf-rosco/13.2.0/../../../../m68k-elf-rosco/lib/librosco.a(syscalls.o)
                0x00004156                _gettimeofday
 .text.breakpoint
                0x00004162        0x2 /Users/malcolm/opt/cross-newlib/lib/gcc/m68k-elf-rosco/13.2.0/../../../../m68k-elf-rosco/lib/librosco.a(syscalls.o)
                0x00004162                breakpoint
 .text.mcPrint  0x00004164       0x12 /Users/malcolm/opt/cross-newlib/lib/gcc/m68k-elf-rosco/13.2.0/../../../../m68k-elf-rosco/lib/librosco.a(machine.o)
                0x00004164                mcPrint
 .text.mcPrintln
                0x00004176       0x12 /Users/malcolm/opt/cross-newlib/lib/gcc/m68k-elf-rosco/13.2.0/../../../../m68k-elf-rosco/lib/librosco.a(machine.o)
                0x00004176                mcPrintln
 .text.mcPrintchar
                0x00004188        0xa /Users/malcolm/opt/cross-newlib/lib/gcc/m68k-elf-rosco/13.2.0/../../../../m68k-elf-rosco/lib/librosco.a(machine.o)
                0x00004188                mcPrintchar
 .text.mcSetcursor
                0x00004192        0xe /Users/malcolm/opt/cross-newlib/lib/gcc/m68k-elf-rosco/13.2.0/../../../../m68k-elf-rosco/lib/librosco.a(machine.o)
                0x00004192                mcSetcursor
 .text.mcSendchar
                0x000041a0       0x12 /Users/malcolm/opt/cross-newlib/lib/gcc/m68k-elf-rosco/13.2.0/../../../../m68k-elf-rosco/lib/librosco.a(machine.o)
                0x000041a0                mcSendchar
 .text.mcReadchar
                0x000041b2        0xa /Users/malcolm/opt/cross-newlib/lib/gcc/m68k-elf-rosco/13.2.0/../../../../m68k-elf-rosco/lib/librosco.a(machine.o)
                0x000041b2                mcReadchar
 .text.mcCheckchar
                0x000041bc        0xe /Users/malcolm/opt/cross-newlib/lib/gcc/m68k-elf-rosco/13.2.0/../../../../m68k-elf-rosco/lib/librosco.a(machine.o)
                0x000041bc                mcCheckchar
 .text.mcBusywait
                0x000041ca        0xc /Users/malcolm/opt/cross-newlib/lib/gcc/m68k-elf-rosco/13.2.0/../../../../m68k-elf-rosco/lib/librosco.a(machine.o)
                0x000041ca                mcBusywait
 .text.mcDelaymsec10
                0x000041d6       0x10 /Users/malcolm/opt/cross-newlib/lib/gcc/m68k-elf-rosco/13.2.0/../../../../m68k-elf-rosco/lib/librosco.a(machine.o)
                0x000041d6                mcDelaymsec10
 .text.mcDisableInterrupts
                0x000041e6        0xe /Users/malcolm/opt/cross-newlib/lib/gcc/m68k-elf-rosco/13.2.0/../../../../m68k-elf-rosco/lib/librosco.a(machine.o)
                0x000041e6                mcDisableInterrupts
 .text.mcEnableInterrupts
                0x000041f4       0x1e /Users/malcolm/opt/cross-newlib/lib/gcc/m68k-elf-rosco/13.2.0/../../../../m68k-elf-rosco/lib/librosco.a(machine.o)
                0x000041f4                mcEnableInterrupts
 .text.mcHalt   0x00004212        0x6 /Users/malcolm/opt/cross-newlib/lib/gcc/m68k-elf-rosco/13.2.0/../../../../m68k-elf-rosco/lib/librosco.a(machine.o)
                0x00004212                mcHalt
 .text.mcCheckDeviceSupport
                0x00004218       0x16 /Users/malcolm/opt/cross-newlib/lib/gcc/m68k-elf-rosco/13.2.0/../../../../m68k-elf-rosco/lib/librosco.a(machine.o)
                0x00004218                mcCheckDeviceSupport
 .text.mcGetDeviceCount
                0x0000422e        0xa /Users/malcolm/opt/cross-newlib/lib/gcc/m68k-elf-rosco/13.2.0/../../../../m68k-elf-rosco/lib/librosco.a(machine.o)
                0x0000422e                mcGetDeviceCount
 .text.mcGetDevice
                0x00004238       0x12 /Users/malcolm/opt/cross-newlib/lib/gcc/m68k-elf-rosco/13.2.0/../../../../m68k-elf-rosco/lib/librosco.a(machine.o)
                0x00004238                mcGetDevice
 .text.mcAddDevice
                0x0000424a        0xe /Users/malcolm/opt/cross-newlib/lib/gcc/m68k-elf-rosco/13.2.0/../../../../m68k-elf-rosco/lib/librosco.a(machine.o)
                0x0000424a                mcAddDevice
 .text.mcCheckDevice
                0x00004258        0xe /Users/malcolm/opt/cross-newlib/lib/gcc/m68k-elf-rosco/13.2.0/../../../../m68k-elf-rosco/lib/librosco.a(machine.o)
                0x00004258                mcCheckDevice
 .text.mcReadDevice
                0x00004266        0xe /Users/malcolm/opt/cross-newlib/lib/gcc/m68k-elf-rosco/13.2.0/../../../../m68k-elf-rosco/lib/librosco.a(machine.o)
                0x00004266                mcReadDevice
 .text.mcSendDevice
                0x00004274       0x12 /Users/malcolm/opt/cross-newlib/lib/gcc/m68k-elf-rosco/13.2.0/../../../../m68k-elf-rosco/lib/librosco.a(machine.o)
                0x00004274                mcSendDevice
 .text.mcDeviceCtrl
                0x00004286       0x32 /Users/malcolm/opt/cross-newlib/lib/gcc/m68k-elf-rosco/13.2.0/../../../../m68k-elf-rosco/lib/librosco.a(machine.o)
                0x00004286                mcDeviceCtrl
                0x000042a0                mcGetVecBase
 .text.mcInputchar
                0x000042b8        0xa /Users/malcolm/opt/cross-newlib/lib/gcc/m68k-elf-rosco/13.2.0/../../../../m68k-elf-rosco/lib/librosco.a(machine.o)
                0x000042b8                mcInputchar
 .text.mcCheckInput
                0x000042c2        0xe /Users/malcolm/opt/cross-newlib/lib/gcc/m68k-elf-rosco/13.2.0/../../../../m68k-elf-rosco/lib/librosco.a(machine.o)
                0x000042c2                mcCheckInput
 .text.mcGetStackPointer
                0x000042d0        0x6 /Users/malcolm/opt/cross-newlib/lib/gcc/m68k-elf-rosco/13.2.0/../../../../m68k-elf-rosco/lib/librosco.a(machine.o)
                0x000042d0                mcGetStackPointer
 *fill*         0x000042d6        0x2 
 .text          0x000042d8        0x0 /Users/malcolm/opt/cross-newlib/lib/gcc/m68k-elf-rosco/13.2.0/../../../../m68k-elf-rosco/lib/librosco.a(sdcard.o)
 .text.__sd_fat_shutdown
                0x000042d8       0x10 /Users/malcolm/opt/cross-newlib/lib/gcc/m68k-elf-rosco/13.2.0/../../../../m68k-elf-rosco/lib/librosco.a(sdcard.o)
 .text.FAT_media_write
                0x000042e8       0x20 /Users/malcolm/opt/cross-newlib/lib/gcc/m68k-elf-rosco/13.2.0/../../../../m68k-elf-rosco/lib/librosco.a(sdcard.o)
 .text.FAT_media_read
                0x00004308       0x20 /Users/malcolm/opt/cross-newlib/lib/gcc/m68k-elf-rosco/13.2.0/../../../../m68k-elf-rosco/lib/librosco.a(sdcard.o)
 .text.SD_FAT_initialize
                0x00004328       0x7c /Users/malcolm/opt/cross-newlib/lib/gcc/m68k-elf-rosco/13.2.0/../../../../m68k-elf-rosco/lib/librosco.a(sdcard.o)
                0x00004328                SD_FAT_initialize
 .text.SD_FAT_get_sd_card
                0x000043a4       0x14 /Users/malcolm/opt/cross-newlib/lib/gcc/m68k-elf-rosco/13.2.0/../../../../m68k-elf-rosco/lib/librosco.a(sdcard.o)
                0x000043a4                SD_FAT_get_sd_card
 .text.SD_check_support
                0x000043b8       0x14 /Users/malcolm/opt/cross-newlib/lib/gcc/m68k-elf-rosco/13.2.0/../../../../m68k-elf-rosco/lib/librosco.a(sdcard_asm.o)
                0x000043b8                SD_check_support
 .text.SD_initialize
                0x000043cc       0x12 /Users/malcolm/opt/cross-newlib/lib/gcc/m68k-elf-rosco/13.2.0/../../../../m68k-elf-rosco/lib/librosco.a(sdcard_asm.o)
                0x000043cc                SD_initialize
 .text.SD_read_block
                0x000043de       0x1a /Users/malcolm/opt/cross-newlib/lib/gcc/m68k-elf-rosco/13.2.0/../../../../m68k-elf-rosco/lib/librosco.a(sdcard_asm.o)
                0x000043de                SD_read_block
 .text.SD_write_block
                0x000043f8       0x1a /Users/malcolm/opt/cross-newlib/lib/gcc/m68k-elf-rosco/13.2.0/../../../../m68k-elf-rosco/lib/librosco.a(sdcard_asm.o)
                0x000043f8                SD_write_block
 .text.SD_read_register
                0x00004412       0x1a /Users/malcolm/opt/cross-newlib/lib/gcc/m68k-elf-rosco/13.2.0/../../../../m68k-elf-rosco/lib/librosco.a(sdcard_asm.o)
                0x00004412                SD_read_register
 .text          0x0000442c        0x0 /Users/malcolm/opt/cross-newlib/lib/gcc/m68k-elf-rosco/13.2.0/../../../../m68k-elf-rosco/lib/librosco.a(part.o)
 .text.Part_init_SD
                0x0000442c       0x88 /Users/malcolm/opt/cross-newlib/lib/gcc/m68k-elf-rosco/13.2.0/../../../../m68k-elf-rosco/lib/librosco.a(part.o)
                0x0000442c                Part_init_SD
 .text.Part_read
                0x000044b4       0xc0 /Users/malcolm/opt/cross-newlib/lib/gcc/m68k-elf-rosco/13.2.0/../../../../m68k-elf-rosco/lib/librosco.a(part.o)
                0x000044b4                Part_read
 .text.Part_write
                0x00004574       0xc0 /Users/malcolm/opt/cross-newlib/lib/gcc/m68k-elf-rosco/13.2.0/../../../../m68k-elf-rosco/lib/librosco.a(part.o)
                0x00004574                Part_write
 .text.Part_valid
                0x00004634       0x20 /Users/malcolm/opt/cross-newlib/lib/gcc/m68k-elf-rosco/13.2.0/../../../../m68k-elf-rosco/lib/librosco.a(part.o)
                0x00004634                Part_valid
 .text          0x00004654        0x0 /Users/malcolm/opt/cross-newlib/lib/gcc/m68k-elf-rosco/13.2.0/../../../../m68k-elf-rosco/lib/librosco.a(fat_filelib.o)
 .text._open_directory
                0x00004654       0xb4 /Users/malcolm/opt/cross-newlib/lib/gcc/m68k-elf-rosco/13.2.0/../../../../m68k-elf-rosco/lib/librosco.a(fat_filelib.o)
 .text._write_sectors
                0x00004708      0x1d8 /Users/malcolm/opt/cross-newlib/lib/gcc/m68k-elf-rosco/13.2.0/../../../../m68k-elf-rosco/lib/librosco.a(fat_filelib.o)
 .text._read_sectors
                0x000048e0      0x136 /Users/malcolm/opt/cross-newlib/lib/gcc/m68k-elf-rosco/13.2.0/../../../../m68k-elf-rosco/lib/librosco.a(fat_filelib.o)
 .text._allocate_file
                0x00004a16       0xc8 /Users/malcolm/opt/cross-newlib/lib/gcc/m68k-elf-rosco/13.2.0/../../../../m68k-elf-rosco/lib/librosco.a(fat_filelib.o)
 .text._free_file
                0x00004ade       0xcc /Users/malcolm/opt/cross-newlib/lib/gcc/m68k-elf-rosco/13.2.0/../../../../m68k-elf-rosco/lib/librosco.a(fat_filelib.o)
 .text._open_file
                0x00004baa      0x196 /Users/malcolm/opt/cross-newlib/lib/gcc/m68k-elf-rosco/13.2.0/../../../../m68k-elf-rosco/lib/librosco.a(fat_filelib.o)
 .text.fl_init  0x00004d40       0xc0 /Users/malcolm/opt/cross-newlib/lib/gcc/m68k-elf-rosco/13.2.0/../../../../m68k-elf-rosco/lib/librosco.a(fat_filelib.o)
                0x00004d40                fl_init
 .text.fl_attach_locks
                0x00004e00       0x12 /Users/malcolm/opt/cross-newlib/lib/gcc/m68k-elf-rosco/13.2.0/../../../../m68k-elf-rosco/lib/librosco.a(fat_filelib.o)
                0x00004e00                fl_attach_locks
 .text.fl_attach_media
                0x00004e12       0x3c /Users/malcolm/opt/cross-newlib/lib/gcc/m68k-elf-rosco/13.2.0/../../../../m68k-elf-rosco/lib/librosco.a(fat_filelib.o)
                0x00004e12                fl_attach_media
 .text.fl_shutdown
                0x00004e4e       0x3c /Users/malcolm/opt/cross-newlib/lib/gcc/m68k-elf-rosco/13.2.0/../../../../m68k-elf-rosco/lib/librosco.a(fat_filelib.o)
                0x00004e4e                fl_shutdown
 .text.fl_fopen
                0x00004e8a      0x444 /Users/malcolm/opt/cross-newlib/lib/gcc/m68k-elf-rosco/13.2.0/../../../../m68k-elf-rosco/lib/librosco.a(fat_filelib.o)
                0x00004e8a                fl_fopen
 .text.fl_fflush
                0x000052ce       0x72 /Users/malcolm/opt/cross-newlib/lib/gcc/m68k-elf-rosco/13.2.0/../../../../m68k-elf-rosco/lib/librosco.a(fat_filelib.o)
                0x000052ce                fl_fflush
 .text.fl_fclose
                0x00005340       0xd6 /Users/malcolm/opt/cross-newlib/lib/gcc/m68k-elf-rosco/13.2.0/../../../../m68k-elf-rosco/lib/librosco.a(fat_filelib.o)
                0x00005340                fl_fclose
 .text.fl_fread
                0x00005416      0x17e /Users/malcolm/opt/cross-newlib/lib/gcc/m68k-elf-rosco/13.2.0/../../../../m68k-elf-rosco/lib/librosco.a(fat_filelib.o)
                0x00005416                fl_fread
 .text.fl_fgetc
                0x00005594       0x36 /Users/malcolm/opt/cross-newlib/lib/gcc/m68k-elf-rosco/13.2.0/../../../../m68k-elf-rosco/lib/librosco.a(fat_filelib.o)
                0x00005594                fl_fgetc
 .text.fl_fgets
                0x000055ca       0x84 /Users/malcolm/opt/cross-newlib/lib/gcc/m68k-elf-rosco/13.2.0/../../../../m68k-elf-rosco/lib/librosco.a(fat_filelib.o)
                0x000055ca                fl_fgets
 .text.fl_lseek
                0x0000564e      0x112 /Users/malcolm/opt/cross-newlib/lib/gcc/m68k-elf-rosco/13.2.0/../../../../m68k-elf-rosco/lib/librosco.a(fat_filelib.o)
                0x0000564e                fl_lseek
 .text.fl_fgetpos
                0x00005760       0x3c /Users/malcolm/opt/cross-newlib/lib/gcc/m68k-elf-rosco/13.2.0/../../../../m68k-elf-rosco/lib/librosco.a(fat_filelib.o)
                0x00005760                fl_fgetpos
 .text.fl_feof  0x0000579c       0x4a /Users/malcolm/opt/cross-newlib/lib/gcc/m68k-elf-rosco/13.2.0/../../../../m68k-elf-rosco/lib/librosco.a(fat_filelib.o)
                0x0000579c                fl_feof
 .text.fl_fwrite
                0x000057e6      0x25c /Users/malcolm/opt/cross-newlib/lib/gcc/m68k-elf-rosco/13.2.0/../../../../m68k-elf-rosco/lib/librosco.a(fat_filelib.o)
                0x000057e6                fl_fwrite
 .text.fl_fputc
                0x00005a42       0x40 /Users/malcolm/opt/cross-newlib/lib/gcc/m68k-elf-rosco/13.2.0/../../../../m68k-elf-rosco/lib/librosco.a(fat_filelib.o)
                0x00005a42                fl_fputc
 .text.fl_fputs
                0x00005a82       0x2a /Users/malcolm/opt/cross-newlib/lib/gcc/m68k-elf-rosco/13.2.0/../../../../m68k-elf-rosco/lib/librosco.a(fat_filelib.o)
                0x00005a82                fl_fputs
 .text.fl_remove
                0x00005aac       0xca /Users/malcolm/opt/cross-newlib/lib/gcc/m68k-elf-rosco/13.2.0/../../../../m68k-elf-rosco/lib/librosco.a(fat_filelib.o)
                0x00005aac                fl_remove
 .text.fl_createdirectory
                0x00005b76      0x27a /Users/malcolm/opt/cross-newlib/lib/gcc/m68k-elf-rosco/13.2.0/../../../../m68k-elf-rosco/lib/librosco.a(fat_filelib.o)
                0x00005b76                fl_createdirectory
 .text          0x00005df0        0x0 /Users/malcolm/opt/cross-newlib/lib/gcc/m68k-elf-rosco/13.2.0/../../../../m68k-elf-rosco/lib/librosco.a(fat_misc.o)
 .text.fatfs_lfn_cache_init
                0x00005df0       0x3c /Users/malcolm/opt/cross-newlib/lib/gcc/m68k-elf-rosco/13.2.0/../../../../m68k-elf-rosco/lib/librosco.a(fat_misc.o)
                0x00005df0                fatfs_lfn_cache_init
 .text.fatfs_lfn_cache_entry
                0x00005e2c       0xa6 /Users/malcolm/opt/cross-newlib/lib/gcc/m68k-elf-rosco/13.2.0/../../../../m68k-elf-rosco/lib/librosco.a(fat_misc.o)
                0x00005e2c                fatfs_lfn_cache_entry
 .text.fatfs_lfn_cache_get
                0x00005ed2       0x38 /Users/malcolm/opt/cross-newlib/lib/gcc/m68k-elf-rosco/13.2.0/../../../../m68k-elf-rosco/lib/librosco.a(fat_misc.o)
                0x00005ed2                fatfs_lfn_cache_get
 .text.fatfs_entry_lfn_text
                0x00005f0a       0x1a /Users/malcolm/opt/cross-newlib/lib/gcc/m68k-elf-rosco/13.2.0/../../../../m68k-elf-rosco/lib/librosco.a(fat_misc.o)
                0x00005f0a                fatfs_entry_lfn_text
 .text.fatfs_entry_lfn_invalid
                0x00005f24       0x30 /Users/malcolm/opt/cross-newlib/lib/gcc/m68k-elf-rosco/13.2.0/../../../../m68k-elf-rosco/lib/librosco.a(fat_misc.o)
                0x00005f24                fatfs_entry_lfn_invalid
 .text.fatfs_entry_lfn_exists
                0x00005f54       0x44 /Users/malcolm/opt/cross-newlib/lib/gcc/m68k-elf-rosco/13.2.0/../../../../m68k-elf-rosco/lib/librosco.a(fat_misc.o)
                0x00005f54                fatfs_entry_lfn_exists
 .text.fatfs_entry_sfn_only
                0x00005f98       0x3a /Users/malcolm/opt/cross-newlib/lib/gcc/m68k-elf-rosco/13.2.0/../../../../m68k-elf-rosco/lib/librosco.a(fat_misc.o)
                0x00005f98                fatfs_entry_sfn_only
 .text.fatfs_entry_is_dir
                0x00005fd2       0x10 /Users/malcolm/opt/cross-newlib/lib/gcc/m68k-elf-rosco/13.2.0/../../../../m68k-elf-rosco/lib/librosco.a(fat_misc.o)
                0x00005fd2                fatfs_entry_is_dir
 .text.fatfs_entry_is_file
                0x00005fe2       0x10 /Users/malcolm/opt/cross-newlib/lib/gcc/m68k-elf-rosco/13.2.0/../../../../m68k-elf-rosco/lib/librosco.a(fat_misc.o)
                0x00005fe2                fatfs_entry_is_file
 .text.fatfs_lfn_entries_required
                0x00005ff2       0x28 /Users/malcolm/opt/cross-newlib/lib/gcc/m68k-elf-rosco/13.2.0/../../../../m68k-elf-rosco/lib/librosco.a(fat_misc.o)
                0x00005ff2                fatfs_lfn_entries_required
 .text.fatfs_filename_to_lfn
                0x0000601a      0x160 /Users/malcolm/opt/cross-newlib/lib/gcc/m68k-elf-rosco/13.2.0/../../../../m68k-elf-rosco/lib/librosco.a(fat_misc.o)
                0x0000601a                fatfs_filename_to_lfn
 .text.fatfs_sfn_create_entry
                0x0000617a      0x1b2 /Users/malcolm/opt/cross-newlib/lib/gcc/m68k-elf-rosco/13.2.0/../../../../m68k-elf-rosco/lib/librosco.a(fat_misc.o)
                0x0000617a                fatfs_sfn_create_entry
 .text.fatfs_lfn_create_sfn
                0x0000632c      0x130 /Users/malcolm/opt/cross-newlib/lib/gcc/m68k-elf-rosco/13.2.0/../../../../m68k-elf-rosco/lib/librosco.a(fat_misc.o)
                0x0000632c                fatfs_lfn_create_sfn
 .text.fatfs_lfn_generate_tail
                0x0000645c      0x154 /Users/malcolm/opt/cross-newlib/lib/gcc/m68k-elf-rosco/13.2.0/../../../../m68k-elf-rosco/lib/librosco.a(fat_misc.o)
                0x0000645c                fatfs_lfn_generate_tail
 .text          0x000065b0        0x0 /Users/malcolm/opt/cross-newlib/lib/gcc/m68k-elf-rosco/13.2.0/../../../../m68k-elf-rosco/lib/librosco.a(fat_string.o)
 .text.FileString_StrCmpNoCase
                0x000065b0       0xb6 /Users/malcolm/opt/cross-newlib/lib/gcc/m68k-elf-rosco/13.2.0/../../../../m68k-elf-rosco/lib/librosco.a(fat_string.o)
 .text.fatfs_total_path_levels
                0x00006666       0x66 /Users/malcolm/opt/cross-newlib/lib/gcc/m68k-elf-rosco/13.2.0/../../../../m68k-elf-rosco/lib/librosco.a(fat_string.o)
                0x00006666                fatfs_total_path_levels
 .text.fatfs_get_substring
                0x000066cc       0xbe /Users/malcolm/opt/cross-newlib/lib/gcc/m68k-elf-rosco/13.2.0/../../../../m68k-elf-rosco/lib/librosco.a(fat_string.o)
                0x000066cc                fatfs_get_substring
 .text.fatfs_split_path
                0x0000678a       0xa4 /Users/malcolm/opt/cross-newlib/lib/gcc/m68k-elf-rosco/13.2.0/../../../../m68k-elf-rosco/lib/librosco.a(fat_string.o)
                0x0000678a                fatfs_split_path
 .text.fatfs_compare_names
                0x0000682e      0x154 /Users/malcolm/opt/cross-newlib/lib/gcc/m68k-elf-rosco/13.2.0/../../../../m68k-elf-rosco/lib/librosco.a(fat_string.o)
                0x0000682e                fatfs_compare_names
 .text.fatfs_string_ends_with_slash
                0x00006982       0x32 /Users/malcolm/opt/cross-newlib/lib/gcc/m68k-elf-rosco/13.2.0/../../../../m68k-elf-rosco/lib/librosco.a(fat_string.o)
                0x00006982                fatfs_string_ends_with_slash
 .text.fatfs_get_sfn_display_name
                0x000069b4       0x4a /Users/malcolm/opt/cross-newlib/lib/gcc/m68k-elf-rosco/13.2.0/../../../../m68k-elf-rosco/lib/librosco.a(fat_string.o)
                0x000069b4                fatfs_get_sfn_display_name
 .text.fatfs_get_extension
                0x000069fe       0x7c /Users/malcolm/opt/cross-newlib/lib/gcc/m68k-elf-rosco/13.2.0/../../../../m68k-elf-rosco/lib/librosco.a(fat_string.o)
                0x000069fe                fatfs_get_extension
 .text.fatfs_create_path_string
                0x00006a7a       0xa8 /Users/malcolm/opt/cross-newlib/lib/gcc/m68k-elf-rosco/13.2.0/../../../../m68k-elf-rosco/lib/librosco.a(fat_string.o)
                0x00006a7a                fatfs_create_path_string
 *fill*         0x00006b22        0x2 
 .text          0x00006b24        0x0 /Users/malcolm/opt/cross-newlib/lib/gcc/m68k-elf-rosco/13.2.0/../../../../m68k-elf-rosco/lib/librosco.a(fat_table.o)
 .text.fatfs_fat_read_sector
                0x00006b24      0x122 /Users/malcolm/opt/cross-newlib/lib/gcc/m68k-elf-rosco/13.2.0/../../../../m68k-elf-rosco/lib/librosco.a(fat_table.o)
 .text.fatfs_fat_init
                0x00006c46       0x5c /Users/malcolm/opt/cross-newlib/lib/gcc/m68k-elf-rosco/13.2.0/../../../../m68k-elf-rosco/lib/librosco.a(fat_table.o)
                0x00006c46                fatfs_fat_init
 .text.fatfs_fat_purge
                0x00006ca2       0x84 /Users/malcolm/opt/cross-newlib/lib/gcc/m68k-elf-rosco/13.2.0/../../../../m68k-elf-rosco/lib/librosco.a(fat_table.o)
                0x00006ca2                fatfs_fat_purge
 .text.fatfs_find_next_cluster
                0x00006d26       0xde /Users/malcolm/opt/cross-newlib/lib/gcc/m68k-elf-rosco/13.2.0/../../../../m68k-elf-rosco/lib/librosco.a(fat_table.o)
                0x00006d26                fatfs_find_next_cluster
 .text.fatfs_set_fs_info_next_free_cluster
                0x00006e04       0x9a /Users/malcolm/opt/cross-newlib/lib/gcc/m68k-elf-rosco/13.2.0/../../../../m68k-elf-rosco/lib/librosco.a(fat_table.o)
                0x00006e04                fatfs_set_fs_info_next_free_cluster
 .text.fatfs_find_blank_cluster
                0x00006e9e       0xda /Users/malcolm/opt/cross-newlib/lib/gcc/m68k-elf-rosco/13.2.0/../../../../m68k-elf-rosco/lib/librosco.a(fat_table.o)
                0x00006e9e                fatfs_find_blank_cluster
 .text.fatfs_fat_set_cluster
                0x00006f78       0xca /Users/malcolm/opt/cross-newlib/lib/gcc/m68k-elf-rosco/13.2.0/../../../../m68k-elf-rosco/lib/librosco.a(fat_table.o)
                0x00006f78                fatfs_fat_set_cluster
 .text.fatfs_free_cluster_chain
                0x00007042       0x4a /Users/malcolm/opt/cross-newlib/lib/gcc/m68k-elf-rosco/13.2.0/../../../../m68k-elf-rosco/lib/librosco.a(fat_table.o)
                0x00007042                fatfs_free_cluster_chain
 .text.fatfs_fat_add_cluster_to_chain
                0x0000708c       0x5c /Users/malcolm/opt/cross-newlib/lib/gcc/m68k-elf-rosco/13.2.0/../../../../m68k-elf-rosco/lib/librosco.a(fat_table.o)
                0x0000708c                fatfs_fat_add_cluster_to_chain
 .text.fatfs_count_free_clusters
                0x000070e8       0xb4 /Users/malcolm/opt/cross-newlib/lib/gcc/m68k-elf-rosco/13.2.0/../../../../m68k-elf-rosco/lib/librosco.a(fat_table.o)
                0x000070e8                fatfs_count_free_clusters
 .text          0x0000719c        0x0 /Users/malcolm/opt/cross-newlib/lib/gcc/m68k-elf-rosco/13.2.0/../../../../m68k-elf-rosco/lib/librosco.a(fat_write.o)
 .text.fatfs_add_free_space
                0x0000719c       0x9c /Users/malcolm/opt/cross-newlib/lib/gcc/m68k-elf-rosco/13.2.0/../../../../m68k-elf-rosco/lib/librosco.a(fat_write.o)
                0x0000719c                fatfs_add_free_space
 .text.fatfs_allocate_free_space
                0x00007238      0x10e /Users/malcolm/opt/cross-newlib/lib/gcc/m68k-elf-rosco/13.2.0/../../../../m68k-elf-rosco/lib/librosco.a(fat_write.o)
                0x00007238                fatfs_allocate_free_space
 .text.fatfs_add_file_entry
                0x00007346      0x28c /Users/malcolm/opt/cross-newlib/lib/gcc/m68k-elf-rosco/13.2.0/../../../../m68k-elf-rosco/lib/librosco.a(fat_write.o)
                0x00007346                fatfs_add_file_entry
 *fill*         0x000075d2        0x2 
 .text          0x000075d4        0x0 /Users/malcolm/opt/cross-newlib/lib/gcc/m68k-elf-rosco/13.2.0/../../../../m68k-elf-rosco/lib/librosco.a(fat_access.o)
 .text.fatfs_init
                0x000075d4      0x202 /Users/malcolm/opt/cross-newlib/lib/gcc/m68k-elf-rosco/13.2.0/../../../../m68k-elf-rosco/lib/librosco.a(fat_access.o)
                0x000075d4                fatfs_init
 .text.fatfs_lba_of_cluster
                0x000077d6       0x34 /Users/malcolm/opt/cross-newlib/lib/gcc/m68k-elf-rosco/13.2.0/../../../../m68k-elf-rosco/lib/librosco.a(fat_access.o)
                0x000077d6                fatfs_lba_of_cluster
 .text.fatfs_sector_read
                0x0000780a       0x20 /Users/malcolm/opt/cross-newlib/lib/gcc/m68k-elf-rosco/13.2.0/../../../../m68k-elf-rosco/lib/librosco.a(fat_access.o)
                0x0000780a                fatfs_sector_read
 .text.fatfs_sector_write
                0x0000782a       0x20 /Users/malcolm/opt/cross-newlib/lib/gcc/m68k-elf-rosco/13.2.0/../../../../m68k-elf-rosco/lib/librosco.a(fat_access.o)
                0x0000782a                fatfs_sector_write
 .text.fatfs_sector_reader
                0x0000784a      0x102 /Users/malcolm/opt/cross-newlib/lib/gcc/m68k-elf-rosco/13.2.0/../../../../m68k-elf-rosco/lib/librosco.a(fat_access.o)
                0x0000784a                fatfs_sector_reader
 .text.fatfs_read_sector
                0x0000794c       0xf0 /Users/malcolm/opt/cross-newlib/lib/gcc/m68k-elf-rosco/13.2.0/../../../../m68k-elf-rosco/lib/librosco.a(fat_access.o)
                0x0000794c                fatfs_read_sector
 .text.fatfs_write_sector
                0x00007a3c       0xf0 /Users/malcolm/opt/cross-newlib/lib/gcc/m68k-elf-rosco/13.2.0/../../../../m68k-elf-rosco/lib/librosco.a(fat_access.o)
                0x00007a3c                fatfs_write_sector
 .text.fatfs_get_root_cluster
                0x00007b2c        0xa /Users/malcolm/opt/cross-newlib/lib/gcc/m68k-elf-rosco/13.2.0/../../../../m68k-elf-rosco/lib/librosco.a(fat_access.o)
                0x00007b2c                fatfs_get_root_cluster
 .text.fatfs_get_file_entry
                0x00007b36      0x1ee /Users/malcolm/opt/cross-newlib/lib/gcc/m68k-elf-rosco/13.2.0/../../../../m68k-elf-rosco/lib/librosco.a(fat_access.o)
                0x00007b36                fatfs_get_file_entry
 .text.fatfs_sfn_exists
                0x00007d24       0xaa /Users/malcolm/opt/cross-newlib/lib/gcc/m68k-elf-rosco/13.2.0/../../../../m68k-elf-rosco/lib/librosco.a(fat_access.o)
                0x00007d24                fatfs_sfn_exists
 .text.fatfs_update_file_length
                0x00007dce      0x120 /Users/malcolm/opt/cross-newlib/lib/gcc/m68k-elf-rosco/13.2.0/../../../../m68k-elf-rosco/lib/librosco.a(fat_access.o)
                0x00007dce                fatfs_update_file_length
 .text.fatfs_mark_file_deleted
                0x00007eee       0xca /Users/malcolm/opt/cross-newlib/lib/gcc/m68k-elf-rosco/13.2.0/../../../../m68k-elf-rosco/lib/librosco.a(fat_access.o)
                0x00007eee                fatfs_mark_file_deleted
 .text          0x00007fb8        0x0 /Users/malcolm/opt/cross-newlib/lib/gcc/m68k-elf-rosco/13.2.0/../../../../m68k-elf-rosco/lib/librosco.a(fat_cache.o)
 .text.fatfs_cache_init
                0x00007fb8       0x34 /Users/malcolm/opt/cross-newlib/lib/gcc/m68k-elf-rosco/13.2.0/../../../../m68k-elf-rosco/lib/librosco.a(fat_cache.o)
                0x00007fb8                fatfs_cache_init
 .text.fatfs_cache_get_next_cluster
                0x00007fec       0x28 /Users/malcolm/opt/cross-newlib/lib/gcc/m68k-elf-rosco/13.2.0/../../../../m68k-elf-rosco/lib/librosco.a(fat_cache.o)
                0x00007fec                fatfs_cache_get_next_cluster
 .text.fatfs_cache_set_next_cluster
                0x00008014       0x26 /Users/malcolm/opt/cross-newlib/lib/gcc/m68k-elf-rosco/13.2.0/../../../../m68k-elf-rosco/lib/librosco.a(fat_cache.o)
                0x00008014                fatfs_cache_set_next_cluster
 *fill*         0x0000803a        0x2 
 .text          0x0000803c        0x0 /Users/malcolm/opt/cross-newlib/lib/gcc/m68k-elf-rosco/13.2.0/../../../../m68k-elf-rosco/lib/libc.a(libc_a-strncmp.o)
 .text.strncmp  0x0000803c       0xa8 /Users/malcolm/opt/cross-newlib/lib/gcc/m68k-elf-rosco/13.2.0/../../../../m68k-elf-rosco/lib/libc.a(libc_a-strncmp.o)
                0x0000803c                strncmp
 .text          0x000080e4        0x0 /Users/malcolm/opt/cross-newlib/lib/gcc/m68k-elf-rosco/13.2.0/../../../../m68k-elf-rosco/lib/libc.a(libc_a-strlen.o)
 .text.strlen   0x000080e4       0x14 /Users/malcolm/opt/cross-newlib/lib/gcc/m68k-elf-rosco/13.2.0/../../../../m68k-elf-rosco/lib/libc.a(libc_a-strlen.o)
                0x000080e4                strlen
 .text          0x000080f8       0x6e /Users/malcolm/opt/cross-newlib/lib/gcc/m68k-elf-rosco/13.2.0/../../../../m68k-elf-rosco/lib/libc.a(libc_a-memcpy.o)
                0x000080f8                memcpy
 *fill*         0x00008166        0x2 
 .text          0x00008168       0x22 /Users/malcolm/opt/cross-newlib/lib/gcc/m68k-elf-rosco/13.2.0/libgcc.a(_mulsi3.o)
                0x00008168                __mulsi3_internal
                0x00008168                __mulsi3
 *fill*         0x0000818a        0x2 
 .text          0x0000818c       0x5c /Users/malcolm/opt/cross-newlib/lib/gcc/m68k-elf-rosco/13.2.0/libgcc.a(_udivsi3.o)
                0x0000818c                __udivsi3_internal
                0x0000818c                __udivsi3
 .text          0x000081e8       0x2e /Users/malcolm/opt/cross-newlib/lib/gcc/m68k-elf-rosco/13.2.0/libgcc.a(_divsi3.o)
                0x000081e8                __divsi3_internal
                0x000081e8                __divsi3
 *fill*         0x00008216        0x2 
 .text          0x00008218       0x2e /Users/malcolm/opt/cross-newlib/lib/gcc/m68k-elf-rosco/13.2.0/libgcc.a(_umodsi3.o)
                0x00008218                __umodsi3
 *fill*         0x00008246        0x2 
 .text          0x00008248       0x2e /Users/malcolm/opt/cross-newlib/lib/gcc/m68k-elf-rosco/13.2.0/libgcc.a(_modsi3.o)
                0x00008248                __modsi3
 *fill*         0x00008276        0x2 
 .text          0x00008278       0x24 /Users/malcolm/opt/cross-newlib/lib/gcc/m68k-elf-rosco/13.2.0/crtend.o
 .text          0x0000829c        0x0 /Users/malcolm/opt/cross-newlib/lib/gcc/m68k-elf-rosco/13.2.0/crtn.o
                0x0000829c                        _ctors = .
 *(.ctors)
 .ctors         0x0000829c        0x4 /Users/malcolm/opt/cross-newlib/lib/gcc/m68k-elf-rosco/13.2.0/crtbegin.o
 .ctors         0x000082a0        0x4 /Users/malcolm/opt/cross-newlib/lib/gcc/m68k-elf-rosco/13.2.0/crtend.o
 *(SORT_BY_NAME(.ctors.*))
                0x000082a4                        _ctors_end = .
                0x000082a4                        _dtors = .
 *(SORT_BY_NAME(.dtors.*))
 *(.dtors)
 .dtors         0x000082a4        0x4 /Users/malcolm/opt/cross-newlib/lib/gcc/m68k-elf-rosco/13.2.0/crtbegin.o
 .dtors         0x000082a8        0x4 /Users/malcolm/opt/cross-newlib/lib/gcc/m68k-elf-rosco/13.2.0/crtend.o
                0x000082a8                __DTOR_END__
                0x000082ac                        _dtors_end = .
                0x000082ac                        . = ALIGN (0x4)
 *(.rodata .rodata.*)
 .rodata._open.str1.1
                0x000082ac       0x2a /Users/malcolm/opt/cross-newlib/lib/gcc/m68k-elf-rosco/13.2.0/../../../../m68k-elf-rosco/lib/librosco.a(syscalls.o)
                                 0x19 (size before relaxing)
 .rodata._read.str1.1
                0x000082d6        0x1 /Users/malcolm/opt/cross-newlib/lib/gcc/m68k-elf-rosco/13.2.0/../../../../m68k-elf-rosco/lib/librosco.a(syscalls.o)
 .rodata.fatfs_lfn_generate_tail.str1.1
                0x000082d6       0x11 /Users/malcolm/opt/cross-newlib/lib/gcc/m68k-elf-rosco/13.2.0/../../../../m68k-elf-rosco/lib/librosco.a(fat_misc.o)
                0x000082e8                        . = ALIGN (0x4)
 *fill*         0x000082d6        0x2 
 *(.gcc_except_table)
                0x000082d8                        . = ALIGN (0x4)
 *(.init*)
 .init          0x000082d8        0x4 /Users/malcolm/opt/cross-newlib/lib/gcc/m68k-elf-rosco/13.2.0/crti.o
                0x000082d8                _init
 .init          0x000082dc        0x6 /Users/malcolm/opt/cross-newlib/lib/gcc/m68k-elf-rosco/13.2.0/crtbegin.o
 .init          0x000082e2        0x6 /Users/malcolm/opt/cross-newlib/lib/gcc/m68k-elf-rosco/13.2.0/crtend.o
 .init          0x000082e8        0x4 /Users/malcolm/opt/cross-newlib/lib/gcc/m68k-elf-rosco/13.2.0/crtn.o
 *(.fini*)
 .fini          0x000082ec        0x4 /Users/malcolm/opt/cross-newlib/lib/gcc/m68k-elf-rosco/13.2.0/crti.o
                0x000082ec                _fini
 .fini          0x000082f0        0x6 /Users/malcolm/opt/cross-newlib/lib/gcc/m68k-elf-rosco/13.2.0/crtbegin.o
 .fini          0x000082f6        0x4 /Users/malcolm/opt/cross-newlib/lib/gcc/m68k-elf-rosco/13.2.0/crtn.o
                0x000082fa                        _code_end = .
                0x0000a2fa                        . = DATA_SEGMENT_ALIGN (CONSTANT (MAXPAGESIZE), CONSTANT (COMMONPAGESIZE))

.data           0x0000a2fc      0x540 load address 0x000482fc
                0x0000a2fc                        _data_start = .
 *(.data*)
 .data          0x0000a2fc        0x0 /Users/malcolm/opt/cross-newlib/lib/gcc/m68k-elf-rosco/13.2.0/crti.o
 .data          0x0000a2fc        0x4 /Users/malcolm/opt/cross-newlib/lib/gcc/m68k-elf-rosco/13.2.0/crtbegin.o
                0x0000a2fc                __dso_handle
 .data          0x0000a300        0x0 main.o
 .data          0x0000a300        0x0 /Users/malcolm/opt/cross-newlib/lib/gcc/m68k-elf-rosco/13.2.0/../../../../m68k-elf-rosco/lib/libc.a(libc_a-atexit.o)
 .data          0x0000a300        0x0 /Users/malcolm/opt/cross-newlib/lib/gcc/m68k-elf-rosco/13.2.0/../../../../m68k-elf-rosco/lib/libc.a(libc_a-exit.o)
 .data          0x0000a300        0x0 /Users/malcolm/opt/cross-newlib/lib/gcc/m68k-elf-rosco/13.2.0/../../../../m68k-elf-rosco/lib/libc.a(libc_a-findfp.o)
 .data.__sglue  0x0000a300        0xc /Users/malcolm/opt/cross-newlib/lib/gcc/m68k-elf-rosco/13.2.0/../../../../m68k-elf-rosco/lib/libc.a(libc_a-findfp.o)
                0x0000a300                __sglue
 .data          0x0000a30c        0x0 /Users/malcolm/opt/cross-newlib/lib/gcc/m68k-elf-rosco/13.2.0/../../../../m68k-elf-rosco/lib/libc.a(libc_a-fwalk.o)
 .data          0x0000a30c        0x0 /Users/malcolm/opt/cross-newlib/lib/gcc/m68k-elf-rosco/13.2.0/../../../../m68k-elf-rosco/lib/libc.a(libc_a-impure.o)
 .data._impure_ptr
                0x0000a30c        0x4 /Users/malcolm/opt/cross-newlib/lib/gcc/m68k-elf-rosco/13.2.0/../../../../m68k-elf-rosco/lib/libc.a(libc_a-impure.o)
                0x0000a30c                _impure_ptr
 .data._impure_data
                0x0000a310      0x116 /Users/malcolm/opt/cross-newlib/lib/gcc/m68k-elf-rosco/13.2.0/../../../../m68k-elf-rosco/lib/libc.a(libc_a-impure.o)
                0x0000a310                _impure_data
 *fill*         0x0000a426        0x2 
 .data          0x0000a428        0x0 /Users/malcolm/opt/cross-newlib/lib/gcc/m68k-elf-rosco/13.2.0/../../../../m68k-elf-rosco/lib/libc.a(libc_a-memset.o)
 .data          0x0000a428        0x0 /Users/malcolm/opt/cross-newlib/lib/gcc/m68k-elf-rosco/13.2.0/../../../../m68k-elf-rosco/lib/libc.a(libc_a-__atexit.o)
 .data          0x0000a428        0x0 /Users/malcolm/opt/cross-newlib/lib/gcc/m68k-elf-rosco/13.2.0/../../../../m68k-elf-rosco/lib/libc.a(libc_a-__call_atexit.o)
 .data          0x0000a428        0x0 /Users/malcolm/opt/cross-newlib/lib/gcc/m68k-elf-rosco/13.2.0/../../../../m68k-elf-rosco/lib/libc.a(libc_a-mallocr.o)
 .data.__malloc_sbrk_base
                0x0000a428        0x4 /Users/malcolm/opt/cross-newlib/lib/gcc/m68k-elf-rosco/13.2.0/../../../../m68k-elf-rosco/lib/libc.a(libc_a-mallocr.o)
                0x0000a428                __malloc_sbrk_base
 .data.__malloc_trim_threshold
                0x0000a42c        0x4 /Users/malcolm/opt/cross-newlib/lib/gcc/m68k-elf-rosco/13.2.0/../../../../m68k-elf-rosco/lib/libc.a(libc_a-mallocr.o)
                0x0000a42c                __malloc_trim_threshold
 .data.__malloc_av_
                0x0000a430      0x408 /Users/malcolm/opt/cross-newlib/lib/gcc/m68k-elf-rosco/13.2.0/../../../../m68k-elf-rosco/lib/libc.a(libc_a-mallocr.o)
                0x0000a430                __malloc_av_
 .data          0x0000a838        0x0 /Users/malcolm/opt/cross-newlib/lib/gcc/m68k-elf-rosco/13.2.0/../../../../m68k-elf-rosco/lib/libc.a(libc_a-mlock.o)
 .data          0x0000a838        0x0 /Users/malcolm/opt/cross-newlib/lib/gcc/m68k-elf-rosco/13.2.0/../../../../m68k-elf-rosco/lib/libc.a(libc_a-fclose.o)
 .data          0x0000a838        0x0 /Users/malcolm/opt/cross-newlib/lib/gcc/m68k-elf-rosco/13.2.0/../../../../m68k-elf-rosco/lib/libc.a(libc_a-fflush.o)
 .data          0x0000a838        0x0 /Users/malcolm/opt/cross-newlib/lib/gcc/m68k-elf-rosco/13.2.0/../../../../m68k-elf-rosco/lib/libc.a(libc_a-stdio.o)
 .data          0x0000a838        0x0 /Users/malcolm/opt/cross-newlib/lib/gcc/m68k-elf-rosco/13.2.0/../../../../m68k-elf-rosco/lib/libc.a(libc_a-closer.o)
 .data          0x0000a838        0x0 /Users/malcolm/opt/cross-newlib/lib/gcc/m68k-elf-rosco/13.2.0/../../../../m68k-elf-rosco/lib/libc.a(libc_a-reent.o)
 .data          0x0000a838        0x0 /Users/malcolm/opt/cross-newlib/lib/gcc/m68k-elf-rosco/13.2.0/../../../../m68k-elf-rosco/lib/libc.a(libc_a-lseekr.o)
 .data          0x0000a838        0x0 /Users/malcolm/opt/cross-newlib/lib/gcc/m68k-elf-rosco/13.2.0/../../../../m68k-elf-rosco/lib/libc.a(libc_a-readr.o)
 .data          0x0000a838        0x0 /Users/malcolm/opt/cross-newlib/lib/gcc/m68k-elf-rosco/13.2.0/../../../../m68k-elf-rosco/lib/libc.a(libc_a-sbrkr.o)
 .data          0x0000a838        0x0 /Users/malcolm/opt/cross-newlib/lib/gcc/m68k-elf-rosco/13.2.0/../../../../m68k-elf-rosco/lib/libc.a(libc_a-writer.o)
 .data          0x0000a838        0x0 /Users/malcolm/opt/cross-newlib/lib/gcc/m68k-elf-rosco/13.2.0/../../../../m68k-elf-rosco/lib/libc.a(libc_a-freer.o)
 .data          0x0000a838        0x0 /Users/malcolm/opt/cross-newlib/lib/gcc/m68k-elf-rosco/13.2.0/../../../../m68k-elf-rosco/lib/librosco.a(syscalls.o)
 .data.backspace
                0x0000a838        0x4 /Users/malcolm/opt/cross-newlib/lib/gcc/m68k-elf-rosco/13.2.0/../../../../m68k-elf-rosco/lib/librosco.a(syscalls.o)
 .data          0x0000a83c        0x0 /Users/malcolm/opt/cross-newlib/lib/gcc/m68k-elf-rosco/13.2.0/../../../../m68k-elf-rosco/lib/librosco.a(sdcard.o)
 .data          0x0000a83c        0x0 /Users/malcolm/opt/cross-newlib/lib/gcc/m68k-elf-rosco/13.2.0/../../../../m68k-elf-rosco/lib/librosco.a(part.o)
 .data          0x0000a83c        0x0 /Users/malcolm/opt/cross-newlib/lib/gcc/m68k-elf-rosco/13.2.0/../../../../m68k-elf-rosco/lib/librosco.a(fat_filelib.o)
 .data          0x0000a83c        0x0 /Users/malcolm/opt/cross-newlib/lib/gcc/m68k-elf-rosco/13.2.0/../../../../m68k-elf-rosco/lib/librosco.a(fat_misc.o)
 .data          0x0000a83c        0x0 /Users/malcolm/opt/cross-newlib/lib/gcc/m68k-elf-rosco/13.2.0/../../../../m68k-elf-rosco/lib/librosco.a(fat_string.o)
 .data          0x0000a83c        0x0 /Users/malcolm/opt/cross-newlib/lib/gcc/m68k-elf-rosco/13.2.0/../../../../m68k-elf-rosco/lib/librosco.a(fat_table.o)
 .data          0x0000a83c        0x0 /Users/malcolm/opt/cross-newlib/lib/gcc/m68k-elf-rosco/13.2.0/../../../../m68k-elf-rosco/lib/librosco.a(fat_write.o)
 .data          0x0000a83c        0x0 /Users/malcolm/opt/cross-newlib/lib/gcc/m68k-elf-rosco/13.2.0/../../../../m68k-elf-rosco/lib/librosco.a(fat_access.o)
 .data          0x0000a83c        0x0 /Users/malcolm/opt/cross-newlib/lib/gcc/m68k-elf-rosco/13.2.0/../../../../m68k-elf-rosco/lib/librosco.a(fat_cache.o)
 .data          0x0000a83c        0x0 /Users/malcolm/opt/cross-newlib/lib/gcc/m68k-elf-rosco/13.2.0/../../../../m68k-elf-rosco/lib/libc.a(libc_a-strncmp.o)
 .data          0x0000a83c        0x0 /Users/malcolm/opt/cross-newlib/lib/gcc/m68k-elf-rosco/13.2.0/../../../../m68k-elf-rosco/lib/libc.a(libc_a-strlen.o)
 .data          0x0000a83c        0x0 /Users/malcolm/opt/cross-newlib/lib/gcc/m68k-elf-rosco/13.2.0/../../../../m68k-elf-rosco/lib/libc.a(libc_a-memcpy.o)
 .data          0x0000a83c        0x0 /Users/malcolm/opt/cross-newlib/lib/gcc/m68k-elf-rosco/13.2.0/libgcc.a(_mulsi3.o)
 .data          0x0000a83c        0x0 /Users/malcolm/opt/cross-newlib/lib/gcc/m68k-elf-rosco/13.2.0/libgcc.a(_udivsi3.o)
 .data          0x0000a83c        0x0 /Users/malcolm/opt/cross-newlib/lib/gcc/m68k-elf-rosco/13.2.0/libgcc.a(_divsi3.o)
 .data          0x0000a83c        0x0 /Users/malcolm/opt/cross-newlib/lib/gcc/m68k-elf-rosco/13.2.0/libgcc.a(_umodsi3.o)
 .data          0x0000a83c        0x0 /Users/malcolm/opt/cross-newlib/lib/gcc/m68k-elf-rosco/13.2.0/libgcc.a(_modsi3.o)
 .data          0x0000a83c        0x0 /Users/malcolm/opt/cross-newlib/lib/gcc/m68k-elf-rosco/13.2.0/crtend.o
 .data          0x0000a83c        0x0 /Users/malcolm/opt/cross-newlib/lib/gcc/m68k-elf-rosco/13.2.0/crtn.o
                0x0000a83c                        . = ALIGN (0x4)
                0x0000a83c                        _data_end = .

.tm_clone_table
                0x0000a83c        0x0 load address 0x0004883c
 .tm_clone_table
                0x0000a83c        0x0 /Users/malcolm/opt/cross-newlib/lib/gcc/m68k-elf-rosco/13.2.0/crtbegin.o
 .tm_clone_table
                0x0000a83c        0x0 /Users/malcolm/opt/cross-newlib/lib/gcc/m68k-elf-rosco/13.2.0/crtend.o

.bss            0x0000a83c    0x15ef8 load address 0x0004883c
                0x0000a83c                        _bss_start = .
 *(.bss*)
 .bss           0x0000a83c        0x4 /Users/malcolm/opt/cross-newlib/lib/gcc/m68k-elf-rosco/13.2.0/../../../../m68k-elf-rosco/lib/crt0.o
 .bss           0x0000a840        0x0 /Users/malcolm/opt/cross-newlib/lib/gcc/m68k-elf-rosco/13.2.0/crti.o
 .bss           0x0000a840       0x1e /Users/malcolm/opt/cross-newlib/lib/gcc/m68k-elf-rosco/13.2.0/crtbegin.o
 *fill*         0x0000a85e        0x2 
 .bss           0x0000a860        0x0 main.o
 .bss           0x0000a860        0x0 /Users/malcolm/opt/cross-newlib/lib/gcc/m68k-elf-rosco/13.2.0/../../../../m68k-elf-rosco/lib/libc.a(libc_a-atexit.o)
 .bss           0x0000a860        0x0 /Users/malcolm/opt/cross-newlib/lib/gcc/m68k-elf-rosco/13.2.0/../../../../m68k-elf-rosco/lib/libc.a(libc_a-exit.o)
 .bss           0x0000a860        0x0 /Users/malcolm/opt/cross-newlib/lib/gcc/m68k-elf-rosco/13.2.0/../../../../m68k-elf-rosco/lib/libc.a(libc_a-findfp.o)
 .bss.__sf      0x0000a860      0x138 /Users/malcolm/opt/cross-newlib/lib/gcc/m68k-elf-rosco/13.2.0/../../../../m68k-elf-rosco/lib/libc.a(libc_a-findfp.o)
                0x0000a860                __sf
 .bss.__stdio_exit_handler
                0x0000a998        0x4 /Users/malcolm/opt/cross-newlib/lib/gcc/m68k-elf-rosco/13.2.0/../../../../m68k-elf-rosco/lib/libc.a(libc_a-findfp.o)
                0x0000a998                __stdio_exit_handler
 .bss           0x0000a99c        0x0 /Users/malcolm/opt/cross-newlib/lib/gcc/m68k-elf-rosco/13.2.0/../../../../m68k-elf-rosco/lib/libc.a(libc_a-fwalk.o)
 .bss           0x0000a99c        0x0 /Users/malcolm/opt/cross-newlib/lib/gcc/m68k-elf-rosco/13.2.0/../../../../m68k-elf-rosco/lib/libc.a(libc_a-impure.o)
 .bss           0x0000a99c        0x0 /Users/malcolm/opt/cross-newlib/lib/gcc/m68k-elf-rosco/13.2.0/../../../../m68k-elf-rosco/lib/libc.a(libc_a-memset.o)
 .bss           0x0000a99c        0x0 /Users/malcolm/opt/cross-newlib/lib/gcc/m68k-elf-rosco/13.2.0/../../../../m68k-elf-rosco/lib/libc.a(libc_a-__atexit.o)
 .bss.__atexit0
                0x0000a99c      0x190 /Users/malcolm/opt/cross-newlib/lib/gcc/m68k-elf-rosco/13.2.0/../../../../m68k-elf-rosco/lib/libc.a(libc_a-__atexit.o)
                0x0000a99c                __atexit0
 .bss           0x0000ab2c        0x0 /Users/malcolm/opt/cross-newlib/lib/gcc/m68k-elf-rosco/13.2.0/../../../../m68k-elf-rosco/lib/libc.a(libc_a-__call_atexit.o)
 .bss.__atexit  0x0000ab2c        0x4 /Users/malcolm/opt/cross-newlib/lib/gcc/m68k-elf-rosco/13.2.0/../../../../m68k-elf-rosco/lib/libc.a(libc_a-__call_atexit.o)
                0x0000ab2c                __atexit
 .bss           0x0000ab30        0x0 /Users/malcolm/opt/cross-newlib/lib/gcc/m68k-elf-rosco/13.2.0/../../../../m68k-elf-rosco/lib/libc.a(libc_a-mallocr.o)
 .bss.__malloc_current_mallinfo
                0x0000ab30       0x28 /Users/malcolm/opt/cross-newlib/lib/gcc/m68k-elf-rosco/13.2.0/../../../../m68k-elf-rosco/lib/libc.a(libc_a-mallocr.o)
                0x0000ab30                __malloc_current_mallinfo
 .bss.__malloc_max_total_mem
                0x0000ab58        0x4 /Users/malcolm/opt/cross-newlib/lib/gcc/m68k-elf-rosco/13.2.0/../../../../m68k-elf-rosco/lib/libc.a(libc_a-mallocr.o)
                0x0000ab58                __malloc_max_total_mem
 .bss.__malloc_max_sbrked_mem
                0x0000ab5c        0x4 /Users/malcolm/opt/cross-newlib/lib/gcc/m68k-elf-rosco/13.2.0/../../../../m68k-elf-rosco/lib/libc.a(libc_a-mallocr.o)
                0x0000ab5c                __malloc_max_sbrked_mem
 .bss.__malloc_top_pad
                0x0000ab60        0x4 /Users/malcolm/opt/cross-newlib/lib/gcc/m68k-elf-rosco/13.2.0/../../../../m68k-elf-rosco/lib/libc.a(libc_a-mallocr.o)
                0x0000ab60                __malloc_top_pad
 .bss           0x0000ab64        0x0 /Users/malcolm/opt/cross-newlib/lib/gcc/m68k-elf-rosco/13.2.0/../../../../m68k-elf-rosco/lib/libc.a(libc_a-mlock.o)
 .bss           0x0000ab64        0x0 /Users/malcolm/opt/cross-newlib/lib/gcc/m68k-elf-rosco/13.2.0/../../../../m68k-elf-rosco/lib/libc.a(libc_a-fclose.o)
 .bss           0x0000ab64        0x0 /Users/malcolm/opt/cross-newlib/lib/gcc/m68k-elf-rosco/13.2.0/../../../../m68k-elf-rosco/lib/libc.a(libc_a-fflush.o)
 .bss           0x0000ab64        0x0 /Users/malcolm/opt/cross-newlib/lib/gcc/m68k-elf-rosco/13.2.0/../../../../m68k-elf-rosco/lib/libc.a(libc_a-stdio.o)
 .bss           0x0000ab64        0x0 /Users/malcolm/opt/cross-newlib/lib/gcc/m68k-elf-rosco/13.2.0/../../../../m68k-elf-rosco/lib/libc.a(libc_a-closer.o)
 .bss           0x0000ab64        0x0 /Users/malcolm/opt/cross-newlib/lib/gcc/m68k-elf-rosco/13.2.0/../../../../m68k-elf-rosco/lib/libc.a(libc_a-reent.o)
 .bss.errno     0x0000ab64        0x4 /Users/malcolm/opt/cross-newlib/lib/gcc/m68k-elf-rosco/13.2.0/../../../../m68k-elf-rosco/lib/libc.a(libc_a-reent.o)
                0x0000ab64                errno
 .bss           0x0000ab68        0x0 /Users/malcolm/opt/cross-newlib/lib/gcc/m68k-elf-rosco/13.2.0/../../../../m68k-elf-rosco/lib/libc.a(libc_a-lseekr.o)
 .bss           0x0000ab68        0x0 /Users/malcolm/opt/cross-newlib/lib/gcc/m68k-elf-rosco/13.2.0/../../../../m68k-elf-rosco/lib/libc.a(libc_a-readr.o)
 .bss           0x0000ab68        0x0 /Users/malcolm/opt/cross-newlib/lib/gcc/m68k-elf-rosco/13.2.0/../../../../m68k-elf-rosco/lib/libc.a(libc_a-sbrkr.o)
 .bss           0x0000ab68        0x0 /Users/malcolm/opt/cross-newlib/lib/gcc/m68k-elf-rosco/13.2.0/../../../../m68k-elf-rosco/lib/libc.a(libc_a-writer.o)
 .bss           0x0000ab68        0x0 /Users/malcolm/opt/cross-newlib/lib/gcc/m68k-elf-rosco/13.2.0/../../../../m68k-elf-rosco/lib/libc.a(libc_a-freer.o)
 .bss           0x0000ab68        0x0 /Users/malcolm/opt/cross-newlib/lib/gcc/m68k-elf-rosco/13.2.0/../../../../m68k-elf-rosco/lib/librosco.a(syscalls.o)
 .bss.new.0     0x0000ab68        0x4 /Users/malcolm/opt/cross-newlib/lib/gcc/m68k-elf-rosco/13.2.0/../../../../m68k-elf-rosco/lib/librosco.a(syscalls.o)
 .bss.prev.1    0x0000ab6c        0x4 /Users/malcolm/opt/cross-newlib/lib/gcc/m68k-elf-rosco/13.2.0/../../../../m68k-elf-rosco/lib/librosco.a(syscalls.o)
 .bss.sendbuf   0x0000ab70        0x2 /Users/malcolm/opt/cross-newlib/lib/gcc/m68k-elf-rosco/13.2.0/../../../../m68k-elf-rosco/lib/librosco.a(syscalls.o)
 .bss.files     0x0000ab72       0x80 /Users/malcolm/opt/cross-newlib/lib/gcc/m68k-elf-rosco/13.2.0/../../../../m68k-elf-rosco/lib/librosco.a(syscalls.o)
 .bss.files_bmp
                0x0000abf2        0x4 /Users/malcolm/opt/cross-newlib/lib/gcc/m68k-elf-rosco/13.2.0/../../../../m68k-elf-rosco/lib/librosco.a(syscalls.o)
 .bss.stdin_nonblock
                0x0000abf6        0x4 /Users/malcolm/opt/cross-newlib/lib/gcc/m68k-elf-rosco/13.2.0/../../../../m68k-elf-rosco/lib/librosco.a(syscalls.o)
 .bss.heap      0x0000abfa        0x4 /Users/malcolm/opt/cross-newlib/lib/gcc/m68k-elf-rosco/13.2.0/../../../../m68k-elf-rosco/lib/librosco.a(syscalls.o)
 *fill*         0x0000abfe        0x2 
 .bss           0x0000ac00        0x0 /Users/malcolm/opt/cross-newlib/lib/gcc/m68k-elf-rosco/13.2.0/../../../../m68k-elf-rosco/lib/librosco.a(sdcard.o)
 .bss.initialized
                0x0000ac00        0x1 /Users/malcolm/opt/cross-newlib/lib/gcc/m68k-elf-rosco/13.2.0/../../../../m68k-elf-rosco/lib/librosco.a(sdcard.o)
 *fill*         0x0000ac01        0x1 
 .bss.part      0x0000ac02       0x30 /Users/malcolm/opt/cross-newlib/lib/gcc/m68k-elf-rosco/13.2.0/../../../../m68k-elf-rosco/lib/librosco.a(sdcard.o)
 .bss.sdcard    0x0000ac32       0x16 /Users/malcolm/opt/cross-newlib/lib/gcc/m68k-elf-rosco/13.2.0/../../../../m68k-elf-rosco/lib/librosco.a(sdcard.o)
 .bss           0x0000ac48        0x0 /Users/malcolm/opt/cross-newlib/lib/gcc/m68k-elf-rosco/13.2.0/../../../../m68k-elf-rosco/lib/librosco.a(part.o)
 .bss.buffer    0x0000ac48      0x200 /Users/malcolm/opt/cross-newlib/lib/gcc/m68k-elf-rosco/13.2.0/../../../../m68k-elf-rosco/lib/librosco.a(part.o)
 .bss           0x0000ae48        0x0 /Users/malcolm/opt/cross-newlib/lib/gcc/m68k-elf-rosco/13.2.0/../../../../m68k-elf-rosco/lib/librosco.a(fat_filelib.o)
 .bss._free_file_list
                0x0000ae48        0x8 /Users/malcolm/opt/cross-newlib/lib/gcc/m68k-elf-rosco/13.2.0/../../../../m68k-elf-rosco/lib/librosco.a(fat_filelib.o)
 .bss._open_file_list
                0x0000ae50        0x8 /Users/malcolm/opt/cross-newlib/lib/gcc/m68k-elf-rosco/13.2.0/../../../../m68k-elf-rosco/lib/librosco.a(fat_filelib.o)
 .bss._fs       0x0000ae58     0x5092 /Users/malcolm/opt/cross-newlib/lib/gcc/m68k-elf-rosco/13.2.0/../../../../m68k-elf-rosco/lib/librosco.a(fat_filelib.o)
 .bss._filelib_valid
                0x0000feea        0x4 /Users/malcolm/opt/cross-newlib/lib/gcc/m68k-elf-rosco/13.2.0/../../../../m68k-elf-rosco/lib/librosco.a(fat_filelib.o)
 .bss._filelib_init
                0x0000feee        0x4 /Users/malcolm/opt/cross-newlib/lib/gcc/m68k-elf-rosco/13.2.0/../../../../m68k-elf-rosco/lib/librosco.a(fat_filelib.o)
 .bss._files    0x0000fef2    0x10840 /Users/malcolm/opt/cross-newlib/lib/gcc/m68k-elf-rosco/13.2.0/../../../../m68k-elf-rosco/lib/librosco.a(fat_filelib.o)
 *fill*         0x00020732        0x2 
 .bss           0x00020734        0x0 /Users/malcolm/opt/cross-newlib/lib/gcc/m68k-elf-rosco/13.2.0/../../../../m68k-elf-rosco/lib/librosco.a(fat_misc.o)
 .bss           0x00020734        0x0 /Users/malcolm/opt/cross-newlib/lib/gcc/m68k-elf-rosco/13.2.0/../../../../m68k-elf-rosco/lib/librosco.a(fat_string.o)
 .bss           0x00020734        0x0 /Users/malcolm/opt/cross-newlib/lib/gcc/m68k-elf-rosco/13.2.0/../../../../m68k-elf-rosco/lib/librosco.a(fat_table.o)
 .bss           0x00020734        0x0 /Users/malcolm/opt/cross-newlib/lib/gcc/m68k-elf-rosco/13.2.0/../../../../m68k-elf-rosco/lib/librosco.a(fat_write.o)
 .bss           0x00020734        0x0 /Users/malcolm/opt/cross-newlib/lib/gcc/m68k-elf-rosco/13.2.0/../../../../m68k-elf-rosco/lib/librosco.a(fat_access.o)
 .bss           0x00020734        0x0 /Users/malcolm/opt/cross-newlib/lib/gcc/m68k-elf-rosco/13.2.0/../../../../m68k-elf-rosco/lib/librosco.a(fat_cache.o)
 .bss           0x00020734        0x0 /Users/malcolm/opt/cross-newlib/lib/gcc/m68k-elf-rosco/13.2.0/../../../../m68k-elf-rosco/lib/libc.a(libc_a-strncmp.o)
 .bss           0x00020734        0x0 /Users/malcolm/opt/cross-newlib/lib/gcc/m68k-elf-rosco/13.2.0/../../../../m68k-elf-rosco/lib/libc.a(libc_a-strlen.o)
 .bss           0x00020734        0x0 /Users/malcolm/opt/cross-newlib/lib/gcc/m68k-elf-rosco/13.2.0/../../../../m68k-elf-rosco/lib/libc.a(libc_a-memcpy.o)
 .bss           0x00020734        0x0 /Users/malcolm/opt/cross-newlib/lib/gcc/m68k-elf-rosco/13.2.0/libgcc.a(_mulsi3.o)
 .bss           0x00020734        0x0 /Users/malcolm/opt/cross-newlib/lib/gcc/m68k-elf-rosco/13.2.0/libgcc.a(_udivsi3.o)
 .bss           0x00020734        0x0 /Users/malcolm/opt/cross-newlib/lib/gcc/m68k-elf-rosco/13.2.0/libgcc.a(_divsi3.o)
 .bss           0x00020734        0x0 /Users/malcolm/opt/cross-newlib/lib/gcc/m68k-elf-rosco/13.2.0/libgcc.a(_umodsi3.o)
 .bss           0x00020734        0x0 /Users/malcolm/opt/cross-newlib/lib/gcc/m68k-elf-rosco/13.2.0/libgcc.a(_modsi3.o)
 .bss           0x00020734        0x0 /Users/malcolm/opt/cross-newlib/lib/gcc/m68k-elf-rosco/13.2.0/crtend.o
 .bss           0x00020734        0x0 /Users/malcolm/opt/cross-newlib/lib/gcc/m68k-elf-rosco/13.2.0/crtn.o
 *(COMMON)
                0x00020734                        . = ALIGN (0x4)
                0x00020734                        _bss_end = .
                0x00020734                        . = DATA_SEGMENT_END (.)
                0x00020734                        _end = .
LOAD /Users/malcolm/opt/cross-newlib/lib/gcc/m68k-elf-rosco/13.2.0/libgcc.a
LOAD /Users/malcolm/opt/cross-newlib/lib/gcc/m68k-elf-rosco/13.2.0/crtend.o
LOAD /Users/malcolm/opt/cross-newlib/lib/gcc/m68k-elf-rosco/13.2.0/crtn.o
OUTPUT(divbyzero_020.elf elf32-m68k)

.comment        0x00000000       0x2c
 .comment       0x00000000       0x2c /Users/malcolm/opt/cross-newlib/lib/gcc/m68k-elf-rosco/13.2.0/crti.o
                                  0xe (size before relaxing)
 .comment       0x0000002c       0x13 /Users/malcolm/opt/cross-newlib/lib/gcc/m68k-elf-rosco/13.2.0/crtbegin.o
 .comment       0x0000002c       0x13 main.o
 .comment       0x0000002c       0x13 /Users/malcolm/opt/cross-newlib/lib/gcc/m68k-elf-rosco/13.2.0/../../../../m68k-elf-rosco/lib/libc.a(libc_a-atexit.o)
 .comment       0x0000002c       0x13 /Users/malcolm/opt/cross-newlib/lib/gcc/m68k-elf-rosco/13.2.0/../../../../m68k-elf-rosco/lib/libc.a(libc_a-exit.o)
 .comment       0x0000002c       0x13 /Users/malcolm/opt/cross-newlib/lib/gcc/m68k-elf-rosco/13.2.0/../../../../m68k-elf-rosco/lib/libc.a(libc_a-findfp.o)
 .comment       0x0000002c       0x13 /Users/malcolm/opt/cross-newlib/lib/gcc/m68k-elf-rosco/13.2.0/../../../../m68k-elf-rosco/lib/libc.a(libc_a-fwalk.o)
 .comment       0x0000002c       0x13 /Users/malcolm/opt/cross-newlib/lib/gcc/m68k-elf-rosco/13.2.0/../../../../m68k-elf-rosco/lib/libc.a(libc_a-impure.o)
 .comment       0x0000002c       0x13 /Users/malcolm/opt/cross-newlib/lib/gcc/m68k-elf-rosco/13.2.0/../../../../m68k-elf-rosco/lib/libc.a(libc_a-__atexit.o)
 .comment       0x0000002c       0x13 /Users/malcolm/opt/cross-newlib/lib/gcc/m68k-elf-rosco/13.2.0/../../../../m68k-elf-rosco/lib/libc.a(libc_a-__call_atexit.o)
 .comment       0x0000002c       0x13 /Users/malcolm/opt/cross-newlib/lib/gcc/m68k-elf-rosco/13.2.0/../../../../m68k-elf-rosco/lib/libc.a(libc_a-mallocr.o)
 .comment       0x0000002c       0x13 /Users/malcolm/opt/cross-newlib/lib/gcc/m68k-elf-rosco/13.2.0/../../../../m68k-elf-rosco/lib/libc.a(libc_a-mlock.o)
 .comment       0x0000002c       0x13 /Users/malcolm/opt/cross-newlib/lib/gcc/m68k-elf-rosco/13.2.0/../../../../m68k-elf-rosco/lib/libc.a(libc_a-fclose.o)
 .comment       0x0000002c       0x13 /Users/malcolm/opt/cross-newlib/lib/gcc/m68k-elf-rosco/13.2.0/../../../../m68k-elf-rosco/lib/libc.a(libc_a-fflush.o)
 .comment       0x0000002c       0x13 /Users/malcolm/opt/cross-newlib/lib/gcc/m68k-elf-rosco/13.2.0/../../../../m68k-elf-rosco/lib/libc.a(libc_a-stdio.o)
 .comment       0x0000002c       0x13 /Users/malcolm/opt/cross-newlib/lib/gcc/m68k-elf-rosco/13.2.0/../../../../m68k-elf-rosco/lib/libc.a(libc_a-closer.o)
 .comment       0x0000002c       0x13 /Users/malcolm/opt/cross-newlib/lib/gcc/m68k-elf-rosco/13.2.0/../../../../m68k-elf-rosco/lib/libc.a(libc_a-reent.o)
 .comment       0x0000002c       0x13 /Users/malcolm/opt/cross-newlib/lib/gcc/m68k-elf-rosco/13.2.0/../../../../m68k-elf-rosco/lib/libc.a(libc_a-lseekr.o)
 .comment       0x0000002c       0x13 /Users/malcolm/opt/cross-newlib/lib/gcc/m68k-elf-rosco/13.2.0/../../../../m68k-elf-rosco/lib/libc.a(libc_a-readr.o)
 .comment       0x0000002c       0x13 /Users/malcolm/opt/cross-newlib/lib/gcc/m68k-elf-rosco/13.2.0/../../../../m68k-elf-rosco/lib/libc.a(libc_a-sbrkr.o)
 .comment       0x0000002c       0x13 /Users/malcolm/opt/cross-newlib/lib/gcc/m68k-elf-rosco/13.2.0/../../../../m68k-elf-rosco/lib/libc.a(libc_a-writer.o)
 .comment       0x0000002c       0x13 /Users/malcolm/opt/cross-newlib/lib/gcc/m68k-elf-rosco/13.2.0/../../../../m68k-elf-rosco/lib/libc.a(libc_a-freer.o)
 .comment       0x0000002c       0x13 /Users/malcolm/opt/cross-newlib/lib/gcc/m68k-elf-rosco/13.2.0/../../../../m68k-elf-rosco/lib/librosco.a(syscalls.o)
 .comment       0x0000002c       0x13 /Users/malcolm/opt/cross-newlib/lib/gcc/m68k-elf-rosco/13.2.0/../../../../m68k-elf-rosco/lib/librosco.a(sdcard.o)
 .comment       0x0000002c       0x13 /Users/malcolm/opt/cross-newlib/lib/gcc/m68k-elf-rosco/13.2.0/../../../../m68k-elf-rosco/lib/librosco.a(part.o)
 .comment       0x0000002c       0x13 /Users/malcolm/opt/cross-newlib/lib/gcc/m68k-elf-rosco/13.2.0/../../../../m68k-elf-rosco/lib/librosco.a(fat_filelib.o)
 .comment       0x0000002c       0x13 /Users/malcolm/opt/cross-newlib/lib/gcc/m68k-elf-rosco/13.2.0/../../../../m68k-elf-rosco/lib/librosco.a(fat_misc.o)
 .comment       0x0000002c       0x13 /Users/malcolm/opt/cross-newlib/lib/gcc/m68k-elf-rosco/13.2.0/../../../../m68k-elf-rosco/lib/librosco.a(fat_string.o)
 .comment       0x0000002c       0x13 /Users/malcolm/opt/cross-newlib/lib/gcc/m68k-elf-rosco/13.2.0/../../../../m68k-elf-rosco/lib/librosco.a(fat_table.o)
 .comment       0x0000002c       0x13 /Users/malcolm/opt/cross-newlib/lib/gcc/m68k-elf-rosco/13.2.0/../../../../m68k-elf-rosco/lib/librosco.a(fat_write.o)
 .comment       0x0000002c       0x13 /Users/malcolm/opt/cross-newlib/lib/gcc/m68k-elf-rosco/13.2.0/../../../../m68k-elf-rosco/lib/librosco.a(fat_access.o)
 .comment       0x0000002c       0x13 /Users/malcolm/opt/cross-newlib/lib/gcc/m68k-elf-rosco/13.2.0/../../../../m68k-elf-rosco/lib/librosco.a(fat_cache.o)
 .comment       0x0000002c       0x13 /Users/malcolm/opt/cross-newlib/lib/gcc/m68k-elf-rosco/13.2.0/../../../../m68k-elf-rosco/lib/libc.a(libc_a-strncmp.o)
 .comment       0x0000002c       0x13 /Users/malcolm/opt/cross-newlib/lib/gcc/m68k-elf-rosco/13.2.0/../../../../m68k-elf-rosco/lib/libc.a(libc_a-strlen.o)
 .comment       0x0000002c       0x13 /Users/malcolm/opt/cross-newlib/lib/gcc/m68k-elf-rosco/13.2.0/crtend.o
 .comment       0x0000002c        0xe /Users/malcolm/opt/cross-newlib/lib/gcc/m68k-elf-rosco/13.2.0/crtn.o

.debug_info     0x00000000     0xff89
 .debug_info    0x00000000       0xfc /Users/malcolm/opt/cross-newlib/lib/gcc/m68k-elf-rosco/13.2.0/../../../../m68k-elf-rosco/lib/libc.a(libc_a-atexit.o)
 .debug_info    0x000000fc       0xee /Users/malcolm/opt/cross-newlib/lib/gcc/m68k-elf-rosco/13.2.0/../../../../m68k-elf-rosco/lib/libc.a(libc_a-exit.o)
 .debug_info    0x000001ea      0xdef /Users/malcolm/opt/cross-newlib/lib/gcc/m68k-elf-rosco/13.2.0/../../../../m68k-elf-rosco/lib/libc.a(libc_a-findfp.o)
 .debug_info    0x00000fd9      0x7d6 /Users/malcolm/opt/cross-newlib/lib/gcc/m68k-elf-rosco/13.2.0/../../../../m68k-elf-rosco/lib/libc.a(libc_a-fwalk.o)
 .debug_info    0x000017af      0x735 /Users/malcolm/opt/cross-newlib/lib/gcc/m68k-elf-rosco/13.2.0/../../../../m68k-elf-rosco/lib/libc.a(libc_a-impure.o)
 .debug_info    0x00001ee4       0x24 /Users/malcolm/opt/cross-newlib/lib/gcc/m68k-elf-rosco/13.2.0/../../../../m68k-elf-rosco/lib/libc.a(libc_a-memset.o)
 .debug_info    0x00001f08      0x1f0 /Users/malcolm/opt/cross-newlib/lib/gcc/m68k-elf-rosco/13.2.0/../../../../m68k-elf-rosco/lib/libc.a(libc_a-__atexit.o)
 .debug_info    0x000020f8      0x21b /Users/malcolm/opt/cross-newlib/lib/gcc/m68k-elf-rosco/13.2.0/../../../../m68k-elf-rosco/lib/libc.a(libc_a-__call_atexit.o)
 .debug_info    0x00002313      0xc34 /Users/malcolm/opt/cross-newlib/lib/gcc/m68k-elf-rosco/13.2.0/../../../../m68k-elf-rosco/lib/libc.a(libc_a-mallocr.o)
 .debug_info    0x00002f47      0x747 /Users/malcolm/opt/cross-newlib/lib/gcc/m68k-elf-rosco/13.2.0/../../../../m68k-elf-rosco/lib/libc.a(libc_a-mlock.o)
 .debug_info    0x0000368e      0x897 /Users/malcolm/opt/cross-newlib/lib/gcc/m68k-elf-rosco/13.2.0/../../../../m68k-elf-rosco/lib/libc.a(libc_a-fclose.o)
 .debug_info    0x00003f25      0x9ca /Users/malcolm/opt/cross-newlib/lib/gcc/m68k-elf-rosco/13.2.0/../../../../m68k-elf-rosco/lib/libc.a(libc_a-fflush.o)
 .debug_info    0x000048ef      0x9ff /Users/malcolm/opt/cross-newlib/lib/gcc/m68k-elf-rosco/13.2.0/../../../../m68k-elf-rosco/lib/libc.a(libc_a-stdio.o)
 .debug_info    0x000052ee      0x764 /Users/malcolm/opt/cross-newlib/lib/gcc/m68k-elf-rosco/13.2.0/../../../../m68k-elf-rosco/lib/libc.a(libc_a-closer.o)
 .debug_info    0x00005a52      0x7fa /Users/malcolm/opt/cross-newlib/lib/gcc/m68k-elf-rosco/13.2.0/../../../../m68k-elf-rosco/lib/libc.a(libc_a-reent.o)
 .debug_info    0x0000624c      0x78c /Users/malcolm/opt/cross-newlib/lib/gcc/m68k-elf-rosco/13.2.0/../../../../m68k-elf-rosco/lib/libc.a(libc_a-lseekr.o)
 .debug_info    0x000069d8      0x797 /Users/malcolm/opt/cross-newlib/lib/gcc/m68k-elf-rosco/13.2.0/../../../../m68k-elf-rosco/lib/libc.a(libc_a-readr.o)
 .debug_info    0x0000716f      0x78a /Users/malcolm/opt/cross-newlib/lib/gcc/m68k-elf-rosco/13.2.0/../../../../m68k-elf-rosco/lib/libc.a(libc_a-sbrkr.o)
 .debug_info    0x000078f9      0x79d /Users/malcolm/opt/cross-newlib/lib/gcc/m68k-elf-rosco/13.2.0/../../../../m68k-elf-rosco/lib/libc.a(libc_a-writer.o)
 .debug_info    0x00008096      0xac7 /Users/malcolm/opt/cross-newlib/lib/gcc/m68k-elf-rosco/13.2.0/../../../../m68k-elf-rosco/lib/libc.a(libc_a-freer.o)
 .debug_info    0x00008b5d     0x118f /Users/malcolm/opt/cross-newlib/lib/gcc/m68k-elf-rosco/13.2.0/../../../../m68k-elf-rosco/lib/librosco.a(syscalls.o)
 .debug_info    0x00009cec      0x4c0 /Users/malcolm/opt/cross-newlib/lib/gcc/m68k-elf-rosco/13.2.0/../../../../m68k-elf-rosco/lib/librosco.a(sdcard.o)
 .debug_info    0x0000a1ac      0x67a /Users/malcolm/opt/cross-newlib/lib/gcc/m68k-elf-rosco/13.2.0/../../../../m68k-elf-rosco/lib/librosco.a(part.o)
 .debug_info    0x0000a826     0x1ec2 /Users/malcolm/opt/cross-newlib/lib/gcc/m68k-elf-rosco/13.2.0/../../../../m68k-elf-rosco/lib/librosco.a(fat_filelib.o)
 .debug_info    0x0000c6e8      0x7fe /Users/malcolm/opt/cross-newlib/lib/gcc/m68k-elf-rosco/13.2.0/../../../../m68k-elf-rosco/lib/librosco.a(fat_misc.o)
 .debug_info    0x0000cee6      0x79e /Users/malcolm/opt/cross-newlib/lib/gcc/m68k-elf-rosco/13.2.0/../../../../m68k-elf-rosco/lib/librosco.a(fat_string.o)
 .debug_info    0x0000d684      0x858 /Users/malcolm/opt/cross-newlib/lib/gcc/m68k-elf-rosco/13.2.0/../../../../m68k-elf-rosco/lib/librosco.a(fat_table.o)
 .debug_info    0x0000dedc      0x9ac /Users/malcolm/opt/cross-newlib/lib/gcc/m68k-elf-rosco/13.2.0/../../../../m68k-elf-rosco/lib/librosco.a(fat_write.o)
 .debug_info    0x0000e888      0xec8 /Users/malcolm/opt/cross-newlib/lib/gcc/m68k-elf-rosco/13.2.0/../../../../m68k-elf-rosco/lib/librosco.a(fat_access.o)
 .debug_info    0x0000f750      0x57e /Users/malcolm/opt/cross-newlib/lib/gcc/m68k-elf-rosco/13.2.0/../../../../m68k-elf-rosco/lib/librosco.a(fat_cache.o)
 .debug_info    0x0000fcce      0x108 /Users/malcolm/opt/cross-newlib/lib/gcc/m68k-elf-rosco/13.2.0/../../../../m68k-elf-rosco/lib/libc.a(libc_a-strncmp.o)
 .debug_info    0x0000fdd6       0xdb /Users/malcolm/opt/cross-newlib/lib/gcc/m68k-elf-rosco/13.2.0/../../../../m68k-elf-rosco/lib/libc.a(libc_a-strlen.o)
 .debug_info    0x0000feb1       0x24 /Users/malcolm/opt/cross-newlib/lib/gcc/m68k-elf-rosco/13.2.0/../../../../m68k-elf-rosco/lib/libc.a(libc_a-memcpy.o)
 .debug_info    0x0000fed5       0x24 /Users/malcolm/opt/cross-newlib/lib/gcc/m68k-elf-rosco/13.2.0/libgcc.a(_mulsi3.o)
 .debug_info    0x0000fef9       0x24 /Users/malcolm/opt/cross-newlib/lib/gcc/m68k-elf-rosco/13.2.0/libgcc.a(_udivsi3.o)
 .debug_info    0x0000ff1d       0x24 /Users/malcolm/opt/cross-newlib/lib/gcc/m68k-elf-rosco/13.2.0/libgcc.a(_divsi3.o)
 .debug_info    0x0000ff41       0x24 /Users/malcolm/opt/cross-newlib/lib/gcc/m68k-elf-rosco/13.2.0/libgcc.a(_umodsi3.o)
 .debug_info    0x0000ff65       0x24 /Users/malcolm/opt/cross-newlib/lib/gcc/m68k-elf-rosco/13.2.0/libgcc.a(_modsi3.o)

.debug_abbrev   0x00000000     0x45ed
 .debug_abbrev  0x00000000       0xb2 /Users/malcolm/opt/cross-newlib/lib/gcc/m68k-elf-rosco/13.2.0/../../../../m68k-elf-rosco/lib/libc.a(libc_a-atexit.o)
 .debug_abbrev  0x000000b2       0xbe /Users/malcolm/opt/cross-newlib/lib/gcc/m68k-elf-rosco/13.2.0/../../../../m68k-elf-rosco/lib/libc.a(libc_a-exit.o)
 .debug_abbrev  0x00000170      0x41c /Users/malcolm/opt/cross-newlib/lib/gcc/m68k-elf-rosco/13.2.0/../../../../m68k-elf-rosco/lib/libc.a(libc_a-findfp.o)
 .debug_abbrev  0x0000058c      0x1d6 /Users/malcolm/opt/cross-newlib/lib/gcc/m68k-elf-rosco/13.2.0/../../../../m68k-elf-rosco/lib/libc.a(libc_a-fwalk.o)
 .debug_abbrev  0x00000762      0x185 /Users/malcolm/opt/cross-newlib/lib/gcc/m68k-elf-rosco/13.2.0/../../../../m68k-elf-rosco/lib/libc.a(libc_a-impure.o)
 .debug_abbrev  0x000008e7       0x14 /Users/malcolm/opt/cross-newlib/lib/gcc/m68k-elf-rosco/13.2.0/../../../../m68k-elf-rosco/lib/libc.a(libc_a-memset.o)
 .debug_abbrev  0x000008fb      0x13f /Users/malcolm/opt/cross-newlib/lib/gcc/m68k-elf-rosco/13.2.0/../../../../m68k-elf-rosco/lib/libc.a(libc_a-__atexit.o)
 .debug_abbrev  0x00000a3a      0x154 /Users/malcolm/opt/cross-newlib/lib/gcc/m68k-elf-rosco/13.2.0/../../../../m68k-elf-rosco/lib/libc.a(libc_a-__call_atexit.o)
 .debug_abbrev  0x00000b8e      0x2c8 /Users/malcolm/opt/cross-newlib/lib/gcc/m68k-elf-rosco/13.2.0/../../../../m68k-elf-rosco/lib/libc.a(libc_a-mallocr.o)
 .debug_abbrev  0x00000e56      0x1ce /Users/malcolm/opt/cross-newlib/lib/gcc/m68k-elf-rosco/13.2.0/../../../../m68k-elf-rosco/lib/libc.a(libc_a-mlock.o)
 .debug_abbrev  0x00001024      0x2c1 /Users/malcolm/opt/cross-newlib/lib/gcc/m68k-elf-rosco/13.2.0/../../../../m68k-elf-rosco/lib/libc.a(libc_a-fclose.o)
 .debug_abbrev  0x000012e5      0x311 /Users/malcolm/opt/cross-newlib/lib/gcc/m68k-elf-rosco/13.2.0/../../../../m68k-elf-rosco/lib/libc.a(libc_a-fflush.o)
 .debug_abbrev  0x000015f6      0x243 /Users/malcolm/opt/cross-newlib/lib/gcc/m68k-elf-rosco/13.2.0/../../../../m68k-elf-rosco/lib/libc.a(libc_a-stdio.o)
 .debug_abbrev  0x00001839      0x1e0 /Users/malcolm/opt/cross-newlib/lib/gcc/m68k-elf-rosco/13.2.0/../../../../m68k-elf-rosco/lib/libc.a(libc_a-closer.o)
 .debug_abbrev  0x00001a19      0x207 /Users/malcolm/opt/cross-newlib/lib/gcc/m68k-elf-rosco/13.2.0/../../../../m68k-elf-rosco/lib/libc.a(libc_a-reent.o)
 .debug_abbrev  0x00001c20      0x1f1 /Users/malcolm/opt/cross-newlib/lib/gcc/m68k-elf-rosco/13.2.0/../../../../m68k-elf-rosco/lib/libc.a(libc_a-lseekr.o)
 .debug_abbrev  0x00001e11      0x1e0 /Users/malcolm/opt/cross-newlib/lib/gcc/m68k-elf-rosco/13.2.0/../../../../m68k-elf-rosco/lib/libc.a(libc_a-readr.o)
 .debug_abbrev  0x00001ff1      0x207 /Users/malcolm/opt/cross-newlib/lib/gcc/m68k-elf-rosco/13.2.0/../../../../m68k-elf-rosco/lib/libc.a(libc_a-sbrkr.o)
 .debug_abbrev  0x000021f8      0x1e5 /Users/malcolm/opt/cross-newlib/lib/gcc/m68k-elf-rosco/13.2.0/../../../../m68k-elf-rosco/lib/libc.a(libc_a-writer.o)
 .debug_abbrev  0x000023dd      0x274 /Users/malcolm/opt/cross-newlib/lib/gcc/m68k-elf-rosco/13.2.0/../../../../m68k-elf-rosco/lib/libc.a(libc_a-freer.o)
 .debug_abbrev  0x00002651      0x4b6 /Users/malcolm/opt/cross-newlib/lib/gcc/m68k-elf-rosco/13.2.0/../../../../m68k-elf-rosco/lib/librosco.a(syscalls.o)
 .debug_abbrev  0x00002b07      0x1b8 /Users/malcolm/opt/cross-newlib/lib/gcc/m68k-elf-rosco/13.2.0/../../../../m68k-elf-rosco/lib/librosco.a(sdcard.o)
 .debug_abbrev  0x00002cbf      0x245 /Users/malcolm/opt/cross-newlib/lib/gcc/m68k-elf-rosco/13.2.0/../../../../m68k-elf-rosco/lib/librosco.a(part.o)
 .debug_abbrev  0x00002f04      0x481 /Users/malcolm/opt/cross-newlib/lib/gcc/m68k-elf-rosco/13.2.0/../../../../m68k-elf-rosco/lib/librosco.a(fat_filelib.o)
 .debug_abbrev  0x00003385      0x334 /Users/malcolm/opt/cross-newlib/lib/gcc/m68k-elf-rosco/13.2.0/../../../../m68k-elf-rosco/lib/librosco.a(fat_misc.o)
 .debug_abbrev  0x000036b9      0x296 /Users/malcolm/opt/cross-newlib/lib/gcc/m68k-elf-rosco/13.2.0/../../../../m68k-elf-rosco/lib/librosco.a(fat_string.o)
 .debug_abbrev  0x0000394f      0x311 /Users/malcolm/opt/cross-newlib/lib/gcc/m68k-elf-rosco/13.2.0/../../../../m68k-elf-rosco/lib/librosco.a(fat_table.o)
 .debug_abbrev  0x00003c60      0x2f5 /Users/malcolm/opt/cross-newlib/lib/gcc/m68k-elf-rosco/13.2.0/../../../../m68k-elf-rosco/lib/librosco.a(fat_write.o)
 .debug_abbrev  0x00003f55      0x391 /Users/malcolm/opt/cross-newlib/lib/gcc/m68k-elf-rosco/13.2.0/../../../../m68k-elf-rosco/lib/librosco.a(fat_access.o)
 .debug_abbrev  0x000042e6      0x173 /Users/malcolm/opt/cross-newlib/lib/gcc/m68k-elf-rosco/13.2.0/../../../../m68k-elf-rosco/lib/librosco.a(fat_cache.o)
 .debug_abbrev  0x00004459       0x92 /Users/malcolm/opt/cross-newlib/lib/gcc/m68k-elf-rosco/13.2.0/../../../../m68k-elf-rosco/lib/libc.a(libc_a-strncmp.o)
 .debug_abbrev  0x000044eb       0x8a /Users/malcolm/opt/cross-newlib/lib/gcc/m68k-elf-rosco/13.2.0/../../../../m68k-elf-rosco/lib/libc.a(libc_a-strlen.o)
 .debug_abbrev  0x00004575       0x14 /Users/malcolm/opt/cross-newlib/lib/gcc/m68k-elf-rosco/13.2.0/../../../../m68k-elf-rosco/lib/libc.a(libc_a-memcpy.o)
 .debug_abbrev  0x00004589       0x14 /Users/malcolm/opt/cross-newlib/lib/gcc/m68k-elf-rosco/13.2.0/libgcc.a(_mulsi3.o)
 .debug_abbrev  0x0000459d       0x14 /Users/malcolm/opt/cross-newlib/lib/gcc/m68k-elf-rosco/13.2.0/libgcc.a(_udivsi3.o)
 .debug_abbrev  0x000045b1       0x14 /Users/malcolm/opt/cross-newlib/lib/gcc/m68k-elf-rosco/13.2.0/libgcc.a(_divsi3.o)
 .debug_abbrev  0x000045c5       0x14 /Users/malcolm/opt/cross-newlib/lib/gcc/m68k-elf-rosco/13.2.0/libgcc.a(_umodsi3.o)
 .debug_abbrev  0x000045d9       0x14 /Users/malcolm/opt/cross-newlib/lib/gcc/m68k-elf-rosco/13.2.0/libgcc.a(_modsi3.o)

.debug_aranges  0x00000000      0x850
 .debug_aranges
                0x00000000       0x20 /Users/malcolm/opt/cross-newlib/lib/gcc/m68k-elf-rosco/13.2.0/../../../../m68k-elf-rosco/lib/libc.a(libc_a-atexit.o)
 .debug_aranges
                0x00000020       0x20 /Users/malcolm/opt/cross-newlib/lib/gcc/m68k-elf-rosco/13.2.0/../../../../m68k-elf-rosco/lib/libc.a(libc_a-exit.o)
 .debug_aranges
                0x00000040       0x70 /Users/malcolm/opt/cross-newlib/lib/gcc/m68k-elf-rosco/13.2.0/../../../../m68k-elf-rosco/lib/libc.a(libc_a-findfp.o)
 .debug_aranges
                0x000000b0       0x20 /Users/malcolm/opt/cross-newlib/lib/gcc/m68k-elf-rosco/13.2.0/../../../../m68k-elf-rosco/lib/libc.a(libc_a-fwalk.o)
 .debug_aranges
                0x000000d0       0x18 /Users/malcolm/opt/cross-newlib/lib/gcc/m68k-elf-rosco/13.2.0/../../../../m68k-elf-rosco/lib/libc.a(libc_a-impure.o)
 .debug_aranges
                0x000000e8       0x20 /Users/malcolm/opt/cross-newlib/lib/gcc/m68k-elf-rosco/13.2.0/../../../../m68k-elf-rosco/lib/libc.a(libc_a-memset.o)
 .debug_aranges
                0x00000108       0x20 /Users/malcolm/opt/cross-newlib/lib/gcc/m68k-elf-rosco/13.2.0/../../../../m68k-elf-rosco/lib/libc.a(libc_a-__atexit.o)
 .debug_aranges
                0x00000128       0x20 /Users/malcolm/opt/cross-newlib/lib/gcc/m68k-elf-rosco/13.2.0/../../../../m68k-elf-rosco/lib/libc.a(libc_a-__call_atexit.o)
 .debug_aranges
                0x00000148       0x20 /Users/malcolm/opt/cross-newlib/lib/gcc/m68k-elf-rosco/13.2.0/../../../../m68k-elf-rosco/lib/libc.a(libc_a-mallocr.o)
 .debug_aranges
                0x00000168       0x28 /Users/malcolm/opt/cross-newlib/lib/gcc/m68k-elf-rosco/13.2.0/../../../../m68k-elf-rosco/lib/libc.a(libc_a-mlock.o)
 .debug_aranges