Archive member included to satisfy reference by file (symbol)

/opt/homebrew/Cellar/rosco-m68k-toolchain@13/HEAD-e2a4d4b/lib/gcc/m68k-elf-rosco/13.2.0/libgcc.a(_double.o)
                              main.o (__muldf3)
/opt/homebrew/Cellar/rosco-m68k-toolchain@13/HEAD-e2a4d4b/lib/gcc/m68k-elf-rosco/13.2.0/libgcc.a(_floatex.o)
                              /opt/homebrew/Cellar/rosco-m68k-toolchain@13/HEAD-e2a4d4b/lib/gcc/m68k-elf-rosco/13.2.0/libgcc.a(_double.o) (_fpCCR)
/opt/homebrew/Cellar/rosco-m68k-toolchain@13/HEAD-e2a4d4b/lib/gcc/m68k-elf-rosco/13.2.0/libgcc.a(fpgnulib.o)
                              main.o (__fixdfsi)
/opt/homebrew/Cellar/rosco-m68k-toolchain@13/HEAD-e2a4d4b/lib/gcc/m68k-elf-rosco/13.2.0/../../../../m68k-elf-rosco/lib/libc.a(libc_a-atexit.o)
                              /opt/homebrew/Cellar/rosco-m68k-toolchain@13/HEAD-e2a4d4b/lib/gcc/m68k-elf-rosco/13.2.0/../../../../m68k-elf-rosco/lib/crt0.o (atexit)
/opt/homebrew/Cellar/rosco-m68k-toolchain@13/HEAD-e2a4d4b/lib/gcc/m68k-elf-rosco/13.2.0/../../../../m68k-elf-rosco/lib/libc.a(libc_a-exit.o)
                              /opt/homebrew/Cellar/rosco-m68k-toolchain@13/HEAD-e2a4d4b/lib/gcc/m68k-elf-rosco/13.2.0/../../../../m68k-elf-rosco/lib/crt0.o (exit)
/opt/homebrew/Cellar/rosco-m68k-toolchain@13/HEAD-e2a4d4b/lib/gcc/m68k-elf-rosco/13.2.0/../../../../m68k-elf-rosco/lib/libc.a(libc_a-printf.o)
                              main.o (printf)
/opt/homebrew/Cellar/rosco-m68k-toolchain@13/HEAD-e2a4d4b/lib/gcc/m68k-elf-rosco/13.2.0/../../../../m68k-elf-rosco/lib/libc.a(libc_a-findfp.o)
                              /opt/homebrew/Cellar/rosco-m68k-toolchain@13/HEAD-e2a4d4b/lib/gcc/m68k-elf-rosco/13.2.0/../../../../m68k-elf-rosco/lib/libc.a(libc_a-exit.o) (__stdio_exit_handler)
/opt/homebrew/Cellar/rosco-m68k-toolchain@13/HEAD-e2a4d4b/lib/gcc/m68k-elf-rosco/13.2.0/../../../../m68k-elf-rosco/lib/libc.a(libc_a-fwalk.o)
                              /opt/homebrew/Cellar/rosco-m68k-toolchain@13/HEAD-e2a4d4b/lib/gcc/m68k-elf-rosco/13.2.0/../../../../m68k-elf-rosco/lib/libc.a(libc_a-findfp.o) (_fwalk_sglue)
/opt/homebrew/Cellar/rosco-m68k-toolchain@13/HEAD-e2a4d4b/lib/gcc/m68k-elf-rosco/13.2.0/../../../../m68k-elf-rosco/lib/libc.a(libc_a-impure.o)
                              /opt/homebrew/Cellar/rosco-m68k-toolchain@13/HEAD-e2a4d4b/lib/gcc/m68k-elf-rosco/13.2.0/../../../../m68k-elf-rosco/lib/libc.a(libc_a-printf.o) (_impure_ptr)
/opt/homebrew/Cellar/rosco-m68k-toolchain@13/HEAD-e2a4d4b/lib/gcc/m68k-elf-rosco/13.2.0/../../../../m68k-elf-rosco/lib/libc.a(libc_a-memset.o)
                              /opt/homebrew/Cellar/rosco-m68k-toolchain@13/HEAD-e2a4d4b/lib/gcc/m68k-elf-rosco/13.2.0/../../../../m68k-elf-rosco/lib/libc.a(libc_a-findfp.o) (memset)
/opt/homebrew/Cellar/rosco-m68k-toolchain@13/HEAD-e2a4d4b/lib/gcc/m68k-elf-rosco/13.2.0/../../../../m68k-elf-rosco/lib/libc.a(libc_a-__atexit.o)
                              /opt/homebrew/Cellar/rosco-m68k-toolchain@13/HEAD-e2a4d4b/lib/gcc/m68k-elf-rosco/13.2.0/../../../../m68k-elf-rosco/lib/libc.a(libc_a-atexit.o) (__register_exitproc)
/opt/homebrew/Cellar/rosco-m68k-toolchain@13/HEAD-e2a4d4b/lib/gcc/m68k-elf-rosco/13.2.0/../../../../m68k-elf-rosco/lib/libc.a(libc_a-__call_atexit.o)
                              /opt/homebrew/Cellar/rosco-m68k-toolchain@13/HEAD-e2a4d4b/lib/gcc/m68k-elf-rosco/13.2.0/../../../../m68k-elf-rosco/lib/libc.a(libc_a-exit.o) (__call_exitprocs)
/opt/homebrew/Cellar/rosco-m68k-toolchain@13/HEAD-e2a4d4b/lib/gcc/m68k-elf-rosco/13.2.0/../../../../m68k-elf-rosco/lib/libc.a(libc_a-mallocr.o)
                              /opt/homebrew/Cellar/rosco-m68k-toolchain@13/HEAD-e2a4d4b/lib/gcc/m68k-elf-rosco/13.2.0/../../../../m68k-elf-rosco/lib/libc.a(libc_a-findfp.o) (_malloc_r)
/opt/homebrew/Cellar/rosco-m68k-toolchain@13/HEAD-e2a4d4b/lib/gcc/m68k-elf-rosco/13.2.0/../../../../m68k-elf-rosco/lib/libc.a(libc_a-vfprintf.o)
                              /opt/homebrew/Cellar/rosco-m68k-toolchain@13/HEAD-e2a4d4b/lib/gcc/m68k-elf-rosco/13.2.0/../../../../m68k-elf-rosco/lib/libc.a(libc_a-printf.o) (_vfprintf_r)
/opt/homebrew/Cellar/rosco-m68k-toolchain@13/HEAD-e2a4d4b/lib/gcc/m68k-elf-rosco/13.2.0/../../../../m68k-elf-rosco/lib/libc.a(libc_a-mlock.o)
                              /opt/homebrew/Cellar/rosco-m68k-toolchain@13/HEAD-e2a4d4b/lib/gcc/m68k-elf-rosco/13.2.0/../../../../m68k-elf-rosco/lib/libc.a(libc_a-mallocr.o) (__malloc_lock)
/opt/homebrew/Cellar/rosco-m68k-toolchain@13/HEAD-e2a4d4b/lib/gcc/m68k-elf-rosco/13.2.0/../../../../m68k-elf-rosco/lib/libc.a(libc_a-sprint_r.o)
                              /opt/homebrew/Cellar/rosco-m68k-toolchain@13/HEAD-e2a4d4b/lib/gcc/m68k-elf-rosco/13.2.0/../../../../m68k-elf-rosco/lib/libc.a(libc_a-vfprintf.o) (__sprint_r)
/opt/homebrew/Cellar/rosco-m68k-toolchain@13/HEAD-e2a4d4b/lib/gcc/m68k-elf-rosco/13.2.0/../../../../m68k-elf-rosco/lib/libc.a(libc_a-fclose.o)
[...]
Memory Configuration

Name             Origin             Length             Attributes
RAM              0x00000000         0x00100000
EXP_RAM          0x00100000         0x00d00000
ROM              0x00e00000         0x00100000
IO_SPACE         0x00f00000         0x00100000
*default*        0x00000000         0xffffffff

Linker script and memory map

LOAD /opt/homebrew/Cellar/rosco-m68k-toolchain@13/HEAD-e2a4d4b/lib/gcc/m68k-elf-rosco/13.2.0/../../../../m68k-elf-rosco/lib/crt0.o
LOAD /opt/homebrew/Cellar/rosco-m68k-toolchain@13/HEAD-e2a4d4b/lib/gcc/m68k-elf-rosco/13.2.0/crti.o
LOAD /opt/homebrew/Cellar/rosco-m68k-toolchain@13/HEAD-e2a4d4b/lib/gcc/m68k-elf-rosco/13.2.0/crtbegin.o
LOAD main.o
LOAD /opt/homebrew/Cellar/rosco-m68k-toolchain@13/HEAD-e2a4d4b/lib/gcc/m68k-elf-rosco/13.2.0/libgcc.a
LOAD /opt/homebrew/Cellar/rosco-m68k-toolchain@13/HEAD-e2a4d4b/lib/gcc/m68k-elf-rosco/13.2.0/../../../../m68k-elf-rosco/lib/libc.a
LOAD /opt/homebrew/Cellar/rosco-m68k-toolchain@13/HEAD-e2a4d4b/lib/gcc/m68k-elf-rosco/13.2.0/../../../../m68k-elf-rosco/lib/librosco.a
LOAD /opt/homebrew/Cellar/rosco-m68k-toolchain@13/HEAD-e2a4d4b/lib/gcc/m68k-elf-rosco/13.2.0/../../../../m68k-elf-rosco/lib/libc.a
                [!provide]                        PROVIDE (_STACK_SIZE = 0x4000)
                [!provide]                        PROVIDE (_relocIAL_STACK = 0x0)
                [!provide]                        PROVIDE (_WARM_BOOT = 0x4)
                [!provide]                        PROVIDE (_MFP_VECTORS = 0x100)
                [!provide]                        PROVIDE (_SDB = 0x400)
                0x00000400                        PROVIDE (_SDB_MAGIC = 0x400)
                [!provide]                        PROVIDE (_SDB_STATUS = 0x404)
                [!provide]                        PROVIDE (_SDB_RSRVD_408 = 0x408)
                0x0000040c                        PROVIDE (_TIMER_100HZ = 0x40c)
                [!provide]                        PROVIDE (_EASY68K_ECHOON = 0x410)
                [!provide]                        PROVIDE (_EASY68K_PROMPT = 0x411)
                [!provide]                        PROVIDE (_EASY68K_SHOWLF = 0x412)
                [!provide]                        PROVIDE (_SDB_RSRVD_413 = 0x413)
                [!provide]                        PROVIDE (_SDB_MEM_SIZE = 0x414)
                [!provide]                        PROVIDE (_SDB_UART_BASE = 0x418)
                [!provide]                        PROVIDE (_SDB_CPU_INFO = 0x41c)
                [!provide]                        PROVIDE (_EFP_TABLE = 0x420)
                [!provide]                        PROVIDE (_EFP_PRINT = 0x420)
                [!provide]                        PROVIDE (_EFP_PRINTLN = 0x424)
                [!provide]                        PROVIDE (_EFP_PRINTCHAR = 0x428)
                [!provide]                        PROVIDE (_EFP_HALT = 0x42c)
                [!provide]                        PROVIDE (_EFP_SENDCHAR = 0x430)
                [!provide]                        PROVIDE (_EFP_RECVCHAR = 0x434)
                [!provide]                        PROVIDE (_EFP_CLRSCR = 0x438)
                [!provide]                        PROVIDE (_EFP_MOVEXY = 0x43c)
                [!provide]                        PROVIDE (_EFP_SETCURSOR = 0x440)
                [!provide]                        PROVIDE (_EFP_CHECKCHAR = 0x444)
                [!provide]                        PROVIDE (_EFP_PROGLOADER = 0x448)
                [!provide]                        PROVIDE (_EFP_SD_reloc = 0x44c)
                [!provide]                        PROVIDE (_EFP_SD_READ = 0x450)
                [!provide]                        PROVIDE (_EFP_SD_WRITE = 0x454)
                [!provide]                        PROVIDE (_EFP_SD_REG = 0x458)
                [!provide]                        PROVIDE (_EFP_SPI_reloc = 0x45c)
                [!provide]                        PROVIDE (_EFP_SPI_CS_A = 0x460)
                [!provide]                        PROVIDE (_EFP_SPI_CS_D = 0x464)
                [!provide]                        PROVIDE (_EFP_SPI_XFER_B = 0x468)
                [!provide]                        PROVIDE (_EFP_SPI_XFER_M = 0x46c)
                [!provide]                        PROVIDE (_EFP_SPI_RECV_B = 0x470)
                [!provide]                        PROVIDE (_EFP_SPI_RECV_M = 0x474)
                [!provide]                        PROVIDE (_EFP_SPI_SEND_B = 0x478)
                [!provide]                        PROVIDE (_EFP_SPI_SEND_M = 0x47c)
                [!provide]                        PROVIDE (_EFP_ATA_reloc = 0x480)
                [!provide]                        PROVIDE (_EFP_ATA_READ = 0x484)
                [!provide]                        PROVIDE (_EFP_ATA_WRITE = 0x488)
                [!provide]                        PROVIDE (_EFP_ATA_IDENT = 0x48c)
                [!provide]                        PROVIDE (_EFP_INPUTCHAR = 0x494)
                [!provide]                        PROVIDE (_EFP_CHECKINPUT = 0x498)
                [!provide]                        PROVIDE (_FIRMWARE = 0xe00000)
                [!provide]                        PROVIDE (_FIRMWARE_REV = 0xe00400)
                0x00040000                        PROVIDE (_LOAD_ADDRESS = 0x40000)
                0x00002000                        PROVIDE (_RUN_ADDRESS = 0x2000)

.text.reloc     0x00002000       0x22 load address 0x00040000
                0x00002000                        _reloc = .
 *(.reloc)
 .reloc         0x00002000       0x22 /opt/homebrew/Cellar/rosco-m68k-toolchain@13/HEAD-e2a4d4b/lib/gcc/m68k-elf-rosco/13.2.0/../../../../m68k-elf-rosco/lib/crt0.o
                0x00002000                _start
                0x00002022                        _reloc_end = .

.text.postreloc
                0x00002024       0x7c load address 0x00040024
                0x00002024                        _postreloc = .
 *(.postreloc)
 *fill*         0x00002024        0xc 
 .postreloc     0x00002030       0x70 /opt/homebrew/Cellar/rosco-m68k-toolchain@13/HEAD-e2a4d4b/lib/gcc/m68k-elf-rosco/13.2.0/../../../../m68k-elf-rosco/lib/crt0.o
                0x0000204a                _enter
                0x000020a0                        . = ALIGN (0x4)
                0x000020a0                        _postreloc_end = .

.eh_frame       0x000020a0        0x4 load address 0x000400a0
 .eh_frame      0x000020a0        0x0 /opt/homebrew/Cellar/rosco-m68k-toolchain@13/HEAD-e2a4d4b/lib/gcc/m68k-elf-rosco/13.2.0/crtbegin.o
 .eh_frame      0x000020a0        0x4 /opt/homebrew/Cellar/rosco-m68k-toolchain@13/HEAD-e2a4d4b/lib/gcc/m68k-elf-rosco/13.2.0/crtend.o

.text           0x000020a4     0xebe2 load address 0x000400a4
                0x000020a4                        _code = .
 *(.text*)
 .text          0x000020a4        0x0 /opt/homebrew/Cellar/rosco-m68k-toolchain@13/HEAD-e2a4d4b/lib/gcc/m68k-elf-rosco/13.2.0/crti.o
 .text          0x000020a4       0xf0 /opt/homebrew/Cellar/rosco-m68k-toolchain@13/HEAD-e2a4d4b/lib/gcc/m68k-elf-rosco/13.2.0/crtbegin.o
 .text          0x00002194       0x9e main.o
                0x00002194                main
 *fill*         0x00002232        0x2 
 .text          0x00002234      0x9ce /opt/homebrew/Cellar/rosco-m68k-toolchain@13/HEAD-e2a4d4b/lib/gcc/m68k-elf-rosco/13.2.0/libgcc.a(_double.o)
                0x0000228e                __subdf3
                0x00002294                __adddf3
                0x0000262a                __muldf3
                0x000027d8                __divdf3
                0x00002a4c                __negdf2
                0x00002aaa                __cmpdf2_internal
                0x00002b7a                __cmpdf2
 *fill*         0x00002c02        0x2 
 .text          0x00002c04       0x6a /opt/homebrew/Cellar/rosco-m68k-toolchain@13/HEAD-e2a4d4b/lib/gcc/m68k-elf-rosco/13.2.0/libgcc.a(_floatex.o)
                0x00002c04                __clear_sticky_bit
                0x00002c12                $_exception_handler
 *fill*         0x00002c6e        0x2 
 .text          0x00002c70      0x52c /opt/homebrew/Cellar/rosco-m68k-toolchain@13/HEAD-e2a4d4b/lib/gcc/m68k-elf-rosco/13.2.0/libgcc.a(fpgnulib.o)
                0x00002cfa                __unordsf2
                0x00002d46                __unorddf2
                0x00002daa                __floatunsidf
                0x00002e2c                __floatsidf
                0x00002e40                __floatunsisf
                0x00002ed0                __floatsisf
                0x00002eee                __extendsfdf2
                0x00002f62                __truncdfsf2
                0x00003076                __fixdfsi
                0x00003106                __fixsfsi
 .text          0x0000319c        0x0 /opt/homebrew/Cellar/rosco-m68k-toolchain@13/HEAD-e2a4d4b/lib/gcc/m68k-elf-rosco/13.2.0/../../../../m68k-elf-rosco/lib/libc.a(libc_a-atexit.o)
 .text.atexit   0x0000319c       0x16 /opt/homebrew/Cellar/rosco-m68k-toolchain@13/HEAD-e2a4d4b/lib/gcc/m68k-elf-rosco/13.2.0/../../../../m68k-elf-rosco/lib/libc.a(libc_a-atexit.o)
                0x0000319c                atexit
 *fill*         0x000031b2        0x2 
 .text          0x000031b4        0x0 /opt/homebrew/Cellar/rosco-m68k-toolchain@13/HEAD-e2a4d4b/lib/gcc/m68k-elf-rosco/13.2.0/../../../../m68k-elf-rosco/lib/libc.a(libc_a-exit.o)
 .text.exit     0x000031b4       0x28 /opt/homebrew/Cellar/rosco-m68k-toolchain@13/HEAD-e2a4d4b/lib/gcc/m68k-elf-rosco/13.2.0/../../../../m68k-elf-rosco/lib/libc.a(libc_a-exit.o)
                0x000031b4                exit
 .text          0x000031dc        0x0 /opt/homebrew/Cellar/rosco-m68k-toolchain@13/HEAD-e2a4d4b/lib/gcc/m68k-elf-rosco/13.2.0/../../../../m68k-elf-rosco/lib/libc.a(libc_a-printf.o)
 .text._printf_r
                0x000031dc       0x24 /opt/homebrew/Cellar/rosco-m68k-toolchain@13/HEAD-e2a4d4b/lib/gcc/m68k-elf-rosco/13.2.0/../../../../m68k-elf-rosco/lib/libc.a(libc_a-printf.o)
                0x000031dc                _printf_r
 .text.printf   0x00003200       0x26 /opt/homebrew/Cellar/rosco-m68k-toolchain@13/HEAD-e2a4d4b/lib/gcc/m68k-elf-rosco/13.2.0/../../../../m68k-elf-rosco/lib/libc.a(libc_a-printf.o)
                0x00003200                printf
 *fill*         0x00003226        0x2 
 .text          0x00003228        0x0 /opt/homebrew/Cellar/rosco-m68k-toolchain@13/HEAD-e2a4d4b/lib/gcc/m68k-elf-rosco/13.2.0/../../../../m68k-elf-rosco/lib/libc.a(libc_a-findfp.o)
 .text.__fp_lock
                0x00003228        0x4 /opt/homebrew/Cellar/rosco-m68k-toolchain@13/HEAD-e2a4d4b/lib/gcc/m68k-elf-rosco/13.2.0/../../../../m68k-elf-rosco/lib/libc.a(libc_a-findfp.o)
 .text.stdio_exit_handler
                0x0000322c       0x1e /opt/homebrew/Cellar/rosco-m68k-toolchain@13/HEAD-e2a4d4b/lib/gcc/m68k-elf-rosco/13.2.0/../../../../m68k-elf-rosco/lib/libc.a(libc_a-findfp.o)
 .text.cleanup_stdio
                0x0000324a       0x52 /opt/homebrew/Cellar/rosco-m68k-toolchain@13/HEAD-e2a4d4b/lib/gcc/m68k-elf-rosco/13.2.0/../../../../m68k-elf-rosco/lib/libc.a(libc_a-findfp.o)
 .text.__fp_unlock
                0x0000329c        0x4 /opt/homebrew/Cellar/rosco-m68k-toolchain@13/HEAD-e2a4d4b/lib/gcc/m68k-elf-rosco/13.2.0/../../../../m68k-elf-rosco/lib/libc.a(libc_a-findfp.o)
 .text.global_stdio_init.part.0
                0x000032a0      0x178 /opt/homebrew/Cellar/rosco-m68k-toolchain@13/HEAD-e2a4d4b/lib/gcc/m68k-elf-rosco/13.2.0/../../../../m68k-elf-rosco/lib/libc.a(libc_a-findfp.o)
 .text.__sfp    0x00003418      0x100 /opt/homebrew/Cellar/rosco-m68k-toolchain@13/HEAD-e2a4d4b/lib/gcc/m68k-elf-rosco/13.2.0/../../../../m68k-elf-rosco/lib/libc.a(libc_a-findfp.o)
                0x00003418                __sfp
 .text.__sinit  0x00003518       0x22 /opt/homebrew/Cellar/rosco-m68k-toolchain@13/HEAD-e2a4d4b/lib/gcc/m68k-elf-rosco/13.2.0/../../../../m68k-elf-rosco/lib/libc.a(libc_a-findfp.o)
                0x00003518                __sinit
 .text.__sfp_lock_acquire
                0x0000353a        0x2 /opt/homebrew/Cellar/rosco-m68k-toolchain@13/HEAD-e2a4d4b/lib/gcc/m68k-elf-rosco/13.2.0/../../../../m68k-elf-rosco/lib/libc.a(libc_a-findfp.o)
                0x0000353a                __sfp_lock_acquire
 .text.__sfp_lock_release
                0x0000353c        0x2 /opt/homebrew/Cellar/rosco-m68k-toolchain@13/HEAD-e2a4d4b/lib/gcc/m68k-elf-rosco/13.2.0/../../../../m68k-elf-rosco/lib/libc.a(libc_a-findfp.o)
                0x0000353c                __sfp_lock_release
 .text.__fp_lock_all
                0x0000353e       0x1a /opt/homebrew/Cellar/rosco-m68k-toolchain@13/HEAD-e2a4d4b/lib/gcc/m68k-elf-rosco/13.2.0/../../../../m68k-elf-rosco/lib/libc.a(libc_a-findfp.o)
                0x0000353e                __fp_lock_all
 .text.__fp_unlock_all
                0x00003558       0x1a /opt/homebrew/Cellar/rosco-m68k-toolchain@13/HEAD-e2a4d4b/lib/gcc/m68k-elf-rosco/13.2.0/../../../../m68k-elf-rosco/lib/libc.a(libc_a-findfp.o)
                0x00003558                __fp_unlock_all
 *fill*         0x00003572        0x2 
 .text          0x00003574        0x0 /opt/homebrew/Cellar/rosco-m68k-toolchain@13/HEAD-e2a4d4b/lib/gcc/m68k-elf-rosco/13.2.0/../../../../m68k-elf-rosco/lib/libc.a(libc_a-fwalk.o)
 .text._fwalk_sglue
                0x00003574       0x56 /opt/homebrew/Cellar/rosco-m68k-toolchain@13/HEAD-e2a4d4b/lib/gcc/m68k-elf-rosco/13.2.0/../../../../m68k-elf-rosco/lib/libc.a(libc_a-fwalk.o)
                0x00003574                _fwalk_sglue
 *fill*         0x000035ca        0x2 
 .text          0x000035cc        0x0 /opt/homebrew/Cellar/rosco-m68k-toolchain@13/HEAD-e2a4d4b/lib/gcc/m68k-elf-rosco/13.2.0/../../../../m68k-elf-rosco/lib/libc.a(libc_a-impure.o)
 .text          0x000035cc       0x72 /opt/homebrew/Cellar/rosco-m68k-toolchain@13/HEAD-e2a4d4b/lib/gcc/m68k-elf-rosco/13.2.0/../../../../m68k-elf-rosco/lib/libc.a(libc_a-memset.o)
                0x000035cc                memset
 *fill*         0x0000363e        0x2 
 .text          0x00003640        0x0 /opt/homebrew/Cellar/rosco-m68k-toolchain@13/HEAD-e2a4d4b/lib/gcc/m68k-elf-rosco/13.2.0/../../../../m68k-elf-rosco/lib/libc.a(libc_a-__atexit.o)
 .text.__register_exitproc
                0x00003640       0x96 /opt/homebrew/Cellar/rosco-m68k-toolchain@13/HEAD-e2a4d4b/lib/gcc/m68k-elf-rosco/13.2.0/../../../../m68k-elf-rosco/lib/libc.a(libc_a-__atexit.o)
                0x00003640                __register_exitproc
 *fill*         0x000036d6        0x2 
 .text          0x000036d8        0x0 /opt/homebrew/Cellar/rosco-m68k-toolchain@13/HEAD-e2a4d4b/lib/gcc/m68k-elf-rosco/13.2.0/../../../../m68k-elf-rosco/lib/libc.a(libc_a-__call_atexit.o)
 .text.__call_exitprocs
                0x000036d8       0xbc /opt/homebrew/Cellar/rosco-m68k-toolchain@13/HEAD-e2a4d4b/lib/gcc/m68k-elf-rosco/13.2.0/../../../../m68k-elf-rosco/lib/libc.a(libc_a-__call_atexit.o)
                0x000036d8                __call_exitprocs
 .text          0x00003794        0x0 /opt/homebrew/Cellar/rosco-m68k-toolchain@13/HEAD-e2a4d4b/lib/gcc/m68k-elf-rosco/13.2.0/../../../../m68k-elf-rosco/lib/libc.a(libc_a-mallocr.o)
 .text._malloc_r
                0x00003794      0x842 /opt/homebrew/Cellar/rosco-m68k-toolchain@13/HEAD-e2a4d4b/lib/gcc/m68k-elf-rosco/13.2.0/../../../../m68k-elf-rosco/lib/libc.a(libc_a-mallocr.o)
                0x00003794                _malloc_r
 *fill*         0x00003fd6        0x2 
 .text          0x00003fd8        0x0 /opt/homebrew/Cellar/rosco-m68k-toolchain@13/HEAD-e2a4d4b/lib/gcc/m68k-elf-rosco/13.2.0/../../../../m68k-elf-rosco/lib/libc.a(libc_a-vfprintf.o)
 .text._vfprintf_r
                0x00003fd8     0x1d04 /opt/homebrew/Cellar/rosco-m68k-toolchain@13/HEAD-e2a4d4b/lib/gcc/m68k-elf-rosco/13.2.0/../../../../m68k-elf-rosco/lib/libc.a(libc_a-vfprintf.o)
                0x00003fd8                _vfprintf_r
 .text.vfprintf
                0x00005cdc       0x1e /opt/homebrew/Cellar/rosco-m68k-toolchain@13/HEAD-e2a4d4b/lib/gcc/m68k-elf-rosco/13.2.0/../../../../m68k-elf-rosco/lib/libc.a(libc_a-vfprintf.o)
                0x00005cdc                vfprintf
 .text.__sbprintf
                0x00005cfa       0xa4 /opt/homebrew/Cellar/rosco-m68k-toolchain@13/HEAD-e2a4d4b/lib/gcc/m68k-elf-rosco/13.2.0/../../../../m68k-elf-rosco/lib/libc.a(libc_a-vfprintf.o)
 *fill*         0x00005d9e        0x2 
 .text          0x00005da0        0x0 /opt/homebrew/Cellar/rosco-m68k-toolchain@13/HEAD-e2a4d4b/lib/gcc/m68k-elf-rosco/13.2.0/../../../../m68k-elf-rosco/lib/libc.a(libc_a-mlock.o)
 .text.__malloc_lock
                0x00005da0        0x2 /opt/homebrew/Cellar/rosco-m68k-toolchain@13/HEAD-e2a4d4b/lib/gcc/m68k-elf-rosco/13.2.0/../../../../m68k-elf-rosco/lib/libc.a(libc_a-mlock.o)
                0x00005da0                __malloc_lock
 .text.__malloc_unlock
                0x00005da2        0x2 /opt/homebrew/Cellar/rosco-m68k-toolchain@13/HEAD-e2a4d4b/lib/gcc/m68k-elf-rosco/13.2.0/../../../../m68k-elf-rosco/lib/libc.a(libc_a-mlock.o)
                0x00005da2                __malloc_unlock
 .text          0x00005da4        0x0 /opt/homebrew/Cellar/rosco-m68k-toolchain@13/HEAD-e2a4d4b/lib/gcc/m68k-elf-rosco/13.2.0/../../../../m68k-elf-rosco/lib/libc.a(libc_a-sprint_r.o)
 .text.__sprint_r
                0x00005da4       0x36 /opt/homebrew/Cellar/rosco-m68k-toolchain@13/HEAD-e2a4d4b/lib/gcc/m68k-elf-rosco/13.2.0/../../../../m68k-elf-rosco/lib/libc.a(libc_a-sprint_r.o)
                0x00005da4                __sprint_r
 *fill*         0x00005dda        0x2 
 .text          0x00005ddc        0x0 /opt/homebrew/Cellar/rosco-m68k-toolchain@13/HEAD-e2a4d4b/lib/gcc/m68k-elf-rosco/13.2.0/../../../../m68k-elf-rosco/lib/libc.a(libc_a-fclose.o)
 .text._fclose_r
                0x00005ddc       0xd8 /opt/homebrew/Cellar/rosco-m68k-toolchain@13/HEAD-e2a4d4b/lib/gcc/m68k-elf-rosco/13.2.0/../../../../m68k-elf-rosco/lib/libc.a(libc_a-fclose.o)
                0x00005ddc                _fclose_r
 .text.fclose   0x00005eb4       0x14 /opt/homebrew/Cellar/rosco-m68k-toolchain@13/HEAD-e2a4d4b/lib/gcc/m68k-elf-rosco/13.2.0/../../../../m68k-elf-rosco/lib/libc.a(libc_a-fclose.o)
                0x00005eb4                fclose
 .text          0x00005ec8        0x0 /opt/homebrew/Cellar/rosco-m68k-toolchain@13/HEAD-e2a4d4b/lib/gcc/m68k-elf-rosco/13.2.0/../../../../m68k-elf-rosco/lib/libc.a(libc_a-fflush.o)
 .text.__sflush_r
                0x00005ec8      0x1ba /opt/homebrew/Cellar/rosco-m68k-toolchain@13/HEAD-e2a4d4b/lib/gcc/m68k-elf-rosco/13.2.0/../../../../m68k-elf-rosco/lib/libc.a(libc_a-fflush.o)
                0x00005ec8                __sflush_r
 .text._fflush_r
                0x00006082       0x44 /opt/homebrew/Cellar/rosco-m68k-toolchain@13/HEAD-e2a4d4b/lib/gcc/m68k-elf-rosco/13.2.0/../../../../m68k-elf-rosco/lib/libc.a(libc_a-fflush.o)
                0x00006082                _fflush_r
 .text.fflush   0x000060c6       0x74 /opt/homebrew/Cellar/rosco-m68k-toolchain@13/HEAD-e2a4d4b/lib/gcc/m68k-elf-rosco/13.2.0/../../../../m68k-elf-rosco/lib/libc.a(libc_a-fflush.o)
                0x000060c6                fflush
 *fill*         0x0000613a        0x2 
 .text          0x0000613c        0x0 /opt/homebrew/Cellar/rosco-m68k-toolchain@13/HEAD-e2a4d4b/lib/gcc/m68k-elf-rosco/13.2.0/../../../../m68k-elf-rosco/lib/libc.a(libc_a-stdio.o)
 .text.__sread  0x0000613c       0x38 /opt/homebrew/Cellar/rosco-m68k-toolchain@13/HEAD-e2a4d4b/lib/gcc/m68k-elf-rosco/13.2.0/../../../../m68k-elf-rosco/lib/libc.a(libc_a-stdio.o)
                0x0000613c                __sread
 .text.__seofread
                0x00006174        0x4 /opt/homebrew/Cellar/rosco-m68k-toolchain@13/HEAD-e2a4d4b/lib/gcc/m68k-elf-rosco/13.2.0/../../../../m68k-elf-rosco/lib/libc.a(libc_a-stdio.o)
                0x00006174                __seofread
 .text.__swrite
                0x00006178       0x86 /opt/homebrew/Cellar/rosco-m68k-toolchain@13/HEAD-e2a4d4b/lib/gcc/m68k-elf-rosco/13.2.0/../../../../m68k-elf-rosco/lib/libc.a(libc_a-stdio.o)
                0x00006178                __swrite
 .text.__sseek  0x000061fe       0x40 /opt/homebrew/Cellar/rosco-m68k-toolchain@13/HEAD-e2a4d4b/lib/gcc/m68k-elf-rosco/13.2.0/../../../../m68k-elf-rosco/lib/libc.a(libc_a-stdio.o)
                0x000061fe                __sseek
 .text.__sclose
                0x0000623e       0x12 /opt/homebrew/Cellar/rosco-m68k-toolchain@13/HEAD-e2a4d4b/lib/gcc/m68k-elf-rosco/13.2.0/../../../../m68k-elf-rosco/lib/libc.a(libc_a-stdio.o)
                0x0000623e                __sclose
 .text          0x00006250        0x0 /opt/homebrew/Cellar/rosco-m68k-toolchain@13/HEAD-e2a4d4b/lib/gcc/m68k-elf-rosco/13.2.0/../../../../m68k-elf-rosco/lib/libc.a(libc_a-fvwrite.o)
 .text.__sfvwrite_r
                0x00006250      0x3b6 /opt/homebrew/Cellar/rosco-m68k-toolchain@13/HEAD-e2a4d4b/lib/gcc/m68k-elf-rosco/13.2.0/../../../../m68k-elf-rosco/lib/libc.a(libc_a-fvwrite.o)
                0x00006250                __sfvwrite_r
 *fill*         0x00006606        0x2 
 .text          0x00006608        0x0 /opt/homebrew/Cellar/rosco-m68k-toolchain@13/HEAD-e2a4d4b/lib/gcc/m68k-elf-rosco/13.2.0/../../../../m68k-elf-rosco/lib/libc.a(libc_a-wsetup.o)
 .text.__swsetup_r
                0x00006608      0x128 /opt/homebrew/Cellar/rosco-m68k-toolchain@13/HEAD-e2a4d4b/lib/gcc/m68k-elf-rosco/13.2.0/../../../../m68k-elf-rosco/lib/libc.a(libc_a-wsetup.o)
                0x00006608                __swsetup_r
 .text          0x00006730        0x0 /opt/homebrew/Cellar/rosco-m68k-toolchain@13/HEAD-e2a4d4b/lib/gcc/m68k-elf-rosco/13.2.0/../../../../m68k-elf-rosco/lib/libc.a(libc_a-memchr.o)
 .text.memchr   0x00006730       0x9c /opt/homebrew/Cellar/rosco-m68k-toolchain@13/HEAD-e2a4d4b/lib/gcc/m68k-elf-rosco/13.2.0/../../../../m68k-elf-rosco/lib/libc.a(libc_a-memchr.o)
                0x00006730                memchr
 .text          0x000067cc        0x0 /opt/homebrew/Cellar/rosco-m68k-toolchain@13/HEAD-e2a4d4b/lib/gcc/m68k-elf-rosco/13.2.0/../../../../m68k-elf-rosco/lib/libc.a(libc_a-memmove.o)
 .text.memmove  0x000067cc       0xf8 /opt/homebrew/Cellar/rosco-m68k-toolchain@13/HEAD-e2a4d4b/lib/gcc/m68k-elf-rosco/13.2.0/../../../../m68k-elf-rosco/lib/libc.a(libc_a-memmove.o)
                0x000067cc                memmove
 .text          0x000068c4        0x0 /opt/homebrew/Cellar/rosco-m68k-toolchain@13/HEAD-e2a4d4b/lib/gcc/m68k-elf-rosco/13.2.0/../../../../m68k-elf-rosco/lib/libc.a(libc_a-localeconv.o)
 .text.__localeconv_l
                0x000068c4        0xc /opt/homebrew/Cellar/rosco-m68k-toolchain@13/HEAD-e2a4d4b/lib/gcc/m68k-elf-rosco/13.2.0/../../../../m68k-elf-rosco/lib/libc.a(libc_a-localeconv.o)
                0x000068c4                __localeconv_l
 .text._localeconv_r
                0x000068d0        0x8 /opt/homebrew/Cellar/rosco-m68k-toolchain@13/HEAD-e2a4d4b/lib/gcc/m68k-elf-rosco/13.2.0/../../../../m68k-elf-rosco/lib/libc.a(libc_a-localeconv.o)
                0x000068d0                _localeconv_r
 .text.localeconv
                0x000068d8        0x8 /opt/homebrew/Cellar/rosco-m68k-toolchain@13/HEAD-e2a4d4b/lib/gcc/m68k-elf-rosco/13.2.0/../../../../m68k-elf-rosco/lib/libc.a(libc_a-localeconv.o)
                0x000068d8                localeconv
 .text          0x000068e0        0x0 /opt/homebrew/Cellar/rosco-m68k-toolchain@13/HEAD-e2a4d4b/lib/gcc/m68k-elf-rosco/13.2.0/../../../../m68k-elf-rosco/lib/libc.a(libc_a-closer.o)
 .text._close_r
                0x000068e0       0x2a /opt/homebrew/Cellar/rosco-m68k-toolchain@13/HEAD-e2a4d4b/lib/gcc/m68k-elf-rosco/13.2.0/../../../../m68k-elf-rosco/lib/libc.a(libc_a-closer.o)
                0x000068e0                _close_r
 *fill*         0x0000690a        0x2 
 .text          0x0000690c        0x0 /opt/homebrew/Cellar/rosco-m68k-toolchain@13/HEAD-e2a4d4b/lib/gcc/m68k-elf-rosco/13.2.0/../../../../m68k-elf-rosco/lib/libc.a(libc_a-reent.o)
 .text._reclaim_reent
                0x0000690c       0xb6 /opt/homebrew/Cellar/rosco-m68k-toolchain@13/HEAD-e2a4d4b/lib/gcc/m68k-elf-rosco/13.2.0/../../../../m68k-elf-rosco/lib/libc.a(libc_a-reent.o)
                0x0000690c                _reclaim_reent
 *fill*         0x000069c2        0x2 
 .text          0x000069c4        0x0 /opt/homebrew/Cellar/rosco-m68k-toolchain@13/HEAD-e2a4d4b/lib/gcc/m68k-elf-rosco/13.2.0/../../../../m68k-elf-rosco/lib/libc.a(libc_a-lseekr.o)
 .text._lseek_r
                0x000069c4       0x34 /opt/homebrew/Cellar/rosco-m68k-toolchain@13/HEAD-e2a4d4b/lib/gcc/m68k-elf-rosco/13.2.0/../../../../m68k-elf-rosco/lib/libc.a(libc_a-lseekr.o)
                0x000069c4                _lseek_r
 .text          0x000069f8        0x0 /opt/homebrew/Cellar/rosco-m68k-toolchain@13/HEAD-e2a4d4b/lib/gcc/m68k-elf-rosco/13.2.0/../../../../m68k-elf-rosco/lib/libc.a(libc_a-readr.o)
 .text._read_r  0x000069f8       0x34 /opt/homebrew/Cellar/rosco-m68k-toolchain@13/HEAD-e2a4d4b/lib/gcc/m68k-elf-rosco/13.2.0/../../../../m68k-elf-rosco/lib/libc.a(libc_a-readr.o)
                0x000069f8                _read_r
 .text          0x00006a2c        0x0 /opt/homebrew/Cellar/rosco-m68k-toolchain@13/HEAD-e2a4d4b/lib/gcc/m68k-elf-rosco/13.2.0/../../../../m68k-elf-rosco/lib/libc.a(libc_a-sbrkr.o)
 .text._sbrk_r  0x00006a2c       0x2a /opt/homebrew/Cellar/rosco-m68k-toolchain@13/HEAD-e2a4d4b/lib/gcc/m68k-elf-rosco/13.2.0/../../../../m68k-elf-rosco/lib/libc.a(libc_a-sbrkr.o)
                0x00006a2c                _sbrk_r
 *fill*         0x00006a56        0x2 
 .text          0x00006a58        0x0 /opt/homebrew/Cellar/rosco-m68k-toolchain@13/HEAD-e2a4d4b/lib/gcc/m68k-elf-rosco/13.2.0/../../../../m68k-elf-rosco/lib/libc.a(libc_a-writer.o)
 .text._write_r
                0x00006a58       0x34 /opt/homebrew/Cellar/rosco-m68k-toolchain@13/HEAD-e2a4d4b/lib/gcc/m68k-elf-rosco/13.2.0/../../../../m68k-elf-rosco/lib/libc.a(libc_a-writer.o)
                0x00006a58                _write_r
 .text          0x00006a8c        0x0 /opt/homebrew/Cellar/rosco-m68k-toolchain@13/HEAD-e2a4d4b/lib/gcc/m68k-elf-rosco/13.2.0/../../../../m68k-elf-rosco/lib/libc.a(libc_a-strlen.o)
 .text.strlen   0x00006a8c       0x14 /opt/homebrew/Cellar/rosco-m68k-toolchain@13/HEAD-e2a4d4b/lib/gcc/m68k-elf-rosco/13.2.0/../../../../m68k-elf-rosco/lib/libc.a(libc_a-strlen.o)
                0x00006a8c                strlen
 .text          0x00006aa0       0x6e /opt/homebrew/Cellar/rosco-m68k-toolchain@13/HEAD-e2a4d4b/lib/gcc/m68k-elf-rosco/13.2.0/../../../../m68k-elf-rosco/lib/libc.a(libc_a-memcpy.o)
                0x00006aa0                memcpy
 *fill*         0x00006b0e        0x2 
 .text          0x00006b10        0x0 /opt/homebrew/Cellar/rosco-m68k-toolchain@13/HEAD-e2a4d4b/lib/gcc/m68k-elf-rosco/13.2.0/../../../../m68k-elf-rosco/lib/libc.a(libc_a-dtoa.o)
 .text.quorem   0x00006b10      0x1a2 /opt/homebrew/Cellar/rosco-m68k-toolchain@13/HEAD-e2a4d4b/lib/gcc/m68k-elf-rosco/13.2.0/../../../../m68k-elf-rosco/lib/libc.a(libc_a-dtoa.o)
 .text._dtoa_r  0x00006cb2     0x196a /opt/homebrew/Cellar/rosco-m68k-toolchain@13/HEAD-e2a4d4b/lib/gcc/m68k-elf-rosco/13.2.0/../../../../m68k-elf-rosco/lib/libc.a(libc_a-dtoa.o)
                0x00006cb2                _dtoa_r
 .text          0x0000861c        0x0 /opt/homebrew/Cellar/rosco-m68k-toolchain@13/HEAD-e2a4d4b/lib/gcc/m68k-elf-rosco/13.2.0/../../../../m68k-elf-rosco/lib/libc.a(libc_a-freer.o)
 .text._malloc_trim_r
                0x0000861c       0xda /opt/homebrew/Cellar/rosco-m68k-toolchain@13/HEAD-e2a4d4b/lib/gcc/m68k-elf-rosco/13.2.0/../../../../m68k-elf-rosco/lib/libc.a(libc_a-freer.o)
                0x0000861c                _malloc_trim_r
 .text._free_r  0x000086f6      0x352 /opt/homebrew/Cellar/rosco-m68k-toolchain@13/HEAD-e2a4d4b/lib/gcc/m68k-elf-rosco/13.2.0/../../../../m68k-elf-rosco/lib/libc.a(libc_a-freer.o)
                0x000086f6                _free_r
 .text          0x00008a48        0x0 /opt/homebrew/Cellar/rosco-m68k-toolchain@13/HEAD-e2a4d4b/lib/gcc/m68k-elf-rosco/13.2.0/../../../../m68k-elf-rosco/lib/libc.a(libc_a-mprec.o)
 .text._Balloc  0x00008a48       0x90 /opt/homebrew/Cellar/rosco-m68k-toolchain@13/HEAD-e2a4d4b/lib/gcc/m68k-elf-rosco/13.2.0/../../../../m68k-elf-rosco/lib/libc.a(libc_a-mprec.o)
                0x00008a48                _Balloc
 .text._Bfree   0x00008ad8       0x24 /opt/homebrew/Cellar/rosco-m68k-toolchain@13/HEAD-e2a4d4b/lib/gcc/m68k-elf-rosco/13.2.0/../../../../m68k-elf-rosco/lib/libc.a(libc_a-mprec.o)
                0x00008ad8                _Bfree
 .text.__multadd
                0x00008afc       0xfc /opt/homebrew/Cellar/rosco-m68k-toolchain@13/HEAD-e2a4d4b/lib/gcc/m68k-elf-rosco/13.2.0/../../../../m68k-elf-rosco/lib/libc.a(libc_a-mprec.o)
                0x00008afc                __multadd
 .text.__s2b    0x00008bf8       0xe4 /opt/homebrew/Cellar/rosco-m68k-toolchain@13/HEAD-e2a4d4b/lib/gcc/m68k-elf-rosco/13.2.0/../../../../m68k-elf-rosco/lib/libc.a(libc_a-mprec.o)
                0x00008bf8                __s2b
 .text.__hi0bits
                0x00008cdc       0x66 /opt/homebrew/Cellar/rosco-m68k-toolchain@13/HEAD-e2a4d4b/lib/gcc/m68k-elf-rosco/13.2.0/../../../../m68k-elf-rosco/lib/libc.a(libc_a-mprec.o)
                0x00008cdc                __hi0bits
 .text.__lo0bits
                0x00008d42       0x76 /opt/homebrew/Cellar/rosco-m68k-toolchain@13/HEAD-e2a4d4b/lib/gcc/m68k-elf-rosco/13.2.0/../../../../m68k-elf-rosco/lib/libc.a(libc_a-mprec.o)
                0x00008d42                __lo0bits
 .text.__i2b    0x00008db8       0xa4 /opt/homebrew/Cellar/rosco-m68k-toolchain@13/HEAD-e2a4d4b/lib/gcc/m68k-elf-rosco/13.2.0/../../../../m68k-elf-rosco/lib/libc.a(libc_a-mprec.o)
                0x00008db8                __i2b
 .text.__multiply
                0x00008e5c      0x20a /opt/homebrew/Cellar/rosco-m68k-toolchain@13/HEAD-e2a4d4b/lib/gcc/m68k-elf-rosco/13.2.0/../../../../m68k-elf-rosco/lib/libc.a(libc_a-mprec.o)
                0x00008e5c                __multiply
 .text.__pow5mult
                0x00009066       0xfc /opt/homebrew/Cellar/rosco-m68k-toolchain@13/HEAD-e2a4d4b/lib/gcc/m68k-elf-rosco/13.2.0/../../../../m68k-elf-rosco/lib/libc.a(libc_a-mprec.o)
                0x00009066                __pow5mult
 .text.__lshift
                0x00009162      0x112 /opt/homebrew/Cellar/rosco-m68k-toolchain@13/HEAD-e2a4d4b/lib/gcc/m68k-elf-rosco/13.2.0/../../../../m68k-elf-rosco/lib/libc.a(libc_a-mprec.o)
                0x00009162                __lshift
 .text.__mcmp   0x00009274       0x4e /opt/homebrew/Cellar/rosco-m68k-toolchain@13/HEAD-e2a4d4b/lib/gcc/m68k-elf-rosco/13.2.0/../../../../m68k-elf-rosco/lib/libc.a(libc_a-mprec.o)
                0x00009274                __mcmp
 .text.__mdiff  0x000092c2      0x1d0 /opt/homebrew/Cellar/rosco-m68k-toolchain@13/HEAD-e2a4d4b/lib/gcc/m68k-elf-rosco/13.2.0/../../../../m68k-elf-rosco/lib/libc.a(libc_a-mprec.o)
                0x000092c2                __mdiff
 .text.__ulp    0x00009492       0x52 /opt/homebrew/Cellar/rosco-m68k-toolchain@13/HEAD-e2a4d4b/lib/gcc/m68k-elf-rosco/13.2.0/../../../../m68k-elf-rosco/lib/libc.a(libc_a-mprec.o)
                0x00009492                __ulp
 .text.__b2d    0x000094e4       0xf4 /opt/homebrew/Cellar/rosco-m68k-toolchain@13/HEAD-e2a4d4b/lib/gcc/m68k-elf-rosco/13.2.0/../../../../m68k-elf-rosco/lib/libc.a(libc_a-mprec.o)
                0x000094e4                __b2d
 .text.__d2b    0x000095d8      0x122 /opt/homebrew/Cellar/rosco-m68k-toolchain@13/HEAD-e2a4d4b/lib/gcc/m68k-elf-rosco/13.2.0/../../../../m68k-elf-rosco/lib/libc.a(libc_a-mprec.o)
                0x000095d8                __d2b
 .text.__ratio  0x000096fa       0x9a /opt/homebrew/Cellar/rosco-m68k-toolchain@13/HEAD-e2a4d4b/lib/gcc/m68k-elf-rosco/13.2.0/../../../../m68k-elf-rosco/lib/libc.a(libc_a-mprec.o)
                0x000096fa                __ratio
 .text._mprec_log10
                0x00009794       0x5a /opt/homebrew/Cellar/rosco-m68k-toolchain@13/HEAD-e2a4d4b/lib/gcc/m68k-elf-rosco/13.2.0/../../../../m68k-elf-rosco/lib/libc.a(libc_a-mprec.o)
                0x00009794                _mprec_log10
 .text.__copybits
                0x000097ee       0x58 /opt/homebrew/Cellar/rosco-m68k-toolchain@13/HEAD-e2a4d4b/lib/gcc/m68k-elf-rosco/13.2.0/../../../../m68k-elf-rosco/lib/libc.a(libc_a-mprec.o)
                0x000097ee                __copybits
 .text.__any_on
                0x00009846       0x5a /opt/homebrew/Cellar/rosco-m68k-toolchain@13/HEAD-e2a4d4b/lib/gcc/m68k-elf-rosco/13.2.0/../../../../m68k-elf-rosco/lib/libc.a(libc_a-mprec.o)
                0x00009846                __any_on
 .text          0x000098a0        0x0 /opt/homebrew/Cellar/rosco-m68k-toolchain@13/HEAD-e2a4d4b/lib/gcc/m68k-elf-rosco/13.2.0/../../../../m68k-elf-rosco/lib/libc.a(libc_a-makebuf.o)
 .text.__smakebuf_r
                0x000098a0      0x136 /opt/homebrew/Cellar/rosco-m68k-toolchain@13/HEAD-e2a4d4b/lib/gcc/m68k-elf-rosco/13.2.0/../../../../m68k-elf-rosco/lib/libc.a(libc_a-makebuf.o)
                0x000098a0                __smakebuf_r
 .text.__swhatbuf_r
                0x000099d6       0x9c /opt/homebrew/Cellar/rosco-m68k-toolchain@13/HEAD-e2a4d4b/lib/gcc/m68k-elf-rosco/13.2.0/../../../../m68k-elf-rosco/lib/libc.a(libc_a-makebuf.o)
                0x000099d6                __swhatbuf_r
 *fill*         0x00009a72        0x2 
 .text          0x00009a74        0x0 /opt/homebrew/Cellar/rosco-m68k-toolchain@13/HEAD-e2a4d4b/lib/gcc/m68k-elf-rosco/13.2.0/../../../../m68k-elf-rosco/lib/libc.a(libc_a-reallocr.o)
 .text._realloc_r
                0x00009a74      0x5f0 /opt/homebrew/Cellar/rosco-m68k-toolchain@13/HEAD-e2a4d4b/lib/gcc/m68k-elf-rosco/13.2.0/../../../../m68k-elf-rosco/lib/libc.a(libc_a-reallocr.o)
                0x00009a74                _realloc_r
 .text          0x0000a064        0x0 /opt/homebrew/Cellar/rosco-m68k-toolchain@13/HEAD-e2a4d4b/lib/gcc/m68k-elf-rosco/13.2.0/../../../../m68k-elf-rosco/lib/libc.a(libc_a-locale.o)
 .text._setlocale_r
                0x0000a064       0x54 /opt/homebrew/Cellar/rosco-m68k-toolchain@13/HEAD-e2a4d4b/lib/gcc/m68k-elf-rosco/13.2.0/../../../../m68k-elf-rosco/lib/libc.a(libc_a-locale.o)
                0x0000a064                _setlocale_r
 .text.__locale_mb_cur_max
                0x0000a0b8        0xc /opt/homebrew/Cellar/rosco-m68k-toolchain@13/HEAD-e2a4d4b/lib/gcc/m68k-elf-rosco/13.2.0/../../../../m68k-elf-rosco/lib/libc.a(libc_a-locale.o)
                0x0000a0b8                __locale_mb_cur_max
 .text.setlocale
                0x0000a0c4       0x54 /opt/homebrew/Cellar/rosco-m68k-toolchain@13/HEAD-e2a4d4b/lib/gcc/m68k-elf-rosco/13.2.0/../../../../m68k-elf-rosco/lib/libc.a(libc_a-locale.o)
                0x0000a0c4                setlocale
 .text          0x0000a118        0x0 /opt/homebrew/Cellar/rosco-m68k-toolchain@13/HEAD-e2a4d4b/lib/gcc/m68k-elf-rosco/13.2.0/../../../../m68k-elf-rosco/lib/libc.a(libc_a-fstatr.o)
 .text._fstat_r
                0x0000a118       0x2e /opt/homebrew/Cellar/rosco-m68k-toolchain@13/HEAD-e2a4d4b/lib/gcc/m68k-elf-rosco/13.2.0/../../../../m68k-elf-rosco/lib/libc.a(libc_a-fstatr.o)
                0x0000a118                _fstat_r
 *fill*         0x0000a146        0x2 
 .text          0x0000a148        0x0 /opt/homebrew/Cellar/rosco-m68k-toolchain@13/HEAD-e2a4d4b/lib/gcc/m68k-elf-rosco/13.2.0/../../../../m68k-elf-rosco/lib/libc.a(libc_a-isattyr.o)
 .text._isatty_r
                0x0000a148       0x2a /opt/homebrew/Cellar/rosco-m68k-toolchain@13/HEAD-e2a4d4b/lib/gcc/m68k-elf-rosco/13.2.0/../../../../m68k-elf-rosco/lib/libc.a(libc_a-isattyr.o)
                0x0000a148                _isatty_r
 *fill*         0x0000a172        0x2 
 .text          0x0000a174        0x0 /opt/homebrew/Cellar/rosco-m68k-toolchain@13/HEAD-e2a4d4b/lib/gcc/m68k-elf-rosco/13.2.0/../../../../m68k-elf-rosco/lib/libc.a(libc_a-ctype_.o)
 .text          0x0000a174        0x0 /opt/homebrew/Cellar/rosco-m68k-toolchain@13/HEAD-e2a4d4b/lib/gcc/m68k-elf-rosco/13.2.0/../../../../m68k-elf-rosco/lib/libc.a(libc_a-assert.o)
 .text.__assert_func
                0x0000a174       0x6c /opt/homebrew/Cellar/rosco-m68k-toolchain@13/HEAD-e2a4d4b/lib/gcc/m68k-elf-rosco/13.2.0/../../../../m68k-elf-rosco/lib/libc.a(libc_a-assert.o)
                0x0000a174                __assert_func
 .text.__assert
                0x0000a1e0       0x14 /opt/homebrew/Cellar/rosco-m68k-toolchain@13/HEAD-e2a4d4b/lib/gcc/m68k-elf-rosco/13.2.0/../../../../m68k-elf-rosco/lib/libc.a(libc_a-assert.o)
                0x0000a1e0                __assert
 .text          0x0000a1f4        0x0 /opt/homebrew/Cellar/rosco-m68k-toolchain@13/HEAD-e2a4d4b/lib/gcc/m68k-elf-rosco/13.2.0/../../../../m68k-elf-rosco/lib/libc.a(libc_a-callocr.o)
 .text._calloc_r
                0x0000a1f4      0x13a /opt/homebrew/Cellar/rosco-m68k-toolchain@13/HEAD-e2a4d4b/lib/gcc/m68k-elf-rosco/13.2.0/../../../../m68k-elf-rosco/lib/libc.a(libc_a-callocr.o)
                0x0000a1f4                _calloc_r
 *fill*         0x0000a32e        0x2 
 .text          0x0000a330        0x0 /opt/homebrew/Cellar/rosco-m68k-toolchain@13/HEAD-e2a4d4b/lib/gcc/m68k-elf-rosco/13.2.0/../../../../m68k-elf-rosco/lib/libc.a(libc_a-fiprintf.o)
 .text._fiprintf_r
                0x0000a330       0x22 /opt/homebrew/Cellar/rosco-m68k-toolchain@13/HEAD-e2a4d4b/lib/gcc/m68k-elf-rosco/13.2.0/../../../../m68k-elf-rosco/lib/libc.a(libc_a-fiprintf.o)
                0x0000a330                _fiprintf_r
 .text.fiprintf
                0x0000a352       0x24 /opt/homebrew/Cellar/rosco-m68k-toolchain@13/HEAD-e2a4d4b/lib/gcc/m68k-elf-rosco/13.2.0/../../../../m68k-elf-rosco/lib/libc.a(libc_a-fiprintf.o)
                0x0000a352                fiprintf
 *fill*         0x0000a376        0x2 
 .text          0x0000a378        0x0 /opt/homebrew/Cellar/rosco-m68k-toolchain@13/HEAD-e2a4d4b/lib/gcc/m68k-elf-rosco/13.2.0/../../../../m68k-elf-rosco/lib/libc.a(libc_a-mbtowc_r.o)
 .text._mbtowc_r
                0x0000a378        0x8 /opt/homebrew/Cellar/rosco-m68k-toolchain@13/HEAD-e2a4d4b/lib/gcc/m68k-elf-rosco/13.2.0/../../../../m68k-elf-rosco/lib/libc.a(libc_a-mbtowc_r.o)
                0x0000a378                _mbtowc_r
 .text.__ascii_mbtowc
                0x0000a380       0x44 /opt/homebrew/Cellar/rosco-m68k-toolchain@13/HEAD-e2a4d4b/lib/gcc/m68k-elf-rosco/13.2.0/../../../../m68k-elf-rosco/lib/libc.a(libc_a-mbtowc_r.o)
                0x0000a380                __ascii_mbtowc
 .text          0x0000a3c4        0x0 /opt/homebrew/Cellar/rosco-m68k-toolchain@13/HEAD-e2a4d4b/lib/gcc/m68k-elf-rosco/13.2.0/../../../../m68k-elf-rosco/lib/libc.a(libc_a-vfiprintf.o)
 .text._vfiprintf_r
                0x0000a3c4      0xdce /opt/homebrew/Cellar/rosco-m68k-toolchain@13/HEAD-e2a4d4b/lib/gcc/m68k-elf-rosco/13.2.0/../../../../m68k-elf-rosco/lib/libc.a(libc_a-vfiprintf.o)
                0x0000a3c4                _vfiprintf_r
 .text.vfiprintf
                0x0000b192       0x1e /opt/homebrew/Cellar/rosco-m68k-toolchain@13/HEAD-e2a4d4b/lib/gcc/m68k-elf-rosco/13.2.0/../../../../m68k-elf-rosco/lib/libc.a(libc_a-vfiprintf.o)
                0x0000b192                vfiprintf
 .text.__sbprintf
                0x0000b1b0       0xa4 /opt/homebrew/Cellar/rosco-m68k-toolchain@13/HEAD-e2a4d4b/lib/gcc/m68k-elf-rosco/13.2.0/../../../../m68k-elf-rosco/lib/libc.a(libc_a-vfiprintf.o)
 .text          0x0000b254        0x0 /opt/homebrew/Cellar/rosco-m68k-toolchain@13/HEAD-e2a4d4b/lib/gcc/m68k-elf-rosco/13.2.0/../../../../m68k-elf-rosco/lib/libc.a(libc_a-wctomb_r.o)
 .text._wctomb_r
                0x0000b254        0x8 /opt/homebrew/Cellar/rosco-m68k-toolchain@13/HEAD-e2a4d4b/lib/gcc/m68k-elf-rosco/13.2.0/../../../../m68k-elf-rosco/lib/libc.a(libc_a-wctomb_r.o)
                0x0000b254                _wctomb_r
 .text.__ascii_wctomb
                0x0000b25c       0x2e /opt/homebrew/Cellar/rosco-m68k-toolchain@13/HEAD-e2a4d4b/lib/gcc/m68k-elf-rosco/13.2.0/../../../../m68k-elf-rosco/lib/libc.a(libc_a-wctomb_r.o)
                0x0000b25c                __ascii_wctomb
 *fill*         0x0000b28a        0x2 
 .text          0x0000b28c        0x0 /opt/homebrew/Cellar/rosco-m68k-toolchain@13/HEAD-e2a4d4b/lib/gcc/m68k-elf-rosco/13.2.0/../../../../m68k-elf-rosco/lib/libc.a(libc_a-strcmp.o)
 .text.strcmp   0x0000b28c       0x78 /opt/homebrew/Cellar/rosco-m68k-toolchain@13/HEAD-e2a4d4b/lib/gcc/m68k-elf-rosco/13.2.0/../../../../m68k-elf-rosco/lib/libc.a(libc_a-strcmp.o)
                0x0000b28c                strcmp
 .text          0x0000b304        0x0 /opt/homebrew/Cellar/rosco-m68k-toolchain@13/HEAD-e2a4d4b/lib/gcc/m68k-elf-rosco/13.2.0/../../../../m68k-elf-rosco/lib/libc.a(libc_a-errno.o)
 .text.__errno  0x0000b304        0x8 /opt/homebrew/Cellar/rosco-m68k-toolchain@13/HEAD-e2a4d4b/lib/gcc/m68k-elf-rosco/13.2.0/../../../../m68k-elf-rosco/lib/libc.a(libc_a-errno.o)
                0x0000b304                __errno
 .text          0x0000b30c        0x0 /opt/homebrew/Cellar/rosco-m68k-toolchain@13/HEAD-e2a4d4b/lib/gcc/m68k-elf-rosco/13.2.0/../../../../m68k-elf-rosco/lib/libc.a(libc_a-abort.o)
 .text.abort    0x0000b30c       0x14 /opt/homebrew/Cellar/rosco-m68k-toolchain@13/HEAD-e2a4d4b/lib/gcc/m68k-elf-rosco/13.2.0/../../../../m68k-elf-rosco/lib/libc.a(libc_a-abort.o)
                0x0000b30c                abort
 .text          0x0000b320        0x0 /opt/homebrew/Cellar/rosco-m68k-toolchain@13/HEAD-e2a4d4b/lib/gcc/m68k-elf-rosco/13.2.0/../../../../m68k-elf-rosco/lib/libc.a(libc_a-signal.o)
 .text._init_signal_r
                0x0000b320       0x42 /opt/homebrew/Cellar/rosco-m68k-toolchain@13/HEAD-e2a4d4b/lib/gcc/m68k-elf-rosco/13.2.0/../../../../m68k-elf-rosco/lib/libc.a(libc_a-signal.o)
                0x0000b320                _init_signal_r
 .text._signal_r
                0x0000b362       0x64 /opt/homebrew/Cellar/rosco-m68k-toolchain@13/HEAD-e2a4d4b/lib/gcc/m68k-elf-rosco/13.2.0/../../../../m68k-elf-rosco/lib/libc.a(libc_a-signal.o)
                0x0000b362                _signal_r
 .text._raise_r
                0x0000b3c6       0x7c /opt/homebrew/Cellar/rosco-m68k-toolchain@13/HEAD-e2a4d4b/lib/gcc/m68k-elf-rosco/13.2.0/../../../../m68k-elf-rosco/lib/libc.a(libc_a-signal.o)
                0x0000b3c6                _raise_r
 .text.__sigtramp_r
                0x0000b442       0x92 /opt/homebrew/Cellar/rosco-m68k-toolchain@13/HEAD-e2a4d4b/lib/gcc/m68k-elf-rosco/13.2.0/../../../../m68k-elf-rosco/lib/libc.a(libc_a-signal.o)
                0x0000b442                __sigtramp_r
 .text.raise    0x0000b4d4       0x7e /opt/homebrew/Cellar/rosco-m68k-toolchain@13/HEAD-e2a4d4b/lib/gcc/m68k-elf-rosco/13.2.0/../../../../m68k-elf-rosco/lib/libc.a(libc_a-signal.o)
                0x0000b4d4                raise
 .text.signal   0x0000b552       0x66 /opt/homebrew/Cellar/rosco-m68k-toolchain@13/HEAD-e2a4d4b/lib/gcc/m68k-elf-rosco/13.2.0/../../../../m68k-elf-rosco/lib/libc.a(libc_a-signal.o)
                0x0000b552                signal
 .text._init_signal
                0x0000b5b8       0x44 /opt/homebrew/Cellar/rosco-m68k-toolchain@13/HEAD-e2a4d4b/lib/gcc/m68k-elf-rosco/13.2.0/../../../../m68k-elf-rosco/lib/libc.a(libc_a-signal.o)
                0x0000b5b8                _init_signal
 .text.__sigtramp
                0x0000b5fc       0x94 /opt/homebrew/Cellar/rosco-m68k-toolchain@13/HEAD-e2a4d4b/lib/gcc/m68k-elf-rosco/13.2.0/../../../../m68k-elf-rosco/lib/libc.a(libc_a-signal.o)
                0x0000b5fc                __sigtramp
 .text          0x0000b690        0x0 /opt/homebrew/Cellar/rosco-m68k-toolchain@13/HEAD-e2a4d4b/lib/gcc/m68k-elf-rosco/13.2.0/../../../../m68k-elf-rosco/lib/libc.a(libc_a-signalr.o)
 .text._kill_r  0x0000b690       0x2e /opt/homebrew/Cellar/rosco-m68k-toolchain@13/HEAD-e2a4d4b/lib/gcc/m68k-elf-rosco/13.2.0/../../../../m68k-elf-rosco/lib/libc.a(libc_a-signalr.o)
                0x0000b690                _kill_r
 .text._getpid_r
                0x0000b6be        0x6 /opt/homebrew/Cellar/rosco-m68k-toolchain@13/HEAD-e2a4d4b/lib/gcc/m68k-elf-rosco/13.2.0/../../../../m68k-elf-rosco/lib/libc.a(libc_a-signalr.o)
                0x0000b6be                _getpid_r
 .text          0x0000b6c4        0x0 /opt/homebrew/Cellar/rosco-m68k-toolchain@13/HEAD-e2a4d4b/lib/gcc/m68k-elf-rosco/13.2.0/../../../../m68k-elf-rosco/lib/librosco.a(syscalls.o)
 .text._exit    0x0000b6c4        0x8 /opt/homebrew/Cellar/rosco-m68k-toolchain@13/HEAD-e2a4d4b/lib/gcc/m68k-elf-rosco/13.2.0/../../../../m68k-elf-rosco/lib/librosco.a(syscalls.o)
                0x0000b6c4                _exit
 .text._close   0x0000b6cc       0x7e /opt/homebrew/Cellar/rosco-m68k-toolchain@13/HEAD-e2a4d4b/lib/gcc/m68k-elf-rosco/13.2.0/../../../../m68k-elf-rosco/lib/librosco.a(syscalls.o)
                0x0000b6cc                _close
 .text._execve  0x0000b74a        0xc /opt/homebrew/Cellar/rosco-m68k-toolchain@13/HEAD-e2a4d4b/lib/gcc/m68k-elf-rosco/13.2.0/../../../../m68k-elf-rosco/lib/librosco.a(syscalls.o)
                0x0000b74a                _execve
 .text._fork    0x0000b756        0xc /opt/homebrew/Cellar/rosco-m68k-toolchain@13/HEAD-e2a4d4b/lib/gcc/m68k-elf-rosco/13.2.0/../../../../m68k-elf-rosco/lib/librosco.a(syscalls.o)
                0x0000b756                _fork
 .text._fstat   0x0000b762       0x98 /opt/homebrew/Cellar/rosco-m68k-toolchain@13/HEAD-e2a4d4b/lib/gcc/m68k-elf-rosco/13.2.0/../../../../m68k-elf-rosco/lib/librosco.a(syscalls.o)
                0x0000b762                _fstat
 .text._getpid  0x0000b7fa        0x4 /opt/homebrew/Cellar/rosco-m68k-toolchain@13/HEAD-e2a4d4b/lib/gcc/m68k-elf-rosco/13.2.0/../../../../m68k-elf-rosco/lib/librosco.a(syscalls.o)
                0x0000b7fa                _getpid
 .text._isatty  0x0000b7fe       0x10 /opt/homebrew/Cellar/rosco-m68k-toolchain@13/HEAD-e2a4d4b/lib/gcc/m68k-elf-rosco/13.2.0/../../../../m68k-elf-rosco/lib/librosco.a(syscalls.o)
                0x0000b7fe                _isatty
 .text._kill    0x0000b80e        0xc /opt/homebrew/Cellar/rosco-m68k-toolchain@13/HEAD-e2a4d4b/lib/gcc/m68k-elf-rosco/13.2.0/../../../../m68k-elf-rosco/lib/librosco.a(syscalls.o)
                0x0000b80e                _kill
 .text._link    0x0000b81a        0xc /opt/homebrew/Cellar/rosco-m68k-toolchain@13/HEAD-e2a4d4b/lib/gcc/m68k-elf-rosco/13.2.0/../../../../m68k-elf-rosco/lib/librosco.a(syscalls.o)
                0x0000b81a                _link
 .text._lseek   0x0000b826       0x68 /opt/homebrew/Cellar/rosco-m68k-toolchain@13/HEAD-e2a4d4b/lib/gcc/m68k-elf-rosco/13.2.0/../../../../m68k-elf-rosco/lib/librosco.a(syscalls.o)
                0x0000b826                _lseek
 .text._sd_open
                0x0000b88e       0x96 /opt/homebrew/Cellar/rosco-m68k-toolchain@13/HEAD-e2a4d4b/lib/gcc/m68k-elf-rosco/13.2.0/../../../../m68k-elf-rosco/lib/librosco.a(syscalls.o)
                0x0000b88e                _sd_open
 .text._open    0x0000b924       0xba /opt/homebrew/Cellar/rosco-m68k-toolchain@13/HEAD-e2a4d4b/lib/gcc/m68k-elf-rosco/13.2.0/../../../../m68k-elf-rosco/lib/librosco.a(syscalls.o)
                0x0000b924                _open
 .text._read    0x0000b9de      0x124 /opt/homebrew/Cellar/rosco-m68k-toolchain@13/HEAD-e2a4d4b/lib/gcc/m68k-elf-rosco/13.2.0/../../../../m68k-elf-rosco/lib/librosco.a(syscalls.o)
                0x0000b9de                _read
 .text._sbrk    0x0000bb02       0x72 /opt/homebrew/Cellar/rosco-m68k-toolchain@13/HEAD-e2a4d4b/lib/gcc/m68k-elf-rosco/13.2.0/../../../../m68k-elf-rosco/lib/librosco.a(syscalls.o)
                0x0000bb02                _sbrk
 .text._sd_stat
                0x0000bb74      0x120 /opt/homebrew/Cellar/rosco-m68k-toolchain@13/HEAD-e2a4d4b/lib/gcc/m68k-elf-rosco/13.2.0/../../../../m68k-elf-rosco/lib/librosco.a(syscalls.o)
                0x0000bb74                _sd_stat
 .text._stat    0x0000bc94       0x9c /opt/homebrew/Cellar/rosco-m68k-toolchain@13/HEAD-e2a4d4b/lib/gcc/m68k-elf-rosco/13.2.0/../../../../m68k-elf-rosco/lib/librosco.a(syscalls.o)
                0x0000bc94                _stat
 .text._times   0x0000bd30       0x1a /opt/homebrew/Cellar/rosco-m68k-toolchain@13/HEAD-e2a4d4b/lib/gcc/m68k-elf-rosco/13.2.0/../../../../m68k-elf-rosco/lib/librosco.a(syscalls.o)
                0x0000bd30                _times
 .text._unlink  0x0000bd4a        0xc /opt/homebrew/Cellar/rosco-m68k-toolchain@13/HEAD-e2a4d4b/lib/gcc/m68k-elf-rosco/13.2.0/../../../../m68k-elf-rosco/lib/librosco.a(syscalls.o)
                0x0000bd4a                _unlink
 .text._wait    0x0000bd56        0xc /opt/homebrew/Cellar/rosco-m68k-toolchain@13/HEAD-e2a4d4b/lib/gcc/m68k-elf-rosco/13.2.0/../../../../m68k-elf-rosco/lib/librosco.a(syscalls.o)
                0x0000bd56                _wait
 .text._write   0x0000bd62       0xbc /opt/homebrew/Cellar/rosco-m68k-toolchain@13/HEAD-e2a4d4b/lib/gcc/m68k-elf-rosco/13.2.0/../../../../m68k-elf-rosco/lib/librosco.a(syscalls.o)
                0x0000bd62                _write
 .text._gettimeofday
                0x0000be1e        0xc /opt/homebrew/Cellar/rosco-m68k-toolchain@13/HEAD-e2a4d4b/lib/gcc/m68k-elf-rosco/13.2.0/../../../../m68k-elf-rosco/lib/librosco.a(syscalls.o)
                0x0000be1e                _gettimeofday
 .text.breakpoint
                0x0000be2a        0x2 /opt/homebrew/Cellar/rosco-m68k-toolchain@13/HEAD-e2a4d4b/lib/gcc/m68k-elf-rosco/13.2.0/../../../../m68k-elf-rosco/lib/librosco.a(syscalls.o)
                0x0000be2a                breakpoint
 .text.mcPrint  0x0000be2c       0x12 /opt/homebrew/Cellar/rosco-m68k-toolchain@13/HEAD-e2a4d4b/lib/gcc/m68k-elf-rosco/13.2.0/../../../../m68k-elf-rosco/lib/librosco.a(machine.o)
                0x0000be2c                mcPrint
 .text.mcPrintln
                0x0000be3e       0x12 /opt/homebrew/Cellar/rosco-m68k-toolchain@13/HEAD-e2a4d4b/lib/gcc/m68k-elf-rosco/13.2.0/../../../../m68k-elf-rosco/lib/librosco.a(machine.o)
                0x0000be3e                mcPrintln
 .text.mcPrintchar
                0x0000be50        0xa /opt/homebrew/Cellar/rosco-m68k-toolchain@13/HEAD-e2a4d4b/lib/gcc/m68k-elf-rosco/13.2.0/../../../../m68k-elf-rosco/lib/librosco.a(machine.o)
                0x0000be50                mcPrintchar
 .text.mcSetcursor
                0x0000be5a        0xe /opt/homebrew/Cellar/rosco-m68k-toolchain@13/HEAD-e2a4d4b/lib/gcc/m68k-elf-rosco/13.2.0/../../../../m68k-elf-rosco/lib/librosco.a(machine.o)
                0x0000be5a                mcSetcursor
 .text.mcSendchar
                0x0000be68       0x12 /opt/homebrew/Cellar/rosco-m68k-toolchain@13/HEAD-e2a4d4b/lib/gcc/m68k-elf-rosco/13.2.0/../../../../m68k-elf-rosco/lib/librosco.a(machine.o)
                0x0000be68                mcSendchar
 .text.mcReadchar
                0x0000be7a        0xa /opt/homebrew/Cellar/rosco-m68k-toolchain@13/HEAD-e2a4d4b/lib/gcc/m68k-elf-rosco/13.2.0/../../../../m68k-elf-rosco/lib/librosco.a(machine.o)
                0x0000be7a                mcReadchar
 .text.mcCheckchar
                0x0000be84        0xe /opt/homebrew/Cellar/rosco-m68k-toolchain@13/HEAD-e2a4d4b/lib/gcc/m68k-elf-rosco/13.2.0/../../../../m68k-elf-rosco/lib/librosco.a(machine.o)
                0x0000be84                mcCheckchar
 .text.mcBusywait
                0x0000be92        0xc /opt/homebrew/Cellar/rosco-m68k-toolchain@13/HEAD-e2a4d4b/lib/gcc/m68k-elf-rosco/13.2.0/../../../../m68k-elf-rosco/lib/librosco.a(machine.o)
                0x0000be92                mcBusywait
 .text.mcDelaymsec10
                0x0000be9e       0x10 /opt/homebrew/Cellar/rosco-m68k-toolchain@13/HEAD-e2a4d4b/lib/gcc/m68k-elf-rosco/13.2.0/../../../../m68k-elf-rosco/lib/librosco.a(machine.o)
                0x0000be9e                mcDelaymsec10
 .text.mcDisableInterrupts
                0x0000beae        0xe /opt/homebrew/Cellar/rosco-m68k-toolchain@13/HEAD-e2a4d4b/lib/gcc/m68k-elf-rosco/13.2.0/../../../../m68k-elf-rosco/lib/librosco.a(machine.o)
                0x0000beae                mcDisableInterrupts
 .text.mcEnableInterrupts
                0x0000bebc       0x1e /opt/homebrew/Cellar/rosco-m68k-toolchain@13/HEAD-e2a4d4b/lib/gcc/m68k-elf-rosco/13.2.0/../../../../m68k-elf-rosco/lib/librosco.a(machine.o)
                0x0000bebc                mcEnableInterrupts
 .text.mcHalt   0x0000beda        0x6 /opt/homebrew/Cellar/rosco-m68k-toolchain@13/HEAD-e2a4d4b/lib/gcc/m68k-elf-rosco/13.2.0/../../../../m68k-elf-rosco/lib/librosco.a(machine.o)
                0x0000beda                mcHalt
 .text.mcCheckDeviceSupport
                0x0000bee0       0x16 /opt/homebrew/Cellar/rosco-m68k-toolchain@13/HEAD-e2a4d4b/lib/gcc/m68k-elf-rosco/13.2.0/../../../../m68k-elf-rosco/lib/librosco.a(machine.o)
                0x0000bee0                mcCheckDeviceSupport
 .text.mcGetDeviceCount
                0x0000bef6        0xa /opt/homebrew/Cellar/rosco-m68k-toolchain@13/HEAD-e2a4d4b/lib/gcc/m68k-elf-rosco/13.2.0/../../../../m68k-elf-rosco/lib/librosco.a(machine.o)
                0x0000bef6                mcGetDeviceCount
 .text.mcGetDevice
                0x0000bf00       0x12 /opt/homebrew/Cellar/rosco-m68k-toolchain@13/HEAD-e2a4d4b/lib/gcc/m68k-elf-rosco/13.2.0/../../../../m68k-elf-rosco/lib/librosco.a(machine.o)
                0x0000bf00                mcGetDevice
 .text.mcAddDevice
                0x0000bf12        0xe /opt/homebrew/Cellar/rosco-m68k-toolchain@13/HEAD-e2a4d4b/lib/gcc/m68k-elf-rosco/13.2.0/../../../../m68k-elf-rosco/lib/librosco.a(machine.o)
                0x0000bf12                mcAddDevice
 .text.mcCheckDevice
                0x0000bf20        0xe /opt/homebrew/Cellar/rosco-m68k-toolchain@13/HEAD-e2a4d4b/lib/gcc/m68k-elf-rosco/13.2.0/../../../../m68k-elf-rosco/lib/librosco.a(machine.o)
                0x0000bf20                mcCheckDevice
 .text.mcReadDevice
                0x0000bf2e        0xe /opt/homebrew/Cellar/rosco-m68k-toolchain@13/HEAD-e2a4d4b/lib/gcc/m68k-elf-rosco/13.2.0/../../../../m68k-elf-rosco/lib/librosco.a(machine.o)
                0x0000bf2e                mcReadDevice
 .text.mcSendDevice
                0x0000bf3c       0x12 /opt/homebrew/Cellar/rosco-m68k-toolchain@13/HEAD-e2a4d4b/lib/gcc/m68k-elf-rosco/13.2.0/../../../../m68k-elf-rosco/lib/librosco.a(machine.o)
                0x0000bf3c                mcSendDevice
 .text.mcDeviceCtrl
                0x0000bf4e       0x32 /opt/homebrew/Cellar/rosco-m68k-toolchain@13/HEAD-e2a4d4b/lib/gcc/m68k-elf-rosco/13.2.0/../../../../m68k-elf-rosco/lib/librosco.a(machine.o)
                0x0000bf4e                mcDeviceCtrl
                0x0000bf68                mcGetVecBase
 .text.mcInputchar
                0x0000bf80        0xa /opt/homebrew/Cellar/rosco-m68k-toolchain@13/HEAD-e2a4d4b/lib/gcc/m68k-elf-rosco/13.2.0/../../../../m68k-elf-rosco/lib/librosco.a(machine.o)
                0x0000bf80                mcInputchar
 .text.mcCheckInput
                0x0000bf8a        0xe /opt/homebrew/Cellar/rosco-m68k-toolchain@13/HEAD-e2a4d4b/lib/gcc/m68k-elf-rosco/13.2.0/../../../../m68k-elf-rosco/lib/librosco.a(machine.o)
                0x0000bf8a                mcCheckInput
 .text.mcGetStackPointer
                0x0000bf98        0x6 /opt/homebrew/Cellar/rosco-m68k-toolchain@13/HEAD-e2a4d4b/lib/gcc/m68k-elf-rosco/13.2.0/../../../../m68k-elf-rosco/lib/librosco.a(machine.o)
                0x0000bf98                mcGetStackPointer
 *fill*         0x0000bf9e        0x2 
 .text          0x0000bfa0        0x0 /opt/homebrew/Cellar/rosco-m68k-toolchain@13/HEAD-e2a4d4b/lib/gcc/m68k-elf-rosco/13.2.0/../../../../m68k-elf-rosco/lib/librosco.a(sdcard.o)
 .text.__sd_fat_shutdown
                0x0000bfa0       0x10 /opt/homebrew/Cellar/rosco-m68k-toolchain@13/HEAD-e2a4d4b/lib/gcc/m68k-elf-rosco/13.2.0/../../../../m68k-elf-rosco/lib/librosco.a(sdcard.o)
 .text.FAT_media_write
                0x0000bfb0       0x20 /opt/homebrew/Cellar/rosco-m68k-toolchain@13/HEAD-e2a4d4b/lib/gcc/m68k-elf-rosco/13.2.0/../../../../m68k-elf-rosco/lib/librosco.a(sdcard.o)
 .text.FAT_media_read
                0x0000bfd0       0x20 /opt/homebrew/Cellar/rosco-m68k-toolchain@13/HEAD-e2a4d4b/lib/gcc/m68k-elf-rosco/13.2.0/../../../../m68k-elf-rosco/lib/librosco.a(sdcard.o)
 .text.SD_FAT_initialize
                0x0000bff0       0x7c /opt/homebrew/Cellar/rosco-m68k-toolchain@13/HEAD-e2a4d4b/lib/gcc/m68k-elf-rosco/13.2.0/../../../../m68k-elf-rosco/lib/librosco.a(sdcard.o)
                0x0000bff0                SD_FAT_initialize
 .text.SD_FAT_get_sd_card
                0x0000c06c       0x14 /opt/homebrew/Cellar/rosco-m68k-toolchain@13/HEAD-e2a4d4b/lib/gcc/m68k-elf-rosco/13.2.0/../../../../m68k-elf-rosco/lib/librosco.a(sdcard.o)
                0x0000c06c                SD_FAT_get_sd_card
 .text.SD_check_support
                0x0000c080       0x14 /opt/homebrew/Cellar/rosco-m68k-toolchain@13/HEAD-e2a4d4b/lib/gcc/m68k-elf-rosco/13.2.0/../../../../m68k-elf-rosco/lib/librosco.a(sdcard_asm.o)
                0x0000c080                SD_check_support
 .text.SD_initialize
                0x0000c094       0x12 /opt/homebrew/Cellar/rosco-m68k-toolchain@13/HEAD-e2a4d4b/lib/gcc/m68k-elf-rosco/13.2.0/../../../../m68k-elf-rosco/lib/librosco.a(sdcard_asm.o)
                0x0000c094                SD_initialize
 .text.SD_read_block
                0x0000c0a6       0x1a /opt/homebrew/Cellar/rosco-m68k-toolchain@13/HEAD-e2a4d4b/lib/gcc/m68k-elf-rosco/13.2.0/../../../../m68k-elf-rosco/lib/librosco.a(sdcard_asm.o)
                0x0000c0a6                SD_read_block
 .text.SD_write_block
                0x0000c0c0       0x1a /opt/homebrew/Cellar/rosco-m68k-toolchain@13/HEAD-e2a4d4b/lib/gcc/m68k-elf-rosco/13.2.0/../../../../m68k-elf-rosco/lib/librosco.a(sdcard_asm.o)
                0x0000c0c0                SD_write_block
 .text.SD_read_register
                0x0000c0da       0x1a /opt/homebrew/Cellar/rosco-m68k-toolchain@13/HEAD-e2a4d4b/lib/gcc/m68k-elf-rosco/13.2.0/../../../../m68k-elf-rosco/lib/librosco.a(sdcard_asm.o)
                0x0000c0da                SD_read_register
 .text          0x0000c0f4        0x0 /opt/homebrew/Cellar/rosco-m68k-toolchain@13/HEAD-e2a4d4b/lib/gcc/m68k-elf-rosco/13.2.0/../../../../m68k-elf-rosco/lib/librosco.a(part.o)
 .text.Part_init_SD
                0x0000c0f4       0x88 /opt/homebrew/Cellar/rosco-m68k-toolchain@13/HEAD-e2a4d4b/lib/gcc/m68k-elf-rosco/13.2.0/../../../../m68k-elf-rosco/lib/librosco.a(part.o)
                0x0000c0f4                Part_init_SD
 .text.Part_read
                0x0000c17c       0xc0 /opt/homebrew/Cellar/rosco-m68k-toolchain@13/HEAD-e2a4d4b/lib/gcc/m68k-elf-rosco/13.2.0/../../../../m68k-elf-rosco/lib/librosco.a(part.o)
                0x0000c17c                Part_read
 .text.Part_write
                0x0000c23c       0xc0 /opt/homebrew/Cellar/rosco-m68k-toolchain@13/HEAD-e2a4d4b/lib/gcc/m68k-elf-rosco/13.2.0/../../../../m68k-elf-rosco/lib/librosco.a(part.o)
                0x0000c23c                Part_write
 .text.Part_valid
                0x0000c2fc       0x20 /opt/homebrew/Cellar/rosco-m68k-toolchain@13/HEAD-e2a4d4b/lib/gcc/m68k-elf-rosco/13.2.0/../../../../m68k-elf-rosco/lib/librosco.a(part.o)
                0x0000c2fc                Part_valid
 .text          0x0000c31c        0x0 /opt/homebrew/Cellar/rosco-m68k-toolchain@13/HEAD-e2a4d4b/lib/gcc/m68k-elf-rosco/13.2.0/../../../../m68k-elf-rosco/lib/librosco.a(fat_filelib.o)
 .text._open_directory
                0x0000c31c       0xb4 /opt/homebrew/Cellar/rosco-m68k-toolchain@13/HEAD-e2a4d4b/lib/gcc/m68k-elf-rosco/13.2.0/../../../../m68k-elf-rosco/lib/librosco.a(fat_filelib.o)
 .text._write_sectors
                0x0000c3d0      0x1d8 /opt/homebrew/Cellar/rosco-m68k-toolchain@13/HEAD-e2a4d4b/lib/gcc/m68k-elf-rosco/13.2.0/../../../../m68k-elf-rosco/lib/librosco.a(fat_filelib.o)
 .text._read_sectors
                0x0000c5a8      0x136 /opt/homebrew/Cellar/rosco-m68k-toolchain@13/HEAD-e2a4d4b/lib/gcc/m68k-elf-rosco/13.2.0/../../../../m68k-elf-rosco/lib/librosco.a(fat_filelib.o)
 .text._allocate_file
                0x0000c6de       0xc8 /opt/homebrew/Cellar/rosco-m68k-toolchain@13/HEAD-e2a4d4b/lib/gcc/m68k-elf-rosco/13.2.0/../../../../m68k-elf-rosco/lib/librosco.a(fat_filelib.o)
 .text._free_file
                0x0000c7a6       0xcc /opt/homebrew/Cellar/rosco-m68k-toolchain@13/HEAD-e2a4d4b/lib/gcc/m68k-elf-rosco/13.2.0/../../../../m68k-elf-rosco/lib/librosco.a(fat_filelib.o)
 .text._open_file
                0x0000c872      0x196 /opt/homebrew/Cellar/rosco-m68k-toolchain@13/HEAD-e2a4d4b/lib/gcc/m68k-elf-rosco/13.2.0/../../../../m68k-elf-rosco/lib/librosco.a(fat_filelib.o)
 .text.fl_init  0x0000ca08       0xc0 /opt/homebrew/Cellar/rosco-m68k-toolchain@13/HEAD-e2a4d4b/lib/gcc/m68k-elf-rosco/13.2.0/../../../../m68k-elf-rosco/lib/librosco.a(fat_filelib.o)
                0x0000ca08                fl_init
 .text.fl_attach_locks
                0x0000cac8       0x12 /opt/homebrew/Cellar/rosco-m68k-toolchain@13/HEAD-e2a4d4b/lib/gcc/m68k-elf-rosco/13.2.0/../../../../m68k-elf-rosco/lib/librosco.a(fat_filelib.o)
                0x0000cac8                fl_attach_locks
 .text.fl_attach_media
                0x0000cada       0x3c /opt/homebrew/Cellar/rosco-m68k-toolchain@13/HEAD-e2a4d4b/lib/gcc/m68k-elf-rosco/13.2.0/../../../../m68k-elf-rosco/lib/librosco.a(fat_filelib.o)
                0x0000cada                fl_attach_media
 .text.fl_shutdown
                0x0000cb16       0x3c /opt/homebrew/Cellar/rosco-m68k-toolchain@13/HEAD-e2a4d4b/lib/gcc/m68k-elf-rosco/13.2.0/../../../../m68k-elf-rosco/lib/librosco.a(fat_filelib.o)
                0x0000cb16                fl_shutdown
 .text.fl_fopen
                0x0000cb52      0x444 /opt/homebrew/Cellar/rosco-m68k-toolchain@13/HEAD-e2a4d4b/lib/gcc/m68k-elf-rosco/13.2.0/../../../../m68k-elf-rosco/lib/librosco.a(fat_filelib.o)
                0x0000cb52                fl_fopen
 .text.fl_fflush
                0x0000cf96       0x72 /opt/homebrew/Cellar/rosco-m68k-toolchain@13/HEAD-e2a4d4b/lib/gcc/m68k-elf-rosco/13.2.0/../../../../m68k-elf-rosco/lib/librosco.a(fat_filelib.o)
                0x0000cf96                fl_fflush
 .text.fl_fclose
                0x0000d008       0xd6 /opt/homebrew/Cellar/rosco-m68k-toolchain@13/HEAD-e2a4d4b/lib/gcc/m68k-elf-rosco/13.2.0/../../../../m68k-elf-rosco/lib/librosco.a(fat_filelib.o)
                0x0000d008                fl_fclose
 .text.fl_fread
                0x0000d0de      0x17e /opt/homebrew/Cellar/rosco-m68k-toolchain@13/HEAD-e2a4d4b/lib/gcc/m68k-elf-rosco/13.2.0/../../../../m68k-elf-rosco/lib/librosco.a(fat_filelib.o)
                0x0000d0de                fl_fread
 .text.fl_fgetc
                0x0000d25c       0x36 /opt/homebrew/Cellar/rosco-m68k-toolchain@13/HEAD-e2a4d4b/lib/gcc/m68k-elf-rosco/13.2.0/../../../../m68k-elf-rosco/lib/librosco.a(fat_filelib.o)
                0x0000d25c                fl_fgetc
 .text.fl_fgets
                0x0000d292       0x84 /opt/homebrew/Cellar/rosco-m68k-toolchain@13/HEAD-e2a4d4b/lib/gcc/m68k-elf-rosco/13.2.0/../../../../m68k-elf-rosco/lib/librosco.a(fat_filelib.o)
                0x0000d292                fl_fgets
 .text.fl_fseek
                0x0000d316      0x10c /opt/homebrew/Cellar/rosco-m68k-toolchain@13/HEAD-e2a4d4b/lib/gcc/m68k-elf-rosco/13.2.0/../../../../m68k-elf-rosco/lib/librosco.a(fat_filelib.o)
                0x0000d316                fl_fseek
 .text.fl_fgetpos
                0x0000d422       0x3c /opt/homebrew/Cellar/rosco-m68k-toolchain@13/HEAD-e2a4d4b/lib/gcc/m68k-elf-rosco/13.2.0/../../../../m68k-elf-rosco/lib/librosco.a(fat_filelib.o)
                0x0000d422                fl_fgetpos
 .text.fl_ftell
                0x0000d45e       0x3a /opt/homebrew/Cellar/rosco-m68k-toolchain@13/HEAD-e2a4d4b/lib/gcc/m68k-elf-rosco/13.2.0/../../../../m68k-elf-rosco/lib/librosco.a(fat_filelib.o)
                0x0000d45e                fl_ftell
 .text.fl_feof  0x0000d498       0x4a /opt/homebrew/Cellar/rosco-m68k-toolchain@13/HEAD-e2a4d4b/lib/gcc/m68k-elf-rosco/13.2.0/../../../../m68k-elf-rosco/lib/librosco.a(fat_filelib.o)
                0x0000d498                fl_feof
 .text.fl_fwrite
                0x0000d4e2      0x25c /opt/homebrew/Cellar/rosco-m68k-toolchain@13/HEAD-e2a4d4b/lib/gcc/m68k-elf-rosco/13.2.0/../../../../m68k-elf-rosco/lib/librosco.a(fat_filelib.o)
                0x0000d4e2                fl_fwrite
 .text.fl_fputc
                0x0000d73e       0x40 /opt/homebrew/Cellar/rosco-m68k-toolchain@13/HEAD-e2a4d4b/lib/gcc/m68k-elf-rosco/13.2.0/../../../../m68k-elf-rosco/lib/librosco.a(fat_filelib.o)
                0x0000d73e                fl_fputc
 .text.fl_fputs
                0x0000d77e       0x2a /opt/homebrew/Cellar/rosco-m68k-toolchain@13/HEAD-e2a4d4b/lib/gcc/m68k-elf-rosco/13.2.0/../../../../m68k-elf-rosco/lib/librosco.a(fat_filelib.o)
                0x0000d77e                fl_fputs
 .text.fl_remove
                0x0000d7a8       0xca /opt/homebrew/Cellar/rosco-m68k-toolchain@13/HEAD-e2a4d4b/lib/gcc/m68k-elf-rosco/13.2.0/../../../../m68k-elf-rosco/lib/librosco.a(fat_filelib.o)
                0x0000d7a8                fl_remove
 .text.fl_createdirectory
                0x0000d872      0x27a /opt/homebrew/Cellar/rosco-m68k-toolchain@13/HEAD-e2a4d4b/lib/gcc/m68k-elf-rosco/13.2.0/../../../../m68k-elf-rosco/lib/librosco.a(fat_filelib.o)
                0x0000d872                fl_createdirectory
 .text          0x0000daec        0x0 /opt/homebrew/Cellar/rosco-m68k-toolchain@13/HEAD-e2a4d4b/lib/gcc/m68k-elf-rosco/13.2.0/../../../../m68k-elf-rosco/lib/librosco.a(fat_misc.o)
 .text.fatfs_lfn_cache_init
                0x0000daec       0x3c /opt/homebrew/Cellar/rosco-m68k-toolchain@13/HEAD-e2a4d4b/lib/gcc/m68k-elf-rosco/13.2.0/../../../../m68k-elf-rosco/lib/librosco.a(fat_misc.o)
                0x0000daec                fatfs_lfn_cache_init
 .text.fatfs_lfn_cache_entry
                0x0000db28       0xa6 /opt/homebrew/Cellar/rosco-m68k-toolchain@13/HEAD-e2a4d4b/lib/gcc/m68k-elf-rosco/13.2.0/../../../../m68k-elf-rosco/lib/librosco.a(fat_misc.o)
                0x0000db28                fatfs_lfn_cache_entry
 .text.fatfs_lfn_cache_get
                0x0000dbce       0x38 /opt/homebrew/Cellar/rosco-m68k-toolchain@13/HEAD-e2a4d4b/lib/gcc/m68k-elf-rosco/13.2.0/../../../../m68k-elf-rosco/lib/librosco.a(fat_misc.o)
                0x0000dbce                fatfs_lfn_cache_get
 .text.fatfs_entry_lfn_text
                0x0000dc06       0x1a /opt/homebrew/Cellar/rosco-m68k-toolchain@13/HEAD-e2a4d4b/lib/gcc/m68k-elf-rosco/13.2.0/../../../../m68k-elf-rosco/lib/librosco.a(fat_misc.o)
                0x0000dc06                fatfs_entry_lfn_text
 .text.fatfs_entry_lfn_invalid
                0x0000dc20       0x30 /opt/homebrew/Cellar/rosco-m68k-toolchain@13/HEAD-e2a4d4b/lib/gcc/m68k-elf-rosco/13.2.0/../../../../m68k-elf-rosco/lib/librosco.a(fat_misc.o)
                0x0000dc20                fatfs_entry_lfn_invalid
 .text.fatfs_entry_lfn_exists
                0x0000dc50       0x44 /opt/homebrew/Cellar/rosco-m68k-toolchain@13/HEAD-e2a4d4b/lib/gcc/m68k-elf-rosco/13.2.0/../../../../m68k-elf-rosco/lib/librosco.a(fat_misc.o)
                0x0000dc50                fatfs_entry_lfn_exists
 .text.fatfs_entry_sfn_only
                0x0000dc94       0x3a /opt/homebrew/Cellar/rosco-m68k-toolchain@13/HEAD-e2a4d4b/lib/gcc/m68k-elf-rosco/13.2.0/../../../../m68k-elf-rosco/lib/librosco.a(fat_misc.o)
                0x0000dc94                fatfs_entry_sfn_only
 .text.fatfs_entry_is_dir
                0x0000dcce       0x10 /opt/homebrew/Cellar/rosco-m68k-toolchain@13/HEAD-e2a4d4b/lib/gcc/m68k-elf-rosco/13.2.0/../../../../m68k-elf-rosco/lib/librosco.a(fat_misc.o)
                0x0000dcce                fatfs_entry_is_dir
 .text.fatfs_entry_is_file
                0x0000dcde       0x10 /opt/homebrew/Cellar/rosco-m68k-toolchain@13/HEAD-e2a4d4b/lib/gcc/m68k-elf-rosco/13.2.0/../../../../m68k-elf-rosco/lib/librosco.a(fat_misc.o)
                0x0000dcde                fatfs_entry_is_file
 .text.fatfs_lfn_entries_required
                0x0000dcee       0x28 /opt/homebrew/Cellar/rosco-m68k-toolchain@13/HEAD-e2a4d4b/lib/gcc/m68k-elf-rosco/13.2.0/../../../../m68k-elf-rosco/lib/librosco.a(fat_misc.o)
                0x0000dcee                fatfs_lfn_entries_required
 .text.fatfs_filename_to_lfn
                0x0000dd16      0x160 /opt/homebrew/Cellar/rosco-m68k-toolchain@13/HEAD-e2a4d4b/lib/gcc/m68k-elf-rosco/13.2.0/../../../../m68k-elf-rosco/lib/librosco.a(fat_misc.o)
                0x0000dd16                fatfs_filename_to_lfn
 .text.fatfs_sfn_create_entry
                0x0000de76      0x1b2 /opt/homebrew/Cellar/rosco-m68k-toolchain@13/HEAD-e2a4d4b/lib/gcc/m68k-elf-rosco/13.2.0/../../../../m68k-elf-rosco/lib/librosco.a(fat_misc.o)
                0x0000de76                fatfs_sfn_create_entry
 .text.fatfs_lfn_create_sfn
                0x0000e028      0x130 /opt/homebrew/Cellar/rosco-m68k-toolchain@13/HEAD-e2a4d4b/lib/gcc/m68k-elf-rosco/13.2.0/../../../../m68k-elf-rosco/lib/librosco.a(fat_misc.o)
                0x0000e028                fatfs_lfn_create_sfn
 .text.fatfs_lfn_generate_tail
                0x0000e158      0x154 /opt/homebrew/Cellar/rosco-m68k-toolchain@13/HEAD-e2a4d4b/lib/gcc/m68k-elf-rosco/13.2.0/../../../../m68k-elf-rosco/lib/librosco.a(fat_misc.o)
                0x0000e158                fatfs_lfn_generate_tail
 .text          0x0000e2ac        0x0 /opt/homebrew/Cellar/rosco-m68k-toolchain@13/HEAD-e2a4d4b/lib/gcc/m68k-elf-rosco/13.2.0/../../../../m68k-elf-rosco/lib/librosco.a(fat_string.o)
 .text.FileString_StrCmpNoCase
                0x0000e2ac       0xb6 /opt/homebrew/Cellar/rosco-m68k-toolchain@13/HEAD-e2a4d4b/lib/gcc/m68k-elf-rosco/13.2.0/../../../../m68k-elf-rosco/lib/librosco.a(fat_string.o)
 .text.fatfs_total_path_levels
                0x0000e362       0x66 /opt/homebrew/Cellar/rosco-m68k-toolchain@13/HEAD-e2a4d4b/lib/gcc/m68k-elf-rosco/13.2.0/../../../../m68k-elf-rosco/lib/librosco.a(fat_string.o)
                0x0000e362                fatfs_total_path_levels
 .text.fatfs_get_substring
                0x0000e3c8       0xbe /opt/homebrew/Cellar/rosco-m68k-toolchain@13/HEAD-e2a4d4b/lib/gcc/m68k-elf-rosco/13.2.0/../../../../m68k-elf-rosco/lib/librosco.a(fat_string.o)
                0x0000e3c8                fatfs_get_substring
 .text.fatfs_split_path
                0x0000e486       0xa4 /opt/homebrew/Cellar/rosco-m68k-toolchain@13/HEAD-e2a4d4b/lib/gcc/m68k-elf-rosco/13.2.0/../../../../m68k-elf-rosco/lib/librosco.a(fat_string.o)
                0x0000e486                fatfs_split_path
 .text.fatfs_compare_names
                0x0000e52a      0x154 /opt/homebrew/Cellar/rosco-m68k-toolchain@13/HEAD-e2a4d4b/lib/gcc/m68k-elf-rosco/13.2.0/../../../../m68k-elf-rosco/lib/librosco.a(fat_string.o)
                0x0000e52a                fatfs_compare_names
 .text.fatfs_string_ends_with_slash
                0x0000e67e       0x32 /opt/homebrew/Cellar/rosco-m68k-toolchain@13/HEAD-e2a4d4b/lib/gcc/m68k-elf-rosco/13.2.0/../../../../m68k-elf-rosco/lib/librosco.a(fat_string.o)
                0x0000e67e                fatfs_string_ends_with_slash
 .text.fatfs_get_sfn_display_name
                0x0000e6b0       0x4a /opt/homebrew/Cellar/rosco-m68k-toolchain@13/HEAD-e2a4d4b/lib/gcc/m68k-elf-rosco/13.2.0/../../../../m68k-elf-rosco/lib/librosco.a(fat_string.o)
                0x0000e6b0                fatfs_get_sfn_display_name
 .text.fatfs_get_extension
                0x0000e6fa       0x7c /opt/homebrew/Cellar/rosco-m68k-toolchain@13/HEAD-e2a4d4b/lib/gcc/m68k-elf-rosco/13.2.0/../../../../m68k-elf-rosco/lib/librosco.a(fat_string.o)
                0x0000e6fa                fatfs_get_extension
 .text.fatfs_create_path_string
                0x0000e776       0xa8 /opt/homebrew/Cellar/rosco-m68k-toolchain@13/HEAD-e2a4d4b/lib/gcc/m68k-elf-rosco/13.2.0/../../../../m68k-elf-rosco/lib/librosco.a(fat_string.o)
                0x0000e776                fatfs_create_path_string
 *fill*         0x0000e81e        0x2 
 .text          0x0000e820        0x0 /opt/homebrew/Cellar/rosco-m68k-toolchain@13/HEAD-e2a4d4b/lib/gcc/m68k-elf-rosco/13.2.0/../../../../m68k-elf-rosco/lib/librosco.a(fat_table.o)
 .text.fatfs_fat_read_sector
                0x0000e820      0x122 /opt/homebrew/Cellar/rosco-m68k-toolchain@13/HEAD-e2a4d4b/lib/gcc/m68k-elf-rosco/13.2.0/../../../../m68k-elf-rosco/lib/librosco.a(fat_table.o)
 .text.fatfs_fat_init
                0x0000e942       0x5c /opt/homebrew/Cellar/rosco-m68k-toolchain@13/HEAD-e2a4d4b/lib/gcc/m68k-elf-rosco/13.2.0/../../../../m68k-elf-rosco/lib/librosco.a(fat_table.o)
                0x0000e942                fatfs_fat_init
 .text.fatfs_fat_purge
                0x0000e99e       0x84 /opt/homebrew/Cellar/rosco-m68k-toolchain@13/HEAD-e2a4d4b/lib/gcc/m68k-elf-rosco/13.2.0/../../../../m68k-elf-rosco/lib/librosco.a(fat_table.o)
                0x0000e99e                fatfs_fat_purge
 .text.fatfs_find_next_cluster
                0x0000ea22       0xde /opt/homebrew/Cellar/rosco-m68k-toolchain@13/HEAD-e2a4d4b/lib/gcc/m68k-elf-rosco/13.2.0/../../../../m68k-elf-rosco/lib/librosco.a(fat_table.o)
                0x0000ea22                fatfs_find_next_cluster
 .text.fatfs_set_fs_info_next_free_cluster
                0x0000eb00       0x9a /opt/homebrew/Cellar/rosco-m68k-toolchain@13/HEAD-e2a4d4b/lib/gcc/m68k-elf-rosco/13.2.0/../../../../m68k-elf-rosco/lib/librosco.a(fat_table.o)
                0x0000eb00                fatfs_set_fs_info_next_free_cluster
 .text.fatfs_find_blank_cluster
                0x0000eb9a       0xda /opt/homebrew/Cellar/rosco-m68k-toolchain@13/HEAD-e2a4d4b/lib/gcc/m68k-elf-rosco/13.2.0/../../../../m68k-elf-rosco/lib/librosco.a(fat_table.o)
                0x0000eb9a                fatfs_find_blank_cluster
 .text.fatfs_fat_set_cluster
                0x0000ec74       0xca /opt/homebrew/Cellar/rosco-m68k-toolchain@13/HEAD-e2a4d4b/lib/gcc/m68k-elf-rosco/13.2.0/../../../../m68k-elf-rosco/lib/librosco.a(fat_table.o)
                0x0000ec74                fatfs_fat_set_cluster
 .text.fatfs_free_cluster_chain
                0x0000ed3e       0x4a /opt/homebrew/Cellar/rosco-m68k-toolchain@13/HEAD-e2a4d4b/lib/gcc/m68k-elf-rosco/13.2.0/../../../../m68k-elf-rosco/lib/librosco.a(fat_table.o)
                0x0000ed3e                fatfs_free_cluster_chain
 .text.fatfs_fat_add_cluster_to_chain
                0x0000ed88       0x5c /opt/homebrew/Cellar/rosco-m68k-toolchain@13/HEAD-e2a4d4b/lib/gcc/m68k-elf-rosco/13.2.0/../../../../m68k-elf-rosco/lib/librosco.a(fat_table.o)
                0x0000ed88                fatfs_fat_add_cluster_to_chain
 .text.fatfs_count_free_clusters
                0x0000ede4       0xb4 /opt/homebrew/Cellar/rosco-m68k-toolchain@13/HEAD-e2a4d4b/lib/gcc/m68k-elf-rosco/13.2.0/../../../../m68k-elf-rosco/lib/librosco.a(fat_table.o)
                0x0000ede4                fatfs_count_free_clusters
 .text          0x0000ee98        0x0 /opt/homebrew/Cellar/rosco-m68k-toolchain@13/HEAD-e2a4d4b/lib/gcc/m68k-elf-rosco/13.2.0/../../../../m68k-elf-rosco/lib/librosco.a(fat_write.o)
 .text.fatfs_add_free_space
                0x0000ee98       0x9c /opt/homebrew/Cellar/rosco-m68k-toolchain@13/HEAD-e2a4d4b/lib/gcc/m68k-elf-rosco/13.2.0/../../../../m68k-elf-rosco/lib/librosco.a(fat_write.o)
                0x0000ee98                fatfs_add_free_space
 .text.fatfs_allocate_free_space
                0x0000ef34      0x10e /opt/homebrew/Cellar/rosco-m68k-toolchain@13/HEAD-e2a4d4b/lib/gcc/m68k-elf-rosco/13.2.0/../../../../m68k-elf-rosco/lib/librosco.a(fat_write.o)
                0x0000ef34                fatfs_allocate_free_space
 .text.fatfs_add_file_entry
                0x0000f042      0x28c /opt/homebrew/Cellar/rosco-m68k-toolchain@13/HEAD-e2a4d4b/lib/gcc/m68k-elf-rosco/13.2.0/../../../../m68k-elf-rosco/lib/librosco.a(fat_write.o)
                0x0000f042                fatfs_add_file_entry
 *fill*         0x0000f2ce        0x2 
 .text          0x0000f2d0        0x0 /opt/homebrew/Cellar/rosco-m68k-toolchain@13/HEAD-e2a4d4b/lib/gcc/m68k-elf-rosco/13.2.0/../../../../m68k-elf-rosco/lib/librosco.a(fat_access.o)
 .text.fatfs_init
                0x0000f2d0      0x202 /opt/homebrew/Cellar/rosco-m68k-toolchain@13/HEAD-e2a4d4b/lib/gcc/m68k-elf-rosco/13.2.0/../../../../m68k-elf-rosco/lib/librosco.a(fat_access.o)
                0x0000f2d0                fatfs_init
 .text.fatfs_lba_of_cluster
                0x0000f4d2       0x34 /opt/homebrew/Cellar/rosco-m68k-toolchain@13/HEAD-e2a4d4b/lib/gcc/m68k-elf-rosco/13.2.0/../../../../m68k-elf-rosco/lib/librosco.a(fat_access.o)
                0x0000f4d2                fatfs_lba_of_cluster
 .text.fatfs_sector_read
                0x0000f506       0x20 /opt/homebrew/Cellar/rosco-m68k-toolchain@13/HEAD-e2a4d4b/lib/gcc/m68k-elf-rosco/13.2.0/../../../../m68k-elf-rosco/lib/librosco.a(fat_access.o)
                0x0000f506                fatfs_sector_read
 .text.fatfs_sector_write
                0x0000f526       0x20 /opt/homebrew/Cellar/rosco-m68k-toolchain@13/HEAD-e2a4d4b/lib/gcc/m68k-elf-rosco/13.2.0/../../../../m68k-elf-rosco/lib/librosco.a(fat_access.o)
                0x0000f526                fatfs_sector_write
 .text.fatfs_sector_reader
                0x0000f546      0x102 /opt/homebrew/Cellar/rosco-m68k-toolchain@13/HEAD-e2a4d4b/lib/gcc/m68k-elf-rosco/13.2.0/../../../../m68k-elf-rosco/lib/librosco.a(fat_access.o)
                0x0000f546                fatfs_sector_reader
 .text.fatfs_read_sector
                0x0000f648       0xf0 /opt/homebrew/Cellar/rosco-m68k-toolchain@13/HEAD-e2a4d4b/lib/gcc/m68k-elf-rosco/13.2.0/../../../../m68k-elf-rosco/lib/librosco.a(fat_access.o)
                0x0000f648                fatfs_read_sector
 .text.fatfs_write_sector
                0x0000f738       0xf0 /opt/homebrew/Cellar/rosco-m68k-toolchain@13/HEAD-e2a4d4b/lib/gcc/m68k-elf-rosco/13.2.0/../../../../m68k-elf-rosco/lib/librosco.a(fat_access.o)
                0x0000f738                fatfs_write_sector
 .text.fatfs_get_root_cluster
                0x0000f828        0xa /opt/homebrew/Cellar/rosco-m68k-toolchain@13/HEAD-e2a4d4b/lib/gcc/m68k-elf-rosco/13.2.0/../../../../m68k-elf-rosco/lib/librosco.a(fat_access.o)
                0x0000f828                fatfs_get_root_cluster
 .text.fatfs_get_file_entry
                0x0000f832      0x1ee /opt/homebrew/Cellar/rosco-m68k-toolchain@13/HEAD-e2a4d4b/lib/gcc/m68k-elf-rosco/13.2.0/../../../../m68k-elf-rosco/lib/librosco.a(fat_access.o)
                0x0000f832                fatfs_get_file_entry
 .text.fatfs_sfn_exists
                0x0000fa20       0xaa /opt/homebrew/Cellar/rosco-m68k-toolchain@13/HEAD-e2a4d4b/lib/gcc/m68k-elf-rosco/13.2.0/../../../../m68k-elf-rosco/lib/librosco.a(fat_access.o)
                0x0000fa20                fatfs_sfn_exists
 .text.fatfs_update_file_length
                0x0000faca      0x120 /opt/homebrew/Cellar/rosco-m68k-toolchain@13/HEAD-e2a4d4b/lib/gcc/m68k-elf-rosco/13.2.0/../../../../m68k-elf-rosco/lib/librosco.a(fat_access.o)
                0x0000faca                fatfs_update_file_length
 .text.fatfs_mark_file_deleted
                0x0000fbea       0xca /opt/homebrew/Cellar/rosco-m68k-toolchain@13/HEAD-e2a4d4b/lib/gcc/m68k-elf-rosco/13.2.0/../../../../m68k-elf-rosco/lib/librosco.a(fat_access.o)
                0x0000fbea                fatfs_mark_file_deleted
 .text          0x0000fcb4        0x0 /opt/homebrew/Cellar/rosco-m68k-toolchain@13/HEAD-e2a4d4b/lib/gcc/m68k-elf-rosco/13.2.0/../../../../m68k-elf-rosco/lib/librosco.a(fat_cache.o)
 .text.fatfs_cache_init
                0x0000fcb4       0x34 /opt/homebrew/Cellar/rosco-m68k-toolchain@13/HEAD-e2a4d4b/lib/gcc/m68k-elf-rosco/13.2.0/../../../../m68k-elf-rosco/lib/librosco.a(fat_cache.o)
                0x0000fcb4                fatfs_cache_init
 .text.fatfs_cache_get_next_cluster
                0x0000fce8       0x28 /opt/homebrew/Cellar/rosco-m68k-toolchain@13/HEAD-e2a4d4b/lib/gcc/m68k-elf-rosco/13.2.0/../../../../m68k-elf-rosco/lib/librosco.a(fat_cache.o)
                0x0000fce8                fatfs_cache_get_next_cluster
 .text.fatfs_cache_set_next_cluster
                0x0000fd10       0x26 /opt/homebrew/Cellar/rosco-m68k-toolchain@13/HEAD-e2a4d4b/lib/gcc/m68k-elf-rosco/13.2.0/../../../../m68k-elf-rosco/lib/librosco.a(fat_cache.o)
                0x0000fd10                fatfs_cache_set_next_cluster
 *fill*         0x0000fd36        0x2 
 .text          0x0000fd38        0x0 /opt/homebrew/Cellar/rosco-m68k-toolchain@13/HEAD-e2a4d4b/lib/gcc/m68k-elf-rosco/13.2.0/../../../../m68k-elf-rosco/lib/libc.a(libc_a-strncmp.o)
 .text.strncmp  0x0000fd38       0xa8 /opt/homebrew/Cellar/rosco-m68k-toolchain@13/HEAD-e2a4d4b/lib/gcc/m68k-elf-rosco/13.2.0/../../../../m68k-elf-rosco/lib/libc.a(libc_a-strncmp.o)
                0x0000fd38                strncmp
 .text          0x0000fde0       0x22 /opt/homebrew/Cellar/rosco-m68k-toolchain@13/HEAD-e2a4d4b/lib/gcc/m68k-elf-rosco/13.2.0/libgcc.a(_mulsi3.o)
                0x0000fde0                __mulsi3_internal
                0x0000fde0                __mulsi3
 *fill*         0x0000fe02        0x2 
 .text          0x0000fe04       0x5c /opt/homebrew/Cellar/rosco-m68k-toolchain@13/HEAD-e2a4d4b/lib/gcc/m68k-elf-rosco/13.2.0/libgcc.a(_udivsi3.o)
                0x0000fe04                __udivsi3_internal
                0x0000fe04                __udivsi3
 .text          0x0000fe60       0x2e /opt/homebrew/Cellar/rosco-m68k-toolchain@13/HEAD-e2a4d4b/lib/gcc/m68k-elf-rosco/13.2.0/libgcc.a(_divsi3.o)
                0x0000fe60                __divsi3_internal
                0x0000fe60                __divsi3
 *fill*         0x0000fe8e        0x2 
 .text          0x0000fe90       0x2e /opt/homebrew/Cellar/rosco-m68k-toolchain@13/HEAD-e2a4d4b/lib/gcc/m68k-elf-rosco/13.2.0/libgcc.a(_umodsi3.o)
                0x0000fe90                __umodsi3
 *fill*         0x0000febe        0x2 
 .text          0x0000fec0       0x2e /opt/homebrew/Cellar/rosco-m68k-toolchain@13/HEAD-e2a4d4b/lib/gcc/m68k-elf-rosco/13.2.0/libgcc.a(_modsi3.o)
                0x0000fec0                __modsi3
 *fill*         0x0000feee        0x2 
 .text          0x0000fef0       0x22 /opt/homebrew/Cellar/rosco-m68k-toolchain@13/HEAD-e2a4d4b/lib/gcc/m68k-elf-rosco/13.2.0/libgcc.a(_eqdf2.o)
                0x0000fef0                __eqdf2
 *fill*         0x0000ff12        0x2 
 .text          0x0000ff14       0x22 /opt/homebrew/Cellar/rosco-m68k-toolchain@13/HEAD-e2a4d4b/lib/gcc/m68k-elf-rosco/13.2.0/libgcc.a(_nedf2.o)
                0x0000ff14                __nedf2
 *fill*         0x0000ff36        0x2 
 .text          0x0000ff38       0x22 /opt/homebrew/Cellar/rosco-m68k-toolchain@13/HEAD-e2a4d4b/lib/gcc/m68k-elf-rosco/13.2.0/libgcc.a(_gtdf2.o)
                0x0000ff38                __gtdf2
 *fill*         0x0000ff5a        0x2 
 .text          0x0000ff5c       0x22 /opt/homebrew/Cellar/rosco-m68k-toolchain@13/HEAD-e2a4d4b/lib/gcc/m68k-elf-rosco/13.2.0/libgcc.a(_ltdf2.o)
                0x0000ff5c                __ltdf2
 *fill*         0x0000ff7e        0x2 
 .text          0x0000ff80       0x22 /opt/homebrew/Cellar/rosco-m68k-toolchain@13/HEAD-e2a4d4b/lib/gcc/m68k-elf-rosco/13.2.0/libgcc.a(_ledf2.o)
                0x0000ff80                __ledf2
 *fill*         0x0000ffa2        0x2 
 .text          0x0000ffa4      0x8cc /opt/homebrew/Cellar/rosco-m68k-toolchain@13/HEAD-e2a4d4b/lib/gcc/m68k-elf-rosco/13.2.0/libgcc.a(xfgnulib.o)
                0x0000ffa4                __unordxf2
                0x00010026                __extenddfxf2
                0x000100dc                __truncxfdf2
                0x000101a4                __extendsfxf2
                0x0001025e                __truncxfsf2
                0x00010358                __floatsixf
                0x000103a0                __floatunsixf
                0x000103e8                __fixxfsi
                0x0001040c                __addxf3
                0x00010486                __subxf3
                0x00010500                __mulxf3
                0x0001057a                __divxf3
                0x000105f4                __negxf2
                0x0001064e                __cmpxf2
                0x0001069c                __eqxf2
                0x000106ea                __nexf2
                0x00010738                __ltxf2
                0x00010786                __lexf2
                0x000107d4                __gtxf2
                0x00010822                __gexf2
 .text          0x00010870       0x24 /opt/homebrew/Cellar/rosco-m68k-toolchain@13/HEAD-e2a4d4b/lib/gcc/m68k-elf-rosco/13.2.0/crtend.o
 .text          0x00010894        0x0 /opt/homebrew/Cellar/rosco-m68k-toolchain@13/HEAD-e2a4d4b/lib/gcc/m68k-elf-rosco/13.2.0/crtn.o
                0x00010894                        _ctors = .
 *(.ctors)
 .ctors         0x00010894        0x4 /opt/homebrew/Cellar/rosco-m68k-toolchain@13/HEAD-e2a4d4b/lib/gcc/m68k-elf-rosco/13.2.0/crtbegin.o
 .ctors         0x00010898        0x4 /opt/homebrew/Cellar/rosco-m68k-toolchain@13/HEAD-e2a4d4b/lib/gcc/m68k-elf-rosco/13.2.0/crtend.o
 *(SORT_BY_NAME(.ctors.*))
                0x0001089c                        _ctors_end = .
                0x0001089c                        _dtors = .
 *(SORT_BY_NAME(.dtors.*))
 *(.dtors)
 .dtors         0x0001089c        0x4 /opt/homebrew/Cellar/rosco-m68k-toolchain@13/HEAD-e2a4d4b/lib/gcc/m68k-elf-rosco/13.2.0/crtbegin.o
 .dtors         0x000108a0        0x4 /opt/homebrew/Cellar/rosco-m68k-toolchain@13/HEAD-e2a4d4b/lib/gcc/m68k-elf-rosco/13.2.0/crtend.o
                0x000108a0                __DTOR_END__
                0x000108a4                        _dtors_end = .
                0x000108a4                        . = ALIGN (0x4)
 *(.rodata .rodata.*)
 .rodata        0x000108a4       0x4f main.o
 .rodata._vfprintf_r.str1.1
                0x000108f3      0x109 /opt/homebrew/Cellar/rosco-m68k-toolchain@13/HEAD-e2a4d4b/lib/gcc/m68k-elf-rosco/13.2.0/../../../../m68k-elf-rosco/lib/libc.a(libc_a-vfprintf.o)
                                 0x3b (size before relaxing)
 .rodata.zeroes.0
                0x000109fc       0x10 /opt/homebrew/Cellar/rosco-m68k-toolchain@13/HEAD-e2a4d4b/lib/gcc/m68k-elf-rosco/13.2.0/../../../../m68k-elf-rosco/lib/libc.a(libc_a-vfprintf.o)
 .rodata.blanks.1
                0x00010a0c       0x10 /opt/homebrew/Cellar/rosco-m68k-toolchain@13/HEAD-e2a4d4b/lib/gcc/m68k-elf-rosco/13.2.0/../../../../m68k-elf-rosco/lib/libc.a(libc_a-vfprintf.o)
 .rodata._dtoa_r.str1.1
                0x00010a1c       0x48 /opt/homebrew/Cellar/rosco-m68k-toolchain@13/HEAD-e2a4d4b/lib/gcc/m68k-elf-rosco/13.2.0/../../../../m68k-elf-rosco/lib/libc.a(libc_a-dtoa.o)
 .rodata.__multadd.str1.1
                0x00010a1c       0x3a /opt/homebrew/Cellar/rosco-m68k-toolchain@13/HEAD-e2a4d4b/lib/gcc/m68k-elf-rosco/13.2.0/../../../../m68k-elf-rosco/lib/libc.a(libc_a-mprec.o)
 .rodata.p05.0  0x00010a1c        0xc /opt/homebrew/Cellar/rosco-m68k-toolchain@13/HEAD-e2a4d4b/lib/gcc/m68k-elf-rosco/13.2.0/../../../../m68k-elf-rosco/lib/libc.a(libc_a-mprec.o)
 .rodata.__mprec_tinytens
                0x00010a28       0x28 /opt/homebrew/Cellar/rosco-m68k-toolchain@13/HEAD-e2a4d4b/lib/gcc/m68k-elf-rosco/13.2.0/../../../../m68k-elf-rosco/lib/libc.a(libc_a-mprec.o)
                0x00010a28                __mprec_tinytens
 .rodata.__mprec_bigtens
                0x00010a50       0x28 /opt/homebrew/Cellar/rosco-m68k-toolchain@13/HEAD-e2a4d4b/lib/gcc/m68k-elf-rosco/13.2.0/../../../../m68k-elf-rosco/lib/libc.a(libc_a-mprec.o)
                0x00010a50                __mprec_bigtens
 .rodata.__mprec_tens
                0x00010a78       0xc8 /opt/homebrew/Cellar/rosco-m68k-toolchain@13/HEAD-e2a4d4b/lib/gcc/m68k-elf-rosco/13.2.0/../../../../m68k-elf-rosco/lib/libc.a(libc_a-mprec.o)
                0x00010a78                __mprec_tens
 .rodata._setlocale_r.str1.1
                0x00010b40        0x9 /opt/homebrew/Cellar/rosco-m68k-toolchain@13/HEAD-e2a4d4b/lib/gcc/m68k-elf-rosco/13.2.0/../../../../m68k-elf-rosco/lib/libc.a(libc_a-locale.o)
 .rodata.str1.1
                0x00010b40        0x2 /opt/homebrew/Cellar/rosco-m68k-toolchain@13/HEAD-e2a4d4b/lib/gcc/m68k-elf-rosco/13.2.0/../../../../m68k-elf-rosco/lib/libc.a(libc_a-locale.o)
 .rodata._ctype_
                0x00010b40      0x101 /opt/homebrew/Cellar/rosco-m68k-toolchain@13/HEAD-e2a4d4b/lib/gcc/m68k-elf-rosco/13.2.0/../../../../m68k-elf-rosco/lib/libc.a(libc_a-ctype_.o)
                0x00010b40                _ctype_
 .rodata.__assert_func.str1.1
                0x00010c41       0x3d /opt/homebrew/Cellar/rosco-m68k-toolchain@13/HEAD-e2a4d4b/lib/gcc/m68k-elf-rosco/13.2.0/../../../../m68k-elf-rosco/lib/libc.a(libc_a-assert.o)
 .rodata._vfiprintf_r.str1.1
                0x00010c41       0x29 /opt/homebrew/Cellar/rosco-m68k-toolchain@13/HEAD-e2a4d4b/lib/gcc/m68k-elf-rosco/13.2.0/../../../../m68k-elf-rosco/lib/libc.a(libc_a-vfiprintf.o)
 .rodata.zeroes.0
                0x00010c41       0x10 /opt/homebrew/Cellar/rosco-m68k-toolchain@13/HEAD-e2a4d4b/lib/gcc/m68k-elf-rosco/13.2.0/../../../../m68k-elf-rosco/lib/libc.a(libc_a-vfiprintf.o)
 .rodata.blanks.1
                0x00010c51       0x10 /opt/homebrew/Cellar/rosco-m68k-toolchain@13/HEAD-e2a4d4b/lib/gcc/m68k-elf-rosco/13.2.0/../../../../m68k-elf-rosco/lib/libc.a(libc_a-vfiprintf.o)
 .rodata._open.str1.1
                0x00010c61       0x19 /opt/homebrew/Cellar/rosco-m68k-toolchain@13/HEAD-e2a4d4b/lib/gcc/m68k-elf-rosco/13.2.0/../../../../m68k-elf-rosco/lib/librosco.a(syscalls.o)
 .rodata._read.str1.1
                0x00010c61        0x1 /opt/homebrew/Cellar/rosco-m68k-toolchain@13/HEAD-e2a4d4b/lib/gcc/m68k-elf-rosco/13.2.0/../../../../m68k-elf-rosco/lib/librosco.a(syscalls.o)
 .rodata.fatfs_lfn_generate_tail.str1.1
                0x00010c61       0x11 /opt/homebrew/Cellar/rosco-m68k-toolchain@13/HEAD-e2a4d4b/lib/gcc/m68k-elf-rosco/13.2.0/../../../../m68k-elf-rosco/lib/librosco.a(fat_misc.o)
                0x00010c80                        . = ALIGN (0x4)
 *fill*         0x00010c61        0x3 
 *(.gcc_except_table)
                0x00010c64                        . = ALIGN (0x4)
 *(.init*)
 .init          0x00010c64        0x4 /opt/homebrew/Cellar/rosco-m68k-toolchain@13/HEAD-e2a4d4b/lib/gcc/m68k-elf-rosco/13.2.0/crti.o
                0x00010c64                _init
 .init          0x00010c68        0x6 /opt/homebrew/Cellar/rosco-m68k-toolchain@13/HEAD-e2a4d4b/lib/gcc/m68k-elf-rosco/13.2.0/crtbegin.o
 .init          0x00010c6e        0x6 /opt/homebrew/Cellar/rosco-m68k-toolchain@13/HEAD-e2a4d4b/lib/gcc/m68k-elf-rosco/13.2.0/crtend.o
 .init          0x00010c74        0x4 /opt/homebrew/Cellar/rosco-m68k-toolchain@13/HEAD-e2a4d4b/lib/gcc/m68k-elf-rosco/13.2.0/crtn.o
 *(.fini*)
 .fini          0x00010c78        0x4 /opt/homebrew/Cellar/rosco-m68k-toolchain@13/HEAD-e2a4d4b/lib/gcc/m68k-elf-rosco/13.2.0/crti.o
                0x00010c78                _fini
 .fini          0x00010c7c        0x6 /opt/homebrew/Cellar/rosco-m68k-toolchain@13/HEAD-e2a4d4b/lib/gcc/m68k-elf-rosco/13.2.0/crtbegin.o
 .fini          0x00010c82        0x4 /opt/homebrew/Cellar/rosco-m68k-toolchain@13/HEAD-e2a4d4b/lib/gcc/m68k-elf-rosco/13.2.0/crtn.o
                0x00010c86                        _code_end = .
                0x00012c86                        . = DATA_SEGMENT_ALIGN (CONSTANT (MAXPAGESIZE), CONSTANT (COMMONPAGESIZE))

.data           0x00012c88      0x6c8 load address 0x00050c88
                0x00012c88                        _data_start = .
 *(.data*)
 .data          0x00012c88        0x0 /opt/homebrew/Cellar/rosco-m68k-toolchain@13/HEAD-e2a4d4b/lib/gcc/m68k-elf-rosco/13.2.0/crti.o
 .data          0x00012c88        0x4 /opt/homebrew/Cellar/rosco-m68k-toolchain@13/HEAD-e2a4d4b/lib/gcc/m68k-elf-rosco/13.2.0/crtbegin.o
                0x00012c88                __dso_handle
 .data          0x00012c8c        0x0 main.o
 .data          0x00012c8c        0x0 /opt/homebrew/Cellar/rosco-m68k-toolchain@13/HEAD-e2a4d4b/lib/gcc/m68k-elf-rosco/13.2.0/libgcc.a(_double.o)
 .data          0x00012c8c       0x1c /opt/homebrew/Cellar/rosco-m68k-toolchain@13/HEAD-e2a4d4b/lib/gcc/m68k-elf-rosco/13.2.0/libgcc.a(_floatex.o)
                0x00012c8c                _fpCCR
 .data          0x00012ca8        0x0 /opt/homebrew/Cellar/rosco-m68k-toolchain@13/HEAD-e2a4d4b/lib/gcc/m68k-elf-rosco/13.2.0/libgcc.a(fpgnulib.o)
 .data          0x00012ca8        0x0 /opt/homebrew/Cellar/rosco-m68k-toolchain@13/HEAD-e2a4d4b/lib/gcc/m68k-elf-rosco/13.2.0/../../../../m68k-elf-rosco/lib/libc.a(libc_a-atexit.o)
 .data          0x00012ca8        0x0 /opt/homebrew/Cellar/rosco-m68k-toolchain@13/HEAD-e2a4d4b/lib/gcc/m68k-elf-rosco/13.2.0/../../../../m68k-elf-rosco/lib/libc.a(libc_a-exit.o)
 .data          0x00012ca8        0x0 /opt/homebrew/Cellar/rosco-m68k-toolchain@13/HEAD-e2a4d4b/lib/gcc/m68k-elf-rosco/13.2.0/../../../../m68k-elf-rosco/lib/libc.a(libc_a-printf.o)
 .data          0x00012ca8        0x0 /opt/homebrew/Cellar/rosco-m68k-toolchain@13/HEAD-e2a4d4b/lib/gcc/m68k-elf-rosco/13.2.0/../../../../m68k-elf-rosco/lib/libc.a(libc_a-findfp.o)
 .data.__sglue  0x00012ca8        0xc /opt/homebrew/Cellar/rosco-m68k-toolchain@13/HEAD-e2a4d4b/lib/gcc/m68k-elf-rosco/13.2.0/../../../../m68k-elf-rosco/lib/libc.a(libc_a-findfp.o)
                0x00012ca8                __sglue
 .data          0x00012cb4        0x0 /opt/homebrew/Cellar/rosco-m68k-toolchain@13/HEAD-e2a4d4b/lib/gcc/m68k-elf-rosco/13.2.0/../../../../m68k-elf-rosco/lib/libc.a(libc_a-fwalk.o)
 .data          0x00012cb4        0x0 /opt/homebrew/Cellar/rosco-m68k-toolchain@13/HEAD-e2a4d4b/lib/gcc/m68k-elf-rosco/13.2.0/../../../../m68k-elf-rosco/lib/libc.a(libc_a-impure.o)
 .data._impure_ptr
                0x00012cb4        0x4 /opt/homebrew/Cellar/rosco-m68k-toolchain@13/HEAD-e2a4d4b/lib/gcc/m68k-elf-rosco/13.2.0/../../../../m68k-elf-rosco/lib/libc.a(libc_a-impure.o)
                0x00012cb4                _impure_ptr
 .data._impure_data
                0x00012cb8      0x116 /opt/homebrew/Cellar/rosco-m68k-toolchain@13/HEAD-e2a4d4b/lib/gcc/m68k-elf-rosco/13.2.0/../../../../m68k-elf-rosco/lib/libc.a(libc_a-impure.o)
                0x00012cb8                _impure_data
 *fill*         0x00012dce        0x2 
 .data          0x00012dd0        0x0 /opt/homebrew/Cellar/rosco-m68k-toolchain@13/HEAD-e2a4d4b/lib/gcc/m68k-elf-rosco/13.2.0/../../../../m68k-elf-rosco/lib/libc.a(libc_a-memset.o)
 .data          0x00012dd0        0x0 /opt/homebrew/Cellar/rosco-m68k-toolchain@13/HEAD-e2a4d4b/lib/gcc/m68k-elf-rosco/13.2.0/../../../../m68k-elf-rosco/lib/libc.a(libc_a-__atexit.o)
 .data          0x00012dd0        0x0 /opt/homebrew/Cellar/rosco-m68k-toolchain@13/HEAD-e2a4d4b/lib/gcc/m68k-elf-rosco/13.2.0/../../../../m68k-elf-rosco/lib/libc.a(libc_a-__call_atexit.o)
 .data          0x00012dd0        0x0 /opt/homebrew/Cellar/rosco-m68k-toolchain@13/HEAD-e2a4d4b/lib/gcc/m68k-elf-rosco/13.2.0/../../../../m68k-elf-rosco/lib/libc.a(libc_a-mallocr.o)
 .data.__malloc_sbrk_base