Archive member included to satisfy reference by file (symbol)

/opt/homebrew/Cellar/rosco-m68k-toolchain@13/HEAD-e2a4d4b/lib/gcc/m68k-elf-rosco/13.2.0/../../../../m68k-elf-rosco/lib/libm.a(libm_a-s_cos.o)
                              main.o (cos)
/opt/homebrew/Cellar/rosco-m68k-toolchain@13/HEAD-e2a4d4b/lib/gcc/m68k-elf-rosco/13.2.0/../../../../m68k-elf-rosco/lib/libm.a(libm_a-e_rem_pio2.o)
                              /opt/homebrew/Cellar/rosco-m68k-toolchain@13/HEAD-e2a4d4b/lib/gcc/m68k-elf-rosco/13.2.0/../../../../m68k-elf-rosco/lib/libm.a(libm_a-s_cos.o) (__ieee754_rem_pio2)
/opt/homebrew/Cellar/rosco-m68k-toolchain@13/HEAD-e2a4d4b/lib/gcc/m68k-elf-rosco/13.2.0/../../../../m68k-elf-rosco/lib/libm.a(libm_a-k_rem_pio2.o)
                              /opt/homebrew/Cellar/rosco-m68k-toolchain@13/HEAD-e2a4d4b/lib/gcc/m68k-elf-rosco/13.2.0/../../../../m68k-elf-rosco/lib/libm.a(libm_a-e_rem_pio2.o) (__kernel_rem_pio2)
/opt/homebrew/Cellar/rosco-m68k-toolchain@13/HEAD-e2a4d4b/lib/gcc/m68k-elf-rosco/13.2.0/../../../../m68k-elf-rosco/lib/libm.a(libm_a-k_cos.o)
                              /opt/homebrew/Cellar/rosco-m68k-toolchain@13/HEAD-e2a4d4b/lib/gcc/m68k-elf-rosco/13.2.0/../../../../m68k-elf-rosco/lib/libm.a(libm_a-s_cos.o) (__kernel_cos)
/opt/homebrew/Cellar/rosco-m68k-toolchain@13/HEAD-e2a4d4b/lib/gcc/m68k-elf-rosco/13.2.0/../../../../m68k-elf-rosco/lib/libm.a(libm_a-k_sin.o)
                              /opt/homebrew/Cellar/rosco-m68k-toolchain@13/HEAD-e2a4d4b/lib/gcc/m68k-elf-rosco/13.2.0/../../../../m68k-elf-rosco/lib/libm.a(libm_a-s_cos.o) (__kernel_sin)
/opt/homebrew/Cellar/rosco-m68k-toolchain@13/HEAD-e2a4d4b/lib/gcc/m68k-elf-rosco/13.2.0/../../../../m68k-elf-rosco/lib/libm.a(libm_a-s_fabs.o)
                              /opt/homebrew/Cellar/rosco-m68k-toolchain@13/HEAD-e2a4d4b/lib/gcc/m68k-elf-rosco/13.2.0/../../../../m68k-elf-rosco/lib/libm.a(libm_a-e_rem_pio2.o) (fabs)
/opt/homebrew/Cellar/rosco-m68k-toolchain@13/HEAD-e2a4d4b/lib/gcc/m68k-elf-rosco/13.2.0/../../../../m68k-elf-rosco/lib/libm.a(libm_a-s_floor.o)
                              /opt/homebrew/Cellar/rosco-m68k-toolchain@13/HEAD-e2a4d4b/lib/gcc/m68k-elf-rosco/13.2.0/../../../../m68k-elf-rosco/lib/libm.a(libm_a-k_rem_pio2.o) (floor)
/opt/homebrew/Cellar/rosco-m68k-toolchain@13/HEAD-e2a4d4b/lib/gcc/m68k-elf-rosco/13.2.0/../../../../m68k-elf-rosco/lib/libm.a(libm_a-s_scalbn.o)
                              /opt/homebrew/Cellar/rosco-m68k-toolchain@13/HEAD-e2a4d4b/lib/gcc/m68k-elf-rosco/13.2.0/../../../../m68k-elf-rosco/lib/libm.a(libm_a-k_rem_pio2.o) (scalbn)
/opt/homebrew/Cellar/rosco-m68k-toolchain@13/HEAD-e2a4d4b/lib/gcc/m68k-elf-rosco/13.2.0/libgcc.a(_divsi3.o)
                              /opt/homebrew/Cellar/rosco-m68k-toolchain@13/HEAD-e2a4d4b/lib/gcc/m68k-elf-rosco/13.2.0/../../../../m68k-elf-rosco/lib/libm.a(libm_a-k_rem_pio2.o) (__divsi3)
/opt/homebrew/Cellar/rosco-m68k-toolchain@13/HEAD-e2a4d4b/lib/gcc/m68k-elf-rosco/13.2.0/libgcc.a(_double.o)
                              /opt/homebrew/Cellar/rosco-m68k-toolchain@13/HEAD-e2a4d4b/lib/gcc/m68k-elf-rosco/13.2.0/../../../../m68k-elf-rosco/lib/libm.a(libm_a-e_rem_pio2.o) (__adddf3)
/opt/homebrew/Cellar/rosco-m68k-toolchain@13/HEAD-e2a4d4b/lib/gcc/m68k-elf-rosco/13.2.0/libgcc.a(_floatex.o)
                              /opt/homebrew/Cellar/rosco-m68k-toolchain@13/HEAD-e2a4d4b/lib/gcc/m68k-elf-rosco/13.2.0/libgcc.a(_double.o) (_fpCCR)
/opt/homebrew/Cellar/rosco-m68k-toolchain@13/HEAD-e2a4d4b/lib/gcc/m68k-elf-rosco/13.2.0/libgcc.a(_eqdf2.o)
                              /opt/homebrew/Cellar/rosco-m68k-toolchain@13/HEAD-e2a4d4b/lib/gcc/m68k-elf-rosco/13.2.0/../../../../m68k-elf-rosco/lib/libm.a(libm_a-e_rem_pio2.o) (__eqdf2)
/opt/homebrew/Cellar/rosco-m68k-toolchain@13/HEAD-e2a4d4b/lib/gcc/m68k-elf-rosco/13.2.0/libgcc.a(_gtdf2.o)
                              /opt/homebrew/Cellar/rosco-m68k-toolchain@13/HEAD-e2a4d4b/lib/gcc/m68k-elf-rosco/13.2.0/../../../../m68k-elf-rosco/lib/libm.a(libm_a-s_floor.o) (__gtdf2)
/opt/homebrew/Cellar/rosco-m68k-toolchain@13/HEAD-e2a4d4b/lib/gcc/m68k-elf-rosco/13.2.0/libgcc.a(_gedf2.o)
                              /opt/homebrew/Cellar/rosco-m68k-toolchain@13/HEAD-e2a4d4b/lib/gcc/m68k-elf-rosco/13.2.0/../../../../m68k-elf-rosco/lib/libm.a(libm_a-k_rem_pio2.o) (__gedf2)
/opt/homebrew/Cellar/rosco-m68k-toolchain@13/HEAD-e2a4d4b/lib/gcc/m68k-elf-rosco/13.2.0/libgcc.a(fpgnulib.o)
                              main.o (__floatsidf)
/opt/homebrew/Cellar/rosco-m68k-toolchain@13/HEAD-e2a4d4b/lib/gcc/m68k-elf-rosco/13.2.0/libgcc.a(_udivsi3.o)
                              /opt/homebrew/Cellar/rosco-m68k-toolchain@13/HEAD-e2a4d4b/lib/gcc/m68k-elf-rosco/13.2.0/libgcc.a(_divsi3.o) (__udivsi3_internal)
/opt/homebrew/Cellar/rosco-m68k-toolchain@13/HEAD-e2a4d4b/lib/gcc/m68k-elf-rosco/13.2.0/../../../../m68k-elf-rosco/lib/libc.a(libc_a-atexit.o)
[...]
Memory Configuration

Name             Origin             Length             Attributes
RAM              0x00000000         0x00100000
EXP_RAM          0x00100000         0x00d00000
ROM              0x00e00000         0x00100000
IO_SPACE         0x00f00000         0x00100000
*default*        0x00000000         0xffffffff

Linker script and memory map

LOAD /opt/homebrew/Cellar/rosco-m68k-toolchain@13/HEAD-e2a4d4b/lib/gcc/m68k-elf-rosco/13.2.0/../../../../m68k-elf-rosco/lib/crt0.o
LOAD /opt/homebrew/Cellar/rosco-m68k-toolchain@13/HEAD-e2a4d4b/lib/gcc/m68k-elf-rosco/13.2.0/crti.o
LOAD /opt/homebrew/Cellar/rosco-m68k-toolchain@13/HEAD-e2a4d4b/lib/gcc/m68k-elf-rosco/13.2.0/crtbegin.o
LOAD main.o
LOAD /opt/homebrew/Cellar/rosco-m68k-toolchain@13/HEAD-e2a4d4b/lib/gcc/m68k-elf-rosco/13.2.0/../../../../m68k-elf-rosco/lib/libm.a
LOAD /opt/homebrew/Cellar/rosco-m68k-toolchain@13/HEAD-e2a4d4b/lib/gcc/m68k-elf-rosco/13.2.0/libgcc.a
LOAD /opt/homebrew/Cellar/rosco-m68k-toolchain@13/HEAD-e2a4d4b/lib/gcc/m68k-elf-rosco/13.2.0/../../../../m68k-elf-rosco/lib/libc.a
LOAD /opt/homebrew/Cellar/rosco-m68k-toolchain@13/HEAD-e2a4d4b/lib/gcc/m68k-elf-rosco/13.2.0/../../../../m68k-elf-rosco/lib/librosco.a
LOAD /opt/homebrew/Cellar/rosco-m68k-toolchain@13/HEAD-e2a4d4b/lib/gcc/m68k-elf-rosco/13.2.0/../../../../m68k-elf-rosco/lib/libc.a
                [!provide]                        PROVIDE (_STACK_SIZE = 0x4000)
                [!provide]                        PROVIDE (_relocIAL_STACK = 0x0)
                [!provide]                        PROVIDE (_WARM_BOOT = 0x4)
                [!provide]                        PROVIDE (_MFP_VECTORS = 0x100)
                [!provide]                        PROVIDE (_SDB = 0x400)
                0x00000400                        PROVIDE (_SDB_MAGIC = 0x400)
                [!provide]                        PROVIDE (_SDB_STATUS = 0x404)
                [!provide]                        PROVIDE (_SDB_RSRVD_408 = 0x408)
                0x0000040c                        PROVIDE (_TIMER_100HZ = 0x40c)
                [!provide]                        PROVIDE (_EASY68K_ECHOON = 0x410)
                [!provide]                        PROVIDE (_EASY68K_PROMPT = 0x411)
                [!provide]                        PROVIDE (_EASY68K_SHOWLF = 0x412)
                [!provide]                        PROVIDE (_SDB_RSRVD_413 = 0x413)
                [!provide]                        PROVIDE (_SDB_MEM_SIZE = 0x414)
                [!provide]                        PROVIDE (_SDB_UART_BASE = 0x418)
                [!provide]                        PROVIDE (_SDB_CPU_INFO = 0x41c)
                [!provide]                        PROVIDE (_EFP_TABLE = 0x420)
                [!provide]                        PROVIDE (_EFP_PRINT = 0x420)
                [!provide]                        PROVIDE (_EFP_PRINTLN = 0x424)
                [!provide]                        PROVIDE (_EFP_PRINTCHAR = 0x428)
                [!provide]                        PROVIDE (_EFP_HALT = 0x42c)
                [!provide]                        PROVIDE (_EFP_SENDCHAR = 0x430)
                [!provide]                        PROVIDE (_EFP_RECVCHAR = 0x434)
                [!provide]                        PROVIDE (_EFP_CLRSCR = 0x438)
                [!provide]                        PROVIDE (_EFP_MOVEXY = 0x43c)
                [!provide]                        PROVIDE (_EFP_SETCURSOR = 0x440)
                [!provide]                        PROVIDE (_EFP_CHECKCHAR = 0x444)
                [!provide]                        PROVIDE (_EFP_PROGLOADER = 0x448)
                [!provide]                        PROVIDE (_EFP_SD_reloc = 0x44c)
                [!provide]                        PROVIDE (_EFP_SD_READ = 0x450)
                [!provide]                        PROVIDE (_EFP_SD_WRITE = 0x454)
                [!provide]                        PROVIDE (_EFP_SD_REG = 0x458)
                [!provide]                        PROVIDE (_EFP_SPI_reloc = 0x45c)
                [!provide]                        PROVIDE (_EFP_SPI_CS_A = 0x460)
                [!provide]                        PROVIDE (_EFP_SPI_CS_D = 0x464)
                [!provide]                        PROVIDE (_EFP_SPI_XFER_B = 0x468)
                [!provide]                        PROVIDE (_EFP_SPI_XFER_M = 0x46c)
                [!provide]                        PROVIDE (_EFP_SPI_RECV_B = 0x470)
                [!provide]                        PROVIDE (_EFP_SPI_RECV_M = 0x474)
                [!provide]                        PROVIDE (_EFP_SPI_SEND_B = 0x478)
                [!provide]                        PROVIDE (_EFP_SPI_SEND_M = 0x47c)
                [!provide]                        PROVIDE (_EFP_ATA_reloc = 0x480)
                [!provide]                        PROVIDE (_EFP_ATA_READ = 0x484)
                [!provide]                        PROVIDE (_EFP_ATA_WRITE = 0x488)
                [!provide]                        PROVIDE (_EFP_ATA_IDENT = 0x48c)
                [!provide]                        PROVIDE (_EFP_INPUTCHAR = 0x494)
                [!provide]                        PROVIDE (_EFP_CHECKINPUT = 0x498)
                [!provide]                        PROVIDE (_FIRMWARE = 0xe00000)
                [!provide]                        PROVIDE (_FIRMWARE_REV = 0xe00400)
                0x00040000                        PROVIDE (_LOAD_ADDRESS = 0x40000)
                0x00002000                        PROVIDE (_RUN_ADDRESS = 0x2000)

.text.reloc     0x00002000       0x22 load address 0x00040000
                0x00002000                        _reloc = .
 *(.reloc)
 .reloc         0x00002000       0x22 /opt/homebrew/Cellar/rosco-m68k-toolchain@13/HEAD-e2a4d4b/lib/gcc/m68k-elf-rosco/13.2.0/../../../../m68k-elf-rosco/lib/crt0.o
                0x00002000                _start
                0x00002022                        _reloc_end = .

.text.postreloc
                0x00002024       0x7c load address 0x00040024
                0x00002024                        _postreloc = .
 *(.postreloc)
 *fill*         0x00002024        0xc 
 .postreloc     0x00002030       0x70 /opt/homebrew/Cellar/rosco-m68k-toolchain@13/HEAD-e2a4d4b/lib/gcc/m68k-elf-rosco/13.2.0/../../../../m68k-elf-rosco/lib/crt0.o
                0x0000204a                _enter
                0x000020a0                        . = ALIGN (0x4)
                0x000020a0                        _postreloc_end = .

.eh_frame       0x000020a0        0x4 load address 0x000400a0
 .eh_frame      0x000020a0        0x0 /opt/homebrew/Cellar/rosco-m68k-toolchain@13/HEAD-e2a4d4b/lib/gcc/m68k-elf-rosco/13.2.0/crtbegin.o
 .eh_frame      0x000020a0        0x4 /opt/homebrew/Cellar/rosco-m68k-toolchain@13/HEAD-e2a4d4b/lib/gcc/m68k-elf-rosco/13.2.0/crtend.o

.text           0x000020a4    0x10c86 load address 0x000400a4
                0x000020a4                        _code = .
 *(.text*)
 .text          0x000020a4        0x0 /opt/homebrew/Cellar/rosco-m68k-toolchain@13/HEAD-e2a4d4b/lib/gcc/m68k-elf-rosco/13.2.0/crti.o
 .text          0x000020a4       0xf0 /opt/homebrew/Cellar/rosco-m68k-toolchain@13/HEAD-e2a4d4b/lib/gcc/m68k-elf-rosco/13.2.0/crtbegin.o
 .text          0x00002194       0x74 main.o
                0x00002194                getnum
                0x000021a2                main
 .text          0x00002208        0x0 /opt/homebrew/Cellar/rosco-m68k-toolchain@13/HEAD-e2a4d4b/lib/gcc/m68k-elf-rosco/13.2.0/../../../../m68k-elf-rosco/lib/libm.a(libm_a-s_cos.o)
 .text.cos      0x00002208      0x11c /opt/homebrew/Cellar/rosco-m68k-toolchain@13/HEAD-e2a4d4b/lib/gcc/m68k-elf-rosco/13.2.0/../../../../m68k-elf-rosco/lib/libm.a(libm_a-s_cos.o)
                0x00002208                cos
 .text          0x00002324        0x0 /opt/homebrew/Cellar/rosco-m68k-toolchain@13/HEAD-e2a4d4b/lib/gcc/m68k-elf-rosco/13.2.0/../../../../m68k-elf-rosco/lib/libm.a(libm_a-e_rem_pio2.o)
 .text.__ieee754_rem_pio2
                0x00002324      0x760 /opt/homebrew/Cellar/rosco-m68k-toolchain@13/HEAD-e2a4d4b/lib/gcc/m68k-elf-rosco/13.2.0/../../../../m68k-elf-rosco/lib/libm.a(libm_a-e_rem_pio2.o)
                0x00002324                __ieee754_rem_pio2
 .text          0x00002a84        0x0 /opt/homebrew/Cellar/rosco-m68k-toolchain@13/HEAD-e2a4d4b/lib/gcc/m68k-elf-rosco/13.2.0/../../../../m68k-elf-rosco/lib/libm.a(libm_a-k_rem_pio2.o)
 .text.__kernel_rem_pio2
                0x00002a84      0xca8 /opt/homebrew/Cellar/rosco-m68k-toolchain@13/HEAD-e2a4d4b/lib/gcc/m68k-elf-rosco/13.2.0/../../../../m68k-elf-rosco/lib/libm.a(libm_a-k_rem_pio2.o)
                0x00002a84                __kernel_rem_pio2
 .text          0x0000372c        0x0 /opt/homebrew/Cellar/rosco-m68k-toolchain@13/HEAD-e2a4d4b/lib/gcc/m68k-elf-rosco/13.2.0/../../../../m68k-elf-rosco/lib/libm.a(libm_a-k_cos.o)
 .text.__kernel_cos
                0x0000372c      0x3fa /opt/homebrew/Cellar/rosco-m68k-toolchain@13/HEAD-e2a4d4b/lib/gcc/m68k-elf-rosco/13.2.0/../../../../m68k-elf-rosco/lib/libm.a(libm_a-k_cos.o)
                0x0000372c                __kernel_cos
 *fill*         0x00003b26        0x2 
 .text          0x00003b28        0x0 /opt/homebrew/Cellar/rosco-m68k-toolchain@13/HEAD-e2a4d4b/lib/gcc/m68k-elf-rosco/13.2.0/../../../../m68k-elf-rosco/lib/libm.a(libm_a-k_sin.o)
 .text.__kernel_sin
                0x00003b28      0x210 /opt/homebrew/Cellar/rosco-m68k-toolchain@13/HEAD-e2a4d4b/lib/gcc/m68k-elf-rosco/13.2.0/../../../../m68k-elf-rosco/lib/libm.a(libm_a-k_sin.o)
                0x00003b28                __kernel_sin
 .text          0x00003d38        0x0 /opt/homebrew/Cellar/rosco-m68k-toolchain@13/HEAD-e2a4d4b/lib/gcc/m68k-elf-rosco/13.2.0/../../../../m68k-elf-rosco/lib/libm.a(libm_a-s_fabs.o)
 .text.fabs     0x00003d38       0x16 /opt/homebrew/Cellar/rosco-m68k-toolchain@13/HEAD-e2a4d4b/lib/gcc/m68k-elf-rosco/13.2.0/../../../../m68k-elf-rosco/lib/libm.a(libm_a-s_fabs.o)
                0x00003d38                fabs
 *fill*         0x00003d4e        0x2 
 .text          0x00003d50        0x0 /opt/homebrew/Cellar/rosco-m68k-toolchain@13/HEAD-e2a4d4b/lib/gcc/m68k-elf-rosco/13.2.0/../../../../m68k-elf-rosco/lib/libm.a(libm_a-s_floor.o)
 .text.floor    0x00003d50      0x1be /opt/homebrew/Cellar/rosco-m68k-toolchain@13/HEAD-e2a4d4b/lib/gcc/m68k-elf-rosco/13.2.0/../../../../m68k-elf-rosco/lib/libm.a(libm_a-s_floor.o)
                0x00003d50                floor
 *fill*         0x00003f0e        0x2 
 .text          0x00003f10        0x0 /opt/homebrew/Cellar/rosco-m68k-toolchain@13/HEAD-e2a4d4b/lib/gcc/m68k-elf-rosco/13.2.0/../../../../m68k-elf-rosco/lib/libm.a(libm_a-s_scalbn.o)
 .text.scalbn   0x00003f10      0x20a /opt/homebrew/Cellar/rosco-m68k-toolchain@13/HEAD-e2a4d4b/lib/gcc/m68k-elf-rosco/13.2.0/../../../../m68k-elf-rosco/lib/libm.a(libm_a-s_scalbn.o)
                0x00003f10                scalbn
 *fill*         0x0000411a        0x2 
 .text          0x0000411c       0x2e /opt/homebrew/Cellar/rosco-m68k-toolchain@13/HEAD-e2a4d4b/lib/gcc/m68k-elf-rosco/13.2.0/libgcc.a(_divsi3.o)
                0x0000411c                __divsi3_internal
                0x0000411c                __divsi3
 *fill*         0x0000414a        0x2 
 .text          0x0000414c      0x9ce /opt/homebrew/Cellar/rosco-m68k-toolchain@13/HEAD-e2a4d4b/lib/gcc/m68k-elf-rosco/13.2.0/libgcc.a(_double.o)
                0x000041a6                __subdf3
                0x000041ac                __adddf3
                0x00004542                __muldf3
                0x000046f0                __divdf3
                0x00004964                __negdf2
                0x000049c2                __cmpdf2_internal
                0x00004a92                __cmpdf2
 *fill*         0x00004b1a        0x2 
 .text          0x00004b1c       0x6a /opt/homebrew/Cellar/rosco-m68k-toolchain@13/HEAD-e2a4d4b/lib/gcc/m68k-elf-rosco/13.2.0/libgcc.a(_floatex.o)
                0x00004b1c                __clear_sticky_bit
                0x00004b2a                $_exception_handler
 *fill*         0x00004b86        0x2 
 .text          0x00004b88       0x22 /opt/homebrew/Cellar/rosco-m68k-toolchain@13/HEAD-e2a4d4b/lib/gcc/m68k-elf-rosco/13.2.0/libgcc.a(_eqdf2.o)
                0x00004b88                __eqdf2
 *fill*         0x00004baa        0x2 
 .text          0x00004bac       0x22 /opt/homebrew/Cellar/rosco-m68k-toolchain@13/HEAD-e2a4d4b/lib/gcc/m68k-elf-rosco/13.2.0/libgcc.a(_gtdf2.o)
                0x00004bac                __gtdf2
 *fill*         0x00004bce        0x2 
 .text          0x00004bd0       0x22 /opt/homebrew/Cellar/rosco-m68k-toolchain@13/HEAD-e2a4d4b/lib/gcc/m68k-elf-rosco/13.2.0/libgcc.a(_gedf2.o)
                0x00004bd0                __gedf2
 *fill*         0x00004bf2        0x2 
 .text          0x00004bf4      0x52c /opt/homebrew/Cellar/rosco-m68k-toolchain@13/HEAD-e2a4d4b/lib/gcc/m68k-elf-rosco/13.2.0/libgcc.a(fpgnulib.o)
                0x00004c7e                __unordsf2
                0x00004cca                __unorddf2
                0x00004d2e                __floatunsidf
                0x00004db0                __floatsidf
                0x00004dc4                __floatunsisf
                0x00004e54                __floatsisf
                0x00004e72                __extendsfdf2
                0x00004ee6                __truncdfsf2
                0x00004ffa                __fixdfsi
                0x0000508a                __fixsfsi
 .text          0x00005120       0x5c /opt/homebrew/Cellar/rosco-m68k-toolchain@13/HEAD-e2a4d4b/lib/gcc/m68k-elf-rosco/13.2.0/libgcc.a(_udivsi3.o)
                0x00005120                __udivsi3_internal
                0x00005120                __udivsi3
 .text          0x0000517c        0x0 /opt/homebrew/Cellar/rosco-m68k-toolchain@13/HEAD-e2a4d4b/lib/gcc/m68k-elf-rosco/13.2.0/../../../../m68k-elf-rosco/lib/libc.a(libc_a-atexit.o)
 .text.atexit   0x0000517c       0x16 /opt/homebrew/Cellar/rosco-m68k-toolchain@13/HEAD-e2a4d4b/lib/gcc/m68k-elf-rosco/13.2.0/../../../../m68k-elf-rosco/lib/libc.a(libc_a-atexit.o)
                0x0000517c                atexit
 *fill*         0x00005192        0x2 
 .text          0x00005194        0x0 /opt/homebrew/Cellar/rosco-m68k-toolchain@13/HEAD-e2a4d4b/lib/gcc/m68k-elf-rosco/13.2.0/../../../../m68k-elf-rosco/lib/libc.a(libc_a-exit.o)
 .text.exit     0x00005194       0x28 /opt/homebrew/Cellar/rosco-m68k-toolchain@13/HEAD-e2a4d4b/lib/gcc/m68k-elf-rosco/13.2.0/../../../../m68k-elf-rosco/lib/libc.a(libc_a-exit.o)
                0x00005194                exit
 .text          0x000051bc        0x0 /opt/homebrew/Cellar/rosco-m68k-toolchain@13/HEAD-e2a4d4b/lib/gcc/m68k-elf-rosco/13.2.0/../../../../m68k-elf-rosco/lib/libc.a(libc_a-printf.o)
 .text._printf_r
                0x000051bc       0x24 /opt/homebrew/Cellar/rosco-m68k-toolchain@13/HEAD-e2a4d4b/lib/gcc/m68k-elf-rosco/13.2.0/../../../../m68k-elf-rosco/lib/libc.a(libc_a-printf.o)
                0x000051bc                _printf_r
 .text.printf   0x000051e0       0x26 /opt/homebrew/Cellar/rosco-m68k-toolchain@13/HEAD-e2a4d4b/lib/gcc/m68k-elf-rosco/13.2.0/../../../../m68k-elf-rosco/lib/libc.a(libc_a-printf.o)
                0x000051e0                printf
 *fill*         0x00005206        0x2 
 .text          0x00005208        0x0 /opt/homebrew/Cellar/rosco-m68k-toolchain@13/HEAD-e2a4d4b/lib/gcc/m68k-elf-rosco/13.2.0/../../../../m68k-elf-rosco/lib/libc.a(libc_a-findfp.o)
 .text.__fp_lock
                0x00005208        0x4 /opt/homebrew/Cellar/rosco-m68k-toolchain@13/HEAD-e2a4d4b/lib/gcc/m68k-elf-rosco/13.2.0/../../../../m68k-elf-rosco/lib/libc.a(libc_a-findfp.o)
 .text.stdio_exit_handler
                0x0000520c       0x1e /opt/homebrew/Cellar/rosco-m68k-toolchain@13/HEAD-e2a4d4b/lib/gcc/m68k-elf-rosco/13.2.0/../../../../m68k-elf-rosco/lib/libc.a(libc_a-findfp.o)
 .text.cleanup_stdio
                0x0000522a       0x52 /opt/homebrew/Cellar/rosco-m68k-toolchain@13/HEAD-e2a4d4b/lib/gcc/m68k-elf-rosco/13.2.0/../../../../m68k-elf-rosco/lib/libc.a(libc_a-findfp.o)
 .text.__fp_unlock
                0x0000527c        0x4 /opt/homebrew/Cellar/rosco-m68k-toolchain@13/HEAD-e2a4d4b/lib/gcc/m68k-elf-rosco/13.2.0/../../../../m68k-elf-rosco/lib/libc.a(libc_a-findfp.o)
 .text.global_stdio_init.part.0
                0x00005280      0x178 /opt/homebrew/Cellar/rosco-m68k-toolchain@13/HEAD-e2a4d4b/lib/gcc/m68k-elf-rosco/13.2.0/../../../../m68k-elf-rosco/lib/libc.a(libc_a-findfp.o)
 .text.__sfp    0x000053f8      0x100 /opt/homebrew/Cellar/rosco-m68k-toolchain@13/HEAD-e2a4d4b/lib/gcc/m68k-elf-rosco/13.2.0/../../../../m68k-elf-rosco/lib/libc.a(libc_a-findfp.o)
                0x000053f8                __sfp
 .text.__sinit  0x000054f8       0x22 /opt/homebrew/Cellar/rosco-m68k-toolchain@13/HEAD-e2a4d4b/lib/gcc/m68k-elf-rosco/13.2.0/../../../../m68k-elf-rosco/lib/libc.a(libc_a-findfp.o)
                0x000054f8                __sinit
 .text.__sfp_lock_acquire
                0x0000551a        0x2 /opt/homebrew/Cellar/rosco-m68k-toolchain@13/HEAD-e2a4d4b/lib/gcc/m68k-elf-rosco/13.2.0/../../../../m68k-elf-rosco/lib/libc.a(libc_a-findfp.o)
                0x0000551a                __sfp_lock_acquire
 .text.__sfp_lock_release
                0x0000551c        0x2 /opt/homebrew/Cellar/rosco-m68k-toolchain@13/HEAD-e2a4d4b/lib/gcc/m68k-elf-rosco/13.2.0/../../../../m68k-elf-rosco/lib/libc.a(libc_a-findfp.o)
                0x0000551c                __sfp_lock_release
 .text.__fp_lock_all
                0x0000551e       0x1a /opt/homebrew/Cellar/rosco-m68k-toolchain@13/HEAD-e2a4d4b/lib/gcc/m68k-elf-rosco/13.2.0/../../../../m68k-elf-rosco/lib/libc.a(libc_a-findfp.o)
                0x0000551e                __fp_lock_all
 .text.__fp_unlock_all
                0x00005538       0x1a /opt/homebrew/Cellar/rosco-m68k-toolchain@13/HEAD-e2a4d4b/lib/gcc/m68k-elf-rosco/13.2.0/../../../../m68k-elf-rosco/lib/libc.a(libc_a-findfp.o)
                0x00005538                __fp_unlock_all
 *fill*         0x00005552        0x2 
 .text          0x00005554        0x0 /opt/homebrew/Cellar/rosco-m68k-toolchain@13/HEAD-e2a4d4b/lib/gcc/m68k-elf-rosco/13.2.0/../../../../m68k-elf-rosco/lib/libc.a(libc_a-fwalk.o)
 .text._fwalk_sglue
                0x00005554       0x56 /opt/homebrew/Cellar/rosco-m68k-toolchain@13/HEAD-e2a4d4b/lib/gcc/m68k-elf-rosco/13.2.0/../../../../m68k-elf-rosco/lib/libc.a(libc_a-fwalk.o)
                0x00005554                _fwalk_sglue
 *fill*         0x000055aa        0x2 
 .text          0x000055ac        0x0 /opt/homebrew/Cellar/rosco-m68k-toolchain@13/HEAD-e2a4d4b/lib/gcc/m68k-elf-rosco/13.2.0/../../../../m68k-elf-rosco/lib/libc.a(libc_a-impure.o)
 .text          0x000055ac       0x72 /opt/homebrew/Cellar/rosco-m68k-toolchain@13/HEAD-e2a4d4b/lib/gcc/m68k-elf-rosco/13.2.0/../../../../m68k-elf-rosco/lib/libc.a(libc_a-memset.o)
                0x000055ac                memset
 *fill*         0x0000561e        0x2 
 .text          0x00005620        0x0 /opt/homebrew/Cellar/rosco-m68k-toolchain@13/HEAD-e2a4d4b/lib/gcc/m68k-elf-rosco/13.2.0/../../../../m68k-elf-rosco/lib/libc.a(libc_a-__atexit.o)
 .text.__register_exitproc
                0x00005620       0x96 /opt/homebrew/Cellar/rosco-m68k-toolchain@13/HEAD-e2a4d4b/lib/gcc/m68k-elf-rosco/13.2.0/../../../../m68k-elf-rosco/lib/libc.a(libc_a-__atexit.o)
                0x00005620                __register_exitproc
 *fill*         0x000056b6        0x2 
 .text          0x000056b8        0x0 /opt/homebrew/Cellar/rosco-m68k-toolchain@13/HEAD-e2a4d4b/lib/gcc/m68k-elf-rosco/13.2.0/../../../../m68k-elf-rosco/lib/libc.a(libc_a-__call_atexit.o)
 .text.__call_exitprocs
                0x000056b8       0xbc /opt/homebrew/Cellar/rosco-m68k-toolchain@13/HEAD-e2a4d4b/lib/gcc/m68k-elf-rosco/13.2.0/../../../../m68k-elf-rosco/lib/libc.a(libc_a-__call_atexit.o)
                0x000056b8                __call_exitprocs
 .text          0x00005774        0x0 /opt/homebrew/Cellar/rosco-m68k-toolchain@13/HEAD-e2a4d4b/lib/gcc/m68k-elf-rosco/13.2.0/../../../../m68k-elf-rosco/lib/libc.a(libc_a-mallocr.o)
 .text._malloc_r
                0x00005774      0x842 /opt/homebrew/Cellar/rosco-m68k-toolchain@13/HEAD-e2a4d4b/lib/gcc/m68k-elf-rosco/13.2.0/../../../../m68k-elf-rosco/lib/libc.a(libc_a-mallocr.o)
                0x00005774                _malloc_r
 *fill*         0x00005fb6        0x2 
 .text          0x00005fb8        0x0 /opt/homebrew/Cellar/rosco-m68k-toolchain@13/HEAD-e2a4d4b/lib/gcc/m68k-elf-rosco/13.2.0/../../../../m68k-elf-rosco/lib/libc.a(libc_a-vfprintf.o)
 .text._vfprintf_r
                0x00005fb8     0x1d04 /opt/homebrew/Cellar/rosco-m68k-toolchain@13/HEAD-e2a4d4b/lib/gcc/m68k-elf-rosco/13.2.0/../../../../m68k-elf-rosco/lib/libc.a(libc_a-vfprintf.o)
                0x00005fb8                _vfprintf_r
 .text.vfprintf
                0x00007cbc       0x1e /opt/homebrew/Cellar/rosco-m68k-toolchain@13/HEAD-e2a4d4b/lib/gcc/m68k-elf-rosco/13.2.0/../../../../m68k-elf-rosco/lib/libc.a(libc_a-vfprintf.o)
                0x00007cbc                vfprintf
 .text.__sbprintf
                0x00007cda       0xa4 /opt/homebrew/Cellar/rosco-m68k-toolchain@13/HEAD-e2a4d4b/lib/gcc/m68k-elf-rosco/13.2.0/../../../../m68k-elf-rosco/lib/libc.a(libc_a-vfprintf.o)
 *fill*         0x00007d7e        0x2 
 .text          0x00007d80        0x0 /opt/homebrew/Cellar/rosco-m68k-toolchain@13/HEAD-e2a4d4b/lib/gcc/m68k-elf-rosco/13.2.0/../../../../m68k-elf-rosco/lib/libc.a(libc_a-mlock.o)
 .text.__malloc_lock
                0x00007d80        0x2 /opt/homebrew/Cellar/rosco-m68k-toolchain@13/HEAD-e2a4d4b/lib/gcc/m68k-elf-rosco/13.2.0/../../../../m68k-elf-rosco/lib/libc.a(libc_a-mlock.o)
                0x00007d80                __malloc_lock
 .text.__malloc_unlock
                0x00007d82        0x2 /opt/homebrew/Cellar/rosco-m68k-toolchain@13/HEAD-e2a4d4b/lib/gcc/m68k-elf-rosco/13.2.0/../../../../m68k-elf-rosco/lib/libc.a(libc_a-mlock.o)
                0x00007d82                __malloc_unlock
 .text          0x00007d84        0x0 /opt/homebrew/Cellar/rosco-m68k-toolchain@13/HEAD-e2a4d4b/lib/gcc/m68k-elf-rosco/13.2.0/../../../../m68k-elf-rosco/lib/libc.a(libc_a-sprint_r.o)
 .text.__sprint_r
                0x00007d84       0x36 /opt/homebrew/Cellar/rosco-m68k-toolchain@13/HEAD-e2a4d4b/lib/gcc/m68k-elf-rosco/13.2.0/../../../../m68k-elf-rosco/lib/libc.a(libc_a-sprint_r.o)
                0x00007d84                __sprint_r
 *fill*         0x00007dba        0x2 
 .text          0x00007dbc        0x0 /opt/homebrew/Cellar/rosco-m68k-toolchain@13/HEAD-e2a4d4b/lib/gcc/m68k-elf-rosco/13.2.0/../../../../m68k-elf-rosco/lib/libc.a(libc_a-fclose.o)
 .text._fclose_r
                0x00007dbc       0xd8 /opt/homebrew/Cellar/rosco-m68k-toolchain@13/HEAD-e2a4d4b/lib/gcc/m68k-elf-rosco/13.2.0/../../../../m68k-elf-rosco/lib/libc.a(libc_a-fclose.o)
                0x00007dbc                _fclose_r
 .text.fclose   0x00007e94       0x14 /opt/homebrew/Cellar/rosco-m68k-toolchain@13/HEAD-e2a4d4b/lib/gcc/m68k-elf-rosco/13.2.0/../../../../m68k-elf-rosco/lib/libc.a(libc_a-fclose.o)
                0x00007e94                fclose
 .text          0x00007ea8        0x0 /opt/homebrew/Cellar/rosco-m68k-toolchain@13/HEAD-e2a4d4b/lib/gcc/m68k-elf-rosco/13.2.0/../../../../m68k-elf-rosco/lib/libc.a(libc_a-fflush.o)
 .text.__sflush_r
                0x00007ea8      0x1ba /opt/homebrew/Cellar/rosco-m68k-toolchain@13/HEAD-e2a4d4b/lib/gcc/m68k-elf-rosco/13.2.0/../../../../m68k-elf-rosco/lib/libc.a(libc_a-fflush.o)
                0x00007ea8                __sflush_r
 .text._fflush_r
                0x00008062       0x44 /opt/homebrew/Cellar/rosco-m68k-toolchain@13/HEAD-e2a4d4b/lib/gcc/m68k-elf-rosco/13.2.0/../../../../m68k-elf-rosco/lib/libc.a(libc_a-fflush.o)
                0x00008062                _fflush_r
 .text.fflush   0x000080a6       0x74 /opt/homebrew/Cellar/rosco-m68k-toolchain@13/HEAD-e2a4d4b/lib/gcc/m68k-elf-rosco/13.2.0/../../../../m68k-elf-rosco/lib/libc.a(libc_a-fflush.o)
                0x000080a6                fflush
 *fill*         0x0000811a        0x2 
 .text          0x0000811c        0x0 /opt/homebrew/Cellar/rosco-m68k-toolchain@13/HEAD-e2a4d4b/lib/gcc/m68k-elf-rosco/13.2.0/../../../../m68k-elf-rosco/lib/libc.a(libc_a-stdio.o)
 .text.__sread  0x0000811c       0x38 /opt/homebrew/Cellar/rosco-m68k-toolchain@13/HEAD-e2a4d4b/lib/gcc/m68k-elf-rosco/13.2.0/../../../../m68k-elf-rosco/lib/libc.a(libc_a-stdio.o)
                0x0000811c                __sread
 .text.__seofread
                0x00008154        0x4 /opt/homebrew/Cellar/rosco-m68k-toolchain@13/HEAD-e2a4d4b/lib/gcc/m68k-elf-rosco/13.2.0/../../../../m68k-elf-rosco/lib/libc.a(libc_a-stdio.o)
                0x00008154                __seofread
 .text.__swrite
                0x00008158       0x86 /opt/homebrew/Cellar/rosco-m68k-toolchain@13/HEAD-e2a4d4b/lib/gcc/m68k-elf-rosco/13.2.0/../../../../m68k-elf-rosco/lib/libc.a(libc_a-stdio.o)
                0x00008158                __swrite
 .text.__sseek  0x000081de       0x40 /opt/homebrew/Cellar/rosco-m68k-toolchain@13/HEAD-e2a4d4b/lib/gcc/m68k-elf-rosco/13.2.0/../../../../m68k-elf-rosco/lib/libc.a(libc_a-stdio.o)
                0x000081de                __sseek
 .text.__sclose
                0x0000821e       0x12 /opt/homebrew/Cellar/rosco-m68k-toolchain@13/HEAD-e2a4d4b/lib/gcc/m68k-elf-rosco/13.2.0/../../../../m68k-elf-rosco/lib/libc.a(libc_a-stdio.o)
                0x0000821e                __sclose
 .text          0x00008230        0x0 /opt/homebrew/Cellar/rosco-m68k-toolchain@13/HEAD-e2a4d4b/lib/gcc/m68k-elf-rosco/13.2.0/../../../../m68k-elf-rosco/lib/libc.a(libc_a-fvwrite.o)
 .text.__sfvwrite_r
                0x00008230      0x3b6 /opt/homebrew/Cellar/rosco-m68k-toolchain@13/HEAD-e2a4d4b/lib/gcc/m68k-elf-rosco/13.2.0/../../../../m68k-elf-rosco/lib/libc.a(libc_a-fvwrite.o)
                0x00008230                __sfvwrite_r
 *fill*         0x000085e6        0x2 
 .text          0x000085e8        0x0 /opt/homebrew/Cellar/rosco-m68k-toolchain@13/HEAD-e2a4d4b/lib/gcc/m68k-elf-rosco/13.2.0/../../../../m68k-elf-rosco/lib/libc.a(libc_a-wsetup.o)
 .text.__swsetup_r
                0x000085e8      0x128 /opt/homebrew/Cellar/rosco-m68k-toolchain@13/HEAD-e2a4d4b/lib/gcc/m68k-elf-rosco/13.2.0/../../../../m68k-elf-rosco/lib/libc.a(libc_a-wsetup.o)
                0x000085e8                __swsetup_r
 .text          0x00008710        0x0 /opt/homebrew/Cellar/rosco-m68k-toolchain@13/HEAD-e2a4d4b/lib/gcc/m68k-elf-rosco/13.2.0/../../../../m68k-elf-rosco/lib/libc.a(libc_a-memchr.o)
 .text.memchr   0x00008710       0x9c /opt/homebrew/Cellar/rosco-m68k-toolchain@13/HEAD-e2a4d4b/lib/gcc/m68k-elf-rosco/13.2.0/../../../../m68k-elf-rosco/lib/libc.a(libc_a-memchr.o)
                0x00008710                memchr
 .text          0x000087ac        0x0 /opt/homebrew/Cellar/rosco-m68k-toolchain@13/HEAD-e2a4d4b/lib/gcc/m68k-elf-rosco/13.2.0/../../../../m68k-elf-rosco/lib/libc.a(libc_a-memmove.o)
 .text.memmove  0x000087ac       0xf8 /opt/homebrew/Cellar/rosco-m68k-toolchain@13/HEAD-e2a4d4b/lib/gcc/m68k-elf-rosco/13.2.0/../../../../m68k-elf-rosco/lib/libc.a(libc_a-memmove.o)
                0x000087ac                memmove
 .text          0x000088a4        0x0 /opt/homebrew/Cellar/rosco-m68k-toolchain@13/HEAD-e2a4d4b/lib/gcc/m68k-elf-rosco/13.2.0/../../../../m68k-elf-rosco/lib/libc.a(libc_a-localeconv.o)
 .text.__localeconv_l
                0x000088a4        0xc /opt/homebrew/Cellar/rosco-m68k-toolchain@13/HEAD-e2a4d4b/lib/gcc/m68k-elf-rosco/13.2.0/../../../../m68k-elf-rosco/lib/libc.a(libc_a-localeconv.o)
                0x000088a4                __localeconv_l
 .text._localeconv_r
                0x000088b0        0x8 /opt/homebrew/Cellar/rosco-m68k-toolchain@13/HEAD-e2a4d4b/lib/gcc/m68k-elf-rosco/13.2.0/../../../../m68k-elf-rosco/lib/libc.a(libc_a-localeconv.o)
                0x000088b0                _localeconv_r
 .text.localeconv
                0x000088b8        0x8 /opt/homebrew/Cellar/rosco-m68k-toolchain@13/HEAD-e2a4d4b/lib/gcc/m68k-elf-rosco/13.2.0/../../../../m68k-elf-rosco/lib/libc.a(libc_a-localeconv.o)
                0x000088b8                localeconv
 .text          0x000088c0        0x0 /opt/homebrew/Cellar/rosco-m68k-toolchain@13/HEAD-e2a4d4b/lib/gcc/m68k-elf-rosco/13.2.0/../../../../m68k-elf-rosco/lib/libc.a(libc_a-closer.o)
 .text._close_r
                0x000088c0       0x2a /opt/homebrew/Cellar/rosco-m68k-toolchain@13/HEAD-e2a4d4b/lib/gcc/m68k-elf-rosco/13.2.0/../../../../m68k-elf-rosco/lib/libc.a(libc_a-closer.o)
                0x000088c0                _close_r
 *fill*         0x000088ea        0x2 
 .text          0x000088ec        0x0 /opt/homebrew/Cellar/rosco-m68k-toolchain@13/HEAD-e2a4d4b/lib/gcc/m68k-elf-rosco/13.2.0/../../../../m68k-elf-rosco/lib/libc.a(libc_a-reent.o)
 .text._reclaim_reent
                0x000088ec       0xb6 /opt/homebrew/Cellar/rosco-m68k-toolchain@13/HEAD-e2a4d4b/lib/gcc/m68k-elf-rosco/13.2.0/../../../../m68k-elf-rosco/lib/libc.a(libc_a-reent.o)
                0x000088ec                _reclaim_reent
 *fill*         0x000089a2        0x2 
 .text          0x000089a4        0x0 /opt/homebrew/Cellar/rosco-m68k-toolchain@13/HEAD-e2a4d4b/lib/gcc/m68k-elf-rosco/13.2.0/../../../../m68k-elf-rosco/lib/libc.a(libc_a-lseekr.o)
 .text._lseek_r
                0x000089a4       0x34 /opt/homebrew/Cellar/rosco-m68k-toolchain@13/HEAD-e2a4d4b/lib/gcc/m68k-elf-rosco/13.2.0/../../../../m68k-elf-rosco/lib/libc.a(libc_a-lseekr.o)
                0x000089a4                _lseek_r
 .text          0x000089d8        0x0 /opt/homebrew/Cellar/rosco-m68k-toolchain@13/HEAD-e2a4d4b/lib/gcc/m68k-elf-rosco/13.2.0/../../../../m68k-elf-rosco/lib/libc.a(libc_a-readr.o)
 .text._read_r  0x000089d8       0x34 /opt/homebrew/Cellar/rosco-m68k-toolchain@13/HEAD-e2a4d4b/lib/gcc/m68k-elf-rosco/13.2.0/../../../../m68k-elf-rosco/lib/libc.a(libc_a-readr.o)
                0x000089d8                _read_r
 .text          0x00008a0c        0x0 /opt/homebrew/Cellar/rosco-m68k-toolchain@13/HEAD-e2a4d4b/lib/gcc/m68k-elf-rosco/13.2.0/../../../../m68k-elf-rosco/lib/libc.a(libc_a-sbrkr.o)
 .text._sbrk_r  0x00008a0c       0x2a /opt/homebrew/Cellar/rosco-m68k-toolchain@13/HEAD-e2a4d4b/lib/gcc/m68k-elf-rosco/13.2.0/../../../../m68k-elf-rosco/lib/libc.a(libc_a-sbrkr.o)
                0x00008a0c                _sbrk_r
 *fill*         0x00008a36        0x2 
 .text          0x00008a38        0x0 /opt/homebrew/Cellar/rosco-m68k-toolchain@13/HEAD-e2a4d4b/lib/gcc/m68k-elf-rosco/13.2.0/../../../../m68k-elf-rosco/lib/libc.a(libc_a-writer.o)
 .text._write_r
                0x00008a38       0x34 /opt/homebrew/Cellar/rosco-m68k-toolchain@13/HEAD-e2a4d4b/lib/gcc/m68k-elf-rosco/13.2.0/../../../../m68k-elf-rosco/lib/libc.a(libc_a-writer.o)
                0x00008a38                _write_r
 .text          0x00008a6c        0x0 /opt/homebrew/Cellar/rosco-m68k-toolchain@13/HEAD-e2a4d4b/lib/gcc/m68k-elf-rosco/13.2.0/../../../../m68k-elf-rosco/lib/libc.a(libc_a-strlen.o)
 .text.strlen   0x00008a6c       0x14 /opt/homebrew/Cellar/rosco-m68k-toolchain@13/HEAD-e2a4d4b/lib/gcc/m68k-elf-rosco/13.2.0/../../../../m68k-elf-rosco/lib/libc.a(libc_a-strlen.o)
                0x00008a6c                strlen
 .text          0x00008a80       0x6e /opt/homebrew/Cellar/rosco-m68k-toolchain@13/HEAD-e2a4d4b/lib/gcc/m68k-elf-rosco/13.2.0/../../../../m68k-elf-rosco/lib/libc.a(libc_a-memcpy.o)
                0x00008a80                memcpy
 *fill*         0x00008aee        0x2 
 .text          0x00008af0        0x0 /opt/homebrew/Cellar/rosco-m68k-toolchain@13/HEAD-e2a4d4b/lib/gcc/m68k-elf-rosco/13.2.0/../../../../m68k-elf-rosco/lib/libc.a(libc_a-dtoa.o)
 .text.quorem   0x00008af0      0x1a2 /opt/homebrew/Cellar/rosco-m68k-toolchain@13/HEAD-e2a4d4b/lib/gcc/m68k-elf-rosco/13.2.0/../../../../m68k-elf-rosco/lib/libc.a(libc_a-dtoa.o)
 .text._dtoa_r  0x00008c92     0x196a /opt/homebrew/Cellar/rosco-m68k-toolchain@13/HEAD-e2a4d4b/lib/gcc/m68k-elf-rosco/13.2.0/../../../../m68k-elf-rosco/lib/libc.a(libc_a-dtoa.o)
                0x00008c92                _dtoa_r
 .text          0x0000a5fc        0x0 /opt/homebrew/Cellar/rosco-m68k-toolchain@13/HEAD-e2a4d4b/lib/gcc/m68k-elf-rosco/13.2.0/../../../../m68k-elf-rosco/lib/libc.a(libc_a-freer.o)
 .text._malloc_trim_r
                0x0000a5fc       0xda /opt/homebrew/Cellar/rosco-m68k-toolchain@13/HEAD-e2a4d4b/lib/gcc/m68k-elf-rosco/13.2.0/../../../../m68k-elf-rosco/lib/libc.a(libc_a-freer.o)
                0x0000a5fc                _malloc_trim_r
 .text._free_r  0x0000a6d6      0x352 /opt/homebrew/Cellar/rosco-m68k-toolchain@13/HEAD-e2a4d4b/lib/gcc/m68k-elf-rosco/13.2.0/../../../../m68k-elf-rosco/lib/libc.a(libc_a-freer.o)
                0x0000a6d6                _free_r
 .text          0x0000aa28        0x0 /opt/homebrew/Cellar/rosco-m68k-toolchain@13/HEAD-e2a4d4b/lib/gcc/m68k-elf-rosco/13.2.0/../../../../m68k-elf-rosco/lib/libc.a(libc_a-mprec.o)
 .text._Balloc  0x0000aa28       0x90 /opt/homebrew/Cellar/rosco-m68k-toolchain@13/HEAD-e2a4d4b/lib/gcc/m68k-elf-rosco/13.2.0/../../../../m68k-elf-rosco/lib/libc.a(libc_a-mprec.o)
                0x0000aa28                _Balloc
 .text._Bfree   0x0000aab8       0x24 /opt/homebrew/Cellar/rosco-m68k-toolchain@13/HEAD-e2a4d4b/lib/gcc/m68k-elf-rosco/13.2.0/../../../../m68k-elf-rosco/lib/libc.a(libc_a-mprec.o)
                0x0000aab8                _Bfree
 .text.__multadd
                0x0000aadc       0xfc /opt/homebrew/Cellar/rosco-m68k-toolchain@13/HEAD-e2a4d4b/lib/gcc/m68k-elf-rosco/13.2.0/../../../../m68k-elf-rosco/lib/libc.a(libc_a-mprec.o)
                0x0000aadc                __multadd
 .text.__s2b    0x0000abd8       0xe4 /opt/homebrew/Cellar/rosco-m68k-toolchain@13/HEAD-e2a4d4b/lib/gcc/m68k-elf-rosco/13.2.0/../../../../m68k-elf-rosco/lib/libc.a(libc_a-mprec.o)
                0x0000abd8                __s2b
 .text.__hi0bits
                0x0000acbc       0x66 /opt/homebrew/Cellar/rosco-m68k-toolchain@13/HEAD-e2a4d4b/lib/gcc/m68k-elf-rosco/13.2.0/../../../../m68k-elf-rosco/lib/libc.a(libc_a-mprec.o)
                0x0000acbc                __hi0bits
 .text.__lo0bits
                0x0000ad22       0x76 /opt/homebrew/Cellar/rosco-m68k-toolchain@13/HEAD-e2a4d4b/lib/gcc/m68k-elf-rosco/13.2.0/../../../../m68k-elf-rosco/lib/libc.a(libc_a-mprec.o)
                0x0000ad22                __lo0bits
 .text.__i2b    0x0000ad98       0xa4 /opt/homebrew/Cellar/rosco-m68k-toolchain@13/HEAD-e2a4d4b/lib/gcc/m68k-elf-rosco/13.2.0/../../../../m68k-elf-rosco/lib/libc.a(libc_a-mprec.o)
                0x0000ad98                __i2b
 .text.__multiply
                0x0000ae3c      0x20a /opt/homebrew/Cellar/rosco-m68k-toolchain@13/HEAD-e2a4d4b/lib/gcc/m68k-elf-rosco/13.2.0/../../../../m68k-elf-rosco/lib/libc.a(libc_a-mprec.o)
                0x0000ae3c                __multiply
 .text.__pow5mult
                0x0000b046       0xfc /opt/homebrew/Cellar/rosco-m68k-toolchain@13/HEAD-e2a4d4b/lib/gcc/m68k-elf-rosco/13.2.0/../../../../m68k-elf-rosco/lib/libc.a(libc_a-mprec.o)
                0x0000b046                __pow5mult
 .text.__lshift
                0x0000b142      0x112 /opt/homebrew/Cellar/rosco-m68k-toolchain@13/HEAD-e2a4d4b/lib/gcc/m68k-elf-rosco/13.2.0/../../../../m68k-elf-rosco/lib/libc.a(libc_a-mprec.o)
                0x0000b142                __lshift
 .text.__mcmp   0x0000b254       0x4e /opt/homebrew/Cellar/rosco-m68k-toolchain@13/HEAD-e2a4d4b/lib/gcc/m68k-elf-rosco/13.2.0/../../../../m68k-elf-rosco/lib/libc.a(libc_a-mprec.o)
                0x0000b254                __mcmp
 .text.__mdiff  0x0000b2a2      0x1d0 /opt/homebrew/Cellar/rosco-m68k-toolchain@13/HEAD-e2a4d4b/lib/gcc/m68k-elf-rosco/13.2.0/../../../../m68k-elf-rosco/lib/libc.a(libc_a-mprec.o)
                0x0000b2a2                __mdiff
 .text.__ulp    0x0000b472       0x52 /opt/homebrew/Cellar/rosco-m68k-toolchain@13/HEAD-e2a4d4b/lib/gcc/m68k-elf-rosco/13.2.0/../../../../m68k-elf-rosco/lib/libc.a(libc_a-mprec.o)
                0x0000b472                __ulp
 .text.__b2d    0x0000b4c4       0xf4 /opt/homebrew/Cellar/rosco-m68k-toolchain@13/HEAD-e2a4d4b/lib/gcc/m68k-elf-rosco/13.2.0/../../../../m68k-elf-rosco/lib/libc.a(libc_a-mprec.o)
                0x0000b4c4                __b2d
 .text.__d2b    0x0000b5b8      0x122 /opt/homebrew/Cellar/rosco-m68k-toolchain@13/HEAD-e2a4d4b/lib/gcc/m68k-elf-rosco/13.2.0/../../../../m68k-elf-rosco/lib/libc.a(libc_a-mprec.o)
                0x0000b5b8                __d2b
 .text.__ratio  0x0000b6da       0x9a /opt/homebrew/Cellar/rosco-m68k-toolchain@13/HEAD-e2a4d4b/lib/gcc/m68k-elf-rosco/13.2.0/../../../../m68k-elf-rosco/lib/libc.a(libc_a-mprec.o)
                0x0000b6da                __ratio
 .text._mprec_log10
                0x0000b774       0x5a /opt/homebrew/Cellar/rosco-m68k-toolchain@13/HEAD-e2a4d4b/lib/gcc/m68k-elf-rosco/13.2.0/../../../../m68k-elf-rosco/lib/libc.a(libc_a-mprec.o)
                0x0000b774                _mprec_log10
 .text.__copybits
                0x0000b7ce       0x58 /opt/homebrew/Cellar/rosco-m68k-toolchain@13/HEAD-e2a4d4b/lib/gcc/m68k-elf-rosco/13.2.0/../../../../m68k-elf-rosco/lib/libc.a(libc_a-mprec.o)
                0x0000b7ce                __copybits
 .text.__any_on
                0x0000b826       0x5a /opt/homebrew/Cellar/rosco-m68k-toolchain@13/HEAD-e2a4d4b/lib/gcc/m68k-elf-rosco/13.2.0/../../../../m68k-elf-rosco/lib/libc.a(libc_a-mprec.o)
                0x0000b826                __any_on
 .text          0x0000b880        0x0 /opt/homebrew/Cellar/rosco-m68k-toolchain@13/HEAD-e2a4d4b/lib/gcc/m68k-elf-rosco/13.2.0/../../../../m68k-elf-rosco/lib/libc.a(libc_a-makebuf.o)
 .text.__smakebuf_r
                0x0000b880      0x136 /opt/homebrew/Cellar/rosco-m68k-toolchain@13/HEAD-e2a4d4b/lib/gcc/m68k-elf-rosco/13.2.0/../../../../m68k-elf-rosco/lib/libc.a(libc_a-makebuf.o)
                0x0000b880                __smakebuf_r
 .text.__swhatbuf_r
                0x0000b9b6       0x9c /opt/homebrew/Cellar/rosco-m68k-toolchain@13/HEAD-e2a4d4b/lib/gcc/m68k-elf-rosco/13.2.0/../../../../m68k-elf-rosco/lib/libc.a(libc_a-makebuf.o)
                0x0000b9b6                __swhatbuf_r
 *fill*         0x0000ba52        0x2 
 .text          0x0000ba54        0x0 /opt/homebrew/Cellar/rosco-m68k-toolchain@13/HEAD-e2a4d4b/lib/gcc/m68k-elf-rosco/13.2.0/../../../../m68k-elf-rosco/lib/libc.a(libc_a-reallocr.o)
 .text._realloc_r
                0x0000ba54      0x5f0 /opt/homebrew/Cellar/rosco-m68k-toolchain@13/HEAD-e2a4d4b/lib/gcc/m68k-elf-rosco/13.2.0/../../../../m68k-elf-rosco/lib/libc.a(libc_a-reallocr.o)
                0x0000ba54                _realloc_r
 .text          0x0000c044        0x0 /opt/homebrew/Cellar/rosco-m68k-toolchain@13/HEAD-e2a4d4b/lib/gcc/m68k-elf-rosco/13.2.0/../../../../m68k-elf-rosco/lib/libc.a(libc_a-locale.o)
 .text._setlocale_r
                0x0000c044       0x54 /opt/homebrew/Cellar/rosco-m68k-toolchain@13/HEAD-e2a4d4b/lib/gcc/m68k-elf-rosco/13.2.0/../../../../m68k-elf-rosco/lib/libc.a(libc_a-locale.o)
                0x0000c044                _setlocale_r
 .text.__locale_mb_cur_max
                0x0000c098        0xc /opt/homebrew/Cellar/rosco-m68k-toolchain@13/HEAD-e2a4d4b/lib/gcc/m68k-elf-rosco/13.2.0/../../../../m68k-elf-rosco/lib/libc.a(libc_a-locale.o)
                0x0000c098                __locale_mb_cur_max
 .text.setlocale
                0x0000c0a4       0x54 /opt/homebrew/Cellar/rosco-m68k-toolchain@13/HEAD-e2a4d4b/lib/gcc/m68k-elf-rosco/13.2.0/../../../../m68k-elf-rosco/lib/libc.a(libc_a-locale.o)
                0x0000c0a4                setlocale
 .text          0x0000c0f8        0x0 /opt/homebrew/Cellar/rosco-m68k-toolchain@13/HEAD-e2a4d4b/lib/gcc/m68k-elf-rosco/13.2.0/../../../../m68k-elf-rosco/lib/libc.a(libc_a-fstatr.o)
 .text._fstat_r
                0x0000c0f8       0x2e /opt/homebrew/Cellar/rosco-m68k-toolchain@13/HEAD-e2a4d4b/lib/gcc/m68k-elf-rosco/13.2.0/../../../../m68k-elf-rosco/lib/libc.a(libc_a-fstatr.o)
                0x0000c0f8                _fstat_r
 *fill*         0x0000c126        0x2 
 .text          0x0000c128        0x0 /opt/homebrew/Cellar/rosco-m68k-toolchain@13/HEAD-e2a4d4b/lib/gcc/m68k-elf-rosco/13.2.0/../../../../m68k-elf-rosco/lib/libc.a(libc_a-isattyr.o)
 .text._isatty_r
                0x0000c128       0x2a /opt/homebrew/Cellar/rosco-m68k-toolchain@13/HEAD-e2a4d4b/lib/gcc/m68k-elf-rosco/13.2.0/../../../../m68k-elf-rosco/lib/libc.a(libc_a-isattyr.o)
                0x0000c128                _isatty_r
 *fill*         0x0000c152        0x2 
 .text          0x0000c154        0x0 /opt/homebrew/Cellar/rosco-m68k-toolchain@13/HEAD-e2a4d4b/lib/gcc/m68k-elf-rosco/13.2.0/../../../../m68k-elf-rosco/lib/libc.a(libc_a-ctype_.o)
 .text          0x0000c154        0x0 /opt/homebrew/Cellar/rosco-m68k-toolchain@13/HEAD-e2a4d4b/lib/gcc/m68k-elf-rosco/13.2.0/../../../../m68k-elf-rosco/lib/libc.a(libc_a-assert.o)
 .text.__assert_func
                0x0000c154       0x6c /opt/homebrew/Cellar/rosco-m68k-toolchain@13/HEAD-e2a4d4b/lib/gcc/m68k-elf-rosco/13.2.0/../../../../m68k-elf-rosco/lib/libc.a(libc_a-assert.o)
                0x0000c154                __assert_func
 .text.__assert
                0x0000c1c0       0x14 /opt/homebrew/Cellar/rosco-m68k-toolchain@13/HEAD-e2a4d4b/lib/gcc/m68k-elf-rosco/13.2.0/../../../../m68k-elf-rosco/lib/libc.a(libc_a-assert.o)
                0x0000c1c0                __assert
 .text          0x0000c1d4        0x0 /opt/homebrew/Cellar/rosco-m68k-toolchain@13/HEAD-e2a4d4b/lib/gcc/m68k-elf-rosco/13.2.0/../../../../m68k-elf-rosco/lib/libc.a(libc_a-callocr.o)
 .text._calloc_r
                0x0000c1d4      0x13a /opt/homebrew/Cellar/rosco-m68k-toolchain@13/HEAD-e2a4d4b/lib/gcc/m68k-elf-rosco/13.2.0/../../../../m68k-elf-rosco/lib/libc.a(libc_a-callocr.o)
                0x0000c1d4                _calloc_r
 *fill*         0x0000c30e        0x2 
 .text          0x0000c310        0x0 /opt/homebrew/Cellar/rosco-m68k-toolchain@13/HEAD-e2a4d4b/lib/gcc/m68k-elf-rosco/13.2.0/../../../../m68k-elf-rosco/lib/libc.a(libc_a-fiprintf.o)
 .text._fiprintf_r
                0x0000c310       0x22 /opt/homebrew/Cellar/rosco-m68k-toolchain@13/HEAD-e2a4d4b/lib/gcc/m68k-elf-rosco/13.2.0/../../../../m68k-elf-rosco/lib/libc.a(libc_a-fiprintf.o)
                0x0000c310                _fiprintf_r
 .text.fiprintf
                0x0000c332       0x24 /opt/homebrew/Cellar/rosco-m68k-toolchain@13/HEAD-e2a4d4b/lib/gcc/m68k-elf-rosco/13.2.0/../../../../m68k-elf-rosco/lib/libc.a(libc_a-fiprintf.o)
                0x0000c332                fiprintf
 *fill*         0x0000c356        0x2 
 .text          0x0000c358        0x0 /opt/homebrew/Cellar/rosco-m68k-toolchain@13/HEAD-e2a4d4b/lib/gcc/m68k-elf-rosco/13.2.0/../../../../m68k-elf-rosco/lib/libc.a(libc_a-mbtowc_r.o)
 .text._mbtowc_r
                0x0000c358        0x8 /opt/homebrew/Cellar/rosco-m68k-toolchain@13/HEAD-e2a4d4b/lib/gcc/m68k-elf-rosco/13.2.0/../../../../m68k-elf-rosco/lib/libc.a(libc_a-mbtowc_r.o)
                0x0000c358                _mbtowc_r
 .text.__ascii_mbtowc
                0x0000c360       0x44 /opt/homebrew/Cellar/rosco-m68k-toolchain@13/HEAD-e2a4d4b/lib/gcc/m68k-elf-rosco/13.2.0/../../../../m68k-elf-rosco/lib/libc.a(libc_a-mbtowc_r.o)
                0x0000c360                __ascii_mbtowc
 .text          0x0000c3a4        0x0 /opt/homebrew/Cellar/rosco-m68k-toolchain@13/HEAD-e2a4d4b/lib/gcc/m68k-elf-rosco/13.2.0/../../../../m68k-elf-rosco/lib/libc.a(libc_a-vfiprintf.o)
 .text._vfiprintf_r
                0x0000c3a4      0xdce /opt/homebrew/Cellar/rosco-m68k-toolchain@13/HEAD-e2a4d4b/lib/gcc/m68k-elf-rosco/13.2.0/../../../../m68k-elf-rosco/lib/libc.a(libc_a-vfiprintf.o)
                0x0000c3a4                _vfiprintf_r
 .text.vfiprintf
                0x0000d172       0x1e /opt/homebrew/Cellar/rosco-m68k-toolchain@13/HEAD-e2a4d4b/lib/gcc/m68k-elf-rosco/13.2.0/../../../../m68k-elf-rosco/lib/libc.a(libc_a-vfiprintf.o)
                0x0000d172                vfiprintf
 .text.__sbprintf
                0x0000d190       0xa4 /opt/homebrew/Cellar/rosco-m68k-toolchain@13/HEAD-e2a4d4b/lib/gcc/m68k-elf-rosco/13.2.0/../../../../m68k-elf-rosco/lib/libc.a(libc_a-vfiprintf.o)
 .text          0x0000d234        0x0 /opt/homebrew/Cellar/rosco-m68k-toolchain@13/HEAD-e2a4d4b/lib/gcc/m68k-elf-rosco/13.2.0/../../../../m68k-elf-rosco/lib/libc.a(libc_a-wctomb_r.o)
 .text._wctomb_r
                0x0000d234        0x8 /opt/homebrew/Cellar/rosco-m68k-toolchain@13/HEAD-e2a4d4b/lib/gcc/m68k-elf-rosco/13.2.0/../../../../m68k-elf-rosco/lib/libc.a(libc_a-wctomb_r.o)
                0x0000d234                _wctomb_r
 .text.__ascii_wctomb
                0x0000d23c       0x2e /opt/homebrew/Cellar/rosco-m68k-toolchain@13/HEAD-e2a4d4b/lib/gcc/m68k-elf-rosco/13.2.0/../../../../m68k-elf-rosco/lib/libc.a(libc_a-wctomb_r.o)
                0x0000d23c                __ascii_wctomb
 *fill*         0x0000d26a        0x2 
 .text          0x0000d26c        0x0 /opt/homebrew/Cellar/rosco-m68k-toolchain@13/HEAD-e2a4d4b/lib/gcc/m68k-elf-rosco/13.2.0/../../../../m68k-elf-rosco/lib/libc.a(libc_a-strcmp.o)
 .text.strcmp   0x0000d26c       0x78 /opt/homebrew/Cellar/rosco-m68k-toolchain@13/HEAD-e2a4d4b/lib/gcc/m68k-elf-rosco/13.2.0/../../../../m68k-elf-rosco/lib/libc.a(libc_a-strcmp.o)
                0x0000d26c                strcmp
 .text          0x0000d2e4        0x0 /opt/homebrew/Cellar/rosco-m68k-toolchain@13/HEAD-e2a4d4b/lib/gcc/m68k-elf-rosco/13.2.0/../../../../m68k-elf-rosco/lib/libc.a(libc_a-errno.o)
 .text.__errno  0x0000d2e4        0x8 /opt/homebrew/Cellar/rosco-m68k-toolchain@13/HEAD-e2a4d4b/lib/gcc/m68k-elf-rosco/13.2.0/../../../../m68k-elf-rosco/lib/libc.a(libc_a-errno.o)
                0x0000d2e4                __errno
 .text          0x0000d2ec        0x0 /opt/homebrew/Cellar/rosco-m68k-toolchain@13/HEAD-e2a4d4b/lib/gcc/m68k-elf-rosco/13.2.0/../../../../m68k-elf-rosco/lib/libc.a(libc_a-abort.o)
 .text.abort    0x0000d2ec       0x14 /opt/homebrew/Cellar/rosco-m68k-toolchain@13/HEAD-e2a4d4b/lib/gcc/m68k-elf-rosco/13.2.0/../../../../m68k-elf-rosco/lib/libc.a(libc_a-abort.o)
                0x0000d2ec                abort
 .text          0x0000d300        0x0 /opt/homebrew/Cellar/rosco-m68k-toolchain@13/HEAD-e2a4d4b/lib/gcc/m68k-elf-rosco/13.2.0/../../../../m68k-elf-rosco/lib/libc.a(libc_a-signal.o)
 .text._init_signal_r
                0x0000d300       0x42 /opt/homebrew/Cellar/rosco-m68k-toolchain@13/HEAD-e2a4d4b/lib/gcc/m68k-elf-rosco/13.2.0/../../../../m68k-elf-rosco/lib/libc.a(libc_a-signal.o)
                0x0000d300                _init_signal_r
 .text._signal_r
                0x0000d342       0x64 /opt/homebrew/Cellar/rosco-m68k-toolchain@13/HEAD-e2a4d4b/lib/gcc/m68k-elf-rosco/13.2.0/../../../../m68k-elf-rosco/lib/libc.a(libc_a-signal.o)
                0x0000d342                _signal_r
 .text._raise_r
                0x0000d3a6       0x7c /opt/homebrew/Cellar/rosco-m68k-toolchain@13/HEAD-e2a4d4b/lib/gcc/m68k-elf-rosco/13.2.0/../../../../m68k-elf-rosco/lib/libc.a(libc_a-signal.o)
                0x0000d3a6                _raise_r
 .text.__sigtramp_r
                0x0000d422       0x92 /opt/homebrew/Cellar/rosco-m68k-toolchain@13/HEAD-e2a4d4b/lib/gcc/m68k-elf-rosco/13.2.0/../../../../m68k-elf-rosco/lib/libc.a(libc_a-signal.o)
                0x0000d422                __sigtramp_r
 .text.raise    0x0000d4b4       0x7e /opt/homebrew/Cellar/rosco-m68k-toolchain@13/HEAD-e2a4d4b/lib/gcc/m68k-elf-rosco/13.2.0/../../../../m68k-elf-rosco/lib/libc.a(libc_a-signal.o)
                0x0000d4b4                raise
 .text.signal   0x0000d532       0x66 /opt/homebrew/Cellar/rosco-m68k-toolchain@13/HEAD-e2a4d4b/lib/gcc/m68k-elf-rosco/13.2.0/../../../../m68k-elf-rosco/lib/libc.a(libc_a-signal.o)
                0x0000d532                signal
 .text._init_signal
                0x0000d598       0x44 /opt/homebrew/Cellar/rosco-m68k-toolchain@13/HEAD-e2a4d4b/lib/gcc/m68k-elf-rosco/13.2.0/../../../../m68k-elf-rosco/lib/libc.a(libc_a-signal.o)
                0x0000d598                _init_signal
 .text.__sigtramp
                0x0000d5dc       0x94 /opt/homebrew/Cellar/rosco-m68k-toolchain@13/HEAD-e2a4d4b/lib/gcc/m68k-elf-rosco/13.2.0/../../../../m68k-elf-rosco/lib/libc.a(libc_a-signal.o)
                0x0000d5dc                __sigtramp
 .text          0x0000d670        0x0 /opt/homebrew/Cellar/rosco-m68k-toolchain@13/HEAD-e2a4d4b/lib/gcc/m68k-elf-rosco/13.2.0/../../../../m68k-elf-rosco/lib/libc.a(libc_a-signalr.o)
 .text._kill_r  0x0000d670       0x2e /opt/homebrew/Cellar/rosco-m68k-toolchain@13/HEAD-e2a4d4b/lib/gcc/m68k-elf-rosco/13.2.0/../../../../m68k-elf-rosco/lib/libc.a(libc_a-signalr.o)
                0x0000d670                _kill_r
 .text._getpid_r
                0x0000d69e        0x6 /opt/homebrew/Cellar/rosco-m68k-toolchain@13/HEAD-e2a4d4b/lib/gcc/m68k-elf-rosco/13.2.0/../../../../m68k-elf-rosco/lib/libc.a(libc_a-signalr.o)
                0x0000d69e                _getpid_r
 .text          0x0000d6a4        0x0 /opt/homebrew/Cellar/rosco-m68k-toolchain@13/HEAD-e2a4d4b/lib/gcc/m68k-elf-rosco/13.2.0/../../../../m68k-elf-rosco/lib/librosco.a(syscalls.o)
 .text._exit    0x0000d6a4        0x8 /opt/homebrew/Cellar/rosco-m68k-toolchain@13/HEAD-e2a4d4b/lib/gcc/m68k-elf-rosco/13.2.0/../../../../m68k-elf-rosco/lib/librosco.a(syscalls.o)
                0x0000d6a4                _exit
 .text._close   0x0000d6ac       0x7e /opt/homebrew/Cellar/rosco-m68k-toolchain@13/HEAD-e2a4d4b/lib/gcc/m68k-elf-rosco/13.2.0/../../../../m68k-elf-rosco/lib/librosco.a(syscalls.o)
                0x0000d6ac                _close
 .text._execve  0x0000d72a        0xc /opt/homebrew/Cellar/rosco-m68k-toolchain@13/HEAD-e2a4d4b/lib/gcc/m68k-elf-rosco/13.2.0/../../../../m68k-elf-rosco/lib/librosco.a(syscalls.o)
                0x0000d72a                _execve
 .text._fork    0x0000d736        0xc /opt/homebrew/Cellar/rosco-m68k-toolchain@13/HEAD-e2a4d4b/lib/gcc/m68k-elf-rosco/13.2.0/../../../../m68k-elf-rosco/lib/librosco.a(syscalls.o)
                0x0000d736                _fork
 .text._fstat   0x0000d742       0x98 /opt/homebrew/Cellar/rosco-m68k-toolchain@13/HEAD-e2a4d4b/lib/gcc/m68k-elf-rosco/13.2.0/../../../../m68k-elf-rosco/lib/librosco.a(syscalls.o)
                0x0000d742                _fstat
 .text._getpid  0x0000d7da        0x4 /opt/homebrew/Cellar/rosco-m68k-toolchain@13/HEAD-e2a4d4b/lib/gcc/m68k-elf-rosco/13.2.0/../../../../m68k-elf-rosco/lib/librosco.a(syscalls.o)
                0x0000d7da                _getpid
 .text._isatty  0x0000d7de       0x10 /opt/homebrew/Cellar/rosco-m68k-toolchain@13/HEAD-e2a4d4b/lib/gcc/m68k-elf-rosco/13.2.0/../../../../m68k-elf-rosco/lib/librosco.a(syscalls.o)
                0x0000d7de                _isatty
 .text._kill    0x0000d7ee        0xc /opt/homebrew/Cellar/rosco-m68k-toolchain@13/HEAD-e2a4d4b/lib/gcc/m68k-elf-rosco/13.2.0/../../../../m68k-elf-rosco/lib/librosco.a(syscalls.o)
                0x0000d7ee                _kill
 .text._link    0x0000d7fa        0xc /opt/homebrew/Cellar/rosco-m68k-toolchain@13/HEAD-e2a4d4b/lib/gcc/m68k-elf-rosco/13.2.0/../../../../m68k-elf-rosco/lib/librosco.a(syscalls.o)
                0x0000d7fa                _link
 .text._lseek   0x0000d806       0x68 /opt/homebrew/Cellar/rosco-m68k-toolchain@13/HEAD-e2a4d4b/lib/gcc/m68k-elf-rosco/13.2.0/../../../../m68k-elf-rosco/lib/librosco.a(syscalls.o)
                0x0000d806                _lseek
 .text._sd_open
                0x0000d86e       0x96 /opt/homebrew/Cellar/rosco-m68k-toolchain@13/HEAD-e2a4d4b/lib/gcc/m68k-elf-rosco/13.2.0/../../../../m68k-elf-rosco/lib/librosco.a(syscalls.o)
                0x0000d86e                _sd_open
 .text._open    0x0000d904       0xba /opt/homebrew/Cellar/rosco-m68k-toolchain@13/HEAD-e2a4d4b/lib/gcc/m68k-elf-rosco/13.2.0/../../../../m68k-elf-rosco/lib/librosco.a(syscalls.o)
                0x0000d904                _open
 .text._read    0x0000d9be      0x124 /opt/homebrew/Cellar/rosco-m68k-toolchain@13/HEAD-e2a4d4b/lib/gcc/m68k-elf-rosco/13.2.0/../../../../m68k-elf-rosco/lib/librosco.a(syscalls.o)
                0x0000d9be                _read
 .text._sbrk    0x0000dae2       0x72 /opt/homebrew/Cellar/rosco-m68k-toolchain@13/HEAD-e2a4d4b/lib/gcc/m68k-elf-rosco/13.2.0/../../../../m68k-elf-rosco/lib/librosco.a(syscalls.o)
                0x0000dae2                _sbrk
 .text._sd_stat
                0x0000db54      0x120 /opt/homebrew/Cellar/rosco-m68k-toolchain@13/HEAD-e2a4d4b/lib/gcc/m68k-elf-rosco/13.2.0/../../../../m68k-elf-rosco/lib/librosco.a(syscalls.o)
                0x0000db54                _sd_stat
 .text._stat    0x0000dc74       0x9c /opt/homebrew/Cellar/rosco-m68k-toolchain@13/HEAD-e2a4d4b/lib/gcc/m68k-elf-rosco/13.2.0/../../../../m68k-elf-rosco/lib/librosco.a(syscalls.o)
                0x0000dc74                _stat
 .text._times   0x0000dd10       0x1a /opt/homebrew/Cellar/rosco-m68k-toolchain@13/HEAD-e2a4d4b/lib/gcc/m68k-elf-rosco/13.2.0/../../../../m68k-elf-rosco/lib/librosco.a(syscalls.o)
                0x0000dd10                _times
 .text._unlink  0x0000dd2a        0xc /opt/homebrew/Cellar/rosco-m68k-toolchain@13/HEAD-e2a4d4b/lib/gcc/m68k-elf-rosco/13.2.0/../../../../m68k-elf-rosco/lib/librosco.a(syscalls.o)
                0x0000dd2a                _unlink
 .text._wait    0x0000dd36        0xc /opt/homebrew/Cellar/rosco-m68k-toolchain@13/HEAD-e2a4d4b/lib/gcc/m68k-elf-rosco/13.2.0/../../../../m68k-elf-rosco/lib/librosco.a(syscalls.o)
                0x0000dd36                _wait
 .text._write   0x0000dd42       0xbc /opt/homebrew/Cellar/rosco-m68k-toolchain@13/HEAD-e2a4d4b/lib/gcc/m68k-elf-rosco/13.2.0/../../../../m68k-elf-rosco/lib/librosco.a(syscalls.o)
                0x0000dd42                _write
 .text._gettimeofday
                0x0000ddfe        0xc /opt/homebrew/Cellar/rosco-m68k-toolchain@13/HEAD-e2a4d4b/lib/gcc/m68k-elf-rosco/13.2.0/../../../../m68k-elf-rosco/lib/librosco.a(syscalls.o)
                0x0000ddfe                _gettimeofday
 .text.breakpoint
                0x0000de0a        0x2 /opt/homebrew/Cellar/rosco-m68k-toolchain@13/HEAD-e2a4d4b/lib/gcc/m68k-elf-rosco/13.2.0/../../../../m68k-elf-rosco/lib/librosco.a(syscalls.o)
                0x0000de0a                breakpoint
 .text.mcPrint  0x0000de0c       0x12 /opt/homebrew/Cellar/rosco-m68k-toolchain@13/HEAD-e2a4d4b/lib/gcc/m68k-elf-rosco/13.2.0/../../../../m68k-elf-rosco/lib/librosco.a(machine.o)
                0x0000de0c                mcPrint
 .text.mcPrintln
                0x0000de1e       0x12 /opt/homebrew/Cellar/rosco-m68k-toolchain@13/HEAD-e2a4d4b/lib/gcc/m68k-elf-rosco/13.2.0/../../../../m68k-elf-rosco/lib/librosco.a(machine.o)
                0x0000de1e                mcPrintln
 .text.mcPrintchar
                0x0000de30        0xa /opt/homebrew/Cellar/rosco-m68k-toolchain@13/HEAD-e2a4d4b/lib/gcc/m68k-elf-rosco/13.2.0/../../../../m68k-elf-rosco/lib/librosco.a(machine.o)
                0x0000de30                mcPrintchar
 .text.mcSetcursor
                0x0000de3a        0xe /opt/homebrew/Cellar/rosco-m68k-toolchain@13/HEAD-e2a4d4b/lib/gcc/m68k-elf-rosco/13.2.0/../../../../m68k-elf-rosco/lib/librosco.a(machine.o)
                0x0000de3a                mcSetcursor
 .text.mcSendchar
                0x0000de48       0x12 /opt/homebrew/Cellar/rosco-m68k-toolchain@13/HEAD-e2a4d4b/lib/gcc/m68k-elf-rosco/13.2.0/../../../../m68k-elf-rosco/lib/librosco.a(machine.o)
                0x0000de48                mcSendchar
 .text.mcReadchar
                0x0000de5a        0xa /opt/homebrew/Cellar/rosco-m68k-toolchain@13/HEAD-e2a4d4b/lib/gcc/m68k-elf-rosco/13.2.0/../../../../m68k-elf-rosco/lib/librosco.a(machine.o)
                0x0000de5a                mcReadchar
 .text.mcCheckchar
                0x0000de64        0xe /opt/homebrew/Cellar/rosco-m68k-toolchain@13/HEAD-e2a4d4b/lib/gcc/m68k-elf-rosco/13.2.0/../../../../m68k-elf-rosco/lib/librosco.a(machine.o)
                0x0000de64                mcCheckchar
 .text.mcBusywait
                0x0000de72        0xc /opt/homebrew/Cellar/rosco-m68k-toolchain@13/HEAD-e2a4d4b/lib/gcc/m68k-elf-rosco/13.2.0/../../../../m68k-elf-rosco/lib/librosco.a(machine.o)
                0x0000de72                mcBusywait
 .text.mcDelaymsec10
                0x0000de7e       0x10 /opt/homebrew/Cellar/rosco-m68k-toolchain@13/HEAD-e2a4d4b/lib/gcc/m68k-elf-rosco/13.2.0/../../../../m68k-elf-rosco/lib/librosco.a(machine.o)
                0x0000de7e                mcDelaymsec10
 .text.mcDisableInterrupts
                0x0000de8e        0xe /opt/homebrew/Cellar/rosco-m68k-toolchain@13/HEAD-e2a4d4b/lib/gcc/m68k-elf-rosco/13.2.0/../../../../m68k-elf-rosco/lib/librosco.a(machine.o)
                0x0000de8e                mcDisableInterrupts
 .text.mcEnableInterrupts
                0x0000de9c       0x1e /opt/homebrew/Cellar/rosco-m68k-toolchain@13/HEAD-e2a4d4b/lib/gcc/m68k-elf-rosco/13.2.0/../../../../m68k-elf-rosco/lib/librosco.a(machine.o)
                0x0000de9c                mcEnableInterrupts
 .text.mcHalt   0x0000deba        0x6 /opt/homebrew/Cellar/rosco-m68k-toolchain@13/HEAD-e2a4d4b/lib/gcc/m68k-elf-rosco/13.2.0/../../../../m68k-elf-rosco/lib/librosco.a(machine.o)
                0x0000deba                mcHalt
 .text.mcCheckDeviceSupport
                0x0000dec0       0x16 /opt/homebrew/Cellar/rosco-m68k-toolchain@13/HEAD-e2a4d4b/lib/gcc/m68k-elf-rosco/13.2.0/../../../../m68k-elf-rosco/lib/librosco.a(machine.o)
                0x0000dec0                mcCheckDeviceSupport
 .text.mcGetDeviceCount
                0x0000ded6        0xa /opt/homebrew/Cellar/rosco-m68k-toolchain@13/HEAD-e2a4d4b/lib/gcc/m68k-elf-rosco/13.2.0/../../../../m68k-elf-rosco/lib/librosco.a(machine.o)
                0x0000ded6                mcGetDeviceCount
 .text.mcGetDevice
                0x0000dee0       0x12 /opt/homebrew/Cellar/rosco-m68k-toolchain@13/HEAD-e2a4d4b/lib/gcc/m68k-elf-rosco/13.2.0/../../../../m68k-elf-rosco/lib/librosco.a(machine.o)
                0x0000dee0                mcGetDevice
 .text.mcAddDevice
                0x0000def2        0xe /opt/homebrew/Cellar/rosco-m68k-toolchain@13/HEAD-e2a4d4b/lib/gcc/m68k-elf-rosco/13.2.0/../../../../m68k-elf-rosco/lib/librosco.a(machine.o)
                0x0000def2                mcAddDevice
 .text.mcCheckDevice
                0x0000df00        0xe /opt/homebrew/Cellar/rosco-m68k-toolchain@13/HEAD-e2a4d4b/lib/gcc/m68k-elf-rosco/13.2.0/../../../../m68k-elf-rosco/lib/librosco.a(machine.o)
                0x0000df00                mcCheckDevice
 .text.mcReadDevice
                0x0000df0e        0xe /opt/homebrew/Cellar/rosco-m68k-toolchain@13/HEAD-e2a4d4b/lib/gcc/m68k-elf-rosco/13.2.0/../../../../m68k-elf-rosco/lib/librosco.a(machine.o)
                0x0000df0e                mcReadDevice
 .text.mcSendDevice
                0x0000df1c       0x12 /opt/homebrew/Cellar/rosco-m68k-toolchain@13/HEAD-e2a4d4b/lib/gcc/m68k-elf-rosco/13.2.0/../../../../m68k-elf-rosco/lib/librosco.a(machine.o)
                0x0000df1c                mcSendDevice
 .text.mcDeviceCtrl
                0x0000df2e       0x32 /opt/homebrew/Cellar/rosco-m68k-toolchain@13/HEAD-e2a4d4b/lib/gcc/m68k-elf-rosco/13.2.0/../../../../m68k-elf-rosco/lib/librosco.a(machine.o)
                0x0000df2e                mcDeviceCtrl
                0x0000df48                mcGetVecBase
 .text.mcInputchar
                0x0000df60        0xa /opt/homebrew/Cellar/rosco-m68k-toolchain@13/HEAD-e2a4d4b/lib/gcc/m68k-elf-rosco/13.2.0/../../../../m68k-elf-rosco/lib/librosco.a(machine.o)
                0x0000df60                mcInputchar
 .text.mcCheckInput
                0x0000df6a        0xe /opt/homebrew/Cellar/rosco-m68k-toolchain@13/HEAD-e2a4d4b/lib/gcc/m68k-elf-rosco/13.2.0/../../../../m68k-elf-rosco/lib/librosco.a(machine.o)
                0x0000df6a                mcCheckInput
 .text.mcGetStackPointer
                0x0000df78        0x6 /opt/homebrew/Cellar/rosco-m68k-toolchain@13/HEAD-e2a4d4b/lib/gcc/m68k-elf-rosco/13.2.0/../../../../m68k-elf-rosco/lib/librosco.a(machine.o)
                0x0000df78                mcGetStackPointer
 *fill*         0x0000df7e        0x2 
 .text          0x0000df80        0x0 /opt/homebrew/Cellar/rosco-m68k-toolchain@13/HEAD-e2a4d4b/lib/gcc/m68k-elf-rosco/13.2.0/../../../../m68k-elf-rosco/lib/librosco.a(sdcard.o)
 .text.__sd_fat_shutdown
                0x0000df80       0x10 /opt/homebrew/Cellar/rosco-m68k-toolchain@13/HEAD-e2a4d4b/lib/gcc/m68k-elf-rosco/13.2.0/../../../../m68k-elf-rosco/lib/librosco.a(sdcard.o)
 .text.FAT_media_write
                0x0000df90       0x20 /opt/homebrew/Cellar/rosco-m68k-toolchain@13/HEAD-e2a4d4b/lib/gcc/m68k-elf-rosco/13.2.0/../../../../m68k-elf-rosco/lib/librosco.a(sdcard.o)
 .text.FAT_media_read
                0x0000dfb0       0x20 /opt/homebrew/Cellar/rosco-m68k-toolchain@13/HEAD-e2a4d4b/lib/gcc/m68k-elf-rosco/13.2.0/../../../../m68k-elf-rosco/lib/librosco.a(sdcard.o)
 .text.SD_FAT_initialize
                0x0000dfd0       0x7c /opt/homebrew/Cellar/rosco-m68k-toolchain@13/HEAD-e2a4d4b/lib/gcc/m68k-elf-rosco/13.2.0/../../../../m68k-elf-rosco/lib/librosco.a(sdcard.o)
                0x0000dfd0                SD_FAT_initialize
 .text.SD_FAT_get_sd_card
                0x0000e04c       0x14 /opt/homebrew/Cellar/rosco-m68k-toolchain@13/HEAD-e2a4d4b/lib/gcc/m68k-elf-rosco/13.2.0/../../../../m68k-elf-rosco/lib/librosco.a(sdcard.o)
                0x0000e04c                SD_FAT_get_sd_card
 .text.SD_check_support
                0x0000e060       0x14 /opt/homebrew/Cellar/rosco-m68k-toolchain@13/HEAD-e2a4d4b/lib/gcc/m68k-elf-rosco/13.2.0/../../../../m68k-elf-rosco/lib/librosco.a(sdcard_asm.o)
                0x0000e060                SD_check_support
 .text.SD_initialize
                0x0000e074       0x12 /opt/homebrew/Cellar/rosco-m68k-toolchain@13/HEAD-e2a4d4b/lib/gcc/m68k-elf-rosco/13.2.0/../../../../m68k-elf-rosco/lib/librosco.a(sdcard_asm.o)
                0x0000e074                SD_initialize
 .text.SD_read_block
                0x0000e086       0x1a /opt/homebrew/Cellar/rosco-m68k-toolchain@13/HEAD-e2a4d4b/lib/gcc/m68k-elf-rosco/13.2.0/../../../../m68k-elf-rosco/lib/librosco.a(sdcard_asm.o)
                0x0000e086                SD_read_block
 .text.SD_write_block
                0x0000e0a0       0x1a /opt/homebrew/Cellar/rosco-m68k-toolchain@13/HEAD-e2a4d4b/lib/gcc/m68k-elf-rosco/13.2.0/../../../../m68k-elf-rosco/lib/librosco.a(sdcard_asm.o)
                0x0000e0a0                SD_write_block
 .text.SD_read_register
                0x0000e0ba       0x1a /opt/homebrew/Cellar/rosco-m68k-toolchain@13/HEAD-e2a4d4b/lib/gcc/m68k-elf-rosco/13.2.0/../../../../m68k-elf-rosco/lib/librosco.a(sdcard_asm.o)
                0x0000e0ba                SD_read_register
 .text          0x0000e0d4        0x0 /opt/homebrew/Cellar/rosco-m68k-toolchain@13/HEAD-e2a4d4b/lib/gcc/m68k-elf-rosco/13.2.0/../../../../m68k-elf-rosco/lib/librosco.a(part.o)
 .text.Part_init_SD
                0x0000e0d4       0x88 /opt/homebrew/Cellar/rosco-m68k-toolchain@13/HEAD-e2a4d4b/lib/gcc/m68k-elf-rosco/13.2.0/../../../../m68k-elf-rosco/lib/librosco.a(part.o)
                0x0000e0d4                Part_init_SD
 .text.Part_read
                0x0000e15c       0xc0 /opt/homebrew/Cellar/rosco-m68k-toolchain@13/HEAD-e2a4d4b/lib/gcc/m68k-elf-rosco/13.2.0/../../../../m68k-elf-rosco/lib/librosco.a(part.o)
                0x0000e15c                Part_read
 .text.Part_write
                0x0000e21c       0xc0 /opt/homebrew/Cellar/rosco-m68k-toolchain@13/HEAD-e2a4d4b/lib/gcc/m68k-elf-rosco/13.2.0/../../../../m68k-elf-rosco/lib/librosco.a(part.o)
                0x0000e21c                Part_write
 .text.Part_valid
                0x0000e2dc       0x20 /opt/homebrew/Cellar/rosco-m68k-toolchain@13/HEAD-e2a4d4b/lib/gcc/m68k-elf-rosco/13.2.0/../../../../m68k-elf-rosco/lib/librosco.a(part.o)
                0x0000e2dc                Part_valid
 .text          0x0000e2fc        0x0 /opt/homebrew/Cellar/rosco-m68k-toolchain@13/HEAD-e2a4d4b/lib/gcc/m68k-elf-rosco/13.2.0/../../../../m68k-elf-rosco/lib/librosco.a(fat_filelib.o)
 .text._open_directory
                0x0000e2fc       0xb4 /opt/homebrew/Cellar/rosco-m68k-toolchain@13/HEAD-e2a4d4b/lib/gcc/m68k-elf-rosco/13.2.0/../../../../m68k-elf-rosco/lib/librosco.a(fat_filelib.o)
 .text._write_sectors
                0x0000e3b0      0x1d8 /opt/homebrew/Cellar/rosco-m68k-toolchain@13/HEAD-e2a4d4b/lib/gcc/m68k-elf-rosco/13.2.0/../../../../m68k-elf-rosco/lib/librosco.a(fat_filelib.o)
 .text._read_sectors
                0x0000e588      0x136 /opt/homebrew/Cellar/rosco-m68k-toolchain@13/HEAD-e2a4d4b/lib/gcc/m68k-elf-rosco/13.2.0/../../../../m68k-elf-rosco/lib/librosco.a(fat_filelib.o)
 .text._allocate_file
                0x0000e6be       0xc8 /opt/homebrew/Cellar/rosco-m68k-toolchain@13/HEAD-e2a4d4b/lib/gcc/m68k-elf-rosco/13.2.0/../../../../m68k-elf-rosco/lib/librosco.a(fat_filelib.o)
 .text._free_file
                0x0000e786       0xcc /opt/homebrew/Cellar/rosco-m68k-toolchain@13/HEAD-e2a4d4b/lib/gcc/m68k-elf-rosco/13.2.0/../../../../m68k-elf-rosco/lib/librosco.a(fat_filelib.o)
 .text._open_file
                0x0000e852      0x196 /opt/homebrew/Cellar/rosco-m68k-toolchain@13/HEAD-e2a4d4b/lib/gcc/m68k-elf-rosco/13.2.0/../../../../m68k-elf-rosco/lib/librosco.a(fat_filelib.o)
 .text.fl_init  0x0000e9e8       0xc0 /opt/homebrew/Cellar/rosco-m68k-toolchain@13/HEAD-e2a4d4b/lib/gcc/m68k-elf-rosco/13.2.0/../../../../m68k-elf-rosco/lib/librosco.a(fat_filelib.o)
                0x0000e9e8                fl_init
 .text.fl_attach_locks
                0x0000eaa8       0x12 /opt/homebrew/Cellar/rosco-m68k-toolchain@13/HEAD-e2a4d4b/lib/gcc/m68k-elf-rosco/13.2.0/../../../../m68k-elf-rosco/lib/librosco.a(fat_filelib.o)
                0x0000eaa8                fl_attach_locks
 .text.fl_attach_media
                0x0000eaba       0x3c /opt/homebrew/Cellar/rosco-m68k-toolchain@13/HEAD-e2a4d4b/lib/gcc/m68k-elf-rosco/13.2.0/../../../../m68k-elf-rosco/lib/librosco.a(fat_filelib.o)
                0x0000eaba                fl_attach_media
 .text.fl_shutdown
                0x0000eaf6       0x3c /opt/homebrew/Cellar/rosco-m68k-toolchain@13/HEAD-e2a4d4b/lib/gcc/m68k-elf-rosco/13.2.0/../../../../m68k-elf-rosco/lib/librosco.a(fat_filelib.o)
                0x0000eaf6                fl_shutdown
 .text.fl_fopen
                0x0000eb32      0x444 /opt/homebrew/Cellar/rosco-m68k-toolchain@13/HEAD-e2a4d4b/lib/gcc/m68k-elf-rosco/13.2.0/../../../../m68k-elf-rosco/lib/librosco.a(fat_filelib.o)
                0x0000eb32                fl_fopen
 .text.fl_fflush
                0x0000ef76       0x72 /opt/homebrew/Cellar/rosco-m68k-toolchain@13/HEAD-e2a4d4b/lib/gcc/m68k-elf-rosco/13.2.0/../../../../m68k-elf-rosco/lib/librosco.a(fat_filelib.o)
                0x0000ef76                fl_fflush
 .text.fl_fclose
                0x0000efe8       0xd6 /opt/homebrew/Cellar/rosco-m68k-toolchain@13/HEAD-e2a4d4b/lib/gcc/m68k-elf-rosco/13.2.0/../../../../m68k-elf-rosco/lib/librosco.a(fat_filelib.o)
                0x0000efe8                fl_fclose
 .text.fl_fread
                0x0000f0be      0x17e /opt/homebrew/Cellar/rosco-m68k-toolchain@13/HEAD-e2a4d4b/lib/gcc/m68k-elf-rosco/13.2.0/../../../../m68k-elf-rosco/lib/librosco.a(fat_filelib.o)
                0x0000f0be                fl_fread
 .text.fl_fgetc
                0x0000f23c       0x36 /opt/homebrew/Cellar/rosco-m68k-toolchain@13/HEAD-e2a4d4b/lib/gcc/m68k-elf-rosco/13.2.0/../../../../m68k-elf-rosco/lib/librosco.a(fat_filelib.o)
                0x0000f23c                fl_fgetc
 .text.fl_fgets
                0x0000f272       0x84 /opt/homebrew/Cellar/rosco-m68k-toolchain@13/HEAD-e2a4d4b/lib/gcc/m68k-elf-rosco/13.2.0/../../../../m68k-elf-rosco/lib/librosco.a(fat_filelib.o)
                0x0000f272                fl_fgets
 .text.fl_fseek
                0x0000f2f6      0x10c /opt/homebrew/Cellar/rosco-m68k-toolchain@13/HEAD-e2a4d4b/lib/gcc/m68k-elf-rosco/13.2.0/../../../../m68k-elf-rosco/lib/librosco.a(fat_filelib.o)
                0x0000f2f6                fl_fseek
 .text.fl_fgetpos
                0x0000f402       0x3c /opt/homebrew/Cellar/rosco-m68k-toolchain@13/HEAD-e2a4d4b/lib/gcc/m68k-elf-rosco/13.2.0/../../../../m68k-elf-rosco/lib/librosco.a(fat_filelib.o)
                0x0000f402                fl_fgetpos
 .text.fl_ftell
                0x0000f43e       0x3a /opt/homebrew/Cellar/rosco-m68k-toolchain@13/HEAD-e2a4d4b/lib/gcc/m68k-elf-rosco/13.2.0/../../../../m68k-elf-rosco/lib/librosco.a(fat_filelib.o)
                0x0000f43e                fl_ftell
 .text.fl_feof  0x0000f478       0x4a /opt/homebrew/Cellar/rosco-m68k-toolchain@13/HEAD-e2a4d4b/lib/gcc/m68k-elf-rosco/13.2.0/../../../../m68k-elf-rosco/lib/librosco.a(fat_filelib.o)
                0x0000f478                fl_feof
 .text.fl_fwrite
                0x0000f4c2      0x25c /opt/homebrew/Cellar/rosco-m68k-toolchain@13/HEAD-e2a4d4b/lib/gcc/m68k-elf-rosco/13.2.0/../../../../m68k-elf-rosco/lib/librosco.a(fat_filelib.o)
                0x0000f4c2                fl_fwrite
 .text.fl_fputc
                0x0000f71e       0x40 /opt/homebrew/Cellar/rosco-m68k-toolchain@13/HEAD-e2a4d4b/lib/gcc/m68k-elf-rosco/13.2.0/../../../../m68k-elf-rosco/lib/librosco.a(fat_filelib.o)
                0x0000f71e                fl_fputc
 .text.fl_fputs
                0x0000f75e       0x2a /opt/homebrew/Cellar/rosco-m68k-toolchain@13/HEAD-e2a4d4b/lib/gcc/m68k-elf-rosco/13.2.0/../../../../m68k-elf-rosco/lib/librosco.a(fat_filelib.o)
                0x0000f75e                fl_fputs
 .text.fl_remove
                0x0000f788       0xca /opt/homebrew/Cellar/rosco-m68k-toolchain@13/HEAD-e2a4d4b/lib/gcc/m68k-elf-rosco/13.2.0/../../../../m68k-elf-rosco/lib/librosco.a(fat_filelib.o)
                0x0000f788                fl_remove
 .text.fl_createdirectory
                0x0000f852      0x27a /opt/homebrew/Cellar/rosco-m68k-toolchain@13/HEAD-e2a4d4b/lib/gcc/m68k-elf-rosco/13.2.0/../../../../m68k-elf-rosco/lib/librosco.a(fat_filelib.o)
                0x0000f852                fl_createdirectory
 .text          0x0000facc        0x0 /opt/homebrew/Cellar/rosco-m68k-toolchain@13/HEAD-e2a4d4b/lib/gcc/m68k-elf-rosco/13.2.0/../../../../m68k-elf-rosco/lib/librosco.a(fat_misc.o)
 .text.fatfs_lfn_cache_init
                0x0000facc       0x3c /opt/homebrew/Cellar/rosco-m68k-toolchain@13/HEAD-e2a4d4b/lib/gcc/m68k-elf-rosco/13.2.0/../../../../m68k-elf-rosco/lib/librosco.a(fat_misc.o)
                0x0000facc                fatfs_lfn_cache_init
 .text.fatfs_lfn_cache_entry
                0x0000fb08       0xa6 /opt/homebrew/Cellar/rosco-m68k-toolchain@13/HEAD-e2a4d4b/lib/gcc/m68k-elf-rosco/13.2.0/../../../../m68k-elf-rosco/lib/librosco.a(fat_misc.o)
                0x0000fb08                fatfs_lfn_cache_entry
 .text.fatfs_lfn_cache_get
                0x0000fbae       0x38 /opt/homebrew/Cellar/rosco-m68k-toolchain@13/HEAD-e2a4d4b/lib/gcc/m68k-elf-rosco/13.2.0/../../../../m68k-elf-rosco/lib/librosco.a(fat_misc.o)
                0x0000fbae                fatfs_lfn_cache_get
 .text.fatfs_entry_lfn_text
                0x0000fbe6       0x1a /opt/homebrew/Cellar/rosco-m68k-toolchain@13/HEAD-e2a4d4b/lib/gcc/m68k-elf-rosco/13.2.0/../../../../m68k-elf-rosco/lib/librosco.a(fat_misc.o)
                0x0000fbe6                fatfs_entry_lfn_text
 .text.fatfs_entry_lfn_invalid
                0x0000fc00       0x30 /opt/homebrew/Cellar/rosco-m68k-toolchain@13/HEAD-e2a4d4b/lib/gcc/m68k-elf-rosco/13.2.0/../../../../m68k-elf-rosco/lib/librosco.a(fat_misc.o)
                0x0000fc00                fatfs_entry_lfn_invalid
 .text.fatfs_entry_lfn_exists
                0x0000fc30       0x44 /opt/homebrew/Cellar/rosco-m68k-toolchain@13/HEAD-e2a4d4b/lib/gcc/m68k-elf-rosco/13.2.0/../../../../m68k-elf-rosco/lib/librosco.a(fat_misc.o)
                0x0000fc30                fatfs_entry_lfn_exists
 .text.fatfs_entry_sfn_only
                0x0000fc74       0x3a /opt/homebrew/Cellar/rosco-m68k-toolchain@13/HEAD-e2a4d4b/lib/gcc/m68k-elf-rosco/13.2.0/../../../../m68k-elf-rosco/lib/librosco.a(fat_misc.o)
                0x0000fc74                fatfs_entry_sfn_only
 .text.fatfs_entry_is_dir
                0x0000fcae       0x10 /opt/homebrew/Cellar/rosco-m68k-toolchain@13/HEAD-e2a4d4b/lib/gcc/m68k-elf-rosco/13.2.0/../../../../m68k-elf-rosco/lib/librosco.a(fat_misc.o)
                0x0000fcae                fatfs_entry_is_dir
 .text.fatfs_entry_is_file
                0x0000fcbe       0x10 /opt/homebrew/Cellar/rosco-m68k-toolchain@13/HEAD-e2a4d4b/lib/gcc/m68k-elf-rosco/13.2.0/../../../../m68k-elf-rosco/lib/librosco.a(fat_misc.o)
                0x0000fcbe                fatfs_entry_is_file
 .text.fatfs_lfn_entries_required
                0x0000fcce       0x28 /opt/homebrew/Cellar/rosco-m68k-toolchain@13/HEAD-e2a4d4b/lib/gcc/m68k-elf-rosco/13.2.0/../../../../m68k-elf-rosco/lib/librosco.a(fat_misc.o)
                0x0000fcce                fatfs_lfn_entries_required
 .text.fatfs_filename_to_lfn
                0x0000fcf6      0x160 /opt/homebrew/Cellar/rosco-m68k-toolchain@13/HEAD-e2a4d4b/lib/gcc/m68k-elf-rosco/13.2.0/../../../../m68k-elf-rosco/lib/librosco.a(fat_misc.o)
                0x0000fcf6                fatfs_filename_to_lfn
 .text.fatfs_sfn_create_entry
                0x0000fe56      0x1b2 /opt/homebrew/Cellar/rosco-m68k-toolchain@13/HEAD-e2a4d4b/lib/gcc/m68k-elf-rosco/13.2.0/../../../../m68k-elf-rosco/lib/librosco.a(fat_misc.o)
                0x0000fe56                fatfs_sfn_create_entry
 .text.fatfs_lfn_create_sfn
                0x00010008      0x130 /opt/homebrew/Cellar/rosco-m68k-toolchain@13/HEAD-e2a4d4b/lib/gcc/m68k-elf-rosco/13.2.0/../../../../m68k-elf-rosco/lib/librosco.a(fat_misc.o)
                0x00010008                fatfs_lfn_create_sfn
 .text.fatfs_lfn_generate_tail
                0x00010138      0x154 /opt/homebrew/Cellar/rosco-m68k-toolchain@13/HEAD-e2a4d4b/lib/gcc/m68k-elf-rosco/13.2.0/../../../../m68k-elf-rosco/lib/librosco.a(fat_misc.o)
                0x00010138                fatfs_lfn_generate_tail
 .text          0x0001028c        0x0 /opt/homebrew/Cellar/rosco-m68k-toolchain@13/HEAD-e2a4d4b/lib/gcc/m68k-elf-rosco/13.2.0/../../../../m68k-elf-rosco/lib/librosco.a(fat_string.o)
 .text.FileString_StrCmpNoCase
                0x0001028c       0xb6 /opt/homebrew/Cellar/rosco-m68k-toolchain@13/HEAD-e2a4d4b/lib/gcc/m68k-elf-rosco/13.2.0/../../../../m68k-elf-rosco/lib/librosco.a(fat_string.o)
 .text.fatfs_total_path_levels
                0x00010342       0x66 /opt/homebrew/Cellar/rosco-m68k-toolchain@13/HEAD-e2a4d4b/lib/gcc/m68k-elf-rosco/13.2.0/../../../../m68k-elf-rosco/lib/librosco.a(fat_string.o)
                0x00010342                fatfs_total_path_levels
 .text.fatfs_get_substring
                0x000103a8       0xbe /opt/homebrew/Cellar/rosco-m68k-toolchain@13/HEAD-e2a4d4b/lib/gcc/m68k-elf-rosco/13.2.0/../../../../m68k-elf-rosco/lib/librosco.a(fat_string.o)
                0x000103a8                fatfs_get_substring
 .text.fatfs_split_path
                0x00010466       0xa4 /opt/homebrew/Cellar/rosco-m68k-toolchain@13/HEAD-e2a4d4b/lib/gcc/m68k-elf-rosco/13.2.0/../../../../m68k-elf-rosco/lib/librosco.a(fat_string.o)
                0x00010466                fatfs_split_path
 .text.fatfs_compare_names
                0x0001050a      0x154 /opt/homebrew/Cellar/rosco-m68k-toolchain@13/HEAD-e2a4d4b/lib/gcc/m68k-elf-rosco/13.2.0/../../../../m68k-elf-rosco/lib/librosco.a(fat_string.o)
                0x0001050a                fatfs_compare_names
 .text.fatfs_string_ends_with_slash
                0x0001065e       0x32 /opt/homebrew/Cellar/rosco-m68k-toolchain@13/HEAD-e2a4d4b/lib/gcc/m68k-elf-rosco/13.2.0/../../../../m68k-elf-rosco/lib/librosco.a(fat_string.o)
                0x0001065e                fatfs_string_ends_with_slash
 .text.fatfs_get_sfn_display_name
                0x00010690       0x4a /opt/homebrew/Cellar/rosco-m68k-toolchain@13/HEAD-e2a4d4b/lib/gcc/m68k-elf-rosco/13.2.0/../../../../m68k-elf-rosco/lib/librosco.a(fat_string.o)
                0x00010690                fatfs_get_sfn_display_name
 .text.fatfs_get_extension
                0x000106da       0x7c /opt/homebrew/Cellar/rosco-m68k-toolchain@13/HEAD-e2a4d4b/lib/gcc/m68k-elf-rosco/13.2.0/../../../../m68k-elf-rosco/lib/librosco.a(fat_string.o)
                0x000106da                fatfs_get_extension
 .text.fatfs_create_path_string
                0x00010756       0xa8 /opt/homebrew/Cellar/rosco-m68k-toolchain@13/HEAD-e2a4d4b/lib/gcc/m68k-elf-rosco/13.2.0/../../../../m68k-elf-rosco/lib/librosco.a(fat_string.o)
                0x00010756                fatfs_create_path_string
 *fill*         0x000107fe        0x2 
 .text          0x00010800        0x0 /opt/homebrew/Cellar/rosco-m68k-toolchain@13/HEAD-e2a4d4b/lib/gcc/m68k-elf-rosco/13.2.0/../../../../m68k-elf-rosco/lib/librosco.a(fat_table.o)
 .text.fatfs_fat_read_sector
                0x00010800      0x122 /opt/homebrew/Cellar/rosco-m68k-toolchain@13/HEAD-e2a4d4b/lib/gcc/m68k-elf-rosco/13.2.0/../../../../m68k-elf-rosco/lib/librosco.a(fat_table.o)
 .text.fatfs_fat_init
                0x00010922       0x5c /opt/homebrew/Cellar/rosco-m68k-toolchain@13/HEAD-e2a4d4b/lib/gcc/m68k-elf-rosco/13.2.0/../../../../m68k-elf-rosco/lib/librosco.a(fat_table.o)
                0x00010922                fatfs_fat_init
 .text.fatfs_fat_purge
                0x0001097e       0x84 /opt/homebrew/Cellar/rosco-m68k-toolchain@13/HEAD-e2a4d4b/lib/gcc/m68k-elf-rosco/13.2.0/../../../../m68k-elf-rosco/lib/librosco.a(fat_table.o)
                0x0001097e                fatfs_fat_purge
 .text.fatfs_find_next_cluster
                0x00010a02       0xde /opt/homebrew/Cellar/rosco-m68k-toolchain@13/HEAD-e2a4d4b/lib/gcc/m68k-elf-rosco/13.2.0/../../../../m68k-elf-rosco/lib/librosco.a(fat_table.o)
                0x00010a02                fatfs_find_next_cluster
 .text.fatfs_set_fs_info_next_free_cluster
                0x00010ae0       0x9a /opt/homebrew/Cellar/rosco-m68k-toolchain@13/HEAD-e2a4d4b/lib/gcc/m68k-elf-rosco/13.2.0/../../../../m68k-elf-rosco/lib/librosco.a(fat_table.o)
                0x00010ae0                fatfs_set_fs_info_next_free_cluster
 .text.fatfs_find_blank_cluster
                0x00010b7a       0xda /opt/homebrew/Cellar/rosco-m68k-toolchain@13/HEAD-e2a4d4b/lib/gcc/m68k-elf-rosco/13.2.0/../../../../m68k-elf-rosco/lib/librosco.a(fat_table.o)
                0x00010b7a                fatfs_find_blank_cluster
 .text.fatfs_fat_set_cluster
                0x00010c54       0xca /opt/homebrew/Cellar/rosco-m68k-toolchain@13/HEAD-e2a4d4b/lib/gcc/m68k-elf-rosco/13.2.0/../../../../m68k-elf-rosco/lib/librosco.a(fat_table.o)
                0x00010c54                fatfs_fat_set_cluster
 .text.fatfs_free_cluster_chain
                0x00010d1e       0x4a /opt/homebrew/Cellar/rosco-m68k-toolchain@13/HEAD-e2a4d4b/lib/gcc/m68k-elf-rosco/13.2.0/../../../../m68k-elf-rosco/lib/librosco.a(fat_table.o)
                0x00010d1e                fatfs_free_cluster_chain
 .text.fatfs_fat_add_cluster_to_chain
                0x00010d68       0x5c /opt/homebrew/Cellar/rosco-m68k-toolchain@13/HEAD-e2a4d4b/lib/gcc/m68k-elf-rosco/13.2.0/../../../../m68k-elf-rosco/lib/librosco.a(fat_table.o)
                0x00010d68                fatfs_fat_add_cluster_to_chain
 .text.fatfs_count_free_clusters
                0x00010dc4       0xb4 /opt/homebrew/Cellar/rosco-m68k-toolchain@13/HEAD-e2a4d4b/lib/gcc/m68k-elf-rosco/13.2.0/../../../../m68k-elf-rosco/lib/librosco.a(fat_table.o)
                0x00010dc4                fatfs_count_free_clusters
 .text          0x00010e78        0x0 /opt/homebrew/Cellar/rosco-m68k-toolchain@13/HEAD-e2a4d4b/lib/gcc/m68k-elf-rosco/13.2.0/../../../../m68k-elf-rosco/lib/librosco.a(fat_write.o)
 .text.fatfs_add_free_space
                0x00010e78       0x9c /opt/homebrew/Cellar/rosco-m68k-toolchain@13/HEAD-e2a4d4b/lib/gcc/m68k-elf-rosco/13.2.0/../../../../m68k-elf-rosco/lib/librosco.a(fat_write.o)
                0x00010e78                fatfs_add_free_space
 .text.fatfs_allocate_free_space
                0x00010f14      0x10e /opt/homebrew/Cellar/rosco-m68k-toolchain@13/HEAD-e2a4d4b/lib/gcc/m68k-elf-rosco/13.2.0/../../../../m68k-elf-rosco/lib/librosco.a(fat_write.o)
                0x00010f14                fatfs_allocate_free_space
 .text.fatfs_add_file_entry
                0x00011022      0x28c /opt/homebrew/Cellar/rosco-m68k-toolchain@13/HEAD-e2a4d4b/lib/gcc/m68k-elf-rosco/13.2.0/../../../../m68k-elf-rosco/lib/librosco.a(fat_write.o)
                0x00011022                fatfs_add_file_entry
 *fill*         0x000112ae        0x2 
 .text          0x000112b0        0x0 /opt/homebrew/Cellar/rosco-m68k-toolchain@13/HEAD-e2a4d4b/lib/gcc/m68k-elf-rosco/13.2.0/../../../../m68k-elf-rosco/lib/librosco.a(fat_access.o)
 .text.fatfs_init
                0x000112b0      0x202 /opt/homebrew/Cellar/rosco-m68k-toolchain@13/HEAD-e2a4d4b/lib/gcc/m68k-elf-rosco/13.2.0/../../../../m68k-elf-rosco/lib/librosco.a(fat_access.o)
                0x000112b0                fatfs_init
 .text.fatfs_lba_of_cluster
                0x000114b2       0x34 /opt/homebrew/Cellar/rosco-m68k-toolchain@13/HEAD-e2a4d4b/lib/gcc/m68k-elf-rosco/13.2.0/../../../../m68k-elf-rosco/lib/librosco.a(fat_access.o)
                0x000114b2                fatfs_lba_of_cluster
 .text.fatfs_sector_read
                0x000114e6       0x20 /opt/homebrew/Cellar/rosco-m68k-toolchain@13/HEAD-e2a4d4b/lib/gcc/m68k-elf-rosco/13.2.0/../../../../m68k-elf-rosco/lib/librosco.a(fat_access.o)
                0x000114e6                fatfs_sector_read
 .text.fatfs_sector_write
                0x00011506       0x20 /opt/homebrew/Cellar/rosco-m68k-toolchain@13/HEAD-e2a4d4b/lib/gcc/m68k-elf-rosco/13.2.0/../../../../m68k-elf-rosco/lib/librosco.a(fat_access.o)
                0x00011506                fatfs_sector_write
 .text.fatfs_sector_reader
                0x00011526      0x102 /opt/homebrew/Cellar/rosco-m68k-toolchain@13/HEAD-e2a4d4b/lib/gcc/m68k-elf-rosco/13.2.0/../../../../m68k-elf-rosco/lib/librosco.a(fat_access.o)
                0x00011526                fatfs_sector_reader
 .text.fatfs_read_sector
                0x00011628       0xf0 /opt/homebrew/Cellar/rosco-m68k-toolchain@13/HEAD-e2a4d4b/lib/gcc/m68k-elf-rosco/13.2.0/../../../../m68k-elf-rosco/lib/librosco.a(fat_access.o)
                0x00011628                fatfs_read_sector
 .text.fatfs_write_sector
                0x00011718       0xf0 /opt/homebrew/Cellar/rosco-m68k-toolchain@13/HEAD-e2a4d4b/lib/gcc/m68k-elf-rosco/13.2.0/../../../../m68k-elf-rosco/lib/librosco.a(fat_access.o)
                0x00011718                fatfs_write_sector
 .text.fatfs_get_root_cluster
                0x00011808        0xa /opt/homebrew/Cellar/rosco-m68k-toolchain@13/HEAD-e2a4d4b/lib/gcc/m68k-elf-rosco/13.2.0/../../../../m68k-elf-rosco/lib/librosco.a(fat_access.o)
                0x00011808                fatfs_get_root_cluster
 .text.fatfs_get_file_entry
                0x00011812      0x1ee /opt/homebrew/Cellar/rosco-m68k-toolchain@13/HEAD-e2a4d4b/lib/gcc/m68k-elf-rosco/13.2.0/../../../../m68k-elf-rosco/lib/librosco.a(fat_access.o)
                0x00011812                fatfs_get_file_entry
 .text.fatfs_sfn_exists
                0x00011a00       0xaa /opt/homebrew/Cellar/rosco-m68k-toolchain@13/HEAD-e2a4d4b/lib/gcc/m68k-elf-rosco/13.2.0/../../../../m68k-elf-rosco/lib/librosco.a(fat_access.o)
                0x00011a00                fatfs_sfn_exists
 .text.fatfs_update_file_length
                0x00011aaa      0x120 /opt/homebrew/Cellar/rosco-m68k-toolchain@13/HEAD-e2a4d4b/lib/gcc/m68k-elf-rosco/13.2.0/../../../../m68k-elf-rosco/lib/librosco.a(fat_access.o)
                0x00011aaa                fatfs_update_file_length
 .text.fatfs_mark_file_deleted
                0x00011bca       0xca /opt/homebrew/Cellar/rosco-m68k-toolchain@13/HEAD-e2a4d4b/lib/gcc/m68k-elf-rosco/13.2.0/../../../../m68k-elf-rosco/lib/librosco.a(fat_access.o)
                0x00011bca                fatfs_mark_file_deleted
 .text          0x00011c94        0x0 /opt/homebrew/Cellar/rosco-m68k-toolchain@13/HEAD-e2a4d4b/lib/gcc/m68k-elf-rosco/13.2.0/../../../../m68k-elf-rosco/lib/librosco.a(fat_cache.o)
 .text.fatfs_cache_init
                0x00011c94       0x34 /opt/homebrew/Cellar/rosco-m68k-toolchain@13/HEAD-e2a4d4b/lib/gcc/m68k-elf-rosco/13.2.0/../../../../m68k-elf-rosco/lib/librosco.a(fat_cache.o)
                0x00011c94                fatfs_cache_init
 .text.fatfs_cache_get_next_cluster
                0x00011cc8       0x28 /opt/homebrew/Cellar/rosco-m68k-toolchain@13/HEAD-e2a4d4b/lib/gcc/m68k-elf-rosco/13.2.0/../../../../m68k-elf-rosco/lib/librosco.a(fat_cache.o)
                0x00011cc8                fatfs_cache_get_next_cluster
 .text.fatfs_cache_set_next_cluster
                0x00011cf0       0x26 /opt/homebrew/Cellar/rosco-m68k-toolchain@13/HEAD-e2a4d4b/lib/gcc/m68k-elf-rosco/13.2.0/../../../../m68k-elf-rosco/lib/librosco.a(fat_cache.o)
                0x00011cf0                fatfs_cache_set_next_cluster
 *fill*         0x00011d16        0x2 
 .text          0x00011d18        0x0 /opt/homebrew/Cellar/rosco-m68k-toolchain@13/HEAD-e2a4d4b/lib/gcc/m68k-elf-rosco/13.2.0/../../../../m68k-elf-rosco/lib/libc.a(libc_a-strncmp.o)
 .text.strncmp  0x00011d18       0xa8 /opt/homebrew/Cellar/rosco-m68k-toolchain@13/HEAD-e2a4d4b/lib/gcc/m68k-elf-rosco/13.2.0/../../../../m68k-elf-rosco/lib/libc.a(libc_a-strncmp.o)
                0x00011d18                strncmp
 .text          0x00011dc0       0x22 /opt/homebrew/Cellar/rosco-m68k-toolchain@13/HEAD-e2a4d4b/lib/gcc/m68k-elf-rosco/13.2.0/libgcc.a(_mulsi3.o)
                0x00011dc0                __mulsi3_internal
                0x00011dc0                __mulsi3
 *fill*         0x00011de2        0x2 
 .text          0x00011de4       0x2e /opt/homebrew/Cellar/rosco-m68k-toolchain@13/HEAD-e2a4d4b/lib/gcc/m68k-elf-rosco/13.2.0/libgcc.a(_umodsi3.o)
                0x00011de4                __umodsi3
 *fill*         0x00011e12        0x2 
 .text          0x00011e14       0x2e /opt/homebrew/Cellar/rosco-m68k-toolchain@13/HEAD-e2a4d4b/lib/gcc/m68k-elf-rosco/13.2.0/libgcc.a(_modsi3.o)
                0x00011e14                __modsi3
 *fill*         0x00011e42        0x2 
 .text          0x00011e44       0x22 /opt/homebrew/Cellar/rosco-m68k-toolchain@13/HEAD-e2a4d4b/lib/gcc/m68k-elf-rosco/13.2.0/libgcc.a(_nedf2.o)
                0x00011e44                __nedf2
 *fill*         0x00011e66        0x2 
 .text          0x00011e68       0x22 /opt/homebrew/Cellar/rosco-m68k-toolchain@13/HEAD-e2a4d4b/lib/gcc/m68k-elf-rosco/13.2.0/libgcc.a(_ltdf2.o)
                0x00011e68                __ltdf2
 *fill*         0x00011e8a        0x2 
 .text          0x00011e8c       0x22 /opt/homebrew/Cellar/rosco-m68k-toolchain@13/HEAD-e2a4d4b/lib/gcc/m68k-elf-rosco/13.2.0/libgcc.a(_ledf2.o)
                0x00011e8c                __ledf2
 *fill*         0x00011eae        0x2 
 .text          0x00011eb0      0x8cc /opt/homebrew/Cellar/rosco-m68k-toolchain@13/HEAD-e2a4d4b/lib/gcc/m68k-elf-rosco/13.2.0/libgcc.a(xfgnulib.o)
                0x00011eb0                __unordxf2
                0x00011f32                __extenddfxf2
                0x00011fe8                __truncxfdf2
                0x000120b0                __extendsfxf2
                0x0001216a                __truncxfsf2
                0x00012264                __floatsixf
                0x000122ac                __floatunsixf
                0x000122f4                __fixxfsi
                0x00012318                __addxf3
                0x00012392                __subxf3
                0x0001240c                __mulxf3
                0x00012486                __divxf3
                0x00012500                __negxf2
                0x0001255a                __cmpxf2
                0x000125a8                __eqxf2
                0x000125f6                __nexf2
                0x00012644                __ltxf2
                0x00012692                __lexf2
                0x000126e0                __gtxf2
                0x0001272e                __gexf2
 .text          0x0001277c       0x24 /opt/homebrew/Cellar/rosco-m68k-toolchain@13/HEAD-e2a4d4b/lib/gcc/m68k-elf-rosco/13.2.0/crtend.o
 .text          0x000127a0        0x0 /opt/homebrew/Cellar/rosco-m68k-toolchain@13/HEAD-e2a4d4b/lib/gcc/m68k-elf-rosco/13.2.0/crtn.o
                0x000127a0                        _ctors = .
 *(.ctors)
 .ctors         0x000127a0        0x4 /opt/homebrew/Cellar/rosco-m68k-toolchain@13/HEAD-e2a4d4b/lib/gcc/m68k-elf-rosco/13.2.0/crtbegin.o
 .ctors         0x000127a4        0x4 /opt/homebrew/Cellar/rosco-m68k-toolchain@13/HEAD-e2a4d4b/lib/gcc/m68k-elf-rosco/13.2.0/crtend.o
 *(SORT_BY_NAME(.ctors.*))
                0x000127a8                        _ctors_end = .
                0x000127a8                        _dtors = .
 *(SORT_BY_NAME(.dtors.*))
 *(.dtors)
 .dtors         0x000127a8        0x4 /opt/homebrew/Cellar/rosco-m68k-toolchain@13/HEAD-e2a4d4b/lib/gcc/m68k-elf-rosco/13.2.0/crtbegin.o
 .dtors         0x000127ac        0x4 /opt/homebrew/Cellar/rosco-m68k-toolchain@13/HEAD-e2a4d4b/lib/gcc/m68k-elf-rosco/13.2.0/crtend.o
                0x000127ac                __DTOR_END__
                0x000127b0                        _dtors_end = .
                0x000127b0                        . = ALIGN (0x4)
 *(.rodata .rodata.*)
 .rodata        0x000127b0        0xf main.o
 *fill*         0x000127bf        0x1 
 .rodata.npio2_hw
                0x000127c0       0x80 /opt/homebrew/Cellar/rosco-m68k-toolchain@13/HEAD-e2a4d4b/lib/gcc/m68k-elf-rosco/13.2.0/../../../../m68k-elf-rosco/lib/libm.a(libm_a-e_rem_pio2.o)
 .rodata.two_over_pi
                0x00012840      0x108 /opt/homebrew/Cellar/rosco-m68k-toolchain@13/HEAD-e2a4d4b/lib/gcc/m68k-elf-rosco/13.2.0/../../../../m68k-elf-rosco/lib/libm.a(libm_a-e_rem_pio2.o)
 .rodata.PIo2   0x00012948       0x40 /opt/homebrew/Cellar/rosco-m68k-toolchain@13/HEAD-e2a4d4b/lib/gcc/m68k-elf-rosco/13.2.0/../../../../m68k-elf-rosco/lib/libm.a(libm_a-k_rem_pio2.o)
 .rodata.init_jk
                0x00012988       0x10 /opt/homebrew/Cellar/rosco-m68k-toolchain@13/HEAD-e2a4d4b/lib/gcc/m68k-elf-rosco/13.2.0/../../../../m68k-elf-rosco/lib/libm.a(libm_a-k_rem_pio2.o)
 .rodata._vfprintf_r.str1.1
                0x00012998      0x109 /opt/homebrew/Cellar/rosco-m68k-toolchain@13/HEAD-e2a4d4b/lib/gcc/m68k-elf-rosco/13.2.0/../../../../m68k-elf-rosco/lib/libc.a(libc_a-vfprintf.o)
                                 0x3b (size before relaxing)
 .rodata.zeroes.0
                0x00012aa1       0x10 /opt/homebrew/Cellar/rosco-m68k-toolchain@13/HEAD-e2a4d4b/lib/gcc/m68k-elf-rosco/13.2.0/../../../../m68k-elf-rosco/lib/libc.a(libc_a-vfprintf.o)
 .rodata.blanks.1
                0x00012ab1       0x10 /opt/homebrew/Cellar/rosco-m68k-toolchain@13/HEAD-e2a4d4b/lib/gcc/m68k-elf-rosco/13.2.0/../../../../m68k-elf-rosco/lib/libc.a(libc_a-vfprintf.o)
 .rodata._dtoa_r.str1.1
                0x00012ac1       0x48 /opt/homebrew/Cellar/rosco-m68k-toolchain@13/HEAD-e2a4d4b/lib/gcc/m68k-elf-rosco/13.2.0/../../../../m68k-elf-rosco/lib/libc.a(libc_a-dtoa.o)
 .rodata.__multadd.str1.1
                0x00012ac1       0x3a /opt/homebrew/Cellar/rosco-m68k-toolchain@13/HEAD-e2a4d4b/lib/gcc/m68k-elf-rosco/13.2.0/../../../../m68k-elf-rosco/lib/libc.a(libc_a-mprec.o)
 *fill*         0x00012ac1        0x1 
 .rodata.p05.0  0x00012ac2        0xc /opt/homebrew/Cellar/rosco-m68k-toolchain@13/HEAD-e2a4d4b/lib/gcc/m68k-elf-rosco/13.2.0/../../../../m68k-elf-rosco/lib/libc.a(libc_a-mprec.o)
 .rodata.__mprec_tinytens
                0x00012ace       0x28 /opt/homebrew/Cellar/rosco-m68k-toolchain@13/HEAD-e2a4d4b/lib/gcc/m68k-elf-rosco/13.2.0/../../../../m68k-elf-rosco/lib/libc.a(libc_a-mprec.o)
                0x00012ace                __mprec_tinytens
 .rodata.__mprec_bigtens
                0x00012af6       0x28 /opt/homebrew/Cellar/rosco-m68k-toolchain@13/HEAD-e2a4d4b/lib/gcc/m68k-elf-rosco/13.2.0/../../../../m68k-elf-rosco/lib/libc.a(libc_a-mprec.o)
                0x00012af6                __mprec_bigtens
 .rodata.__mprec_tens
                0x00012b1e       0xc8 /opt/homebrew/Cellar/rosco-m68k-toolchain@13/HEAD-e2a4d4b/lib/gcc/m68k-elf-rosco/13.2.0/../../../../m68k-elf-rosco/lib/libc.a(libc_a-mprec.o)
                0x00012b1e                __mprec_tens
 .rodata._setlocale_r.str1.1
                0x00012be6        0x9 /opt/homebrew/Cellar/rosco-m68k-toolchain@13/HEAD-e2a4d4b/lib/gcc/m68k-elf-rosco/13.2.0/../../../../m68k-elf-rosco/lib/libc.a(libc_a-locale.o)
 .rodata.str1.1
                0x00012be6        0x2 /opt/homebrew/Cellar/rosco-m68k-toolchain@13/HEAD-e2a4d4b/lib/gcc/m68k-elf-rosco/13.2.0/../../../../m68k-elf-rosco/lib/libc.a(libc_a-locale.o)
 .rodata._ctype_
                0x00012be6      0x101 /opt/homebrew/Cellar/rosco-m68k-toolchain@13/HEAD-e2a4d4b/lib/gcc/m68k-elf-rosco/13.2.0/../../../../m68k-elf-rosco/lib/libc.a(libc_a-ctype_.o)
                0x00012be6                _ctype_
 .rodata.__assert_func.str1.1
                0x00012ce7       0x3d /opt/homebrew/Cellar/rosco-m68k-toolchain@13/HEAD-e2a4d4b/lib/gcc/m68k-elf-rosco/13.2.0/../../../../m68k-elf-rosco/lib/libc.a(libc_a-assert.o)
 .rodata._vfiprintf_r.str1.1
                0x00012ce7       0x29 /opt/homebrew/Cellar/rosco-m68k-toolchain@13/HEAD-e2a4d4b/lib/gcc/m68k-elf-rosco/13.2.0/../../../../m68k-elf-rosco/lib/libc.a(libc_a-vfiprintf.o)
 .rodata.zeroes.0
                0x00012ce7       0x10 /opt/homebrew/Cellar/rosco-m68k-toolchain@13/HEAD-e2a4d4b/lib/gcc/m68k-elf-rosco/13.2.0/../../../../m68k-elf-rosco/lib/libc.a(libc_a-vfiprintf.o)
 .rodata.blanks.1
                0x00012cf7       0x10 /opt/homebrew/Cellar/rosco-m68k-toolchain@13/HEAD-e2a4d4b/lib/gcc/m68k-elf-rosco/13.2.0/../../../../m68k-elf-rosco/lib/libc.a(libc_a-vfiprintf.o)
 .rodata._open.str1.1
                0x00012d07       0x19 /opt/homebrew/Cellar/rosco-m68k-toolchain@13/HEAD-e2a4d4b/lib/gcc/m68k-elf-rosco/13.2.0/../../../../m68k-elf-rosco/lib/librosco.a(syscalls.o)
 .rodata._read.str1.1
                0x00012d07        0x1 /opt/homebrew/Cellar/rosco-m68k-toolchain@13/HEAD-e2a4d4b/lib/gcc/m68k-elf-rosco/13.2.0/../../../../m68k-elf-rosco/lib/librosco.a(syscalls.o)
 .rodata.fatfs_lfn_generate_tail.str1.1
                0x00012d07       0x11 /opt/homebrew/Cellar/rosco-m68k-toolchain@13/HEAD-e2a4d4b/lib/gcc/m68k-elf-rosco/13.2.0/../../../../m68k-elf-rosco/lib/librosco.a(fat_misc.o)
                0x00012d24                        . = ALIGN (0x4)
 *fill*         0x00012d07        0x1 
 *(.gcc_except_table)
                0x00012d08                        . = ALIGN (0x4)
 *(.init*)