Archive member included to satisfy reference by file (symbol)

/opt/homebrew/Cellar/rosco-m68k-toolchain@13/HEAD-e2a4d4b/lib/gcc/m68k-elf-rosco/13.2.0/../../../../m68k-elf-rosco/lib/libm.a(libm_a-w_exp.o)
                              main.o (exp)
/opt/homebrew/Cellar/rosco-m68k-toolchain@13/HEAD-e2a4d4b/lib/gcc/m68k-elf-rosco/13.2.0/../../../../m68k-elf-rosco/lib/libm.a(libm_a-w_log.o)
                              main.o (log)
/opt/homebrew/Cellar/rosco-m68k-toolchain@13/HEAD-e2a4d4b/lib/gcc/m68k-elf-rosco/13.2.0/../../../../m68k-elf-rosco/lib/libm.a(libm_a-w_sqrt.o)
                              main.o (sqrt)
/opt/homebrew/Cellar/rosco-m68k-toolchain@13/HEAD-e2a4d4b/lib/gcc/m68k-elf-rosco/13.2.0/../../../../m68k-elf-rosco/lib/libm.a(libm_a-s_atan.o)
                              main.o (atan)
/opt/homebrew/Cellar/rosco-m68k-toolchain@13/HEAD-e2a4d4b/lib/gcc/m68k-elf-rosco/13.2.0/../../../../m68k-elf-rosco/lib/libm.a(libm_a-s_cos.o)
                              main.o (cos)
/opt/homebrew/Cellar/rosco-m68k-toolchain@13/HEAD-e2a4d4b/lib/gcc/m68k-elf-rosco/13.2.0/../../../../m68k-elf-rosco/lib/libm.a(libm_a-s_fabs.o)
                              /opt/homebrew/Cellar/rosco-m68k-toolchain@13/HEAD-e2a4d4b/lib/gcc/m68k-elf-rosco/13.2.0/../../../../m68k-elf-rosco/lib/libm.a(libm_a-s_atan.o) (fabs)
/opt/homebrew/Cellar/rosco-m68k-toolchain@13/HEAD-e2a4d4b/lib/gcc/m68k-elf-rosco/13.2.0/../../../../m68k-elf-rosco/lib/libm.a(libm_a-s_finite.o)
                              /opt/homebrew/Cellar/rosco-m68k-toolchain@13/HEAD-e2a4d4b/lib/gcc/m68k-elf-rosco/13.2.0/../../../../m68k-elf-rosco/lib/libm.a(libm_a-w_exp.o) (finite)
/opt/homebrew/Cellar/rosco-m68k-toolchain@13/HEAD-e2a4d4b/lib/gcc/m68k-elf-rosco/13.2.0/../../../../m68k-elf-rosco/lib/libm.a(libm_a-s_sin.o)
                              main.o (sin)
/opt/homebrew/Cellar/rosco-m68k-toolchain@13/HEAD-e2a4d4b/lib/gcc/m68k-elf-rosco/13.2.0/../../../../m68k-elf-rosco/lib/libm.a(libm_a-e_exp.o)
                              /opt/homebrew/Cellar/rosco-m68k-toolchain@13/HEAD-e2a4d4b/lib/gcc/m68k-elf-rosco/13.2.0/../../../../m68k-elf-rosco/lib/libm.a(libm_a-w_exp.o) (__ieee754_exp)
/opt/homebrew/Cellar/rosco-m68k-toolchain@13/HEAD-e2a4d4b/lib/gcc/m68k-elf-rosco/13.2.0/../../../../m68k-elf-rosco/lib/libm.a(libm_a-s_nan.o)
                              /opt/homebrew/Cellar/rosco-m68k-toolchain@13/HEAD-e2a4d4b/lib/gcc/m68k-elf-rosco/13.2.0/../../../../m68k-elf-rosco/lib/libm.a(libm_a-w_log.o) (nan)
/opt/homebrew/Cellar/rosco-m68k-toolchain@13/HEAD-e2a4d4b/lib/gcc/m68k-elf-rosco/13.2.0/../../../../m68k-elf-rosco/lib/libm.a(libm_a-e_log.o)
                              /opt/homebrew/Cellar/rosco-m68k-toolchain@13/HEAD-e2a4d4b/lib/gcc/m68k-elf-rosco/13.2.0/../../../../m68k-elf-rosco/lib/libm.a(libm_a-w_log.o) (__ieee754_log)
/opt/homebrew/Cellar/rosco-m68k-toolchain@13/HEAD-e2a4d4b/lib/gcc/m68k-elf-rosco/13.2.0/../../../../m68k-elf-rosco/lib/libm.a(libm_a-e_rem_pio2.o)
                              /opt/homebrew/Cellar/rosco-m68k-toolchain@13/HEAD-e2a4d4b/lib/gcc/m68k-elf-rosco/13.2.0/../../../../m68k-elf-rosco/lib/libm.a(libm_a-s_cos.o) (__ieee754_rem_pio2)
/opt/homebrew/Cellar/rosco-m68k-toolchain@13/HEAD-e2a4d4b/lib/gcc/m68k-elf-rosco/13.2.0/../../../../m68k-elf-rosco/lib/libm.a(libm_a-e_sqrt.o)
                              /opt/homebrew/Cellar/rosco-m68k-toolchain@13/HEAD-e2a4d4b/lib/gcc/m68k-elf-rosco/13.2.0/../../../../m68k-elf-rosco/lib/libm.a(libm_a-w_sqrt.o) (__ieee754_sqrt)
/opt/homebrew/Cellar/rosco-m68k-toolchain@13/HEAD-e2a4d4b/lib/gcc/m68k-elf-rosco/13.2.0/../../../../m68k-elf-rosco/lib/libm.a(libm_a-math_err.o)
                              /opt/homebrew/Cellar/rosco-m68k-toolchain@13/HEAD-e2a4d4b/lib/gcc/m68k-elf-rosco/13.2.0/../../../../m68k-elf-rosco/lib/libm.a(libm_a-e_exp.o) (__math_uflow)
/opt/homebrew/Cellar/rosco-m68k-toolchain@13/HEAD-e2a4d4b/lib/gcc/m68k-elf-rosco/13.2.0/../../../../m68k-elf-rosco/lib/libm.a(libm_a-k_rem_pio2.o)
                              /opt/homebrew/Cellar/rosco-m68k-toolchain@13/HEAD-e2a4d4b/lib/gcc/m68k-elf-rosco/13.2.0/../../../../m68k-elf-rosco/lib/libm.a(libm_a-e_rem_pio2.o) (__kernel_rem_pio2)
/opt/homebrew/Cellar/rosco-m68k-toolchain@13/HEAD-e2a4d4b/lib/gcc/m68k-elf-rosco/13.2.0/../../../../m68k-elf-rosco/lib/libm.a(libm_a-k_cos.o)
                              /opt/homebrew/Cellar/rosco-m68k-toolchain@13/HEAD-e2a4d4b/lib/gcc/m68k-elf-rosco/13.2.0/../../../../m68k-elf-rosco/lib/libm.a(libm_a-s_cos.o) (__kernel_cos)
/opt/homebrew/Cellar/rosco-m68k-toolchain@13/HEAD-e2a4d4b/lib/gcc/m68k-elf-rosco/13.2.0/../../../../m68k-elf-rosco/lib/libm.a(libm_a-k_sin.o)
                              /opt/homebrew/Cellar/rosco-m68k-toolchain@13/HEAD-e2a4d4b/lib/gcc/m68k-elf-rosco/13.2.0/../../../../m68k-elf-rosco/lib/libm.a(libm_a-s_cos.o) (__kernel_sin)
/opt/homebrew/Cellar/rosco-m68k-toolchain@13/HEAD-e2a4d4b/lib/gcc/m68k-elf-rosco/13.2.0/../../../../m68k-elf-rosco/lib/libm.a(libm_a-s_floor.o)
[...]
Memory Configuration

Name             Origin             Length             Attributes
RAM              0x00000000         0x00100000
EXP_RAM          0x00100000         0x00d00000
ROM              0x00e00000         0x00100000
IO_SPACE         0x00f00000         0x00100000
*default*        0x00000000         0xffffffff

Linker script and memory map

LOAD /opt/homebrew/Cellar/rosco-m68k-toolchain@13/HEAD-e2a4d4b/lib/gcc/m68k-elf-rosco/13.2.0/../../../../m68k-elf-rosco/lib/crt0.o
LOAD /opt/homebrew/Cellar/rosco-m68k-toolchain@13/HEAD-e2a4d4b/lib/gcc/m68k-elf-rosco/13.2.0/crti.o
LOAD /opt/homebrew/Cellar/rosco-m68k-toolchain@13/HEAD-e2a4d4b/lib/gcc/m68k-elf-rosco/13.2.0/crtbegin.o
LOAD main.o
LOAD /opt/homebrew/Cellar/rosco-m68k-toolchain@13/HEAD-e2a4d4b/lib/gcc/m68k-elf-rosco/13.2.0/../../../../m68k-elf-rosco/lib/libm.a
LOAD /opt/homebrew/Cellar/rosco-m68k-toolchain@13/HEAD-e2a4d4b/lib/gcc/m68k-elf-rosco/13.2.0/libgcc.a
LOAD /opt/homebrew/Cellar/rosco-m68k-toolchain@13/HEAD-e2a4d4b/lib/gcc/m68k-elf-rosco/13.2.0/../../../../m68k-elf-rosco/lib/libc.a
LOAD /opt/homebrew/Cellar/rosco-m68k-toolchain@13/HEAD-e2a4d4b/lib/gcc/m68k-elf-rosco/13.2.0/../../../../m68k-elf-rosco/lib/librosco.a
LOAD /opt/homebrew/Cellar/rosco-m68k-toolchain@13/HEAD-e2a4d4b/lib/gcc/m68k-elf-rosco/13.2.0/../../../../m68k-elf-rosco/lib/libc.a
                [!provide]                        PROVIDE (_STACK_SIZE = 0x4000)
                [!provide]                        PROVIDE (_relocIAL_STACK = 0x0)
                [!provide]                        PROVIDE (_WARM_BOOT = 0x4)
                [!provide]                        PROVIDE (_MFP_VECTORS = 0x100)
                [!provide]                        PROVIDE (_SDB = 0x400)
                0x00000400                        PROVIDE (_SDB_MAGIC = 0x400)
                [!provide]                        PROVIDE (_SDB_STATUS = 0x404)
                [!provide]                        PROVIDE (_SDB_RSRVD_408 = 0x408)
                0x0000040c                        PROVIDE (_TIMER_100HZ = 0x40c)
                [!provide]                        PROVIDE (_EASY68K_ECHOON = 0x410)
                [!provide]                        PROVIDE (_EASY68K_PROMPT = 0x411)
                [!provide]                        PROVIDE (_EASY68K_SHOWLF = 0x412)
                [!provide]                        PROVIDE (_SDB_RSRVD_413 = 0x413)
                [!provide]                        PROVIDE (_SDB_MEM_SIZE = 0x414)
                [!provide]                        PROVIDE (_SDB_UART_BASE = 0x418)
                [!provide]                        PROVIDE (_SDB_CPU_INFO = 0x41c)
                [!provide]                        PROVIDE (_EFP_TABLE = 0x420)
                [!provide]                        PROVIDE (_EFP_PRINT = 0x420)
                [!provide]                        PROVIDE (_EFP_PRINTLN = 0x424)
                [!provide]                        PROVIDE (_EFP_PRINTCHAR = 0x428)
                [!provide]                        PROVIDE (_EFP_HALT = 0x42c)
                [!provide]                        PROVIDE (_EFP_SENDCHAR = 0x430)
                [!provide]                        PROVIDE (_EFP_RECVCHAR = 0x434)
                [!provide]                        PROVIDE (_EFP_CLRSCR = 0x438)
                [!provide]                        PROVIDE (_EFP_MOVEXY = 0x43c)
                [!provide]                        PROVIDE (_EFP_SETCURSOR = 0x440)
                [!provide]                        PROVIDE (_EFP_CHECKCHAR = 0x444)
                [!provide]                        PROVIDE (_EFP_PROGLOADER = 0x448)
                [!provide]                        PROVIDE (_EFP_SD_reloc = 0x44c)
                [!provide]                        PROVIDE (_EFP_SD_READ = 0x450)
                [!provide]                        PROVIDE (_EFP_SD_WRITE = 0x454)
                [!provide]                        PROVIDE (_EFP_SD_REG = 0x458)
                [!provide]                        PROVIDE (_EFP_SPI_reloc = 0x45c)
                [!provide]                        PROVIDE (_EFP_SPI_CS_A = 0x460)
                [!provide]                        PROVIDE (_EFP_SPI_CS_D = 0x464)
                [!provide]                        PROVIDE (_EFP_SPI_XFER_B = 0x468)
                [!provide]                        PROVIDE (_EFP_SPI_XFER_M = 0x46c)
                [!provide]                        PROVIDE (_EFP_SPI_RECV_B = 0x470)
                [!provide]                        PROVIDE (_EFP_SPI_RECV_M = 0x474)
                [!provide]                        PROVIDE (_EFP_SPI_SEND_B = 0x478)
                [!provide]                        PROVIDE (_EFP_SPI_SEND_M = 0x47c)
                [!provide]                        PROVIDE (_EFP_ATA_reloc = 0x480)
                [!provide]                        PROVIDE (_EFP_ATA_READ = 0x484)
                [!provide]                        PROVIDE (_EFP_ATA_WRITE = 0x488)
                [!provide]                        PROVIDE (_EFP_ATA_IDENT = 0x48c)
                [!provide]                        PROVIDE (_EFP_INPUTCHAR = 0x494)
                [!provide]                        PROVIDE (_EFP_CHECKINPUT = 0x498)
                [!provide]                        PROVIDE (_FIRMWARE = 0xe00000)
                [!provide]                        PROVIDE (_FIRMWARE_REV = 0xe00400)
                0x00040000                        PROVIDE (_LOAD_ADDRESS = 0x40000)
                0x00002000                        PROVIDE (_RUN_ADDRESS = 0x2000)

.text.reloc     0x00002000       0x22 load address 0x00040000
                0x00002000                        _reloc = .
 *(.reloc)
 .reloc         0x00002000       0x22 /opt/homebrew/Cellar/rosco-m68k-toolchain@13/HEAD-e2a4d4b/lib/gcc/m68k-elf-rosco/13.2.0/../../../../m68k-elf-rosco/lib/crt0.o
                0x00002000                _start
                0x00002022                        _reloc_end = .

.text.postreloc
                0x00002024       0x7c load address 0x00040024
                0x00002024                        _postreloc = .
 *(.postreloc)
 *fill*         0x00002024        0xc 
 .postreloc     0x00002030       0x70 /opt/homebrew/Cellar/rosco-m68k-toolchain@13/HEAD-e2a4d4b/lib/gcc/m68k-elf-rosco/13.2.0/../../../../m68k-elf-rosco/lib/crt0.o
                0x0000204a                _enter
                0x000020a0                        . = ALIGN (0x4)
                0x000020a0                        _postreloc_end = .

.eh_frame       0x000020a0        0x4 load address 0x000400a0
 .eh_frame      0x000020a0        0x0 /opt/homebrew/Cellar/rosco-m68k-toolchain@13/HEAD-e2a4d4b/lib/gcc/m68k-elf-rosco/13.2.0/crtbegin.o
 .eh_frame      0x000020a0        0x4 /opt/homebrew/Cellar/rosco-m68k-toolchain@13/HEAD-e2a4d4b/lib/gcc/m68k-elf-rosco/13.2.0/crtend.o

.text           0x000020a4    0x13cfa load address 0x000400a4
                0x000020a4                        _code = .
 *(.text*)
 .text          0x000020a4        0x0 /opt/homebrew/Cellar/rosco-m68k-toolchain@13/HEAD-e2a4d4b/lib/gcc/m68k-elf-rosco/13.2.0/crti.o
 .text          0x000020a4       0xf0 /opt/homebrew/Cellar/rosco-m68k-toolchain@13/HEAD-e2a4d4b/lib/gcc/m68k-elf-rosco/13.2.0/crtbegin.o
 .text          0x00002194     0x106e main.o
                0x00002194                gettimer
                0x000021a2                getduration
                0x000021ca                main
                0x00002f46                PA
                0x000030c0                P0
                0x0000312a                P3
                0x000031bc                POUT
 *fill*         0x00003202        0x2 
 .text          0x00003204        0x0 /opt/homebrew/Cellar/rosco-m68k-toolchain@13/HEAD-e2a4d4b/lib/gcc/m68k-elf-rosco/13.2.0/../../../../m68k-elf-rosco/lib/libm.a(libm_a-w_exp.o)
 .text.exp      0x00003204       0xaa /opt/homebrew/Cellar/rosco-m68k-toolchain@13/HEAD-e2a4d4b/lib/gcc/m68k-elf-rosco/13.2.0/../../../../m68k-elf-rosco/lib/libm.a(libm_a-w_exp.o)
                0x00003204                exp
 *fill*         0x000032ae        0x2 
 .text          0x000032b0        0x0 /opt/homebrew/Cellar/rosco-m68k-toolchain@13/HEAD-e2a4d4b/lib/gcc/m68k-elf-rosco/13.2.0/../../../../m68k-elf-rosco/lib/libm.a(libm_a-w_log.o)
 .text.log      0x000032b0       0x9e /opt/homebrew/Cellar/rosco-m68k-toolchain@13/HEAD-e2a4d4b/lib/gcc/m68k-elf-rosco/13.2.0/../../../../m68k-elf-rosco/lib/libm.a(libm_a-w_log.o)
                0x000032b0                log
 *fill*         0x0000334e        0x2 
 .text          0x00003350        0x0 /opt/homebrew/Cellar/rosco-m68k-toolchain@13/HEAD-e2a4d4b/lib/gcc/m68k-elf-rosco/13.2.0/../../../../m68k-elf-rosco/lib/libm.a(libm_a-w_sqrt.o)
 .text.sqrt     0x00003350       0x82 /opt/homebrew/Cellar/rosco-m68k-toolchain@13/HEAD-e2a4d4b/lib/gcc/m68k-elf-rosco/13.2.0/../../../../m68k-elf-rosco/lib/libm.a(libm_a-w_sqrt.o)
                0x00003350                sqrt
 *fill*         0x000033d2        0x2 
 .text          0x000033d4        0x0 /opt/homebrew/Cellar/rosco-m68k-toolchain@13/HEAD-e2a4d4b/lib/gcc/m68k-elf-rosco/13.2.0/../../../../m68k-elf-rosco/lib/libm.a(libm_a-s_atan.o)
 .text.atan     0x000033d4      0x666 /opt/homebrew/Cellar/rosco-m68k-toolchain@13/HEAD-e2a4d4b/lib/gcc/m68k-elf-rosco/13.2.0/../../../../m68k-elf-rosco/lib/libm.a(libm_a-s_atan.o)
                0x000033d4                atan
 *fill*         0x00003a3a        0x2 
 .text          0x00003a3c        0x0 /opt/homebrew/Cellar/rosco-m68k-toolchain@13/HEAD-e2a4d4b/lib/gcc/m68k-elf-rosco/13.2.0/../../../../m68k-elf-rosco/lib/libm.a(libm_a-s_cos.o)
 .text.cos      0x00003a3c      0x11c /opt/homebrew/Cellar/rosco-m68k-toolchain@13/HEAD-e2a4d4b/lib/gcc/m68k-elf-rosco/13.2.0/../../../../m68k-elf-rosco/lib/libm.a(libm_a-s_cos.o)
                0x00003a3c                cos
 .text          0x00003b58        0x0 /opt/homebrew/Cellar/rosco-m68k-toolchain@13/HEAD-e2a4d4b/lib/gcc/m68k-elf-rosco/13.2.0/../../../../m68k-elf-rosco/lib/libm.a(libm_a-s_fabs.o)
 .text.fabs     0x00003b58       0x16 /opt/homebrew/Cellar/rosco-m68k-toolchain@13/HEAD-e2a4d4b/lib/gcc/m68k-elf-rosco/13.2.0/../../../../m68k-elf-rosco/lib/libm.a(libm_a-s_fabs.o)
                0x00003b58                fabs
 *fill*         0x00003b6e        0x2 
 .text          0x00003b70        0x0 /opt/homebrew/Cellar/rosco-m68k-toolchain@13/HEAD-e2a4d4b/lib/gcc/m68k-elf-rosco/13.2.0/../../../../m68k-elf-rosco/lib/libm.a(libm_a-s_finite.o)
 .text.finite   0x00003b70       0x16 /opt/homebrew/Cellar/rosco-m68k-toolchain@13/HEAD-e2a4d4b/lib/gcc/m68k-elf-rosco/13.2.0/../../../../m68k-elf-rosco/lib/libm.a(libm_a-s_finite.o)
                0x00003b70                finite
 *fill*         0x00003b86        0x2 
 .text          0x00003b88        0x0 /opt/homebrew/Cellar/rosco-m68k-toolchain@13/HEAD-e2a4d4b/lib/gcc/m68k-elf-rosco/13.2.0/../../../../m68k-elf-rosco/lib/libm.a(libm_a-s_sin.o)
 .text.sin      0x00003b88      0x11e /opt/homebrew/Cellar/rosco-m68k-toolchain@13/HEAD-e2a4d4b/lib/gcc/m68k-elf-rosco/13.2.0/../../../../m68k-elf-rosco/lib/libm.a(libm_a-s_sin.o)
                0x00003b88                sin
 *fill*         0x00003ca6        0x2 
 .text          0x00003ca8        0x0 /opt/homebrew/Cellar/rosco-m68k-toolchain@13/HEAD-e2a4d4b/lib/gcc/m68k-elf-rosco/13.2.0/../../../../m68k-elf-rosco/lib/libm.a(libm_a-e_exp.o)
 .text.__ieee754_exp
                0x00003ca8      0x574 /opt/homebrew/Cellar/rosco-m68k-toolchain@13/HEAD-e2a4d4b/lib/gcc/m68k-elf-rosco/13.2.0/../../../../m68k-elf-rosco/lib/libm.a(libm_a-e_exp.o)
                0x00003ca8                __ieee754_exp
 .text          0x0000421c        0x0 /opt/homebrew/Cellar/rosco-m68k-toolchain@13/HEAD-e2a4d4b/lib/gcc/m68k-elf-rosco/13.2.0/../../../../m68k-elf-rosco/lib/libm.a(libm_a-s_nan.o)
 .text.nan      0x0000421c        0xa /opt/homebrew/Cellar/rosco-m68k-toolchain@13/HEAD-e2a4d4b/lib/gcc/m68k-elf-rosco/13.2.0/../../../../m68k-elf-rosco/lib/libm.a(libm_a-s_nan.o)
                0x0000421c                nan
 *fill*         0x00004226        0x2 
 .text          0x00004228        0x0 /opt/homebrew/Cellar/rosco-m68k-toolchain@13/HEAD-e2a4d4b/lib/gcc/m68k-elf-rosco/13.2.0/../../../../m68k-elf-rosco/lib/libm.a(libm_a-e_log.o)
 .text.__ieee754_log
                0x00004228      0x64a /opt/homebrew/Cellar/rosco-m68k-toolchain@13/HEAD-e2a4d4b/lib/gcc/m68k-elf-rosco/13.2.0/../../../../m68k-elf-rosco/lib/libm.a(libm_a-e_log.o)
                0x00004228                __ieee754_log
 *fill*         0x00004872        0x2 
 .text          0x00004874        0x0 /opt/homebrew/Cellar/rosco-m68k-toolchain@13/HEAD-e2a4d4b/lib/gcc/m68k-elf-rosco/13.2.0/../../../../m68k-elf-rosco/lib/libm.a(libm_a-e_rem_pio2.o)
 .text.__ieee754_rem_pio2
                0x00004874      0x760 /opt/homebrew/Cellar/rosco-m68k-toolchain@13/HEAD-e2a4d4b/lib/gcc/m68k-elf-rosco/13.2.0/../../../../m68k-elf-rosco/lib/libm.a(libm_a-e_rem_pio2.o)
                0x00004874                __ieee754_rem_pio2
 .text          0x00004fd4        0x0 /opt/homebrew/Cellar/rosco-m68k-toolchain@13/HEAD-e2a4d4b/lib/gcc/m68k-elf-rosco/13.2.0/../../../../m68k-elf-rosco/lib/libm.a(libm_a-e_sqrt.o)
 .text.__ieee754_sqrt
                0x00004fd4      0x39e /opt/homebrew/Cellar/rosco-m68k-toolchain@13/HEAD-e2a4d4b/lib/gcc/m68k-elf-rosco/13.2.0/../../../../m68k-elf-rosco/lib/libm.a(libm_a-e_sqrt.o)
                0x00004fd4                __ieee754_sqrt
 *fill*         0x00005372        0x2 
 .text          0x00005374        0x0 /opt/homebrew/Cellar/rosco-m68k-toolchain@13/HEAD-e2a4d4b/lib/gcc/m68k-elf-rosco/13.2.0/../../../../m68k-elf-rosco/lib/libm.a(libm_a-math_err.o)
 .text.with_errno
                0x00005374       0x16 /opt/homebrew/Cellar/rosco-m68k-toolchain@13/HEAD-e2a4d4b/lib/gcc/m68k-elf-rosco/13.2.0/../../../../m68k-elf-rosco/lib/libm.a(libm_a-math_err.o)
 .text.xflow    0x0000538a       0x94 /opt/homebrew/Cellar/rosco-m68k-toolchain@13/HEAD-e2a4d4b/lib/gcc/m68k-elf-rosco/13.2.0/../../../../m68k-elf-rosco/lib/libm.a(libm_a-math_err.o)
 .text.__math_uflow
                0x0000541e       0x18 /opt/homebrew/Cellar/rosco-m68k-toolchain@13/HEAD-e2a4d4b/lib/gcc/m68k-elf-rosco/13.2.0/../../../../m68k-elf-rosco/lib/libm.a(libm_a-math_err.o)
                0x0000541e                __math_uflow
 .text.__math_may_uflow
                0x00005436       0x18 /opt/homebrew/Cellar/rosco-m68k-toolchain@13/HEAD-e2a4d4b/lib/gcc/m68k-elf-rosco/13.2.0/../../../../m68k-elf-rosco/lib/libm.a(libm_a-math_err.o)
                0x00005436                __math_may_uflow
 .text.__math_oflow
                0x0000544e       0x18 /opt/homebrew/Cellar/rosco-m68k-toolchain@13/HEAD-e2a4d4b/lib/gcc/m68k-elf-rosco/13.2.0/../../../../m68k-elf-rosco/lib/libm.a(libm_a-math_err.o)
                0x0000544e                __math_oflow
 .text.__math_divzero
                0x00005466       0x7c /opt/homebrew/Cellar/rosco-m68k-toolchain@13/HEAD-e2a4d4b/lib/gcc/m68k-elf-rosco/13.2.0/../../../../m68k-elf-rosco/lib/libm.a(libm_a-math_err.o)
                0x00005466                __math_divzero
 .text.__math_invalid
                0x000054e2       0x6c /opt/homebrew/Cellar/rosco-m68k-toolchain@13/HEAD-e2a4d4b/lib/gcc/m68k-elf-rosco/13.2.0/../../../../m68k-elf-rosco/lib/libm.a(libm_a-math_err.o)
                0x000054e2                __math_invalid
 .text.__math_check_uflow
                0x0000554e       0x4c /opt/homebrew/Cellar/rosco-m68k-toolchain@13/HEAD-e2a4d4b/lib/gcc/m68k-elf-rosco/13.2.0/../../../../m68k-elf-rosco/lib/libm.a(libm_a-math_err.o)
                0x0000554e                __math_check_uflow
 .text.__math_check_oflow
                0x0000559a       0x70 /opt/homebrew/Cellar/rosco-m68k-toolchain@13/HEAD-e2a4d4b/lib/gcc/m68k-elf-rosco/13.2.0/../../../../m68k-elf-rosco/lib/libm.a(libm_a-math_err.o)
                0x0000559a                __math_check_oflow
 *fill*         0x0000560a        0x2 
 .text          0x0000560c        0x0 /opt/homebrew/Cellar/rosco-m68k-toolchain@13/HEAD-e2a4d4b/lib/gcc/m68k-elf-rosco/13.2.0/../../../../m68k-elf-rosco/lib/libm.a(libm_a-k_rem_pio2.o)
 .text.__kernel_rem_pio2
                0x0000560c      0xca8 /opt/homebrew/Cellar/rosco-m68k-toolchain@13/HEAD-e2a4d4b/lib/gcc/m68k-elf-rosco/13.2.0/../../../../m68k-elf-rosco/lib/libm.a(libm_a-k_rem_pio2.o)
                0x0000560c                __kernel_rem_pio2
 .text          0x000062b4        0x0 /opt/homebrew/Cellar/rosco-m68k-toolchain@13/HEAD-e2a4d4b/lib/gcc/m68k-elf-rosco/13.2.0/../../../../m68k-elf-rosco/lib/libm.a(libm_a-k_cos.o)
 .text.__kernel_cos
                0x000062b4      0x3fa /opt/homebrew/Cellar/rosco-m68k-toolchain@13/HEAD-e2a4d4b/lib/gcc/m68k-elf-rosco/13.2.0/../../../../m68k-elf-rosco/lib/libm.a(libm_a-k_cos.o)
                0x000062b4                __kernel_cos
 *fill*         0x000066ae        0x2 
 .text          0x000066b0        0x0 /opt/homebrew/Cellar/rosco-m68k-toolchain@13/HEAD-e2a4d4b/lib/gcc/m68k-elf-rosco/13.2.0/../../../../m68k-elf-rosco/lib/libm.a(libm_a-k_sin.o)
 .text.__kernel_sin
                0x000066b0      0x210 /opt/homebrew/Cellar/rosco-m68k-toolchain@13/HEAD-e2a4d4b/lib/gcc/m68k-elf-rosco/13.2.0/../../../../m68k-elf-rosco/lib/libm.a(libm_a-k_sin.o)
                0x000066b0                __kernel_sin
 .text          0x000068c0        0x0 /opt/homebrew/Cellar/rosco-m68k-toolchain@13/HEAD-e2a4d4b/lib/gcc/m68k-elf-rosco/13.2.0/../../../../m68k-elf-rosco/lib/libm.a(libm_a-s_floor.o)
 .text.floor    0x000068c0      0x1be /opt/homebrew/Cellar/rosco-m68k-toolchain@13/HEAD-e2a4d4b/lib/gcc/m68k-elf-rosco/13.2.0/../../../../m68k-elf-rosco/lib/libm.a(libm_a-s_floor.o)
                0x000068c0                floor
 *fill*         0x00006a7e        0x2 
 .text          0x00006a80        0x0 /opt/homebrew/Cellar/rosco-m68k-toolchain@13/HEAD-e2a4d4b/lib/gcc/m68k-elf-rosco/13.2.0/../../../../m68k-elf-rosco/lib/libm.a(libm_a-s_scalbn.o)
 .text.scalbn   0x00006a80      0x20a /opt/homebrew/Cellar/rosco-m68k-toolchain@13/HEAD-e2a4d4b/lib/gcc/m68k-elf-rosco/13.2.0/../../../../m68k-elf-rosco/lib/libm.a(libm_a-s_scalbn.o)
                0x00006a80                scalbn
 *fill*         0x00006c8a        0x2 
 .text          0x00006c8c       0x2e /opt/homebrew/Cellar/rosco-m68k-toolchain@13/HEAD-e2a4d4b/lib/gcc/m68k-elf-rosco/13.2.0/libgcc.a(_divsi3.o)
                0x00006c8c                __divsi3_internal
                0x00006c8c                __divsi3
 *fill*         0x00006cba        0x2 
 .text          0x00006cbc      0x9ce /opt/homebrew/Cellar/rosco-m68k-toolchain@13/HEAD-e2a4d4b/lib/gcc/m68k-elf-rosco/13.2.0/libgcc.a(_double.o)
                0x00006d16                __subdf3
                0x00006d1c                __adddf3
                0x000070b2                __muldf3
                0x00007260                __divdf3
                0x000074d4                __negdf2
                0x00007532                __cmpdf2_internal
                0x00007602                __cmpdf2
 *fill*         0x0000768a        0x2 
 .text          0x0000768c       0x6a /opt/homebrew/Cellar/rosco-m68k-toolchain@13/HEAD-e2a4d4b/lib/gcc/m68k-elf-rosco/13.2.0/libgcc.a(_floatex.o)
                0x0000768c                __clear_sticky_bit
                0x0000769a                $_exception_handler
 *fill*         0x000076f6        0x2 
 .text          0x000076f8       0x22 /opt/homebrew/Cellar/rosco-m68k-toolchain@13/HEAD-e2a4d4b/lib/gcc/m68k-elf-rosco/13.2.0/libgcc.a(_eqdf2.o)
                0x000076f8                __eqdf2
 *fill*         0x0000771a        0x2 
 .text          0x0000771c       0x22 /opt/homebrew/Cellar/rosco-m68k-toolchain@13/HEAD-e2a4d4b/lib/gcc/m68k-elf-rosco/13.2.0/libgcc.a(_gtdf2.o)
                0x0000771c                __gtdf2
 *fill*         0x0000773e        0x2 
 .text          0x00007740       0x22 /opt/homebrew/Cellar/rosco-m68k-toolchain@13/HEAD-e2a4d4b/lib/gcc/m68k-elf-rosco/13.2.0/libgcc.a(_gedf2.o)
                0x00007740                __gedf2
 *fill*         0x00007762        0x2 
 .text          0x00007764       0x22 /opt/homebrew/Cellar/rosco-m68k-toolchain@13/HEAD-e2a4d4b/lib/gcc/m68k-elf-rosco/13.2.0/libgcc.a(_ltdf2.o)
                0x00007764                __ltdf2
 *fill*         0x00007786        0x2 
 .text          0x00007788       0x22 /opt/homebrew/Cellar/rosco-m68k-toolchain@13/HEAD-e2a4d4b/lib/gcc/m68k-elf-rosco/13.2.0/libgcc.a(_ledf2.o)
                0x00007788                __ledf2
 *fill*         0x000077aa        0x2 
 .text          0x000077ac      0x52c /opt/homebrew/Cellar/rosco-m68k-toolchain@13/HEAD-e2a4d4b/lib/gcc/m68k-elf-rosco/13.2.0/libgcc.a(fpgnulib.o)
                0x00007836                __unordsf2
                0x00007882                __unorddf2
                0x000078e6                __floatunsidf
                0x00007968                __floatsidf
                0x0000797c                __floatunsisf
                0x00007a0c                __floatsisf
                0x00007a2a                __extendsfdf2
                0x00007a9e                __truncdfsf2
                0x00007bb2                __fixdfsi
                0x00007c42                __fixsfsi
 .text          0x00007cd8       0x5c /opt/homebrew/Cellar/rosco-m68k-toolchain@13/HEAD-e2a4d4b/lib/gcc/m68k-elf-rosco/13.2.0/libgcc.a(_udivsi3.o)
                0x00007cd8                __udivsi3_internal
                0x00007cd8                __udivsi3
 .text          0x00007d34        0x0 /opt/homebrew/Cellar/rosco-m68k-toolchain@13/HEAD-e2a4d4b/lib/gcc/m68k-elf-rosco/13.2.0/../../../../m68k-elf-rosco/lib/libc.a(libc_a-atexit.o)
 .text.atexit   0x00007d34       0x16 /opt/homebrew/Cellar/rosco-m68k-toolchain@13/HEAD-e2a4d4b/lib/gcc/m68k-elf-rosco/13.2.0/../../../../m68k-elf-rosco/lib/libc.a(libc_a-atexit.o)
                0x00007d34                atexit
 *fill*         0x00007d4a        0x2 
 .text          0x00007d4c        0x0 /opt/homebrew/Cellar/rosco-m68k-toolchain@13/HEAD-e2a4d4b/lib/gcc/m68k-elf-rosco/13.2.0/../../../../m68k-elf-rosco/lib/libc.a(libc_a-exit.o)
 .text.exit     0x00007d4c       0x28 /opt/homebrew/Cellar/rosco-m68k-toolchain@13/HEAD-e2a4d4b/lib/gcc/m68k-elf-rosco/13.2.0/../../../../m68k-elf-rosco/lib/libc.a(libc_a-exit.o)
                0x00007d4c                exit
 .text          0x00007d74        0x0 /opt/homebrew/Cellar/rosco-m68k-toolchain@13/HEAD-e2a4d4b/lib/gcc/m68k-elf-rosco/13.2.0/../../../../m68k-elf-rosco/lib/libc.a(libc_a-printf.o)
 .text._printf_r
                0x00007d74       0x24 /opt/homebrew/Cellar/rosco-m68k-toolchain@13/HEAD-e2a4d4b/lib/gcc/m68k-elf-rosco/13.2.0/../../../../m68k-elf-rosco/lib/libc.a(libc_a-printf.o)
                0x00007d74                _printf_r
 .text.printf   0x00007d98       0x26 /opt/homebrew/Cellar/rosco-m68k-toolchain@13/HEAD-e2a4d4b/lib/gcc/m68k-elf-rosco/13.2.0/../../../../m68k-elf-rosco/lib/libc.a(libc_a-printf.o)
                0x00007d98                printf
 *fill*         0x00007dbe        0x2 
 .text          0x00007dc0        0x0 /opt/homebrew/Cellar/rosco-m68k-toolchain@13/HEAD-e2a4d4b/lib/gcc/m68k-elf-rosco/13.2.0/../../../../m68k-elf-rosco/lib/libc.a(libc_a-putchar.o)
 .text._putchar_r
                0x00007dc0       0x1a /opt/homebrew/Cellar/rosco-m68k-toolchain@13/HEAD-e2a4d4b/lib/gcc/m68k-elf-rosco/13.2.0/../../../../m68k-elf-rosco/lib/libc.a(libc_a-putchar.o)
                0x00007dc0                _putchar_r
 .text.putchar  0x00007dda       0x1c /opt/homebrew/Cellar/rosco-m68k-toolchain@13/HEAD-e2a4d4b/lib/gcc/m68k-elf-rosco/13.2.0/../../../../m68k-elf-rosco/lib/libc.a(libc_a-putchar.o)
                0x00007dda                putchar
 *fill*         0x00007df6        0x2 
 .text          0x00007df8        0x0 /opt/homebrew/Cellar/rosco-m68k-toolchain@13/HEAD-e2a4d4b/lib/gcc/m68k-elf-rosco/13.2.0/../../../../m68k-elf-rosco/lib/libc.a(libc_a-puts.o)
 .text._puts_r  0x00007df8       0xb0 /opt/homebrew/Cellar/rosco-m68k-toolchain@13/HEAD-e2a4d4b/lib/gcc/m68k-elf-rosco/13.2.0/../../../../m68k-elf-rosco/lib/libc.a(libc_a-puts.o)
                0x00007df8                _puts_r
 .text.puts     0x00007ea8       0x14 /opt/homebrew/Cellar/rosco-m68k-toolchain@13/HEAD-e2a4d4b/lib/gcc/m68k-elf-rosco/13.2.0/../../../../m68k-elf-rosco/lib/libc.a(libc_a-puts.o)
                0x00007ea8                puts
 .text          0x00007ebc        0x0 /opt/homebrew/Cellar/rosco-m68k-toolchain@13/HEAD-e2a4d4b/lib/gcc/m68k-elf-rosco/13.2.0/../../../../m68k-elf-rosco/lib/libc.a(libc_a-findfp.o)
 .text.__fp_lock
                0x00007ebc        0x4 /opt/homebrew/Cellar/rosco-m68k-toolchain@13/HEAD-e2a4d4b/lib/gcc/m68k-elf-rosco/13.2.0/../../../../m68k-elf-rosco/lib/libc.a(libc_a-findfp.o)
 .text.stdio_exit_handler
                0x00007ec0       0x1e /opt/homebrew/Cellar/rosco-m68k-toolchain@13/HEAD-e2a4d4b/lib/gcc/m68k-elf-rosco/13.2.0/../../../../m68k-elf-rosco/lib/libc.a(libc_a-findfp.o)
 .text.cleanup_stdio
                0x00007ede       0x52 /opt/homebrew/Cellar/rosco-m68k-toolchain@13/HEAD-e2a4d4b/lib/gcc/m68k-elf-rosco/13.2.0/../../../../m68k-elf-rosco/lib/libc.a(libc_a-findfp.o)
 .text.__fp_unlock
                0x00007f30        0x4 /opt/homebrew/Cellar/rosco-m68k-toolchain@13/HEAD-e2a4d4b/lib/gcc/m68k-elf-rosco/13.2.0/../../../../m68k-elf-rosco/lib/libc.a(libc_a-findfp.o)
 .text.global_stdio_init.part.0
                0x00007f34      0x178 /opt/homebrew/Cellar/rosco-m68k-toolchain@13/HEAD-e2a4d4b/lib/gcc/m68k-elf-rosco/13.2.0/../../../../m68k-elf-rosco/lib/libc.a(libc_a-findfp.o)
 .text.__sfp    0x000080ac      0x100 /opt/homebrew/Cellar/rosco-m68k-toolchain@13/HEAD-e2a4d4b/lib/gcc/m68k-elf-rosco/13.2.0/../../../../m68k-elf-rosco/lib/libc.a(libc_a-findfp.o)
                0x000080ac                __sfp
 .text.__sinit  0x000081ac       0x22 /opt/homebrew/Cellar/rosco-m68k-toolchain@13/HEAD-e2a4d4b/lib/gcc/m68k-elf-rosco/13.2.0/../../../../m68k-elf-rosco/lib/libc.a(libc_a-findfp.o)
                0x000081ac                __sinit
 .text.__sfp_lock_acquire
                0x000081ce        0x2 /opt/homebrew/Cellar/rosco-m68k-toolchain@13/HEAD-e2a4d4b/lib/gcc/m68k-elf-rosco/13.2.0/../../../../m68k-elf-rosco/lib/libc.a(libc_a-findfp.o)
                0x000081ce                __sfp_lock_acquire
 .text.__sfp_lock_release
                0x000081d0        0x2 /opt/homebrew/Cellar/rosco-m68k-toolchain@13/HEAD-e2a4d4b/lib/gcc/m68k-elf-rosco/13.2.0/../../../../m68k-elf-rosco/lib/libc.a(libc_a-findfp.o)
                0x000081d0                __sfp_lock_release
 .text.__fp_lock_all
                0x000081d2       0x1a /opt/homebrew/Cellar/rosco-m68k-toolchain@13/HEAD-e2a4d4b/lib/gcc/m68k-elf-rosco/13.2.0/../../../../m68k-elf-rosco/lib/libc.a(libc_a-findfp.o)
                0x000081d2                __fp_lock_all
 .text.__fp_unlock_all
                0x000081ec       0x1a /opt/homebrew/Cellar/rosco-m68k-toolchain@13/HEAD-e2a4d4b/lib/gcc/m68k-elf-rosco/13.2.0/../../../../m68k-elf-rosco/lib/libc.a(libc_a-findfp.o)
                0x000081ec                __fp_unlock_all
 *fill*         0x00008206        0x2 
 .text          0x00008208        0x0 /opt/homebrew/Cellar/rosco-m68k-toolchain@13/HEAD-e2a4d4b/lib/gcc/m68k-elf-rosco/13.2.0/../../../../m68k-elf-rosco/lib/libc.a(libc_a-fvwrite.o)
 .text.__sfvwrite_r
                0x00008208      0x3b6 /opt/homebrew/Cellar/rosco-m68k-toolchain@13/HEAD-e2a4d4b/lib/gcc/m68k-elf-rosco/13.2.0/../../../../m68k-elf-rosco/lib/libc.a(libc_a-fvwrite.o)
                0x00008208                __sfvwrite_r
 *fill*         0x000085be        0x2 
 .text          0x000085c0        0x0 /opt/homebrew/Cellar/rosco-m68k-toolchain@13/HEAD-e2a4d4b/lib/gcc/m68k-elf-rosco/13.2.0/../../../../m68k-elf-rosco/lib/libc.a(libc_a-fwalk.o)
 .text._fwalk_sglue
                0x000085c0       0x56 /opt/homebrew/Cellar/rosco-m68k-toolchain@13/HEAD-e2a4d4b/lib/gcc/m68k-elf-rosco/13.2.0/../../../../m68k-elf-rosco/lib/libc.a(libc_a-fwalk.o)
                0x000085c0                _fwalk_sglue
 *fill*         0x00008616        0x2 
 .text          0x00008618        0x0 /opt/homebrew/Cellar/rosco-m68k-toolchain@13/HEAD-e2a4d4b/lib/gcc/m68k-elf-rosco/13.2.0/../../../../m68k-elf-rosco/lib/libc.a(libc_a-wsetup.o)
 .text.__swsetup_r
                0x00008618      0x128 /opt/homebrew/Cellar/rosco-m68k-toolchain@13/HEAD-e2a4d4b/lib/gcc/m68k-elf-rosco/13.2.0/../../../../m68k-elf-rosco/lib/libc.a(libc_a-wsetup.o)
                0x00008618                __swsetup_r
 .text          0x00008740        0x0 /opt/homebrew/Cellar/rosco-m68k-toolchain@13/HEAD-e2a4d4b/lib/gcc/m68k-elf-rosco/13.2.0/../../../../m68k-elf-rosco/lib/libc.a(libc_a-memchr.o)
 .text.memchr   0x00008740       0x9c /opt/homebrew/Cellar/rosco-m68k-toolchain@13/HEAD-e2a4d4b/lib/gcc/m68k-elf-rosco/13.2.0/../../../../m68k-elf-rosco/lib/libc.a(libc_a-memchr.o)
                0x00008740                memchr
 .text          0x000087dc        0x0 /opt/homebrew/Cellar/rosco-m68k-toolchain@13/HEAD-e2a4d4b/lib/gcc/m68k-elf-rosco/13.2.0/../../../../m68k-elf-rosco/lib/libc.a(libc_a-memmove.o)
 .text.memmove  0x000087dc       0xf8 /opt/homebrew/Cellar/rosco-m68k-toolchain@13/HEAD-e2a4d4b/lib/gcc/m68k-elf-rosco/13.2.0/../../../../m68k-elf-rosco/lib/libc.a(libc_a-memmove.o)
                0x000087dc                memmove
 .text          0x000088d4        0x0 /opt/homebrew/Cellar/rosco-m68k-toolchain@13/HEAD-e2a4d4b/lib/gcc/m68k-elf-rosco/13.2.0/../../../../m68k-elf-rosco/lib/libc.a(libc_a-impure.o)
 .text          0x000088d4        0x0 /opt/homebrew/Cellar/rosco-m68k-toolchain@13/HEAD-e2a4d4b/lib/gcc/m68k-elf-rosco/13.2.0/../../../../m68k-elf-rosco/lib/libc.a(libc_a-errno.o)
 .text.__errno  0x000088d4        0x8 /opt/homebrew/Cellar/rosco-m68k-toolchain@13/HEAD-e2a4d4b/lib/gcc/m68k-elf-rosco/13.2.0/../../../../m68k-elf-rosco/lib/libc.a(libc_a-errno.o)
                0x000088d4                __errno
 .text          0x000088dc        0x0 /opt/homebrew/Cellar/rosco-m68k-toolchain@13/HEAD-e2a4d4b/lib/gcc/m68k-elf-rosco/13.2.0/../../../../m68k-elf-rosco/lib/libc.a(libc_a-strlen.o)
 .text.strlen   0x000088dc       0x14 /opt/homebrew/Cellar/rosco-m68k-toolchain@13/HEAD-e2a4d4b/lib/gcc/m68k-elf-rosco/13.2.0/../../../../m68k-elf-rosco/lib/libc.a(libc_a-strlen.o)
                0x000088dc                strlen
 .text          0x000088f0       0x6e /opt/homebrew/Cellar/rosco-m68k-toolchain@13/HEAD-e2a4d4b/lib/gcc/m68k-elf-rosco/13.2.0/../../../../m68k-elf-rosco/lib/libc.a(libc_a-memcpy.o)
                0x000088f0                memcpy
 *fill*         0x0000895e        0x2 
 .text          0x00008960       0x72 /opt/homebrew/Cellar/rosco-m68k-toolchain@13/HEAD-e2a4d4b/lib/gcc/m68k-elf-rosco/13.2.0/../../../../m68k-elf-rosco/lib/libc.a(libc_a-memset.o)
                0x00008960                memset
 *fill*         0x000089d2        0x2 
 .text          0x000089d4        0x0 /opt/homebrew/Cellar/rosco-m68k-toolchain@13/HEAD-e2a4d4b/lib/gcc/m68k-elf-rosco/13.2.0/../../../../m68k-elf-rosco/lib/libc.a(libc_a-__atexit.o)
 .text.__register_exitproc
                0x000089d4       0x96 /opt/homebrew/Cellar/rosco-m68k-toolchain@13/HEAD-e2a4d4b/lib/gcc/m68k-elf-rosco/13.2.0/../../../../m68k-elf-rosco/lib/libc.a(libc_a-__atexit.o)
                0x000089d4                __register_exitproc
 *fill*         0x00008a6a        0x2 
 .text          0x00008a6c        0x0 /opt/homebrew/Cellar/rosco-m68k-toolchain@13/HEAD-e2a4d4b/lib/gcc/m68k-elf-rosco/13.2.0/../../../../m68k-elf-rosco/lib/libc.a(libc_a-__call_atexit.o)
 .text.__call_exitprocs
                0x00008a6c       0xbc /opt/homebrew/Cellar/rosco-m68k-toolchain@13/HEAD-e2a4d4b/lib/gcc/m68k-elf-rosco/13.2.0/../../../../m68k-elf-rosco/lib/libc.a(libc_a-__call_atexit.o)
                0x00008a6c                __call_exitprocs
 .text          0x00008b28        0x0 /opt/homebrew/Cellar/rosco-m68k-toolchain@13/HEAD-e2a4d4b/lib/gcc/m68k-elf-rosco/13.2.0/../../../../m68k-elf-rosco/lib/libc.a(libc_a-freer.o)
 .text._malloc_trim_r
                0x00008b28       0xda /opt/homebrew/Cellar/rosco-m68k-toolchain@13/HEAD-e2a4d4b/lib/gcc/m68k-elf-rosco/13.2.0/../../../../m68k-elf-rosco/lib/libc.a(libc_a-freer.o)
                0x00008b28                _malloc_trim_r
 .text._free_r  0x00008c02      0x352 /opt/homebrew/Cellar/rosco-m68k-toolchain@13/HEAD-e2a4d4b/lib/gcc/m68k-elf-rosco/13.2.0/../../../../m68k-elf-rosco/lib/libc.a(libc_a-freer.o)
                0x00008c02                _free_r
 .text          0x00008f54        0x0 /opt/homebrew/Cellar/rosco-m68k-toolchain@13/HEAD-e2a4d4b/lib/gcc/m68k-elf-rosco/13.2.0/../../../../m68k-elf-rosco/lib/libc.a(libc_a-mallocr.o)
 .text._malloc_r
                0x00008f54      0x842 /opt/homebrew/Cellar/rosco-m68k-toolchain@13/HEAD-e2a4d4b/lib/gcc/m68k-elf-rosco/13.2.0/../../../../m68k-elf-rosco/lib/libc.a(libc_a-mallocr.o)
                0x00008f54                _malloc_r
 *fill*         0x00009796        0x2 
 .text          0x00009798        0x0 /opt/homebrew/Cellar/rosco-m68k-toolchain@13/HEAD-e2a4d4b/lib/gcc/m68k-elf-rosco/13.2.0/../../../../m68k-elf-rosco/lib/libc.a(libc_a-vfprintf.o)
 .text._vfprintf_r
                0x00009798     0x1d04 /opt/homebrew/Cellar/rosco-m68k-toolchain@13/HEAD-e2a4d4b/lib/gcc/m68k-elf-rosco/13.2.0/../../../../m68k-elf-rosco/lib/libc.a(libc_a-vfprintf.o)
                0x00009798                _vfprintf_r
 .text.vfprintf
                0x0000b49c       0x1e /opt/homebrew/Cellar/rosco-m68k-toolchain@13/HEAD-e2a4d4b/lib/gcc/m68k-elf-rosco/13.2.0/../../../../m68k-elf-rosco/lib/libc.a(libc_a-vfprintf.o)
                0x0000b49c                vfprintf
 .text.__sbprintf
                0x0000b4ba       0xa4 /opt/homebrew/Cellar/rosco-m68k-toolchain@13/HEAD-e2a4d4b/lib/gcc/m68k-elf-rosco/13.2.0/../../../../m68k-elf-rosco/lib/libc.a(libc_a-vfprintf.o)
 *fill*         0x0000b55e        0x2 
 .text          0x0000b560        0x0 /opt/homebrew/Cellar/rosco-m68k-toolchain@13/HEAD-e2a4d4b/lib/gcc/m68k-elf-rosco/13.2.0/../../../../m68k-elf-rosco/lib/libc.a(libc_a-mlock.o)
 .text.__malloc_lock
                0x0000b560        0x2 /opt/homebrew/Cellar/rosco-m68k-toolchain@13/HEAD-e2a4d4b/lib/gcc/m68k-elf-rosco/13.2.0/../../../../m68k-elf-rosco/lib/libc.a(libc_a-mlock.o)
                0x0000b560                __malloc_lock
 .text.__malloc_unlock
                0x0000b562        0x2 /opt/homebrew/Cellar/rosco-m68k-toolchain@13/HEAD-e2a4d4b/lib/gcc/m68k-elf-rosco/13.2.0/../../../../m68k-elf-rosco/lib/libc.a(libc_a-mlock.o)
                0x0000b562                __malloc_unlock
 .text          0x0000b564        0x0 /opt/homebrew/Cellar/rosco-m68k-toolchain@13/HEAD-e2a4d4b/lib/gcc/m68k-elf-rosco/13.2.0/../../../../m68k-elf-rosco/lib/libc.a(libc_a-makebuf.o)
 .text.__smakebuf_r
                0x0000b564      0x136 /opt/homebrew/Cellar/rosco-m68k-toolchain@13/HEAD-e2a4d4b/lib/gcc/m68k-elf-rosco/13.2.0/../../../../m68k-elf-rosco/lib/libc.a(libc_a-makebuf.o)
                0x0000b564                __smakebuf_r
 .text.__swhatbuf_r
                0x0000b69a       0x9c /opt/homebrew/Cellar/rosco-m68k-toolchain@13/HEAD-e2a4d4b/lib/gcc/m68k-elf-rosco/13.2.0/../../../../m68k-elf-rosco/lib/libc.a(libc_a-makebuf.o)
                0x0000b69a                __swhatbuf_r
 *fill*         0x0000b736        0x2 
 .text          0x0000b738        0x0 /opt/homebrew/Cellar/rosco-m68k-toolchain@13/HEAD-e2a4d4b/lib/gcc/m68k-elf-rosco/13.2.0/../../../../m68k-elf-rosco/lib/libc.a(libc_a-putc.o)
 .text._putc_r  0x0000b738       0x78 /opt/homebrew/Cellar/rosco-m68k-toolchain@13/HEAD-e2a4d4b/lib/gcc/m68k-elf-rosco/13.2.0/../../../../m68k-elf-rosco/lib/libc.a(libc_a-putc.o)
                0x0000b738                _putc_r
 .text.putc     0x0000b7b0       0x74 /opt/homebrew/Cellar/rosco-m68k-toolchain@13/HEAD-e2a4d4b/lib/gcc/m68k-elf-rosco/13.2.0/../../../../m68k-elf-rosco/lib/libc.a(libc_a-putc.o)
                0x0000b7b0                putc
 .text          0x0000b824        0x0 /opt/homebrew/Cellar/rosco-m68k-toolchain@13/HEAD-e2a4d4b/lib/gcc/m68k-elf-rosco/13.2.0/../../../../m68k-elf-rosco/lib/libc.a(libc_a-reallocr.o)
 .text._realloc_r
                0x0000b824      0x5f0 /opt/homebrew/Cellar/rosco-m68k-toolchain@13/HEAD-e2a4d4b/lib/gcc/m68k-elf-rosco/13.2.0/../../../../m68k-elf-rosco/lib/libc.a(libc_a-reallocr.o)
                0x0000b824                _realloc_r
 .text          0x0000be14        0x0 /opt/homebrew/Cellar/rosco-m68k-toolchain@13/HEAD-e2a4d4b/lib/gcc/m68k-elf-rosco/13.2.0/../../../../m68k-elf-rosco/lib/libc.a(libc_a-sprint_r.o)
 .text.__sprint_r
                0x0000be14       0x36 /opt/homebrew/Cellar/rosco-m68k-toolchain@13/HEAD-e2a4d4b/lib/gcc/m68k-elf-rosco/13.2.0/../../../../m68k-elf-rosco/lib/libc.a(libc_a-sprint_r.o)
                0x0000be14                __sprint_r
 *fill*         0x0000be4a        0x2 
 .text          0x0000be4c        0x0 /opt/homebrew/Cellar/rosco-m68k-toolchain@13/HEAD-e2a4d4b/lib/gcc/m68k-elf-rosco/13.2.0/../../../../m68k-elf-rosco/lib/libc.a(libc_a-fclose.o)
 .text._fclose_r
                0x0000be4c       0xd8 /opt/homebrew/Cellar/rosco-m68k-toolchain@13/HEAD-e2a4d4b/lib/gcc/m68k-elf-rosco/13.2.0/../../../../m68k-elf-rosco/lib/libc.a(libc_a-fclose.o)
                0x0000be4c                _fclose_r
 .text.fclose   0x0000bf24       0x14 /opt/homebrew/Cellar/rosco-m68k-toolchain@13/HEAD-e2a4d4b/lib/gcc/m68k-elf-rosco/13.2.0/../../../../m68k-elf-rosco/lib/libc.a(libc_a-fclose.o)
                0x0000bf24                fclose
 .text          0x0000bf38        0x0 /opt/homebrew/Cellar/rosco-m68k-toolchain@13/HEAD-e2a4d4b/lib/gcc/m68k-elf-rosco/13.2.0/../../../../m68k-elf-rosco/lib/libc.a(libc_a-fflush.o)
 .text.__sflush_r
                0x0000bf38      0x1ba /opt/homebrew/Cellar/rosco-m68k-toolchain@13/HEAD-e2a4d4b/lib/gcc/m68k-elf-rosco/13.2.0/../../../../m68k-elf-rosco/lib/libc.a(libc_a-fflush.o)
                0x0000bf38                __sflush_r
 .text._fflush_r
                0x0000c0f2       0x44 /opt/homebrew/Cellar/rosco-m68k-toolchain@13/HEAD-e2a4d4b/lib/gcc/m68k-elf-rosco/13.2.0/../../../../m68k-elf-rosco/lib/libc.a(libc_a-fflush.o)
                0x0000c0f2                _fflush_r
 .text.fflush   0x0000c136       0x74 /opt/homebrew/Cellar/rosco-m68k-toolchain@13/HEAD-e2a4d4b/lib/gcc/m68k-elf-rosco/13.2.0/../../../../m68k-elf-rosco/lib/libc.a(libc_a-fflush.o)
                0x0000c136                fflush
 *fill*         0x0000c1aa        0x2 
 .text          0x0000c1ac        0x0 /opt/homebrew/Cellar/rosco-m68k-toolchain@13/HEAD-e2a4d4b/lib/gcc/m68k-elf-rosco/13.2.0/../../../../m68k-elf-rosco/lib/libc.a(libc_a-stdio.o)
 .text.__sread  0x0000c1ac       0x38 /opt/homebrew/Cellar/rosco-m68k-toolchain@13/HEAD-e2a4d4b/lib/gcc/m68k-elf-rosco/13.2.0/../../../../m68k-elf-rosco/lib/libc.a(libc_a-stdio.o)
                0x0000c1ac                __sread
 .text.__seofread
                0x0000c1e4        0x4 /opt/homebrew/Cellar/rosco-m68k-toolchain@13/HEAD-e2a4d4b/lib/gcc/m68k-elf-rosco/13.2.0/../../../../m68k-elf-rosco/lib/libc.a(libc_a-stdio.o)
                0x0000c1e4                __seofread
 .text.__swrite
                0x0000c1e8       0x86 /opt/homebrew/Cellar/rosco-m68k-toolchain@13/HEAD-e2a4d4b/lib/gcc/m68k-elf-rosco/13.2.0/../../../../m68k-elf-rosco/lib/libc.a(libc_a-stdio.o)
                0x0000c1e8                __swrite
 .text.__sseek  0x0000c26e       0x40 /opt/homebrew/Cellar/rosco-m68k-toolchain@13/HEAD-e2a4d4b/lib/gcc/m68k-elf-rosco/13.2.0/../../../../m68k-elf-rosco/lib/libc.a(libc_a-stdio.o)
                0x0000c26e                __sseek
 .text.__sclose
                0x0000c2ae       0x12 /opt/homebrew/Cellar/rosco-m68k-toolchain@13/HEAD-e2a4d4b/lib/gcc/m68k-elf-rosco/13.2.0/../../../../m68k-elf-rosco/lib/libc.a(libc_a-stdio.o)
                0x0000c2ae                __sclose
 .text          0x0000c2c0        0x0 /opt/homebrew/Cellar/rosco-m68k-toolchain@13/HEAD-e2a4d4b/lib/gcc/m68k-elf-rosco/13.2.0/../../../../m68k-elf-rosco/lib/libc.a(libc_a-wbuf.o)
 .text.__swbuf_r
                0x0000c2c0      0x100 /opt/homebrew/Cellar/rosco-m68k-toolchain@13/HEAD-e2a4d4b/lib/gcc/m68k-elf-rosco/13.2.0/../../../../m68k-elf-rosco/lib/libc.a(libc_a-wbuf.o)
                0x0000c2c0                __swbuf_r
 .text.__swbuf  0x0000c3c0       0x1a /opt/homebrew/Cellar/rosco-m68k-toolchain@13/HEAD-e2a4d4b/lib/gcc/m68k-elf-rosco/13.2.0/../../../../m68k-elf-rosco/lib/libc.a(libc_a-wbuf.o)
                0x0000c3c0                __swbuf
 *fill*         0x0000c3da        0x2 
 .text          0x0000c3dc        0x0 /opt/homebrew/Cellar/rosco-m68k-toolchain@13/HEAD-e2a4d4b/lib/gcc/m68k-elf-rosco/13.2.0/../../../../m68k-elf-rosco/lib/libc.a(libc_a-localeconv.o)
 .text.__localeconv_l
                0x0000c3dc        0xc /opt/homebrew/Cellar/rosco-m68k-toolchain@13/HEAD-e2a4d4b/lib/gcc/m68k-elf-rosco/13.2.0/../../../../m68k-elf-rosco/lib/libc.a(libc_a-localeconv.o)
                0x0000c3dc                __localeconv_l
 .text._localeconv_r
                0x0000c3e8        0x8 /opt/homebrew/Cellar/rosco-m68k-toolchain@13/HEAD-e2a4d4b/lib/gcc/m68k-elf-rosco/13.2.0/../../../../m68k-elf-rosco/lib/libc.a(libc_a-localeconv.o)
                0x0000c3e8                _localeconv_r
 .text.localeconv
                0x0000c3f0        0x8 /opt/homebrew/Cellar/rosco-m68k-toolchain@13/HEAD-e2a4d4b/lib/gcc/m68k-elf-rosco/13.2.0/../../../../m68k-elf-rosco/lib/libc.a(libc_a-localeconv.o)
                0x0000c3f0                localeconv
 .text          0x0000c3f8        0x0 /opt/homebrew/Cellar/rosco-m68k-toolchain@13/HEAD-e2a4d4b/lib/gcc/m68k-elf-rosco/13.2.0/../../../../m68k-elf-rosco/lib/libc.a(libc_a-closer.o)
 .text._close_r
                0x0000c3f8       0x2a /opt/homebrew/Cellar/rosco-m68k-toolchain@13/HEAD-e2a4d4b/lib/gcc/m68k-elf-rosco/13.2.0/../../../../m68k-elf-rosco/lib/libc.a(libc_a-closer.o)
                0x0000c3f8                _close_r
 *fill*         0x0000c422        0x2 
 .text          0x0000c424        0x0 /opt/homebrew/Cellar/rosco-m68k-toolchain@13/HEAD-e2a4d4b/lib/gcc/m68k-elf-rosco/13.2.0/../../../../m68k-elf-rosco/lib/libc.a(libc_a-reent.o)
 .text._reclaim_reent
                0x0000c424       0xb6 /opt/homebrew/Cellar/rosco-m68k-toolchain@13/HEAD-e2a4d4b/lib/gcc/m68k-elf-rosco/13.2.0/../../../../m68k-elf-rosco/lib/libc.a(libc_a-reent.o)
                0x0000c424                _reclaim_reent
 *fill*         0x0000c4da        0x2 
 .text          0x0000c4dc        0x0 /opt/homebrew/Cellar/rosco-m68k-toolchain@13/HEAD-e2a4d4b/lib/gcc/m68k-elf-rosco/13.2.0/../../../../m68k-elf-rosco/lib/libc.a(libc_a-fstatr.o)
 .text._fstat_r
                0x0000c4dc       0x2e /opt/homebrew/Cellar/rosco-m68k-toolchain@13/HEAD-e2a4d4b/lib/gcc/m68k-elf-rosco/13.2.0/../../../../m68k-elf-rosco/lib/libc.a(libc_a-fstatr.o)
                0x0000c4dc                _fstat_r
 *fill*         0x0000c50a        0x2 
 .text          0x0000c50c        0x0 /opt/homebrew/Cellar/rosco-m68k-toolchain@13/HEAD-e2a4d4b/lib/gcc/m68k-elf-rosco/13.2.0/../../../../m68k-elf-rosco/lib/libc.a(libc_a-isattyr.o)
 .text._isatty_r
                0x0000c50c       0x2a /opt/homebrew/Cellar/rosco-m68k-toolchain@13/HEAD-e2a4d4b/lib/gcc/m68k-elf-rosco/13.2.0/../../../../m68k-elf-rosco/lib/libc.a(libc_a-isattyr.o)
                0x0000c50c                _isatty_r
 *fill*         0x0000c536        0x2 
 .text          0x0000c538        0x0 /opt/homebrew/Cellar/rosco-m68k-toolchain@13/HEAD-e2a4d4b/lib/gcc/m68k-elf-rosco/13.2.0/../../../../m68k-elf-rosco/lib/libc.a(libc_a-lseekr.o)
 .text._lseek_r
                0x0000c538       0x34 /opt/homebrew/Cellar/rosco-m68k-toolchain@13/HEAD-e2a4d4b/lib/gcc/m68k-elf-rosco/13.2.0/../../../../m68k-elf-rosco/lib/libc.a(libc_a-lseekr.o)
                0x0000c538                _lseek_r
 .text          0x0000c56c        0x0 /opt/homebrew/Cellar/rosco-m68k-toolchain@13/HEAD-e2a4d4b/lib/gcc/m68k-elf-rosco/13.2.0/../../../../m68k-elf-rosco/lib/libc.a(libc_a-readr.o)
 .text._read_r  0x0000c56c       0x34 /opt/homebrew/Cellar/rosco-m68k-toolchain@13/HEAD-e2a4d4b/lib/gcc/m68k-elf-rosco/13.2.0/../../../../m68k-elf-rosco/lib/libc.a(libc_a-readr.o)
                0x0000c56c                _read_r
 .text          0x0000c5a0        0x0 /opt/homebrew/Cellar/rosco-m68k-toolchain@13/HEAD-e2a4d4b/lib/gcc/m68k-elf-rosco/13.2.0/../../../../m68k-elf-rosco/lib/libc.a(libc_a-sbrkr.o)
 .text._sbrk_r  0x0000c5a0       0x2a /opt/homebrew/Cellar/rosco-m68k-toolchain@13/HEAD-e2a4d4b/lib/gcc/m68k-elf-rosco/13.2.0/../../../../m68k-elf-rosco/lib/libc.a(libc_a-sbrkr.o)
                0x0000c5a0                _sbrk_r
 *fill*         0x0000c5ca        0x2 
 .text          0x0000c5cc        0x0 /opt/homebrew/Cellar/rosco-m68k-toolchain@13/HEAD-e2a4d4b/lib/gcc/m68k-elf-rosco/13.2.0/../../../../m68k-elf-rosco/lib/libc.a(libc_a-writer.o)
 .text._write_r
                0x0000c5cc       0x34 /opt/homebrew/Cellar/rosco-m68k-toolchain@13/HEAD-e2a4d4b/lib/gcc/m68k-elf-rosco/13.2.0/../../../../m68k-elf-rosco/lib/libc.a(libc_a-writer.o)
                0x0000c5cc                _write_r
 .text          0x0000c600        0x0 /opt/homebrew/Cellar/rosco-m68k-toolchain@13/HEAD-e2a4d4b/lib/gcc/m68k-elf-rosco/13.2.0/../../../../m68k-elf-rosco/lib/libc.a(libc_a-dtoa.o)
 .text.quorem   0x0000c600      0x1a2 /opt/homebrew/Cellar/rosco-m68k-toolchain@13/HEAD-e2a4d4b/lib/gcc/m68k-elf-rosco/13.2.0/../../../../m68k-elf-rosco/lib/libc.a(libc_a-dtoa.o)
 .text._dtoa_r  0x0000c7a2     0x196a /opt/homebrew/Cellar/rosco-m68k-toolchain@13/HEAD-e2a4d4b/lib/gcc/m68k-elf-rosco/13.2.0/../../../../m68k-elf-rosco/lib/libc.a(libc_a-dtoa.o)
                0x0000c7a2                _dtoa_r
 .text          0x0000e10c        0x0 /opt/homebrew/Cellar/rosco-m68k-toolchain@13/HEAD-e2a4d4b/lib/gcc/m68k-elf-rosco/13.2.0/../../../../m68k-elf-rosco/lib/libc.a(libc_a-mprec.o)
 .text._Balloc  0x0000e10c       0x90 /opt/homebrew/Cellar/rosco-m68k-toolchain@13/HEAD-e2a4d4b/lib/gcc/m68k-elf-rosco/13.2.0/../../../../m68k-elf-rosco/lib/libc.a(libc_a-mprec.o)
                0x0000e10c                _Balloc
 .text._Bfree   0x0000e19c       0x24 /opt/homebrew/Cellar/rosco-m68k-toolchain@13/HEAD-e2a4d4b/lib/gcc/m68k-elf-rosco/13.2.0/../../../../m68k-elf-rosco/lib/libc.a(libc_a-mprec.o)
                0x0000e19c                _Bfree
 .text.__multadd
                0x0000e1c0       0xfc /opt/homebrew/Cellar/rosco-m68k-toolchain@13/HEAD-e2a4d4b/lib/gcc/m68k-elf-rosco/13.2.0/../../../../m68k-elf-rosco/lib/libc.a(libc_a-mprec.o)
                0x0000e1c0                __multadd
 .text.__s2b    0x0000e2bc       0xe4 /opt/homebrew/Cellar/rosco-m68k-toolchain@13/HEAD-e2a4d4b/lib/gcc/m68k-elf-rosco/13.2.0/../../../../m68k-elf-rosco/lib/libc.a(libc_a-mprec.o)
                0x0000e2bc                __s2b
 .text.__hi0bits
                0x0000e3a0       0x66 /opt/homebrew/Cellar/rosco-m68k-toolchain@13/HEAD-e2a4d4b/lib/gcc/m68k-elf-rosco/13.2.0/../../../../m68k-elf-rosco/lib/libc.a(libc_a-mprec.o)
                0x0000e3a0                __hi0bits
 .text.__lo0bits
                0x0000e406       0x76 /opt/homebrew/Cellar/rosco-m68k-toolchain@13/HEAD-e2a4d4b/lib/gcc/m68k-elf-rosco/13.2.0/../../../../m68k-elf-rosco/lib/libc.a(libc_a-mprec.o)
                0x0000e406                __lo0bits
 .text.__i2b    0x0000e47c       0xa4 /opt/homebrew/Cellar/rosco-m68k-toolchain@13/HEAD-e2a4d4b/lib/gcc/m68k-elf-rosco/13.2.0/../../../../m68k-elf-rosco/lib/libc.a(libc_a-mprec.o)
                0x0000e47c                __i2b
 .text.__multiply
                0x0000e520      0x20a /opt/homebrew/Cellar/rosco-m68k-toolchain@13/HEAD-e2a4d4b/lib/gcc/m68k-elf-rosco/13.2.0/../../../../m68k-elf-rosco/lib/libc.a(libc_a-mprec.o)
                0x0000e520                __multiply
 .text.__pow5mult
                0x0000e72a       0xfc /opt/homebrew/Cellar/rosco-m68k-toolchain@13/HEAD-e2a4d4b/lib/gcc/m68k-elf-rosco/13.2.0/../../../../m68k-elf-rosco/lib/libc.a(libc_a-mprec.o)
                0x0000e72a                __pow5mult
 .text.__lshift
                0x0000e826      0x112 /opt/homebrew/Cellar/rosco-m68k-toolchain@13/HEAD-e2a4d4b/lib/gcc/m68k-elf-rosco/13.2.0/../../../../m68k-elf-rosco/lib/libc.a(libc_a-mprec.o)
                0x0000e826                __lshift
 .text.__mcmp   0x0000e938       0x4e /opt/homebrew/Cellar/rosco-m68k-toolchain@13/HEAD-e2a4d4b/lib/gcc/m68k-elf-rosco/13.2.0/../../../../m68k-elf-rosco/lib/libc.a(libc_a-mprec.o)
                0x0000e938                __mcmp
 .text.__mdiff  0x0000e986      0x1d0 /opt/homebrew/Cellar/rosco-m68k-toolchain@13/HEAD-e2a4d4b/lib/gcc/m68k-elf-rosco/13.2.0/../../../../m68k-elf-rosco/lib/libc.a(libc_a-mprec.o)
                0x0000e986                __mdiff
 .text.__ulp    0x0000eb56       0x52 /opt/homebrew/Cellar/rosco-m68k-toolchain@13/HEAD-e2a4d4b/lib/gcc/m68k-elf-rosco/13.2.0/../../../../m68k-elf-rosco/lib/libc.a(libc_a-mprec.o)
                0x0000eb56                __ulp
 .text.__b2d    0x0000eba8       0xf4 /opt/homebrew/Cellar/rosco-m68k-toolchain@13/HEAD-e2a4d4b/lib/gcc/m68k-elf-rosco/13.2.0/../../../../m68k-elf-rosco/lib/libc.a(libc_a-mprec.o)
                0x0000eba8                __b2d
 .text.__d2b    0x0000ec9c      0x122 /opt/homebrew/Cellar/rosco-m68k-toolchain@13/HEAD-e2a4d4b/lib/gcc/m68k-elf-rosco/13.2.0/../../../../m68k-elf-rosco/lib/libc.a(libc_a-mprec.o)
                0x0000ec9c                __d2b
 .text.__ratio  0x0000edbe       0x9a /opt/homebrew/Cellar/rosco-m68k-toolchain@13/HEAD-e2a4d4b/lib/gcc/m68k-elf-rosco/13.2.0/../../../../m68k-elf-rosco/lib/libc.a(libc_a-mprec.o)
                0x0000edbe                __ratio
 .text._mprec_log10
                0x0000ee58       0x5a /opt/homebrew/Cellar/rosco-m68k-toolchain@13/HEAD-e2a4d4b/lib/gcc/m68k-elf-rosco/13.2.0/../../../../m68k-elf-rosco/lib/libc.a(libc_a-mprec.o)
                0x0000ee58                _mprec_log10
 .text.__copybits
                0x0000eeb2       0x58 /opt/homebrew/Cellar/rosco-m68k-toolchain@13/HEAD-e2a4d4b/lib/gcc/m68k-elf-rosco/13.2.0/../../../../m68k-elf-rosco/lib/libc.a(libc_a-mprec.o)
                0x0000eeb2                __copybits
 .text.__any_on
                0x0000ef0a       0x5a /opt/homebrew/Cellar/rosco-m68k-toolchain@13/HEAD-e2a4d4b/lib/gcc/m68k-elf-rosco/13.2.0/../../../../m68k-elf-rosco/lib/libc.a(libc_a-mprec.o)
                0x0000ef0a                __any_on
 .text          0x0000ef64        0x0 /opt/homebrew/Cellar/rosco-m68k-toolchain@13/HEAD-e2a4d4b/lib/gcc/m68k-elf-rosco/13.2.0/../../../../m68k-elf-rosco/lib/libc.a(libc_a-locale.o)
 .text._setlocale_r
                0x0000ef64       0x54 /opt/homebrew/Cellar/rosco-m68k-toolchain@13/HEAD-e2a4d4b/lib/gcc/m68k-elf-rosco/13.2.0/../../../../m68k-elf-rosco/lib/libc.a(libc_a-locale.o)
                0x0000ef64                _setlocale_r
 .text.__locale_mb_cur_max
                0x0000efb8        0xc /opt/homebrew/Cellar/rosco-m68k-toolchain@13/HEAD-e2a4d4b/lib/gcc/m68k-elf-rosco/13.2.0/../../../../m68k-elf-rosco/lib/libc.a(libc_a-locale.o)
                0x0000efb8                __locale_mb_cur_max
 .text.setlocale
                0x0000efc4       0x54 /opt/homebrew/Cellar/rosco-m68k-toolchain@13/HEAD-e2a4d4b/lib/gcc/m68k-elf-rosco/13.2.0/../../../../m68k-elf-rosco/lib/libc.a(libc_a-locale.o)
                0x0000efc4                setlocale
 .text          0x0000f018        0x0 /opt/homebrew/Cellar/rosco-m68k-toolchain@13/HEAD-e2a4d4b/lib/gcc/m68k-elf-rosco/13.2.0/../../../../m68k-elf-rosco/lib/libc.a(libc_a-ctype_.o)
 .text          0x0000f018        0x0 /opt/homebrew/Cellar/rosco-m68k-toolchain@13/HEAD-e2a4d4b/lib/gcc/m68k-elf-rosco/13.2.0/../../../../m68k-elf-rosco/lib/libc.a(libc_a-assert.o)
 .text.__assert_func
                0x0000f018       0x6c /opt/homebrew/Cellar/rosco-m68k-toolchain@13/HEAD-e2a4d4b/lib/gcc/m68k-elf-rosco/13.2.0/../../../../m68k-elf-rosco/lib/libc.a(libc_a-assert.o)
                0x0000f018                __assert_func
 .text.__assert
                0x0000f084       0x14 /opt/homebrew/Cellar/rosco-m68k-toolchain@13/HEAD-e2a4d4b/lib/gcc/m68k-elf-rosco/13.2.0/../../../../m68k-elf-rosco/lib/libc.a(libc_a-assert.o)
                0x0000f084                __assert
 .text          0x0000f098        0x0 /opt/homebrew/Cellar/rosco-m68k-toolchain@13/HEAD-e2a4d4b/lib/gcc/m68k-elf-rosco/13.2.0/../../../../m68k-elf-rosco/lib/libc.a(libc_a-callocr.o)
 .text._calloc_r
                0x0000f098      0x13a /opt/homebrew/Cellar/rosco-m68k-toolchain@13/HEAD-e2a4d4b/lib/gcc/m68k-elf-rosco/13.2.0/../../../../m68k-elf-rosco/lib/libc.a(libc_a-callocr.o)
                0x0000f098                _calloc_r
 *fill*         0x0000f1d2        0x2 
 .text          0x0000f1d4        0x0 /opt/homebrew/Cellar/rosco-m68k-toolchain@13/HEAD-e2a4d4b/lib/gcc/m68k-elf-rosco/13.2.0/../../../../m68k-elf-rosco/lib/libc.a(libc_a-fiprintf.o)
 .text._fiprintf_r
                0x0000f1d4       0x22 /opt/homebrew/Cellar/rosco-m68k-toolchain@13/HEAD-e2a4d4b/lib/gcc/m68k-elf-rosco/13.2.0/../../../../m68k-elf-rosco/lib/libc.a(libc_a-fiprintf.o)
                0x0000f1d4                _fiprintf_r
 .text.fiprintf
                0x0000f1f6       0x24 /opt/homebrew/Cellar/rosco-m68k-toolchain@13/HEAD-e2a4d4b/lib/gcc/m68k-elf-rosco/13.2.0/../../../../m68k-elf-rosco/lib/libc.a(libc_a-fiprintf.o)
                0x0000f1f6                fiprintf
 *fill*         0x0000f21a        0x2 
 .text          0x0000f21c        0x0 /opt/homebrew/Cellar/rosco-m68k-toolchain@13/HEAD-e2a4d4b/lib/gcc/m68k-elf-rosco/13.2.0/../../../../m68k-elf-rosco/lib/libc.a(libc_a-mbtowc_r.o)
 .text._mbtowc_r
                0x0000f21c        0x8 /opt/homebrew/Cellar/rosco-m68k-toolchain@13/HEAD-e2a4d4b/lib/gcc/m68k-elf-rosco/13.2.0/../../../../m68k-elf-rosco/lib/libc.a(libc_a-mbtowc_r.o)
                0x0000f21c                _mbtowc_r
 .text.__ascii_mbtowc
                0x0000f224       0x44 /opt/homebrew/Cellar/rosco-m68k-toolchain@13/HEAD-e2a4d4b/lib/gcc/m68k-elf-rosco/13.2.0/../../../../m68k-elf-rosco/lib/libc.a(libc_a-mbtowc_r.o)
                0x0000f224                __ascii_mbtowc
 .text          0x0000f268        0x0 /opt/homebrew/Cellar/rosco-m68k-toolchain@13/HEAD-e2a4d4b/lib/gcc/m68k-elf-rosco/13.2.0/../../../../m68k-elf-rosco/lib/libc.a(libc_a-vfiprintf.o)
 .text._vfiprintf_r
                0x0000f268      0xdce /opt/homebrew/Cellar/rosco-m68k-toolchain@13/HEAD-e2a4d4b/lib/gcc/m68k-elf-rosco/13.2.0/../../../../m68k-elf-rosco/lib/libc.a(libc_a-vfiprintf.o)
                0x0000f268                _vfiprintf_r
 .text.vfiprintf
                0x00010036       0x1e /opt/homebrew/Cellar/rosco-m68k-toolchain@13/HEAD-e2a4d4b/lib/gcc/m68k-elf-rosco/13.2.0/../../../../m68k-elf-rosco/lib/libc.a(libc_a-vfiprintf.o)
                0x00010036                vfiprintf
 .text.__sbprintf
                0x00010054       0xa4 /opt/homebrew/Cellar/rosco-m68k-toolchain@13/HEAD-e2a4d4b/lib/gcc/m68k-elf-rosco/13.2.0/../../../../m68k-elf-rosco/lib/libc.a(libc_a-vfiprintf.o)
 .text          0x000100f8        0x0 /opt/homebrew/Cellar/rosco-m68k-toolchain@13/HEAD-e2a4d4b/lib/gcc/m68k-elf-rosco/13.2.0/../../../../m68k-elf-rosco/lib/libc.a(libc_a-wctomb_r.o)
 .text._wctomb_r
                0x000100f8        0x8 /opt/homebrew/Cellar/rosco-m68k-toolchain@13/HEAD-e2a4d4b/lib/gcc/m68k-elf-rosco/13.2.0/../../../../m68k-elf-rosco/lib/libc.a(libc_a-wctomb_r.o)
                0x000100f8                _wctomb_r
 .text.__ascii_wctomb
                0x00010100       0x2e /opt/homebrew/Cellar/rosco-m68k-toolchain@13/HEAD-e2a4d4b/lib/gcc/m68k-elf-rosco/13.2.0/../../../../m68k-elf-rosco/lib/libc.a(libc_a-wctomb_r.o)
                0x00010100                __ascii_wctomb
 *fill*         0x0001012e        0x2 
 .text          0x00010130        0x0 /opt/homebrew/Cellar/rosco-m68k-toolchain@13/HEAD-e2a4d4b/lib/gcc/m68k-elf-rosco/13.2.0/../../../../m68k-elf-rosco/lib/libc.a(libc_a-strcmp.o)
 .text.strcmp   0x00010130       0x78 /opt/homebrew/Cellar/rosco-m68k-toolchain@13/HEAD-e2a4d4b/lib/gcc/m68k-elf-rosco/13.2.0/../../../../m68k-elf-rosco/lib/libc.a(libc_a-strcmp.o)
                0x00010130                strcmp
 .text          0x000101a8        0x0 /opt/homebrew/Cellar/rosco-m68k-toolchain@13/HEAD-e2a4d4b/lib/gcc/m68k-elf-rosco/13.2.0/../../../../m68k-elf-rosco/lib/libc.a(libc_a-abort.o)
 .text.abort    0x000101a8       0x14 /opt/homebrew/Cellar/rosco-m68k-toolchain@13/HEAD-e2a4d4b/lib/gcc/m68k-elf-rosco/13.2.0/../../../../m68k-elf-rosco/lib/libc.a(libc_a-abort.o)
                0x000101a8                abort
 .text          0x000101bc        0x0 /opt/homebrew/Cellar/rosco-m68k-toolchain@13/HEAD-e2a4d4b/lib/gcc/m68k-elf-rosco/13.2.0/../../../../m68k-elf-rosco/lib/libc.a(libc_a-signal.o)
 .text._init_signal_r
                0x000101bc       0x42 /opt/homebrew/Cellar/rosco-m68k-toolchain@13/HEAD-e2a4d4b/lib/gcc/m68k-elf-rosco/13.2.0/../../../../m68k-elf-rosco/lib/libc.a(libc_a-signal.o)
                0x000101bc                _init_signal_r
 .text._signal_r
                0x000101fe       0x64 /opt/homebrew/Cellar/rosco-m68k-toolchain@13/HEAD-e2a4d4b/lib/gcc/m68k-elf-rosco/13.2.0/../../../../m68k-elf-rosco/lib/libc.a(libc_a-signal.o)
                0x000101fe                _signal_r
 .text._raise_r
                0x00010262       0x7c /opt/homebrew/Cellar/rosco-m68k-toolchain@13/HEAD-e2a4d4b/lib/gcc/m68k-elf-rosco/13.2.0/../../../../m68k-elf-rosco/lib/libc.a(libc_a-signal.o)
                0x00010262                _raise_r
 .text.__sigtramp_r
                0x000102de       0x92 /opt/homebrew/Cellar/rosco-m68k-toolchain@13/HEAD-e2a4d4b/lib/gcc/m68k-elf-rosco/13.2.0/../../../../m68k-elf-rosco/lib/libc.a(libc_a-signal.o)
                0x000102de                __sigtramp_r
 .text.raise    0x00010370       0x7e /opt/homebrew/Cellar/rosco-m68k-toolchain@13/HEAD-e2a4d4b/lib/gcc/m68k-elf-rosco/13.2.0/../../../../m68k-elf-rosco/lib/libc.a(libc_a-signal.o)
                0x00010370                raise
 .text.signal   0x000103ee       0x66 /opt/homebrew/Cellar/rosco-m68k-toolchain@13/HEAD-e2a4d4b/lib/gcc/m68k-elf-rosco/13.2.0/../../../../m68k-elf-rosco/lib/libc.a(libc_a-signal.o)
                0x000103ee                signal
 .text._init_signal
                0x00010454       0x44 /opt/homebrew/Cellar/rosco-m68k-toolchain@13/HEAD-e2a4d4b/lib/gcc/m68k-elf-rosco/13.2.0/../../../../m68k-elf-rosco/lib/libc.a(libc_a-signal.o)
                0x00010454                _init_signal
 .text.__sigtramp
                0x00010498       0x94 /opt/homebrew/Cellar/rosco-m68k-toolchain@13/HEAD-e2a4d4b/lib/gcc/m68k-elf-rosco/13.2.0/../../../../m68k-elf-rosco/lib/libc.a(libc_a-signal.o)
                0x00010498                __sigtramp
 .text          0x0001052c        0x0 /opt/homebrew/Cellar/rosco-m68k-toolchain@13/HEAD-e2a4d4b/lib/gcc/m68k-elf-rosco/13.2.0/../../../../m68k-elf-rosco/lib/libc.a(libc_a-signalr.o)
 .text._kill_r  0x0001052c       0x2e /opt/homebrew/Cellar/rosco-m68k-toolchain@13/HEAD-e2a4d4b/lib/gcc/m68k-elf-rosco/13.2.0/../../../../m68k-elf-rosco/lib/libc.a(libc_a-signalr.o)
                0x0001052c                _kill_r
 .text._getpid_r
                0x0001055a        0x6 /opt/homebrew/Cellar/rosco-m68k-toolchain@13/HEAD-e2a4d4b/lib/gcc/m68k-elf-rosco/13.2.0/../../../../m68k-elf-rosco/lib/libc.a(libc_a-signalr.o)
                0x0001055a                _getpid_r
 .text          0x00010560        0x0 /opt/homebrew/Cellar/rosco-m68k-toolchain@13/HEAD-e2a4d4b/lib/gcc/m68k-elf-rosco/13.2.0/../../../../m68k-elf-rosco/lib/librosco.a(syscalls.o)
 .text._exit    0x00010560        0x8 /opt/homebrew/Cellar/rosco-m68k-toolchain@13/HEAD-e2a4d4b/lib/gcc/m68k-elf-rosco/13.2.0/../../../../m68k-elf-rosco/lib/librosco.a(syscalls.o)
                0x00010560                _exit
 .text._close   0x00010568       0x7e /opt/homebrew/Cellar/rosco-m68k-toolchain@13/HEAD-e2a4d4b/lib/gcc/m68k-elf-rosco/13.2.0/../../../../m68k-elf-rosco/lib/librosco.a(syscalls.o)
                0x00010568                _close
 .text._execve  0x000105e6        0xc /opt/homebrew/Cellar/rosco-m68k-toolchain@13/HEAD-e2a4d4b/lib/gcc/m68k-elf-rosco/13.2.0/../../../../m68k-elf-rosco/lib/librosco.a(syscalls.o)
                0x000105e6                _execve
 .text._fork    0x000105f2        0xc /opt/homebrew/Cellar/rosco-m68k-toolchain@13/HEAD-e2a4d4b/lib/gcc/m68k-elf-rosco/13.2.0/../../../../m68k-elf-rosco/lib/librosco.a(syscalls.o)
                0x000105f2                _fork
 .text._fstat   0x000105fe       0x98 /opt/homebrew/Cellar/rosco-m68k-toolchain@13/HEAD-e2a4d4b/lib/gcc/m68k-elf-rosco/13.2.0/../../../../m68k-elf-rosco/lib/librosco.a(syscalls.o)
                0x000105fe                _fstat
 .text._getpid  0x00010696        0x4 /opt/homebrew/Cellar/rosco-m68k-toolchain@13/HEAD-e2a4d4b/lib/gcc/m68k-elf-rosco/13.2.0/../../../../m68k-elf-rosco/lib/librosco.a(syscalls.o)
                0x00010696                _getpid
 .text._isatty  0x0001069a       0x10 /opt/homebrew/Cellar/rosco-m68k-toolchain@13/HEAD-e2a4d4b/lib/gcc/m68k-elf-rosco/13.2.0/../../../../m68k-elf-rosco/lib/librosco.a(syscalls.o)
                0x0001069a                _isatty
 .text._kill    0x000106aa        0xc /opt/homebrew/Cellar/rosco-m68k-toolchain@13/HEAD-e2a4d4b/lib/gcc/m68k-elf-rosco/13.2.0/../../../../m68k-elf-rosco/lib/librosco.a(syscalls.o)
                0x000106aa                _kill
 .text._link    0x000106b6        0xc /opt/homebrew/Cellar/rosco-m68k-toolchain@13/HEAD-e2a4d4b/lib/gcc/m68k-elf-rosco/13.2.0/../../../../m68k-elf-rosco/lib/librosco.a(syscalls.o)
                0x000106b6                _link
 .text._lseek   0x000106c2       0x68 /opt/homebrew/Cellar/rosco-m68k-toolchain@13/HEAD-e2a4d4b/lib/gcc/m68k-elf-rosco/13.2.0/../../../../m68k-elf-rosco/lib/librosco.a(syscalls.o)
                0x000106c2                _lseek
 .text._sd_open
                0x0001072a       0x96 /opt/homebrew/Cellar/rosco-m68k-toolchain@13/HEAD-e2a4d4b/lib/gcc/m68k-elf-rosco/13.2.0/../../../../m68k-elf-rosco/lib/librosco.a(syscalls.o)
                0x0001072a                _sd_open
 .text._open    0x000107c0       0xba /opt/homebrew/Cellar/rosco-m68k-toolchain@13/HEAD-e2a4d4b/lib/gcc/m68k-elf-rosco/13.2.0/../../../../m68k-elf-rosco/lib/librosco.a(syscalls.o)
                0x000107c0                _open
 .text._read    0x0001087a      0x124 /opt/homebrew/Cellar/rosco-m68k-toolchain@13/HEAD-e2a4d4b/lib/gcc/m68k-elf-rosco/13.2.0/../../../../m68k-elf-rosco/lib/librosco.a(syscalls.o)
                0x0001087a                _read
 .text._sbrk    0x0001099e       0x72 /opt/homebrew/Cellar/rosco-m68k-toolchain@13/HEAD-e2a4d4b/lib/gcc/m68k-elf-rosco/13.2.0/../../../../m68k-elf-rosco/lib/librosco.a(syscalls.o)
                0x0001099e                _sbrk
 .text._sd_stat
                0x00010a10      0x120 /opt/homebrew/Cellar/rosco-m68k-toolchain@13/HEAD-e2a4d4b/lib/gcc/m68k-elf-rosco/13.2.0/../../../../m68k-elf-rosco/lib/librosco.a(syscalls.o)
                0x00010a10                _sd_stat
 .text._stat    0x00010b30       0x9c /opt/homebrew/Cellar/rosco-m68k-toolchain@13/HEAD-e2a4d4b/lib/gcc/m68k-elf-rosco/13.2.0/../../../../m68k-elf-rosco/lib/librosco.a(syscalls.o)
                0x00010b30                _stat
 .text._times   0x00010bcc       0x1a /opt/homebrew/Cellar/rosco-m68k-toolchain@13/HEAD-e2a4d4b/lib/gcc/m68k-elf-rosco/13.2.0/../../../../m68k-elf-rosco/lib/librosco.a(syscalls.o)
                0x00010bcc                _times
 .text._unlink  0x00010be6        0xc /opt/homebrew/Cellar/rosco-m68k-toolchain@13/HEAD-e2a4d4b/lib/gcc/m68k-elf-rosco/13.2.0/../../../../m68k-elf-rosco/lib/librosco.a(syscalls.o)
                0x00010be6                _unlink
 .text._wait    0x00010bf2        0xc /opt/homebrew/Cellar/rosco-m68k-toolchain@13/HEAD-e2a4d4b/lib/gcc/m68k-elf-rosco/13.2.0/../../../../m68k-elf-rosco/lib/librosco.a(syscalls.o)
                0x00010bf2                _wait
 .text._write   0x00010bfe       0xbc /opt/homebrew/Cellar/rosco-m68k-toolchain@13/HEAD-e2a4d4b/lib/gcc/m68k-elf-rosco/13.2.0/../../../../m68k-elf-rosco/lib/librosco.a(syscalls.o)
                0x00010bfe                _write
 .text._gettimeofday
                0x00010cba        0xc /opt/homebrew/Cellar/rosco-m68k-toolchain@13/HEAD-e2a4d4b/lib/gcc/m68k-elf-rosco/13.2.0/../../../../m68k-elf-rosco/lib/librosco.a(syscalls.o)
                0x00010cba                _gettimeofday
 .text.breakpoint
                0x00010cc6        0x2 /opt/homebrew/Cellar/rosco-m68k-toolchain@13/HEAD-e2a4d4b/lib/gcc/m68k-elf-rosco/13.2.0/../../../../m68k-elf-rosco/lib/librosco.a(syscalls.o)
                0x00010cc6                breakpoint
 .text.mcPrint  0x00010cc8       0x12 /opt/homebrew/Cellar/rosco-m68k-toolchain@13/HEAD-e2a4d4b/lib/gcc/m68k-elf-rosco/13.2.0/../../../../m68k-elf-rosco/lib/librosco.a(machine.o)
                0x00010cc8                mcPrint
 .text.mcPrintln
                0x00010cda       0x12 /opt/homebrew/Cellar/rosco-m68k-toolchain@13/HEAD-e2a4d4b/lib/gcc/m68k-elf-rosco/13.2.0/../../../../m68k-elf-rosco/lib/librosco.a(machine.o)
                0x00010cda                mcPrintln
 .text.mcPrintchar
                0x00010cec        0xa /opt/homebrew/Cellar/rosco-m68k-toolchain@13/HEAD-e2a4d4b/lib/gcc/m68k-elf-rosco/13.2.0/../../../../m68k-elf-rosco/lib/librosco.a(machine.o)
                0x00010cec                mcPrintchar
 .text.mcSetcursor
                0x00010cf6        0xe /opt/homebrew/Cellar/rosco-m68k-toolchain@13/HEAD-e2a4d4b/lib/gcc/m68k-elf-rosco/13.2.0/../../../../m68k-elf-rosco/lib/librosco.a(machine.o)
                0x00010cf6                mcSetcursor
 .text.mcSendchar
                0x00010d04       0x12 /opt/homebrew/Cellar/rosco-m68k-toolchain@13/HEAD-e2a4d4b/lib/gcc/m68k-elf-rosco/13.2.0/../../../../m68k-elf-rosco/lib/librosco.a(machine.o)
                0x00010d04                mcSendchar
 .text.mcReadchar
                0x00010d16        0xa /opt/homebrew/Cellar/rosco-m68k-toolchain@13/HEAD-e2a4d4b/lib/gcc/m68k-elf-rosco/13.2.0/../../../../m68k-elf-rosco/lib/librosco.a(machine.o)
                0x00010d16                mcReadchar
 .text.mcCheckchar
                0x00010d20        0xe /opt/homebrew/Cellar/rosco-m68k-toolchain@13/HEAD-e2a4d4b/lib/gcc/m68k-elf-rosco/13.2.0/../../../../m68k-elf-rosco/lib/librosco.a(machine.o)
                0x00010d20                mcCheckchar
 .text.mcBusywait
                0x00010d2e        0xc /opt/homebrew/Cellar/rosco-m68k-toolchain@13/HEAD-e2a4d4b/lib/gcc/m68k-elf-rosco/13.2.0/../../../../m68k-elf-rosco/lib/librosco.a(machine.o)
                0x00010d2e                mcBusywait
 .text.mcDelaymsec10
                0x00010d3a       0x10 /opt/homebrew/Cellar/rosco-m68k-toolchain@13/HEAD-e2a4d4b/lib/gcc/m68k-elf-rosco/13.2.0/../../../../m68k-elf-rosco/lib/librosco.a(machine.o)
                0x00010d3a                mcDelaymsec10
 .text.mcDisableInterrupts
                0x00010d4a        0xe /opt/homebrew/Cellar/rosco-m68k-toolchain@13/HEAD-e2a4d4b/lib/gcc/m68k-elf-rosco/13.2.0/../../../../m68k-elf-rosco/lib/librosco.a(machine.o)
                0x00010d4a                mcDisableInterrupts
 .text.mcEnableInterrupts
                0x00010d58       0x1e /opt/homebrew/Cellar/rosco-m68k-toolchain@13/HEAD-e2a4d4b/lib/gcc/m68k-elf-rosco/13.2.0/../../../../m68k-elf-rosco/lib/librosco.a(machine.o)
                0x00010d58                mcEnableInterrupts
 .text.mcHalt   0x00010d76        0x6 /opt/homebrew/Cellar/rosco-m68k-toolchain@13/HEAD-e2a4d4b/lib/gcc/m68k-elf-rosco/13.2.0/../../../../m68k-elf-rosco/lib/librosco.a(machine.o)
                0x00010d76                mcHalt
 .text.mcCheckDeviceSupport
                0x00010d7c       0x16 /opt/homebrew/Cellar/rosco-m68k-toolchain@13/HEAD-e2a4d4b/lib/gcc/m68k-elf-rosco/13.2.0/../../../../m68k-elf-rosco/lib/librosco.a(machine.o)
                0x00010d7c                mcCheckDeviceSupport
 .text.mcGetDeviceCount
                0x00010d92        0xa /opt/homebrew/Cellar/rosco-m68k-toolchain@13/HEAD-e2a4d4b/lib/gcc/m68k-elf-rosco/13.2.0/../../../../m68k-elf-rosco/lib/librosco.a(machine.o)
                0x00010d92                mcGetDeviceCount
 .text.mcGetDevice
                0x00010d9c       0x12 /opt/homebrew/Cellar/rosco-m68k-toolchain@13/HEAD-e2a4d4b/lib/gcc/m68k-elf-rosco/13.2.0/../../../../m68k-elf-rosco/lib/librosco.a(machine.o)
                0x00010d9c                mcGetDevice
 .text.mcAddDevice
                0x00010dae        0xe /opt/homebrew/Cellar/rosco-m68k-toolchain@13/HEAD-e2a4d4b/lib/gcc/m68k-elf-rosco/13.2.0/../../../../m68k-elf-rosco/lib/librosco.a(machine.o)
                0x00010dae                mcAddDevice
 .text.mcCheckDevice
                0x00010dbc        0xe /opt/homebrew/Cellar/rosco-m68k-toolchain@13/HEAD-e2a4d4b/lib/gcc/m68k-elf-rosco/13.2.0/../../../../m68k-elf-rosco/lib/librosco.a(machine.o)
                0x00010dbc                mcCheckDevice
 .text.mcReadDevice
                0x00010dca        0xe /opt/homebrew/Cellar/rosco-m68k-toolchain@13/HEAD-e2a4d4b/lib/gcc/m68k-elf-rosco/13.2.0/../../../../m68k-elf-rosco/lib/librosco.a(machine.o)
                0x00010dca                mcReadDevice
 .text.mcSendDevice
                0x00010dd8       0x12 /opt/homebrew/Cellar/rosco-m68k-toolchain@13/HEAD-e2a4d4b/lib/gcc/m68k-elf-rosco/13.2.0/../../../../m68k-elf-rosco/lib/librosco.a(machine.o)
                0x00010dd8                mcSendDevice
 .text.mcDeviceCtrl
                0x00010dea       0x32 /opt/homebrew/Cellar/rosco-m68k-toolchain@13/HEAD-e2a4d4b/lib/gcc/m68k-elf-rosco/13.2.0/../../../../m68k-elf-rosco/lib/librosco.a(machine.o)
                0x00010dea                mcDeviceCtrl
                0x00010e04                mcGetVecBase
 .text.mcInputchar
                0x00010e1c        0xa /opt/homebrew/Cellar/rosco-m68k-toolchain@13/HEAD-e2a4d4b/lib/gcc/m68k-elf-rosco/13.2.0/../../../../m68k-elf-rosco/lib/librosco.a(machine.o)
                0x00010e1c                mcInputchar
 .text.mcCheckInput
                0x00010e26        0xe /opt/homebrew/Cellar/rosco-m68k-toolchain@13/HEAD-e2a4d4b/lib/gcc/m68k-elf-rosco/13.2.0/../../../../m68k-elf-rosco/lib/librosco.a(machine.o)
                0x00010e26                mcCheckInput
 .text.mcGetStackPointer
                0x00010e34        0x6 /opt/homebrew/Cellar/rosco-m68k-toolchain@13/HEAD-e2a4d4b/lib/gcc/m68k-elf-rosco/13.2.0/../../../../m68k-elf-rosco/lib/librosco.a(machine.o)
                0x00010e34                mcGetStackPointer
 *fill*         0x00010e3a        0x2 
 .text          0x00010e3c        0x0 /opt/homebrew/Cellar/rosco-m68k-toolchain@13/HEAD-e2a4d4b/lib/gcc/m68k-elf-rosco/13.2.0/../../../../m68k-elf-rosco/lib/librosco.a(sdcard.o)
 .text.__sd_fat_shutdown
                0x00010e3c       0x10 /opt/homebrew/Cellar/rosco-m68k-toolchain@13/HEAD-e2a4d4b/lib/gcc/m68k-elf-rosco/13.2.0/../../../../m68k-elf-rosco/lib/librosco.a(sdcard.o)
 .text.FAT_media_write
                0x00010e4c       0x20 /opt/homebrew/Cellar/rosco-m68k-toolchain@13/HEAD-e2a4d4b/lib/gcc/m68k-elf-rosco/13.2.0/../../../../m68k-elf-rosco/lib/librosco.a(sdcard.o)
 .text.FAT_media_read
                0x00010e6c       0x20 /opt/homebrew/Cellar/rosco-m68k-toolchain@13/HEAD-e2a4d4b/lib/gcc/m68k-elf-rosco/13.2.0/../../../../m68k-elf-rosco/lib/librosco.a(sdcard.o)
 .text.SD_FAT_initialize
                0x00010e8c       0x7c /opt/homebrew/Cellar/rosco-m68k-toolchain@13/HEAD-e2a4d4b/lib/gcc/m68k-elf-rosco/13.2.0/../../../../m68k-elf-rosco/lib/librosco.a(sdcard.o)
                0x00010e8c                SD_FAT_initialize
 .text.SD_FAT_get_sd_card
                0x00010f08       0x14 /opt/homebrew/Cellar/rosco-m68k-toolchain@13/HEAD-e2a4d4b/lib/gcc/m68k-elf-rosco/13.2.0/../../../../m68k-elf-rosco/lib/librosco.a(sdcard.o)
                0x00010f08                SD_FAT_get_sd_card
 .text.SD_check_support
                0x00010f1c       0x14 /opt/homebrew/Cellar/rosco-m68k-toolchain@13/HEAD-e2a4d4b/lib/gcc/m68k-elf-rosco/13.2.0/../../../../m68k-elf-rosco/lib/librosco.a(sdcard_asm.o)
                0x00010f1c                SD_check_support
 .text.SD_initialize
                0x00010f30       0x12 /opt/homebrew/Cellar/rosco-m68k-toolchain@13/HEAD-e2a4d4b/lib/gcc/m68k-elf-rosco/13.2.0/../../../../m68k-elf-rosco/lib/librosco.a(sdcard_asm.o)
                0x00010f30                SD_initialize
 .text.SD_read_block
                0x00010f42       0x1a /opt/homebrew/Cellar/rosco-m68k-toolchain@13/HEAD-e2a4d4b/lib/gcc/m68k-elf-rosco/13.2.0/../../../../m68k-elf-rosco/lib/librosco.a(sdcard_asm.o)
                0x00010f42                SD_read_block
 .text.SD_write_block
                0x00010f5c       0x1a /opt/homebrew/Cellar/rosco-m68k-toolchain@13/HEAD-e2a4d4b/lib/gcc/m68k-elf-rosco/13.2.0/../../../../m68k-elf-rosco/lib/librosco.a(sdcard_asm.o)
                0x00010f5c                SD_write_block
 .text.SD_read_register
                0x00010f76       0x1a /opt/homebrew/Cellar/rosco-m68k-toolchain@13/HEAD-e2a4d4b/lib/gcc/m68k-elf-rosco/13.2.0/../../../../m68k-elf-rosco/lib/librosco.a(sdcard_asm.o)
                0x00010f76                SD_read_register
 .text          0x00010f90        0x0 /opt/homebrew/Cellar/rosco-m68k-toolchain@13/HEAD-e2a4d4b/lib/gcc/m68k-elf-rosco/13.2.0/../../../../m68k-elf-rosco/lib/librosco.a(part.o)
 .text.Part_init_SD
                0x00010f90       0x88 /opt/homebrew/Cellar/rosco-m68k-toolchain@13/HEAD-e2a4d4b/lib/gcc/m68k-elf-rosco/13.2.0/../../../../m68k-elf-rosco/lib/librosco.a(part.o)
                0x00010f90                Part_init_SD
 .text.Part_read
                0x00011018       0xc0 /opt/homebrew/Cellar/rosco-m68k-toolchain@13/HEAD-e2a4d4b/lib/gcc/m68k-elf-rosco/13.2.0/../../../../m68k-elf-rosco/lib/librosco.a(part.o)
                0x00011018                Part_read
 .text.Part_write
                0x000110d8       0xc0 /opt/homebrew/Cellar/rosco-m68k-toolchain@13/HEAD-e2a4d4b/lib/gcc/m68k-elf-rosco/13.2.0/../../../../m68k-elf-rosco/lib/librosco.a(part.o)
                0x000110d8                Part_write
 .text.Part_valid
                0x00011198       0x20 /opt/homebrew/Cellar/rosco-m68k-toolchain@13/HEAD-e2a4d4b/lib/gcc/m68k-elf-rosco/13.2.0/../../../../m68k-elf-rosco/lib/librosco.a(part.o)
                0x00011198                Part_valid
 .text          0x000111b8        0x0 /opt/homebrew/Cellar/rosco-m68k-toolchain@13/HEAD-e2a4d4b/lib/gcc/m68k-elf-rosco/13.2.0/../../../../m68k-elf-rosco/lib/librosco.a(fat_filelib.o)
 .text._open_directory
                0x000111b8       0xb4 /opt/homebrew/Cellar/rosco-m68k-toolchain@13/HEAD-e2a4d4b/lib/gcc/m68k-elf-rosco/13.2.0/../../../../m68k-elf-rosco/lib/librosco.a(fat_filelib.o)
 .text._write_sectors
                0x0001126c      0x1d8 /opt/homebrew/Cellar/rosco-m68k-toolchain@13/HEAD-e2a4d4b/lib/gcc/m68k-elf-rosco/13.2.0/../../../../m68k-elf-rosco/lib/librosco.a(fat_filelib.o)
 .text._read_sectors
                0x00011444      0x136 /opt/homebrew/Cellar/rosco-m68k-toolchain@13/HEAD-e2a4d4b/lib/gcc/m68k-elf-rosco/13.2.0/../../../../m68k-elf-rosco/lib/librosco.a(fat_filelib.o)
 .text._allocate_file
                0x0001157a       0xc8 /opt/homebrew/Cellar/rosco-m68k-toolchain@13/HEAD-e2a4d4b/lib/gcc/m68k-elf-rosco/13.2.0/../../../../m68k-elf-rosco/lib/librosco.a(fat_filelib.o)
 .text._free_file
                0x00011642       0xcc /opt/homebrew/Cellar/rosco-m68k-toolchain@13/HEAD-e2a4d4b/lib/gcc/m68k-elf-rosco/13.2.0/../../../../m68k-elf-rosco/lib/librosco.a(fat_filelib.o)
 .text._open_file
                0x0001170e      0x196 /opt/homebrew/Cellar/rosco-m68k-toolchain@13/HEAD-e2a4d4b/lib/gcc/m68k-elf-rosco/13.2.0/../../../../m68k-elf-rosco/lib/librosco.a(fat_filelib.o)
 .text.fl_init  0x000118a4       0xc0 /opt/homebrew/Cellar/rosco-m68k-toolchain@13/HEAD-e2a4d4b/lib/gcc/m68k-elf-rosco/13.2.0/../../../../m68k-elf-rosco/lib/librosco.a(fat_filelib.o)
                0x000118a4                fl_init
 .text.fl_attach_locks
                0x00011964       0x12 /opt/homebrew/Cellar/rosco-m68k-toolchain@13/HEAD-e2a4d4b/lib/gcc/m68k-elf-rosco/13.2.0/../../../../m68k-elf-rosco/lib/librosco.a(fat_filelib.o)
                0x00011964                fl_attach_locks
 .text.fl_attach_media
                0x00011976       0x3c /opt/homebrew/Cellar/rosco-m68k-toolchain@13/HEAD-e2a4d4b/lib/gcc/m68k-elf-rosco/13.2.0/../../../../m68k-elf-rosco/lib/librosco.a(fat_filelib.o)
                0x00011976                fl_attach_media
 .text.fl_shutdown
                0x000119b2       0x3c /opt/homebrew/Cellar/rosco-m68k-toolchain@13/HEAD-e2a4d4b/lib/gcc/m68k-elf-rosco/13.2.0/../../../../m68k-elf-rosco/lib/librosco.a(fat_filelib.o)
                0x000119b2                fl_shutdown
 .text.fl_fopen
                0x000119ee      0x444 /opt/homebrew/Cellar/rosco-m68k-toolchain@13/HEAD-e2a4d4b/lib/gcc/m68k-elf-rosco/13.2.0/../../../../m68k-elf-rosco/lib/librosco.a(fat_filelib.o)
                0x000119ee                fl_fopen
 .text.fl_fflush
                0x00011e32       0x72 /opt/homebrew/Cellar/rosco-m68k-toolchain@13/HEAD-e2a4d4b/lib/gcc/m68k-elf-rosco/13.2.0/../../../../m68k-elf-rosco/lib/librosco.a(fat_filelib.o)
                0x00011e32                fl_fflush
 .text.fl_fclose
                0x00011ea4       0xd6 /opt/homebrew/Cellar/rosco-m68k-toolchain@13/HEAD-e2a4d4b/lib/gcc/m68k-elf-rosco/13.2.0/../../../../m68k-elf-rosco/lib/librosco.a(fat_filelib.o)
                0x00011ea4                fl_fclose
 .text.fl_fread
                0x00011f7a      0x17e /opt/homebrew/Cellar/rosco-m68k-toolchain@13/HEAD-e2a4d4b/lib/gcc/m68k-elf-rosco/13.2.0/../../../../m68k-elf-rosco/lib/librosco.a(fat_filelib.o)
                0x00011f7a                fl_fread
 .text.fl_fgetc
                0x000120f8       0x36 /opt/homebrew/Cellar/rosco-m68k-toolchain@13/HEAD-e2a4d4b/lib/gcc/m68k-elf-rosco/13.2.0/../../../../m68k-elf-rosco/lib/librosco.a(fat_filelib.o)
                0x000120f8                fl_fgetc
 .text.fl_fgets
                0x0001212e       0x84 /opt/homebrew/Cellar/rosco-m68k-toolchain@13/HEAD-e2a4d4b/lib/gcc/m68k-elf-rosco/13.2.0/../../../../m68k-elf-rosco/lib/librosco.a(fat_filelib.o)
                0x0001212e                fl_fgets
 .text.fl_fseek
                0x000121b2      0x10c /opt/homebrew/Cellar/rosco-m68k-toolchain@13/HEAD-e2a4d4b/lib/gcc/m68k-elf-rosco/13.2.0/../../../../m68k-elf-rosco/lib/librosco.a(fat_filelib.o)
                0x000121b2                fl_fseek
 .text.fl_fgetpos
                0x000122be       0x3c /opt/homebrew/Cellar/rosco-m68k-toolchain@13/HEAD-e2a4d4b/lib/gcc/m68k-elf-rosco/13.2.0/../../../../m68k-elf-rosco/lib/librosco.a(fat_filelib.o)
                0x000122be                fl_fgetpos
 .text.fl_ftell
                0x000122fa       0x3a /opt/homebrew/Cellar/rosco-m68k-toolchain@13/HEAD-e2a4d4b/lib/gcc/m68k-elf-rosco/13.2.0/../../../../m68k-elf-rosco/lib/librosco.a(fat_filelib.o)
                0x000122fa                fl_ftell
 .text.fl_feof  0x00012334       0x4a /opt/homebrew/Cellar/rosco-m68k-toolchain@13/HEAD-e2a4d4b/lib/gcc/m68k-elf-rosco/13.2.0/../../../../m68k-elf-rosco/lib/librosco.a(fat_filelib.o)
                0x00012334                fl_feof
 .text.fl_fwrite
                0x0001237e      0x25c /opt/homebrew/Cellar/rosco-m68k-toolchain@13/HEAD-e2a4d4b/lib/gcc/m68k-elf-rosco/13.2.0/../../../../m68k-elf-rosco/lib/librosco.a(fat_filelib.o)
                0x0001237e                fl_fwrite
 .text.fl_fputc
                0x000125da       0x40 /opt/homebrew/Cellar/rosco-m68k-toolchain@13/HEAD-e2a4d4b/lib/gcc/m68k-elf-rosco/13.2.0/../../../../m68k-elf-rosco/lib/librosco.a(fat_filelib.o)
                0x000125da                fl_fputc
 .text.fl_fputs
                0x0001261a       0x2a /opt/homebrew/Cellar/rosco-m68k-toolchain@13/HEAD-e2a4d4b/lib/gcc/m68k-elf-rosco/13.2.0/../../../../m68k-elf-rosco/lib/librosco.a(fat_filelib.o)
                0x0001261a                fl_fputs
 .text.fl_remove
                0x00012644       0xca /opt/homebrew/Cellar/rosco-m68k-toolchain@13/HEAD-e2a4d4b/lib/gcc/m68k-elf-rosco/13.2.0/../../../../m68k-elf-rosco/lib/librosco.a(fat_filelib.o)
                0x00012644                fl_remove
 .text.fl_createdirectory
                0x0001270e      0x27a /opt/homebrew/Cellar/rosco-m68k-toolchain@13/HEAD-e2a4d4b/lib/gcc/m68k-elf-rosco/13.2.0/../../../../m68k-elf-rosco/lib/librosco.a(fat_filelib.o)
                0x0001270e                fl_createdirectory
 .text          0x00012988        0x0 /opt/homebrew/Cellar/rosco-m68k-toolchain@13/HEAD-e2a4d4b/lib/gcc/m68k-elf-rosco/13.2.0/../../../../m68k-elf-rosco/lib/librosco.a(fat_misc.o)
 .text.fatfs_lfn_cache_init
                0x00012988       0x3c /opt/homebrew/Cellar/rosco-m68k-toolchain@13/HEAD-e2a4d4b/lib/gcc/m68k-elf-rosco/13.2.0/../../../../m68k-elf-rosco/lib/librosco.a(fat_misc.o)
                0x00012988                fatfs_lfn_cache_init
 .text.fatfs_lfn_cache_entry
                0x000129c4       0xa6 /opt/homebrew/Cellar/rosco-m68k-toolchain@13/HEAD-e2a4d4b/lib/gcc/m68k-elf-rosco/13.2.0/../../../../m68k-elf-rosco/lib/librosco.a(fat_misc.o)
                0x000129c4                fatfs_lfn_cache_entry
 .text.fatfs_lfn_cache_get
                0x00012a6a       0x38 /opt/homebrew/Cellar/rosco-m68k-toolchain@13/HEAD-e2a4d4b/lib/gcc/m68k-elf-rosco/13.2.0/../../../../m68k-elf-rosco/lib/librosco.a(fat_misc.o)
                0x00012a6a                fatfs_lfn_cache_get
 .text.fatfs_entry_lfn_text
                0x00012aa2       0x1a /opt/homebrew/Cellar/rosco-m68k-toolchain@13/HEAD-e2a4d4b/lib/gcc/m68k-elf-rosco/13.2.0/../../../../m68k-elf-rosco/lib/librosco.a(fat_misc.o)
                0x00012aa2                fatfs_entry_lfn_text
 .text.fatfs_entry_lfn_invalid
                0x00012abc       0x30 /opt/homebrew/Cellar/rosco-m68k-toolchain@13/HEAD-e2a4d4b/lib/gcc/m68k-elf-rosco/13.2.0/../../../../m68k-elf-rosco/lib/librosco.a(fat_misc.o)
                0x00012abc                fatfs_entry_lfn_invalid
 .text.fatfs_entry_lfn_exists
                0x00012aec       0x44 /opt/homebrew/Cellar/rosco-m68k-toolchain@13/HEAD-e2a4d4b/lib/gcc/m68k-elf-rosco/13.2.0/../../../../m68k-elf-rosco/lib/librosco.a(fat_misc.o)
                0x00012aec                fatfs_entry_lfn_exists
 .text.fatfs_entry_sfn_only
                0x00012b30       0x3a /opt/homebrew/Cellar/rosco-m68k-toolchain@13/HEAD-e2a4d4b/lib/gcc/m68k-elf-rosco/13.2.0/../../../../m68k-elf-rosco/lib/librosco.a(fat_misc.o)
                0x00012b30                fatfs_entry_sfn_only
 .text.fatfs_entry_is_dir
                0x00012b6a       0x10 /opt/homebrew/Cellar/rosco-m68k-toolchain@13/HEAD-e2a4d4b/lib/gcc/m68k-elf-rosco/13.2.0/../../../../m68k-elf-rosco/lib/librosco.a(fat_misc.o)
                0x00012b6a                fatfs_entry_is_dir
 .text.fatfs_entry_is_file
                0x00012b7a       0x10 /opt/homebrew/Cellar/rosco-m68k-toolchain@13/HEAD-e2a4d4b/lib/gcc/m68k-elf-rosco/13.2.0/../../../../m68k-elf-rosco/lib/librosco.a(fat_misc.o)
                0x00012b7a                fatfs_entry_is_file
 .text.fatfs_lfn_entries_required
                0x00012b8a       0x28 /opt/homebrew/Cellar/rosco-m68k-toolchain@13/HEAD-e2a4d4b/lib/gcc/m68k-elf-rosco/13.2.0/../../../../m68k-elf-rosco/lib/librosco.a(fat_misc.o)
                0x00012b8a                fatfs_lfn_entries_required
 .text.fatfs_filename_to_lfn
                0x00012bb2      0x160 /opt/homebrew/Cellar/rosco-m68k-toolchain@13/HEAD-e2a4d4b/lib/gcc/m68k-elf-rosco/13.2.0/../../../../m68k-elf-rosco/lib/librosco.a(fat_misc.o)
                0x00012bb2                fatfs_filename_to_lfn
 .text.fatfs_sfn_create_entry
                0x00012d12      0x1b2 /opt/homebrew/Cellar/rosco-m68k-toolchain@13/HEAD-e2a4d4b/lib/gcc/m68k-elf-rosco/13.2.0/../../../../m68k-elf-rosco/lib/librosco.a(fat_misc.o)
                0x00012d12                fatfs_sfn_create_entry
 .text.fatfs_lfn_create_sfn
                0x00012ec4      0x130 /opt/homebrew/Cellar/rosco-m68k-toolchain@13/HEAD-e2a4d4b/lib/gcc/m68k-elf-rosco/13.2.0/../../../../m68k-elf-rosco/lib/librosco.a(fat_misc.o)
                0x00012ec4                fatfs_lfn_create_sfn
 .text.fatfs_lfn_generate_tail
                0x00012ff4      0x154 /opt/homebrew/Cellar/rosco-m68k-toolchain@13/HEAD-e2a4d4b/lib/gcc/m68k-elf-rosco/13.2.0/../../../../m68k-elf-rosco/lib/librosco.a(fat_misc.o)
                0x00012ff4                fatfs_lfn_generate_tail
 .text          0x00013148        0x0 /opt/homebrew/Cellar/rosco-m68k-toolchain@13/HEAD-e2a4d4b/lib/gcc/m68k-elf-rosco/13.2.0/../../../../m68k-elf-rosco/lib/librosco.a(fat_string.o)
 .text.FileString_StrCmpNoCase
                0x00013148       0xb6 /opt/homebrew/Cellar/rosco-m68k-toolchain@13/HEAD-e2a4d4b/lib/gcc/m68k-elf-rosco/13.2.0/../../../../m68k-elf-rosco/lib/librosco.a(fat_string.o)
 .text.fatfs_total_path_levels
                0x000131fe       0x66 /opt/homebrew/Cellar/rosco-m68k-toolchain@13/HEAD-e2a4d4b/lib/gcc/m68k-elf-rosco/13.2.0/../../../../m68k-elf-rosco/lib/librosco.a(fat_string.o)
                0x000131fe                fatfs_total_path_levels
 .text.fatfs_get_substring
                0x00013264       0xbe /opt/homebrew/Cellar/rosco-m68k-toolchain@13/HEAD-e2a4d4b/lib/gcc/m68k-elf-rosco/13.2.0/../../../../m68k-elf-rosco/lib/librosco.a(fat_string.o)
                0x00013264                fatfs_get_substring
 .text.fatfs_split_path
                0x00013322       0xa4 /opt/homebrew/Cellar/rosco-m68k-toolchain@13/HEAD-e2a4d4b/lib/gcc/m68k-elf-rosco/13.2.0/../../../../m68k-elf-rosco/lib/librosco.a(fat_string.o)
                0x00013322                fatfs_split_path
 .text.fatfs_compare_names
                0x000133c6      0x154 /opt/homebrew/Cellar/rosco-m68k-toolchain@13/HEAD-e2a4d4b/lib/gcc/m68k-elf-rosco/13.2.0/../../../../m68k-elf-rosco/lib/librosco.a(fat_string.o)
                0x000133c6                fatfs_compare_names
 .text.fatfs_string_ends_with_slash
                0x0001351a       0x32 /opt/homebrew/Cellar/rosco-m68k-toolchain@13/HEAD-e2a4d4b/lib/gcc/m68k-elf-rosco/13.2.0/../../../../m68k-elf-rosco/lib/librosco.a(fat_string.o)
                0x0001351a                fatfs_string_ends_with_slash
 .text.fatfs_get_sfn_display_name
                0x0001354c       0x4a /opt/homebrew/Cellar/rosco-m68k-toolchain@13/HEAD-e2a4d4b/lib/gcc/m68k-elf-rosco/13.2.0/../../../../m68k-elf-rosco/lib/librosco.a(fat_string.o)
                0x0001354c                fatfs_get_sfn_display_name
 .text.fatfs_get_extension
                0x00013596       0x7c /opt/homebrew/Cellar/rosco-m68k-toolchain@13/HEAD-e2a4d4b/lib/gcc/m68k-elf-rosco/13.2.0/../../../../m68k-elf-rosco/lib/librosco.a(fat_string.o)
                0x00013596                fatfs_get_extension
 .text.fatfs_create_path_string
                0x00013612       0xa8 /opt/homebrew/Cellar/rosco-m68k-toolchain@13/HEAD-e2a4d4b/lib/gcc/m68k-elf-rosco/13.2.0/../../../../m68k-elf-rosco/lib/librosco.a(fat_string.o)
                0x00013612                fatfs_create_path_string
 *fill*         0x000136ba        0x2 
 .text          0x000136bc        0x0 /opt/homebrew/Cellar/rosco-m68k-toolchain@13/HEAD-e2a4d4b/lib/gcc/m68k-elf-rosco/13.2.0/../../../../m68k-elf-rosco/lib/librosco.a(fat_table.o)
 .text.fatfs_fat_read_sector
                0x000136bc      0x122 /opt/homebrew/Cellar/rosco-m68k-toolchain@13/HEAD-e2a4d4b/lib/gcc/m68k-elf-rosco/13.2.0/../../../../m68k-elf-rosco/lib/librosco.a(fat_table.o)
 .text.fatfs_fat_init
                0x000137de       0x5c /opt/homebrew/Cellar/rosco-m68k-toolchain@13/HEAD-e2a4d4b/lib/gcc/m68k-elf-rosco/13.2.0/../../../../m68k-elf-rosco/lib/librosco.a(fat_table.o)
                0x000137de                fatfs_fat_init
 .text.fatfs_fat_purge
                0x0001383a       0x84 /opt/homebrew/Cellar/rosco-m68k-toolchain@13/HEAD-e2a4d4b/lib/gcc/m68k-elf-rosco/13.2.0/../../../../m68k-elf-rosco/lib/librosco.a(fat_table.o)
                0x0001383a                fatfs_fat_purge
 .text.fatfs_find_next_cluster
                0x000138be       0xde /opt/homebrew/Cellar/rosco-m68k-toolchain@13/HEAD-e2a4d4b/lib/gcc/m68k-elf-rosco/13.2.0/../../../../m68k-elf-rosco/lib/librosco.a(fat_table.o)
                0x000138be                fatfs_find_next_cluster
 .text.fatfs_set_fs_info_next_free_cluster
                0x0001399c       0x9a /opt/homebrew/Cellar/rosco-m68k-toolchain@13/HEAD-e2a4d4b/lib/gcc/m68k-elf-rosco/13.2.0/../../../../m68k-elf-rosco/lib/librosco.a(fat_table.o)
                0x0001399c                fatfs_set_fs_info_next_free_cluster
 .text.fatfs_find_blank_cluster
                0x00013a36       0xda /opt/homebrew/Cellar/rosco-m68k-toolchain@13/HEAD-e2a4d4b/lib/gcc/m68k-elf-rosco/13.2.0/../../../../m68k-elf-rosco/lib/librosco.a(fat_table.o)
                0x00013a36                fatfs_find_blank_cluster
 .text.fatfs_fat_set_cluster
                0x00013b10       0xca /opt/homebrew/Cellar/rosco-m68k-toolchain@13/HEAD-e2a4d4b/lib/gcc/m68k-elf-rosco/13.2.0/../../../../m68k-elf-rosco/lib/librosco.a(fat_table.o)
                0x00013b10                fatfs_fat_set_cluster
 .text.fatfs_free_cluster_chain
                0x00013bda       0x4a /opt/homebrew/Cellar/rosco-m68k-toolchain@13/HEAD-e2a4d4b/lib/gcc/m68k-elf-rosco/13.2.0/../../../../m68k-elf-rosco/lib/librosco.a(fat_table.o)
                0x00013bda                fatfs_free_cluster_chain
 .text.fatfs_fat_add_cluster_to_chain
                0x00013c24       0x5c /opt/homebrew/Cellar/rosco-m68k-toolchain@13/HEAD-e2a4d4b/lib/gcc/m68k-elf-rosco/13.2.0/../../../../m68k-elf-rosco/lib/librosco.a(fat_table.o)
                0x00013c24                fatfs_fat_add_cluster_to_chain
 .text.fatfs_count_free_clusters
                0x00013c80       0xb4 /opt/homebrew/Cellar/rosco-m68k-toolchain@13/HEAD-e2a4d4b/lib/gcc/m68k-elf-rosco/13.2.0/../../../../m68k-elf-rosco/lib/librosco.a(fat_table.o)
                0x00013c80                fatfs_count_free_clusters
 .text          0x00013d34        0x0 /opt/homebrew/Cellar/rosco-m68k-toolchain@13/HEAD-e2a4d4b/lib/gcc/m68k-elf-rosco/13.2.0/../../../../m68k-elf-rosco/lib/librosco.a(fat_write.o)
 .text.fatfs_add_free_space
                0x00013d34       0x9c /opt/homebrew/Cellar/rosco-m68k-toolchain@13/HEAD-e2a4d4b/lib/gcc/m68k-elf-rosco/13.2.0/../../../../m68k-elf-rosco/lib/librosco.a(fat_write.o)
                0x00013d34                fatfs_add_free_space
 .text.fatfs_allocate_free_space
                0x00013dd0      0x10e /opt/homebrew/Cellar/rosco-m68k-toolchain@13/HEAD-e2a4d4b/lib/gcc/m68k-elf-rosco/13.2.0/../../../../m68k-elf-rosco/lib/librosco.a(fat_write.o)
                0x00013dd0                fatfs_allocate_free_space
 .text.fatfs_add_file_entry
                0x00013ede      0x28c /opt/homebrew/Cellar/rosco-m68k-toolchain@13/HEAD-e2a4d4b/lib/gcc/m68k-elf-rosco/13.2.0/../../../../m68k-elf-rosco/lib/librosco.a(fat_write.o)
                0x00013ede                fatfs_add_file_entry
 *fill*         0x0001416a        0x2 
 .text          0x0001416c        0x0 /opt/homebrew/Cellar/rosco-m68k-toolchain@13/HEAD-e2a4d4b/lib/gcc/m68k-elf-rosco/13.2.0/../../../../m68k-elf-rosco/lib/librosco.a(fat_access.o)
 .text.fatfs_init
                0x0001416c      0x202 /opt/homebrew/Cellar/rosco-m68k-toolchain@13/HEAD-e2a4d4b/lib/gcc/m68k-elf-rosco/13.2.0/../../../../m68k-elf-rosco/lib/librosco.a(fat_access.o)
                0x0001416c                fatfs_init
 .text.fatfs_lba_of_cluster
                0x0001436e       0x34 /opt/homebrew/Cellar/rosco-m68k-toolchain@13/HEAD-e2a4d4b/lib/gcc/m68k-elf-rosco/13.2.0/../../../../m68k-elf-rosco/lib/librosco.a(fat_access.o)
                0x0001436e                fatfs_lba_of_cluster
 .text.fatfs_sector_read
                0x000143a2       0x20 /opt/homebrew/Cellar/rosco-m68k-toolchain@13/HEAD-e2a4d4b/lib/gcc/m68k-elf-rosco/13.2.0/../../../../m68k-elf-rosco/lib/librosco.a(fat_access.o)
                0x000143a2                fatfs_sector_read
 .text.fatfs_sector_write
                0x000143c2       0x20 /opt/homebrew/Cellar/rosco-m68k-toolchain@13/HEAD-e2a4d4b/lib/gcc/m68k-elf-rosco/13.2.0/../../../../m68k-elf-rosco/lib/librosco.a(fat_access.o)
                0x000143c2                fatfs_sector_write
 .text.fatfs_sector_reader
                0x000143e2      0x102 /opt/homebrew/Cellar/rosco-m68k-toolchain@13/HEAD-e2a4d4b/lib/gcc/m68k-elf-rosco/13.2.0/../../../../m68k-elf-rosco/lib/librosco.a(fat_access.o)
                0x000143e2                fatfs_sector_reader
 .text.fatfs_read_sector
                0x000144e4       0xf0 /opt/homebrew/Cellar/rosco-m68k-toolchain@13/HEAD-e2a4d4b/lib/gcc/m68k-elf-rosco/13.2.0/../../../../m68k-elf-rosco/lib/librosco.a(fat_access.o)
                0x000144e4                fatfs_read_sector
 .text.fatfs_write_sector
                0x000145d4       0xf0 /opt/homebrew/Cellar/rosco-m68k-toolchain@13/HEAD-e2a4d4b/lib/gcc/m68k-elf-rosco/13.2.0/../../../../m68k-elf-rosco/lib/librosco.a(fat_access.o)
                0x000145d4                fatfs_write_sector
 .text.fatfs_get_root_cluster
                0x000146c4        0xa /opt/homebrew/Cellar/rosco-m68k-toolchain@13/HEAD-e2a4d4b/lib/gcc/m68k-elf-rosco/13.2.0/../../../../m68k-elf-rosco/lib/librosco.a(fat_access.o)
                0x000146c4                fatfs_get_root_cluster
 .text.fatfs_get_file_entry
                0x000146ce      0x1ee /opt/homebrew/Cellar/rosco-m68k-toolchain@13/HEAD-e2a4d4b/lib/gcc/m68k-elf-rosco/13.2.0/../../../../m68k-elf-rosco/lib/librosco.a(fat_access.o)
                0x000146ce                fatfs_get_file_entry
 .text.fatfs_sfn_exists
                0x000148bc       0xaa /opt/homebrew/Cellar/rosco-m68k-toolchain@13/HEAD-e2a4d4b/lib/gcc/m68k-elf-rosco/13.2.0/../../../../m68k-elf-rosco/lib/librosco.a(fat_access.o)
                0x000148bc                fatfs_sfn_exists
 .text.fatfs_update_file_length
                0x00014966      0x120 /opt/homebrew/Cellar/rosco-m68k-toolchain@13/HEAD-e2a4d4b/lib/gcc/m68k-elf-rosco/13.2.0/../../../../m68k-elf-rosco/lib/librosco.a(fat_access.o)
                0x00014966                fatfs_update_file_length
 .text.fatfs_mark_file_deleted
                0x00014a86       0xca /opt/homebrew/Cellar/rosco-m68k-toolchain@13/HEAD-e2a4d4b/lib/gcc/m68k-elf-rosco/13.2.0/../../../../m68k-elf-rosco/lib/librosco.a(fat_access.o)
                0x00014a86                fatfs_mark_file_deleted
 .text          0x00014b50        0x0 /opt/homebrew/Cellar/rosco-m68k-toolchain@13/HEAD-e2a4d4b/lib/gcc/m68k-elf-rosco/13.2.0/../../../../m68k-elf-rosco/lib/librosco.a(fat_cache.o)
 .text.fatfs_cache_init