Archive member included to satisfy reference by file (symbol)

/opt/homebrew/Cellar/rosco-m68k-toolchain@13/HEAD-e2a4d4b/lib/gcc/m68k-elf-rosco/13.2.0/../../../../m68k-elf-rosco/lib/libc.a(libc_a-atexit.o)
                              /opt/homebrew/Cellar/rosco-m68k-toolchain@13/HEAD-e2a4d4b/lib/gcc/m68k-elf-rosco/13.2.0/../../../../m68k-elf-rosco/lib/crt0.o (atexit)
/opt/homebrew/Cellar/rosco-m68k-toolchain@13/HEAD-e2a4d4b/lib/gcc/m68k-elf-rosco/13.2.0/../../../../m68k-elf-rosco/lib/libc.a(libc_a-exit.o)
                              /opt/homebrew/Cellar/rosco-m68k-toolchain@13/HEAD-e2a4d4b/lib/gcc/m68k-elf-rosco/13.2.0/../../../../m68k-elf-rosco/lib/crt0.o (exit)
/opt/homebrew/Cellar/rosco-m68k-toolchain@13/HEAD-e2a4d4b/lib/gcc/m68k-elf-rosco/13.2.0/../../../../m68k-elf-rosco/lib/libc.a(libc_a-printf.o)
                              main.o (printf)
/opt/homebrew/Cellar/rosco-m68k-toolchain@13/HEAD-e2a4d4b/lib/gcc/m68k-elf-rosco/13.2.0/../../../../m68k-elf-rosco/lib/libc.a(libc_a-findfp.o)
                              /opt/homebrew/Cellar/rosco-m68k-toolchain@13/HEAD-e2a4d4b/lib/gcc/m68k-elf-rosco/13.2.0/../../../../m68k-elf-rosco/lib/libc.a(libc_a-exit.o) (__stdio_exit_handler)
/opt/homebrew/Cellar/rosco-m68k-toolchain@13/HEAD-e2a4d4b/lib/gcc/m68k-elf-rosco/13.2.0/../../../../m68k-elf-rosco/lib/libc.a(libc_a-fwalk.o)
                              /opt/homebrew/Cellar/rosco-m68k-toolchain@13/HEAD-e2a4d4b/lib/gcc/m68k-elf-rosco/13.2.0/../../../../m68k-elf-rosco/lib/libc.a(libc_a-findfp.o) (_fwalk_sglue)
/opt/homebrew/Cellar/rosco-m68k-toolchain@13/HEAD-e2a4d4b/lib/gcc/m68k-elf-rosco/13.2.0/../../../../m68k-elf-rosco/lib/libc.a(libc_a-impure.o)
                              /opt/homebrew/Cellar/rosco-m68k-toolchain@13/HEAD-e2a4d4b/lib/gcc/m68k-elf-rosco/13.2.0/../../../../m68k-elf-rosco/lib/libc.a(libc_a-printf.o) (_impure_ptr)
/opt/homebrew/Cellar/rosco-m68k-toolchain@13/HEAD-e2a4d4b/lib/gcc/m68k-elf-rosco/13.2.0/../../../../m68k-elf-rosco/lib/libc.a(libc_a-memset.o)
                              /opt/homebrew/Cellar/rosco-m68k-toolchain@13/HEAD-e2a4d4b/lib/gcc/m68k-elf-rosco/13.2.0/../../../../m68k-elf-rosco/lib/libc.a(libc_a-findfp.o) (memset)
/opt/homebrew/Cellar/rosco-m68k-toolchain@13/HEAD-e2a4d4b/lib/gcc/m68k-elf-rosco/13.2.0/../../../../m68k-elf-rosco/lib/libc.a(libc_a-__atexit.o)
                              /opt/homebrew/Cellar/rosco-m68k-toolchain@13/HEAD-e2a4d4b/lib/gcc/m68k-elf-rosco/13.2.0/../../../../m68k-elf-rosco/lib/libc.a(libc_a-atexit.o) (__register_exitproc)
/opt/homebrew/Cellar/rosco-m68k-toolchain@13/HEAD-e2a4d4b/lib/gcc/m68k-elf-rosco/13.2.0/../../../../m68k-elf-rosco/lib/libc.a(libc_a-__call_atexit.o)
                              /opt/homebrew/Cellar/rosco-m68k-toolchain@13/HEAD-e2a4d4b/lib/gcc/m68k-elf-rosco/13.2.0/../../../../m68k-elf-rosco/lib/libc.a(libc_a-exit.o) (__call_exitprocs)
/opt/homebrew/Cellar/rosco-m68k-toolchain@13/HEAD-e2a4d4b/lib/gcc/m68k-elf-rosco/13.2.0/../../../../m68k-elf-rosco/lib/libc.a(libc_a-mallocr.o)
                              /opt/homebrew/Cellar/rosco-m68k-toolchain@13/HEAD-e2a4d4b/lib/gcc/m68k-elf-rosco/13.2.0/../../../../m68k-elf-rosco/lib/libc.a(libc_a-findfp.o) (_malloc_r)
/opt/homebrew/Cellar/rosco-m68k-toolchain@13/HEAD-e2a4d4b/lib/gcc/m68k-elf-rosco/13.2.0/../../../../m68k-elf-rosco/lib/libc.a(libc_a-vfprintf.o)
                              /opt/homebrew/Cellar/rosco-m68k-toolchain@13/HEAD-e2a4d4b/lib/gcc/m68k-elf-rosco/13.2.0/../../../../m68k-elf-rosco/lib/libc.a(libc_a-printf.o) (_vfprintf_r)
/opt/homebrew/Cellar/rosco-m68k-toolchain@13/HEAD-e2a4d4b/lib/gcc/m68k-elf-rosco/13.2.0/../../../../m68k-elf-rosco/lib/libc.a(libc_a-mlock.o)
                              /opt/homebrew/Cellar/rosco-m68k-toolchain@13/HEAD-e2a4d4b/lib/gcc/m68k-elf-rosco/13.2.0/../../../../m68k-elf-rosco/lib/libc.a(libc_a-mallocr.o) (__malloc_lock)
/opt/homebrew/Cellar/rosco-m68k-toolchain@13/HEAD-e2a4d4b/lib/gcc/m68k-elf-rosco/13.2.0/../../../../m68k-elf-rosco/lib/libc.a(libc_a-sprint_r.o)
                              /opt/homebrew/Cellar/rosco-m68k-toolchain@13/HEAD-e2a4d4b/lib/gcc/m68k-elf-rosco/13.2.0/../../../../m68k-elf-rosco/lib/libc.a(libc_a-vfprintf.o) (__sprint_r)
/opt/homebrew/Cellar/rosco-m68k-toolchain@13/HEAD-e2a4d4b/lib/gcc/m68k-elf-rosco/13.2.0/../../../../m68k-elf-rosco/lib/libc.a(libc_a-fclose.o)
                              /opt/homebrew/Cellar/rosco-m68k-toolchain@13/HEAD-e2a4d4b/lib/gcc/m68k-elf-rosco/13.2.0/../../../../m68k-elf-rosco/lib/libc.a(libc_a-findfp.o) (_fclose_r)
/opt/homebrew/Cellar/rosco-m68k-toolchain@13/HEAD-e2a4d4b/lib/gcc/m68k-elf-rosco/13.2.0/../../../../m68k-elf-rosco/lib/libc.a(libc_a-fflush.o)
                              /opt/homebrew/Cellar/rosco-m68k-toolchain@13/HEAD-e2a4d4b/lib/gcc/m68k-elf-rosco/13.2.0/../../../../m68k-elf-rosco/lib/libc.a(libc_a-fclose.o) (__sflush_r)
/opt/homebrew/Cellar/rosco-m68k-toolchain@13/HEAD-e2a4d4b/lib/gcc/m68k-elf-rosco/13.2.0/../../../../m68k-elf-rosco/lib/libc.a(libc_a-stdio.o)
[...]
Memory Configuration

Name             Origin             Length             Attributes
RAM              0x00000000         0x00100000
EXP_RAM          0x00100000         0x00d00000
ROM              0x00e00000         0x00100000
IO_SPACE         0x00f00000         0x00100000
*default*        0x00000000         0xffffffff

Linker script and memory map

LOAD /opt/homebrew/Cellar/rosco-m68k-toolchain@13/HEAD-e2a4d4b/lib/gcc/m68k-elf-rosco/13.2.0/../../../../m68k-elf-rosco/lib/crt0.o
LOAD /opt/homebrew/Cellar/rosco-m68k-toolchain@13/HEAD-e2a4d4b/lib/gcc/m68k-elf-rosco/13.2.0/crti.o
LOAD /opt/homebrew/Cellar/rosco-m68k-toolchain@13/HEAD-e2a4d4b/lib/gcc/m68k-elf-rosco/13.2.0/crtbegin.o
LOAD main.o
LOAD /opt/homebrew/Cellar/rosco-m68k-toolchain@13/HEAD-e2a4d4b/lib/gcc/m68k-elf-rosco/13.2.0/../../../../m68k-elf-rosco/lib/libm.a
LOAD /opt/homebrew/Cellar/rosco-m68k-toolchain@13/HEAD-e2a4d4b/lib/gcc/m68k-elf-rosco/13.2.0/libgcc.a
LOAD /opt/homebrew/Cellar/rosco-m68k-toolchain@13/HEAD-e2a4d4b/lib/gcc/m68k-elf-rosco/13.2.0/../../../../m68k-elf-rosco/lib/libc.a
LOAD /opt/homebrew/Cellar/rosco-m68k-toolchain@13/HEAD-e2a4d4b/lib/gcc/m68k-elf-rosco/13.2.0/../../../../m68k-elf-rosco/lib/librosco.a
LOAD /opt/homebrew/Cellar/rosco-m68k-toolchain@13/HEAD-e2a4d4b/lib/gcc/m68k-elf-rosco/13.2.0/../../../../m68k-elf-rosco/lib/libc.a
                [!provide]                        PROVIDE (_STACK_SIZE = 0x4000)
                [!provide]                        PROVIDE (_relocIAL_STACK = 0x0)
                [!provide]                        PROVIDE (_WARM_BOOT = 0x4)
                [!provide]                        PROVIDE (_MFP_VECTORS = 0x100)
                [!provide]                        PROVIDE (_SDB = 0x400)
                0x00000400                        PROVIDE (_SDB_MAGIC = 0x400)
                [!provide]                        PROVIDE (_SDB_STATUS = 0x404)
                [!provide]                        PROVIDE (_SDB_RSRVD_408 = 0x408)
                0x0000040c                        PROVIDE (_TIMER_100HZ = 0x40c)
                [!provide]                        PROVIDE (_EASY68K_ECHOON = 0x410)
                [!provide]                        PROVIDE (_EASY68K_PROMPT = 0x411)
                [!provide]                        PROVIDE (_EASY68K_SHOWLF = 0x412)
                [!provide]                        PROVIDE (_SDB_RSRVD_413 = 0x413)
                [!provide]                        PROVIDE (_SDB_MEM_SIZE = 0x414)
                [!provide]                        PROVIDE (_SDB_UART_BASE = 0x418)
                [!provide]                        PROVIDE (_SDB_CPU_INFO = 0x41c)
                [!provide]                        PROVIDE (_EFP_TABLE = 0x420)
                [!provide]                        PROVIDE (_EFP_PRINT = 0x420)
                [!provide]                        PROVIDE (_EFP_PRINTLN = 0x424)
                [!provide]                        PROVIDE (_EFP_PRINTCHAR = 0x428)
                [!provide]                        PROVIDE (_EFP_HALT = 0x42c)
                [!provide]                        PROVIDE (_EFP_SENDCHAR = 0x430)
                [!provide]                        PROVIDE (_EFP_RECVCHAR = 0x434)
                [!provide]                        PROVIDE (_EFP_CLRSCR = 0x438)
                [!provide]                        PROVIDE (_EFP_MOVEXY = 0x43c)
                [!provide]                        PROVIDE (_EFP_SETCURSOR = 0x440)
                [!provide]                        PROVIDE (_EFP_CHECKCHAR = 0x444)
                [!provide]                        PROVIDE (_EFP_PROGLOADER = 0x448)
                [!provide]                        PROVIDE (_EFP_SD_reloc = 0x44c)
                [!provide]                        PROVIDE (_EFP_SD_READ = 0x450)
                [!provide]                        PROVIDE (_EFP_SD_WRITE = 0x454)
                [!provide]                        PROVIDE (_EFP_SD_REG = 0x458)
                [!provide]                        PROVIDE (_EFP_SPI_reloc = 0x45c)
                [!provide]                        PROVIDE (_EFP_SPI_CS_A = 0x460)
                [!provide]                        PROVIDE (_EFP_SPI_CS_D = 0x464)
                [!provide]                        PROVIDE (_EFP_SPI_XFER_B = 0x468)
                [!provide]                        PROVIDE (_EFP_SPI_XFER_M = 0x46c)
                [!provide]                        PROVIDE (_EFP_SPI_RECV_B = 0x470)
                [!provide]                        PROVIDE (_EFP_SPI_RECV_M = 0x474)
                [!provide]                        PROVIDE (_EFP_SPI_SEND_B = 0x478)
                [!provide]                        PROVIDE (_EFP_SPI_SEND_M = 0x47c)
                [!provide]                        PROVIDE (_EFP_ATA_reloc = 0x480)
                [!provide]                        PROVIDE (_EFP_ATA_READ = 0x484)
                [!provide]                        PROVIDE (_EFP_ATA_WRITE = 0x488)
                [!provide]                        PROVIDE (_EFP_ATA_IDENT = 0x48c)
                [!provide]                        PROVIDE (_EFP_INPUTCHAR = 0x494)
                [!provide]                        PROVIDE (_EFP_CHECKINPUT = 0x498)
                [!provide]                        PROVIDE (_FIRMWARE = 0xe00000)
                [!provide]                        PROVIDE (_FIRMWARE_REV = 0xe00400)
                0x00040000                        PROVIDE (_LOAD_ADDRESS = 0x40000)
                0x00002000                        PROVIDE (_RUN_ADDRESS = 0x2000)

.text.reloc     0x00002000       0x22 load address 0x00040000
                0x00002000                        _reloc = .
 *(.reloc)
 .reloc         0x00002000       0x22 /opt/homebrew/Cellar/rosco-m68k-toolchain@13/HEAD-e2a4d4b/lib/gcc/m68k-elf-rosco/13.2.0/../../../../m68k-elf-rosco/lib/crt0.o
                0x00002000                _start
                0x00002022                        _reloc_end = .

.text.postreloc
                0x00002024       0x7c load address 0x00040024
                0x00002024                        _postreloc = .
 *(.postreloc)
 *fill*         0x00002024        0xc 
 .postreloc     0x00002030       0x70 /opt/homebrew/Cellar/rosco-m68k-toolchain@13/HEAD-e2a4d4b/lib/gcc/m68k-elf-rosco/13.2.0/../../../../m68k-elf-rosco/lib/crt0.o
                0x0000204a                _enter
                0x000020a0                        . = ALIGN (0x4)
                0x000020a0                        _postreloc_end = .

.eh_frame       0x000020a0        0x4 load address 0x000400a0
 .eh_frame      0x000020a0        0x0 /opt/homebrew/Cellar/rosco-m68k-toolchain@13/HEAD-e2a4d4b/lib/gcc/m68k-elf-rosco/13.2.0/crtbegin.o
 .eh_frame      0x000020a0        0x4 /opt/homebrew/Cellar/rosco-m68k-toolchain@13/HEAD-e2a4d4b/lib/gcc/m68k-elf-rosco/13.2.0/crtend.o

.text           0x000020a4     0xed02 load address 0x000400a4
                0x000020a4                        _code = .
 *(.text*)
 .text          0x000020a4        0x0 /opt/homebrew/Cellar/rosco-m68k-toolchain@13/HEAD-e2a4d4b/lib/gcc/m68k-elf-rosco/13.2.0/crti.o
 .text          0x000020a4       0xf0 /opt/homebrew/Cellar/rosco-m68k-toolchain@13/HEAD-e2a4d4b/lib/gcc/m68k-elf-rosco/13.2.0/crtbegin.o
 .text          0x00002194      0x1fe main.o
                0x00002194                gettimer
                0x000021a2                getduration
                0x000021ca                main
 *fill*         0x00002392        0x2 
 .text          0x00002394        0x0 /opt/homebrew/Cellar/rosco-m68k-toolchain@13/HEAD-e2a4d4b/lib/gcc/m68k-elf-rosco/13.2.0/../../../../m68k-elf-rosco/lib/libc.a(libc_a-atexit.o)
 .text.atexit   0x00002394       0x16 /opt/homebrew/Cellar/rosco-m68k-toolchain@13/HEAD-e2a4d4b/lib/gcc/m68k-elf-rosco/13.2.0/../../../../m68k-elf-rosco/lib/libc.a(libc_a-atexit.o)
                0x00002394                atexit
 *fill*         0x000023aa        0x2 
 .text          0x000023ac        0x0 /opt/homebrew/Cellar/rosco-m68k-toolchain@13/HEAD-e2a4d4b/lib/gcc/m68k-elf-rosco/13.2.0/../../../../m68k-elf-rosco/lib/libc.a(libc_a-exit.o)
 .text.exit     0x000023ac       0x28 /opt/homebrew/Cellar/rosco-m68k-toolchain@13/HEAD-e2a4d4b/lib/gcc/m68k-elf-rosco/13.2.0/../../../../m68k-elf-rosco/lib/libc.a(libc_a-exit.o)
                0x000023ac                exit
 .text          0x000023d4        0x0 /opt/homebrew/Cellar/rosco-m68k-toolchain@13/HEAD-e2a4d4b/lib/gcc/m68k-elf-rosco/13.2.0/../../../../m68k-elf-rosco/lib/libc.a(libc_a-printf.o)
 .text._printf_r
                0x000023d4       0x24 /opt/homebrew/Cellar/rosco-m68k-toolchain@13/HEAD-e2a4d4b/lib/gcc/m68k-elf-rosco/13.2.0/../../../../m68k-elf-rosco/lib/libc.a(libc_a-printf.o)
                0x000023d4                _printf_r
 .text.printf   0x000023f8       0x26 /opt/homebrew/Cellar/rosco-m68k-toolchain@13/HEAD-e2a4d4b/lib/gcc/m68k-elf-rosco/13.2.0/../../../../m68k-elf-rosco/lib/libc.a(libc_a-printf.o)
                0x000023f8                printf
 *fill*         0x0000241e        0x2 
 .text          0x00002420        0x0 /opt/homebrew/Cellar/rosco-m68k-toolchain@13/HEAD-e2a4d4b/lib/gcc/m68k-elf-rosco/13.2.0/../../../../m68k-elf-rosco/lib/libc.a(libc_a-findfp.o)
 .text.__fp_lock
                0x00002420        0x4 /opt/homebrew/Cellar/rosco-m68k-toolchain@13/HEAD-e2a4d4b/lib/gcc/m68k-elf-rosco/13.2.0/../../../../m68k-elf-rosco/lib/libc.a(libc_a-findfp.o)
 .text.stdio_exit_handler
                0x00002424       0x1e /opt/homebrew/Cellar/rosco-m68k-toolchain@13/HEAD-e2a4d4b/lib/gcc/m68k-elf-rosco/13.2.0/../../../../m68k-elf-rosco/lib/libc.a(libc_a-findfp.o)
 .text.cleanup_stdio
                0x00002442       0x52 /opt/homebrew/Cellar/rosco-m68k-toolchain@13/HEAD-e2a4d4b/lib/gcc/m68k-elf-rosco/13.2.0/../../../../m68k-elf-rosco/lib/libc.a(libc_a-findfp.o)
 .text.__fp_unlock
                0x00002494        0x4 /opt/homebrew/Cellar/rosco-m68k-toolchain@13/HEAD-e2a4d4b/lib/gcc/m68k-elf-rosco/13.2.0/../../../../m68k-elf-rosco/lib/libc.a(libc_a-findfp.o)
 .text.global_stdio_init.part.0
                0x00002498      0x178 /opt/homebrew/Cellar/rosco-m68k-toolchain@13/HEAD-e2a4d4b/lib/gcc/m68k-elf-rosco/13.2.0/../../../../m68k-elf-rosco/lib/libc.a(libc_a-findfp.o)
 .text.__sfp    0x00002610      0x100 /opt/homebrew/Cellar/rosco-m68k-toolchain@13/HEAD-e2a4d4b/lib/gcc/m68k-elf-rosco/13.2.0/../../../../m68k-elf-rosco/lib/libc.a(libc_a-findfp.o)
                0x00002610                __sfp
 .text.__sinit  0x00002710       0x22 /opt/homebrew/Cellar/rosco-m68k-toolchain@13/HEAD-e2a4d4b/lib/gcc/m68k-elf-rosco/13.2.0/../../../../m68k-elf-rosco/lib/libc.a(libc_a-findfp.o)
                0x00002710                __sinit
 .text.__sfp_lock_acquire
                0x00002732        0x2 /opt/homebrew/Cellar/rosco-m68k-toolchain@13/HEAD-e2a4d4b/lib/gcc/m68k-elf-rosco/13.2.0/../../../../m68k-elf-rosco/lib/libc.a(libc_a-findfp.o)
                0x00002732                __sfp_lock_acquire
 .text.__sfp_lock_release
                0x00002734        0x2 /opt/homebrew/Cellar/rosco-m68k-toolchain@13/HEAD-e2a4d4b/lib/gcc/m68k-elf-rosco/13.2.0/../../../../m68k-elf-rosco/lib/libc.a(libc_a-findfp.o)
                0x00002734                __sfp_lock_release
 .text.__fp_lock_all
                0x00002736       0x1a /opt/homebrew/Cellar/rosco-m68k-toolchain@13/HEAD-e2a4d4b/lib/gcc/m68k-elf-rosco/13.2.0/../../../../m68k-elf-rosco/lib/libc.a(libc_a-findfp.o)
                0x00002736                __fp_lock_all
 .text.__fp_unlock_all
                0x00002750       0x1a /opt/homebrew/Cellar/rosco-m68k-toolchain@13/HEAD-e2a4d4b/lib/gcc/m68k-elf-rosco/13.2.0/../../../../m68k-elf-rosco/lib/libc.a(libc_a-findfp.o)
                0x00002750                __fp_unlock_all
 *fill*         0x0000276a        0x2 
 .text          0x0000276c        0x0 /opt/homebrew/Cellar/rosco-m68k-toolchain@13/HEAD-e2a4d4b/lib/gcc/m68k-elf-rosco/13.2.0/../../../../m68k-elf-rosco/lib/libc.a(libc_a-fwalk.o)
 .text._fwalk_sglue
                0x0000276c       0x56 /opt/homebrew/Cellar/rosco-m68k-toolchain@13/HEAD-e2a4d4b/lib/gcc/m68k-elf-rosco/13.2.0/../../../../m68k-elf-rosco/lib/libc.a(libc_a-fwalk.o)
                0x0000276c                _fwalk_sglue
 *fill*         0x000027c2        0x2 
 .text          0x000027c4        0x0 /opt/homebrew/Cellar/rosco-m68k-toolchain@13/HEAD-e2a4d4b/lib/gcc/m68k-elf-rosco/13.2.0/../../../../m68k-elf-rosco/lib/libc.a(libc_a-impure.o)
 .text          0x000027c4       0x72 /opt/homebrew/Cellar/rosco-m68k-toolchain@13/HEAD-e2a4d4b/lib/gcc/m68k-elf-rosco/13.2.0/../../../../m68k-elf-rosco/lib/libc.a(libc_a-memset.o)
                0x000027c4                memset
 *fill*         0x00002836        0x2 
 .text          0x00002838        0x0 /opt/homebrew/Cellar/rosco-m68k-toolchain@13/HEAD-e2a4d4b/lib/gcc/m68k-elf-rosco/13.2.0/../../../../m68k-elf-rosco/lib/libc.a(libc_a-__atexit.o)
 .text.__register_exitproc
                0x00002838       0x96 /opt/homebrew/Cellar/rosco-m68k-toolchain@13/HEAD-e2a4d4b/lib/gcc/m68k-elf-rosco/13.2.0/../../../../m68k-elf-rosco/lib/libc.a(libc_a-__atexit.o)
                0x00002838                __register_exitproc
 *fill*         0x000028ce        0x2 
 .text          0x000028d0        0x0 /opt/homebrew/Cellar/rosco-m68k-toolchain@13/HEAD-e2a4d4b/lib/gcc/m68k-elf-rosco/13.2.0/../../../../m68k-elf-rosco/lib/libc.a(libc_a-__call_atexit.o)
 .text.__call_exitprocs
                0x000028d0       0xbc /opt/homebrew/Cellar/rosco-m68k-toolchain@13/HEAD-e2a4d4b/lib/gcc/m68k-elf-rosco/13.2.0/../../../../m68k-elf-rosco/lib/libc.a(libc_a-__call_atexit.o)
                0x000028d0                __call_exitprocs
 .text          0x0000298c        0x0 /opt/homebrew/Cellar/rosco-m68k-toolchain@13/HEAD-e2a4d4b/lib/gcc/m68k-elf-rosco/13.2.0/../../../../m68k-elf-rosco/lib/libc.a(libc_a-mallocr.o)
 .text._malloc_r
                0x0000298c      0x842 /opt/homebrew/Cellar/rosco-m68k-toolchain@13/HEAD-e2a4d4b/lib/gcc/m68k-elf-rosco/13.2.0/../../../../m68k-elf-rosco/lib/libc.a(libc_a-mallocr.o)
                0x0000298c                _malloc_r
 *fill*         0x000031ce        0x2 
 .text          0x000031d0        0x0 /opt/homebrew/Cellar/rosco-m68k-toolchain@13/HEAD-e2a4d4b/lib/gcc/m68k-elf-rosco/13.2.0/../../../../m68k-elf-rosco/lib/libc.a(libc_a-vfprintf.o)
 .text._vfprintf_r
                0x000031d0     0x1d04 /opt/homebrew/Cellar/rosco-m68k-toolchain@13/HEAD-e2a4d4b/lib/gcc/m68k-elf-rosco/13.2.0/../../../../m68k-elf-rosco/lib/libc.a(libc_a-vfprintf.o)
                0x000031d0                _vfprintf_r
 .text.vfprintf
                0x00004ed4       0x1e /opt/homebrew/Cellar/rosco-m68k-toolchain@13/HEAD-e2a4d4b/lib/gcc/m68k-elf-rosco/13.2.0/../../../../m68k-elf-rosco/lib/libc.a(libc_a-vfprintf.o)
                0x00004ed4                vfprintf
 .text.__sbprintf
                0x00004ef2       0xa4 /opt/homebrew/Cellar/rosco-m68k-toolchain@13/HEAD-e2a4d4b/lib/gcc/m68k-elf-rosco/13.2.0/../../../../m68k-elf-rosco/lib/libc.a(libc_a-vfprintf.o)
 *fill*         0x00004f96        0x2 
 .text          0x00004f98        0x0 /opt/homebrew/Cellar/rosco-m68k-toolchain@13/HEAD-e2a4d4b/lib/gcc/m68k-elf-rosco/13.2.0/../../../../m68k-elf-rosco/lib/libc.a(libc_a-mlock.o)
 .text.__malloc_lock
                0x00004f98        0x2 /opt/homebrew/Cellar/rosco-m68k-toolchain@13/HEAD-e2a4d4b/lib/gcc/m68k-elf-rosco/13.2.0/../../../../m68k-elf-rosco/lib/libc.a(libc_a-mlock.o)
                0x00004f98                __malloc_lock
 .text.__malloc_unlock
                0x00004f9a        0x2 /opt/homebrew/Cellar/rosco-m68k-toolchain@13/HEAD-e2a4d4b/lib/gcc/m68k-elf-rosco/13.2.0/../../../../m68k-elf-rosco/lib/libc.a(libc_a-mlock.o)
                0x00004f9a                __malloc_unlock
 .text          0x00004f9c        0x0 /opt/homebrew/Cellar/rosco-m68k-toolchain@13/HEAD-e2a4d4b/lib/gcc/m68k-elf-rosco/13.2.0/../../../../m68k-elf-rosco/lib/libc.a(libc_a-sprint_r.o)
 .text.__sprint_r
                0x00004f9c       0x36 /opt/homebrew/Cellar/rosco-m68k-toolchain@13/HEAD-e2a4d4b/lib/gcc/m68k-elf-rosco/13.2.0/../../../../m68k-elf-rosco/lib/libc.a(libc_a-sprint_r.o)
                0x00004f9c                __sprint_r
 *fill*         0x00004fd2        0x2 
 .text          0x00004fd4        0x0 /opt/homebrew/Cellar/rosco-m68k-toolchain@13/HEAD-e2a4d4b/lib/gcc/m68k-elf-rosco/13.2.0/../../../../m68k-elf-rosco/lib/libc.a(libc_a-fclose.o)
 .text._fclose_r
                0x00004fd4       0xd8 /opt/homebrew/Cellar/rosco-m68k-toolchain@13/HEAD-e2a4d4b/lib/gcc/m68k-elf-rosco/13.2.0/../../../../m68k-elf-rosco/lib/libc.a(libc_a-fclose.o)
                0x00004fd4                _fclose_r
 .text.fclose   0x000050ac       0x14 /opt/homebrew/Cellar/rosco-m68k-toolchain@13/HEAD-e2a4d4b/lib/gcc/m68k-elf-rosco/13.2.0/../../../../m68k-elf-rosco/lib/libc.a(libc_a-fclose.o)
                0x000050ac                fclose
 .text          0x000050c0        0x0 /opt/homebrew/Cellar/rosco-m68k-toolchain@13/HEAD-e2a4d4b/lib/gcc/m68k-elf-rosco/13.2.0/../../../../m68k-elf-rosco/lib/libc.a(libc_a-fflush.o)
 .text.__sflush_r
                0x000050c0      0x1ba /opt/homebrew/Cellar/rosco-m68k-toolchain@13/HEAD-e2a4d4b/lib/gcc/m68k-elf-rosco/13.2.0/../../../../m68k-elf-rosco/lib/libc.a(libc_a-fflush.o)
                0x000050c0                __sflush_r
 .text._fflush_r
                0x0000527a       0x44 /opt/homebrew/Cellar/rosco-m68k-toolchain@13/HEAD-e2a4d4b/lib/gcc/m68k-elf-rosco/13.2.0/../../../../m68k-elf-rosco/lib/libc.a(libc_a-fflush.o)
                0x0000527a                _fflush_r
 .text.fflush   0x000052be       0x74 /opt/homebrew/Cellar/rosco-m68k-toolchain@13/HEAD-e2a4d4b/lib/gcc/m68k-elf-rosco/13.2.0/../../../../m68k-elf-rosco/lib/libc.a(libc_a-fflush.o)
                0x000052be                fflush
 *fill*         0x00005332        0x2 
 .text          0x00005334        0x0 /opt/homebrew/Cellar/rosco-m68k-toolchain@13/HEAD-e2a4d4b/lib/gcc/m68k-elf-rosco/13.2.0/../../../../m68k-elf-rosco/lib/libc.a(libc_a-stdio.o)
 .text.__sread  0x00005334       0x38 /opt/homebrew/Cellar/rosco-m68k-toolchain@13/HEAD-e2a4d4b/lib/gcc/m68k-elf-rosco/13.2.0/../../../../m68k-elf-rosco/lib/libc.a(libc_a-stdio.o)
                0x00005334                __sread
 .text.__seofread
                0x0000536c        0x4 /opt/homebrew/Cellar/rosco-m68k-toolchain@13/HEAD-e2a4d4b/lib/gcc/m68k-elf-rosco/13.2.0/../../../../m68k-elf-rosco/lib/libc.a(libc_a-stdio.o)
                0x0000536c                __seofread
 .text.__swrite
                0x00005370       0x86 /opt/homebrew/Cellar/rosco-m68k-toolchain@13/HEAD-e2a4d4b/lib/gcc/m68k-elf-rosco/13.2.0/../../../../m68k-elf-rosco/lib/libc.a(libc_a-stdio.o)
                0x00005370                __swrite
 .text.__sseek  0x000053f6       0x40 /opt/homebrew/Cellar/rosco-m68k-toolchain@13/HEAD-e2a4d4b/lib/gcc/m68k-elf-rosco/13.2.0/../../../../m68k-elf-rosco/lib/libc.a(libc_a-stdio.o)
                0x000053f6                __sseek
 .text.__sclose
                0x00005436       0x12 /opt/homebrew/Cellar/rosco-m68k-toolchain@13/HEAD-e2a4d4b/lib/gcc/m68k-elf-rosco/13.2.0/../../../../m68k-elf-rosco/lib/libc.a(libc_a-stdio.o)
                0x00005436                __sclose
 .text          0x00005448        0x0 /opt/homebrew/Cellar/rosco-m68k-toolchain@13/HEAD-e2a4d4b/lib/gcc/m68k-elf-rosco/13.2.0/../../../../m68k-elf-rosco/lib/libc.a(libc_a-fvwrite.o)
 .text.__sfvwrite_r
                0x00005448      0x3b6 /opt/homebrew/Cellar/rosco-m68k-toolchain@13/HEAD-e2a4d4b/lib/gcc/m68k-elf-rosco/13.2.0/../../../../m68k-elf-rosco/lib/libc.a(libc_a-fvwrite.o)
                0x00005448                __sfvwrite_r
 *fill*         0x000057fe        0x2 
 .text          0x00005800        0x0 /opt/homebrew/Cellar/rosco-m68k-toolchain@13/HEAD-e2a4d4b/lib/gcc/m68k-elf-rosco/13.2.0/../../../../m68k-elf-rosco/lib/libc.a(libc_a-wsetup.o)
 .text.__swsetup_r
                0x00005800      0x128 /opt/homebrew/Cellar/rosco-m68k-toolchain@13/HEAD-e2a4d4b/lib/gcc/m68k-elf-rosco/13.2.0/../../../../m68k-elf-rosco/lib/libc.a(libc_a-wsetup.o)
                0x00005800                __swsetup_r
 .text          0x00005928        0x0 /opt/homebrew/Cellar/rosco-m68k-toolchain@13/HEAD-e2a4d4b/lib/gcc/m68k-elf-rosco/13.2.0/../../../../m68k-elf-rosco/lib/libc.a(libc_a-memchr.o)
 .text.memchr   0x00005928       0x9c /opt/homebrew/Cellar/rosco-m68k-toolchain@13/HEAD-e2a4d4b/lib/gcc/m68k-elf-rosco/13.2.0/../../../../m68k-elf-rosco/lib/libc.a(libc_a-memchr.o)
                0x00005928                memchr
 .text          0x000059c4        0x0 /opt/homebrew/Cellar/rosco-m68k-toolchain@13/HEAD-e2a4d4b/lib/gcc/m68k-elf-rosco/13.2.0/../../../../m68k-elf-rosco/lib/libc.a(libc_a-memmove.o)
 .text.memmove  0x000059c4       0xf8 /opt/homebrew/Cellar/rosco-m68k-toolchain@13/HEAD-e2a4d4b/lib/gcc/m68k-elf-rosco/13.2.0/../../../../m68k-elf-rosco/lib/libc.a(libc_a-memmove.o)
                0x000059c4                memmove
 .text          0x00005abc        0x0 /opt/homebrew/Cellar/rosco-m68k-toolchain@13/HEAD-e2a4d4b/lib/gcc/m68k-elf-rosco/13.2.0/../../../../m68k-elf-rosco/lib/libc.a(libc_a-localeconv.o)
 .text.__localeconv_l
                0x00005abc        0xc /opt/homebrew/Cellar/rosco-m68k-toolchain@13/HEAD-e2a4d4b/lib/gcc/m68k-elf-rosco/13.2.0/../../../../m68k-elf-rosco/lib/libc.a(libc_a-localeconv.o)
                0x00005abc                __localeconv_l
 .text._localeconv_r
                0x00005ac8        0x8 /opt/homebrew/Cellar/rosco-m68k-toolchain@13/HEAD-e2a4d4b/lib/gcc/m68k-elf-rosco/13.2.0/../../../../m68k-elf-rosco/lib/libc.a(libc_a-localeconv.o)
                0x00005ac8                _localeconv_r
 .text.localeconv
                0x00005ad0        0x8 /opt/homebrew/Cellar/rosco-m68k-toolchain@13/HEAD-e2a4d4b/lib/gcc/m68k-elf-rosco/13.2.0/../../../../m68k-elf-rosco/lib/libc.a(libc_a-localeconv.o)
                0x00005ad0                localeconv
 .text          0x00005ad8        0x0 /opt/homebrew/Cellar/rosco-m68k-toolchain@13/HEAD-e2a4d4b/lib/gcc/m68k-elf-rosco/13.2.0/../../../../m68k-elf-rosco/lib/libc.a(libc_a-closer.o)
 .text._close_r
                0x00005ad8       0x2a /opt/homebrew/Cellar/rosco-m68k-toolchain@13/HEAD-e2a4d4b/lib/gcc/m68k-elf-rosco/13.2.0/../../../../m68k-elf-rosco/lib/libc.a(libc_a-closer.o)
                0x00005ad8                _close_r
 *fill*         0x00005b02        0x2 
 .text          0x00005b04        0x0 /opt/homebrew/Cellar/rosco-m68k-toolchain@13/HEAD-e2a4d4b/lib/gcc/m68k-elf-rosco/13.2.0/../../../../m68k-elf-rosco/lib/libc.a(libc_a-reent.o)
 .text._reclaim_reent
                0x00005b04       0xb6 /opt/homebrew/Cellar/rosco-m68k-toolchain@13/HEAD-e2a4d4b/lib/gcc/m68k-elf-rosco/13.2.0/../../../../m68k-elf-rosco/lib/libc.a(libc_a-reent.o)
                0x00005b04                _reclaim_reent
 *fill*         0x00005bba        0x2 
 .text          0x00005bbc        0x0 /opt/homebrew/Cellar/rosco-m68k-toolchain@13/HEAD-e2a4d4b/lib/gcc/m68k-elf-rosco/13.2.0/../../../../m68k-elf-rosco/lib/libc.a(libc_a-lseekr.o)
 .text._lseek_r
                0x00005bbc       0x34 /opt/homebrew/Cellar/rosco-m68k-toolchain@13/HEAD-e2a4d4b/lib/gcc/m68k-elf-rosco/13.2.0/../../../../m68k-elf-rosco/lib/libc.a(libc_a-lseekr.o)
                0x00005bbc                _lseek_r
 .text          0x00005bf0        0x0 /opt/homebrew/Cellar/rosco-m68k-toolchain@13/HEAD-e2a4d4b/lib/gcc/m68k-elf-rosco/13.2.0/../../../../m68k-elf-rosco/lib/libc.a(libc_a-readr.o)
 .text._read_r  0x00005bf0       0x34 /opt/homebrew/Cellar/rosco-m68k-toolchain@13/HEAD-e2a4d4b/lib/gcc/m68k-elf-rosco/13.2.0/../../../../m68k-elf-rosco/lib/libc.a(libc_a-readr.o)
                0x00005bf0                _read_r
 .text          0x00005c24        0x0 /opt/homebrew/Cellar/rosco-m68k-toolchain@13/HEAD-e2a4d4b/lib/gcc/m68k-elf-rosco/13.2.0/../../../../m68k-elf-rosco/lib/libc.a(libc_a-sbrkr.o)
 .text._sbrk_r  0x00005c24       0x2a /opt/homebrew/Cellar/rosco-m68k-toolchain@13/HEAD-e2a4d4b/lib/gcc/m68k-elf-rosco/13.2.0/../../../../m68k-elf-rosco/lib/libc.a(libc_a-sbrkr.o)
                0x00005c24                _sbrk_r
 *fill*         0x00005c4e        0x2 
 .text          0x00005c50        0x0 /opt/homebrew/Cellar/rosco-m68k-toolchain@13/HEAD-e2a4d4b/lib/gcc/m68k-elf-rosco/13.2.0/../../../../m68k-elf-rosco/lib/libc.a(libc_a-writer.o)
 .text._write_r
                0x00005c50       0x34 /opt/homebrew/Cellar/rosco-m68k-toolchain@13/HEAD-e2a4d4b/lib/gcc/m68k-elf-rosco/13.2.0/../../../../m68k-elf-rosco/lib/libc.a(libc_a-writer.o)
                0x00005c50                _write_r
 .text          0x00005c84        0x0 /opt/homebrew/Cellar/rosco-m68k-toolchain@13/HEAD-e2a4d4b/lib/gcc/m68k-elf-rosco/13.2.0/../../../../m68k-elf-rosco/lib/libc.a(libc_a-strlen.o)
 .text.strlen   0x00005c84       0x14 /opt/homebrew/Cellar/rosco-m68k-toolchain@13/HEAD-e2a4d4b/lib/gcc/m68k-elf-rosco/13.2.0/../../../../m68k-elf-rosco/lib/libc.a(libc_a-strlen.o)
                0x00005c84                strlen
 .text          0x00005c98       0x6e /opt/homebrew/Cellar/rosco-m68k-toolchain@13/HEAD-e2a4d4b/lib/gcc/m68k-elf-rosco/13.2.0/../../../../m68k-elf-rosco/lib/libc.a(libc_a-memcpy.o)
                0x00005c98                memcpy
 *fill*         0x00005d06        0x2 
 .text          0x00005d08        0x0 /opt/homebrew/Cellar/rosco-m68k-toolchain@13/HEAD-e2a4d4b/lib/gcc/m68k-elf-rosco/13.2.0/../../../../m68k-elf-rosco/lib/libc.a(libc_a-dtoa.o)
 .text.quorem   0x00005d08      0x1a2 /opt/homebrew/Cellar/rosco-m68k-toolchain@13/HEAD-e2a4d4b/lib/gcc/m68k-elf-rosco/13.2.0/../../../../m68k-elf-rosco/lib/libc.a(libc_a-dtoa.o)
 .text._dtoa_r  0x00005eaa     0x196a /opt/homebrew/Cellar/rosco-m68k-toolchain@13/HEAD-e2a4d4b/lib/gcc/m68k-elf-rosco/13.2.0/../../../../m68k-elf-rosco/lib/libc.a(libc_a-dtoa.o)
                0x00005eaa                _dtoa_r
 .text          0x00007814        0x0 /opt/homebrew/Cellar/rosco-m68k-toolchain@13/HEAD-e2a4d4b/lib/gcc/m68k-elf-rosco/13.2.0/../../../../m68k-elf-rosco/lib/libc.a(libc_a-freer.o)
 .text._malloc_trim_r
                0x00007814       0xda /opt/homebrew/Cellar/rosco-m68k-toolchain@13/HEAD-e2a4d4b/lib/gcc/m68k-elf-rosco/13.2.0/../../../../m68k-elf-rosco/lib/libc.a(libc_a-freer.o)
                0x00007814                _malloc_trim_r
 .text._free_r  0x000078ee      0x352 /opt/homebrew/Cellar/rosco-m68k-toolchain@13/HEAD-e2a4d4b/lib/gcc/m68k-elf-rosco/13.2.0/../../../../m68k-elf-rosco/lib/libc.a(libc_a-freer.o)
                0x000078ee                _free_r
 .text          0x00007c40        0x0 /opt/homebrew/Cellar/rosco-m68k-toolchain@13/HEAD-e2a4d4b/lib/gcc/m68k-elf-rosco/13.2.0/../../../../m68k-elf-rosco/lib/libc.a(libc_a-mprec.o)
 .text._Balloc  0x00007c40       0x90 /opt/homebrew/Cellar/rosco-m68k-toolchain@13/HEAD-e2a4d4b/lib/gcc/m68k-elf-rosco/13.2.0/../../../../m68k-elf-rosco/lib/libc.a(libc_a-mprec.o)
                0x00007c40                _Balloc
 .text._Bfree   0x00007cd0       0x24 /opt/homebrew/Cellar/rosco-m68k-toolchain@13/HEAD-e2a4d4b/lib/gcc/m68k-elf-rosco/13.2.0/../../../../m68k-elf-rosco/lib/libc.a(libc_a-mprec.o)
                0x00007cd0                _Bfree
 .text.__multadd
                0x00007cf4       0xfc /opt/homebrew/Cellar/rosco-m68k-toolchain@13/HEAD-e2a4d4b/lib/gcc/m68k-elf-rosco/13.2.0/../../../../m68k-elf-rosco/lib/libc.a(libc_a-mprec.o)
                0x00007cf4                __multadd
 .text.__s2b    0x00007df0       0xe4 /opt/homebrew/Cellar/rosco-m68k-toolchain@13/HEAD-e2a4d4b/lib/gcc/m68k-elf-rosco/13.2.0/../../../../m68k-elf-rosco/lib/libc.a(libc_a-mprec.o)
                0x00007df0                __s2b
 .text.__hi0bits
                0x00007ed4       0x66 /opt/homebrew/Cellar/rosco-m68k-toolchain@13/HEAD-e2a4d4b/lib/gcc/m68k-elf-rosco/13.2.0/../../../../m68k-elf-rosco/lib/libc.a(libc_a-mprec.o)
                0x00007ed4                __hi0bits
 .text.__lo0bits
                0x00007f3a       0x76 /opt/homebrew/Cellar/rosco-m68k-toolchain@13/HEAD-e2a4d4b/lib/gcc/m68k-elf-rosco/13.2.0/../../../../m68k-elf-rosco/lib/libc.a(libc_a-mprec.o)
                0x00007f3a                __lo0bits
 .text.__i2b    0x00007fb0       0xa4 /opt/homebrew/Cellar/rosco-m68k-toolchain@13/HEAD-e2a4d4b/lib/gcc/m68k-elf-rosco/13.2.0/../../../../m68k-elf-rosco/lib/libc.a(libc_a-mprec.o)
                0x00007fb0                __i2b
 .text.__multiply
                0x00008054      0x20a /opt/homebrew/Cellar/rosco-m68k-toolchain@13/HEAD-e2a4d4b/lib/gcc/m68k-elf-rosco/13.2.0/../../../../m68k-elf-rosco/lib/libc.a(libc_a-mprec.o)
                0x00008054                __multiply
 .text.__pow5mult
                0x0000825e       0xfc /opt/homebrew/Cellar/rosco-m68k-toolchain@13/HEAD-e2a4d4b/lib/gcc/m68k-elf-rosco/13.2.0/../../../../m68k-elf-rosco/lib/libc.a(libc_a-mprec.o)
                0x0000825e                __pow5mult
 .text.__lshift
                0x0000835a      0x112 /opt/homebrew/Cellar/rosco-m68k-toolchain@13/HEAD-e2a4d4b/lib/gcc/m68k-elf-rosco/13.2.0/../../../../m68k-elf-rosco/lib/libc.a(libc_a-mprec.o)
                0x0000835a                __lshift
 .text.__mcmp   0x0000846c       0x4e /opt/homebrew/Cellar/rosco-m68k-toolchain@13/HEAD-e2a4d4b/lib/gcc/m68k-elf-rosco/13.2.0/../../../../m68k-elf-rosco/lib/libc.a(libc_a-mprec.o)
                0x0000846c                __mcmp
 .text.__mdiff  0x000084ba      0x1d0 /opt/homebrew/Cellar/rosco-m68k-toolchain@13/HEAD-e2a4d4b/lib/gcc/m68k-elf-rosco/13.2.0/../../../../m68k-elf-rosco/lib/libc.a(libc_a-mprec.o)
                0x000084ba                __mdiff
 .text.__ulp    0x0000868a       0x52 /opt/homebrew/Cellar/rosco-m68k-toolchain@13/HEAD-e2a4d4b/lib/gcc/m68k-elf-rosco/13.2.0/../../../../m68k-elf-rosco/lib/libc.a(libc_a-mprec.o)
                0x0000868a                __ulp
 .text.__b2d    0x000086dc       0xf4 /opt/homebrew/Cellar/rosco-m68k-toolchain@13/HEAD-e2a4d4b/lib/gcc/m68k-elf-rosco/13.2.0/../../../../m68k-elf-rosco/lib/libc.a(libc_a-mprec.o)
                0x000086dc                __b2d
 .text.__d2b    0x000087d0      0x122 /opt/homebrew/Cellar/rosco-m68k-toolchain@13/HEAD-e2a4d4b/lib/gcc/m68k-elf-rosco/13.2.0/../../../../m68k-elf-rosco/lib/libc.a(libc_a-mprec.o)
                0x000087d0                __d2b
 .text.__ratio  0x000088f2       0x9a /opt/homebrew/Cellar/rosco-m68k-toolchain@13/HEAD-e2a4d4b/lib/gcc/m68k-elf-rosco/13.2.0/../../../../m68k-elf-rosco/lib/libc.a(libc_a-mprec.o)
                0x000088f2                __ratio
 .text._mprec_log10
                0x0000898c       0x5a /opt/homebrew/Cellar/rosco-m68k-toolchain@13/HEAD-e2a4d4b/lib/gcc/m68k-elf-rosco/13.2.0/../../../../m68k-elf-rosco/lib/libc.a(libc_a-mprec.o)
                0x0000898c                _mprec_log10
 .text.__copybits
                0x000089e6       0x58 /opt/homebrew/Cellar/rosco-m68k-toolchain@13/HEAD-e2a4d4b/lib/gcc/m68k-elf-rosco/13.2.0/../../../../m68k-elf-rosco/lib/libc.a(libc_a-mprec.o)
                0x000089e6                __copybits
 .text.__any_on
                0x00008a3e       0x5a /opt/homebrew/Cellar/rosco-m68k-toolchain@13/HEAD-e2a4d4b/lib/gcc/m68k-elf-rosco/13.2.0/../../../../m68k-elf-rosco/lib/libc.a(libc_a-mprec.o)
                0x00008a3e                __any_on
 .text          0x00008a98        0x0 /opt/homebrew/Cellar/rosco-m68k-toolchain@13/HEAD-e2a4d4b/lib/gcc/m68k-elf-rosco/13.2.0/../../../../m68k-elf-rosco/lib/libc.a(libc_a-makebuf.o)
 .text.__smakebuf_r
                0x00008a98      0x136 /opt/homebrew/Cellar/rosco-m68k-toolchain@13/HEAD-e2a4d4b/lib/gcc/m68k-elf-rosco/13.2.0/../../../../m68k-elf-rosco/lib/libc.a(libc_a-makebuf.o)
                0x00008a98                __smakebuf_r
 .text.__swhatbuf_r
                0x00008bce       0x9c /opt/homebrew/Cellar/rosco-m68k-toolchain@13/HEAD-e2a4d4b/lib/gcc/m68k-elf-rosco/13.2.0/../../../../m68k-elf-rosco/lib/libc.a(libc_a-makebuf.o)
                0x00008bce                __swhatbuf_r
 *fill*         0x00008c6a        0x2 
 .text          0x00008c6c        0x0 /opt/homebrew/Cellar/rosco-m68k-toolchain@13/HEAD-e2a4d4b/lib/gcc/m68k-elf-rosco/13.2.0/../../../../m68k-elf-rosco/lib/libc.a(libc_a-reallocr.o)
 .text._realloc_r
                0x00008c6c      0x5f0 /opt/homebrew/Cellar/rosco-m68k-toolchain@13/HEAD-e2a4d4b/lib/gcc/m68k-elf-rosco/13.2.0/../../../../m68k-elf-rosco/lib/libc.a(libc_a-reallocr.o)
                0x00008c6c                _realloc_r
 .text          0x0000925c        0x0 /opt/homebrew/Cellar/rosco-m68k-toolchain@13/HEAD-e2a4d4b/lib/gcc/m68k-elf-rosco/13.2.0/../../../../m68k-elf-rosco/lib/libc.a(libc_a-locale.o)
 .text._setlocale_r
                0x0000925c       0x54 /opt/homebrew/Cellar/rosco-m68k-toolchain@13/HEAD-e2a4d4b/lib/gcc/m68k-elf-rosco/13.2.0/../../../../m68k-elf-rosco/lib/libc.a(libc_a-locale.o)
                0x0000925c                _setlocale_r
 .text.__locale_mb_cur_max
                0x000092b0        0xc /opt/homebrew/Cellar/rosco-m68k-toolchain@13/HEAD-e2a4d4b/lib/gcc/m68k-elf-rosco/13.2.0/../../../../m68k-elf-rosco/lib/libc.a(libc_a-locale.o)
                0x000092b0                __locale_mb_cur_max
 .text.setlocale
                0x000092bc       0x54 /opt/homebrew/Cellar/rosco-m68k-toolchain@13/HEAD-e2a4d4b/lib/gcc/m68k-elf-rosco/13.2.0/../../../../m68k-elf-rosco/lib/libc.a(libc_a-locale.o)
                0x000092bc                setlocale
 .text          0x00009310        0x0 /opt/homebrew/Cellar/rosco-m68k-toolchain@13/HEAD-e2a4d4b/lib/gcc/m68k-elf-rosco/13.2.0/../../../../m68k-elf-rosco/lib/libc.a(libc_a-fstatr.o)
 .text._fstat_r
                0x00009310       0x2e /opt/homebrew/Cellar/rosco-m68k-toolchain@13/HEAD-e2a4d4b/lib/gcc/m68k-elf-rosco/13.2.0/../../../../m68k-elf-rosco/lib/libc.a(libc_a-fstatr.o)
                0x00009310                _fstat_r
 *fill*         0x0000933e        0x2 
 .text          0x00009340        0x0 /opt/homebrew/Cellar/rosco-m68k-toolchain@13/HEAD-e2a4d4b/lib/gcc/m68k-elf-rosco/13.2.0/../../../../m68k-elf-rosco/lib/libc.a(libc_a-isattyr.o)
 .text._isatty_r
                0x00009340       0x2a /opt/homebrew/Cellar/rosco-m68k-toolchain@13/HEAD-e2a4d4b/lib/gcc/m68k-elf-rosco/13.2.0/../../../../m68k-elf-rosco/lib/libc.a(libc_a-isattyr.o)
                0x00009340                _isatty_r
 *fill*         0x0000936a        0x2 
 .text          0x0000936c        0x0 /opt/homebrew/Cellar/rosco-m68k-toolchain@13/HEAD-e2a4d4b/lib/gcc/m68k-elf-rosco/13.2.0/../../../../m68k-elf-rosco/lib/libc.a(libc_a-ctype_.o)
 .text          0x0000936c        0x0 /opt/homebrew/Cellar/rosco-m68k-toolchain@13/HEAD-e2a4d4b/lib/gcc/m68k-elf-rosco/13.2.0/../../../../m68k-elf-rosco/lib/libc.a(libc_a-assert.o)
 .text.__assert_func
                0x0000936c       0x6c /opt/homebrew/Cellar/rosco-m68k-toolchain@13/HEAD-e2a4d4b/lib/gcc/m68k-elf-rosco/13.2.0/../../../../m68k-elf-rosco/lib/libc.a(libc_a-assert.o)
                0x0000936c                __assert_func
 .text.__assert
                0x000093d8       0x14 /opt/homebrew/Cellar/rosco-m68k-toolchain@13/HEAD-e2a4d4b/lib/gcc/m68k-elf-rosco/13.2.0/../../../../m68k-elf-rosco/lib/libc.a(libc_a-assert.o)
                0x000093d8                __assert
 .text          0x000093ec        0x0 /opt/homebrew/Cellar/rosco-m68k-toolchain@13/HEAD-e2a4d4b/lib/gcc/m68k-elf-rosco/13.2.0/../../../../m68k-elf-rosco/lib/libc.a(libc_a-callocr.o)
 .text._calloc_r
                0x000093ec      0x13a /opt/homebrew/Cellar/rosco-m68k-toolchain@13/HEAD-e2a4d4b/lib/gcc/m68k-elf-rosco/13.2.0/../../../../m68k-elf-rosco/lib/libc.a(libc_a-callocr.o)
                0x000093ec                _calloc_r
 *fill*         0x00009526        0x2 
 .text          0x00009528        0x0 /opt/homebrew/Cellar/rosco-m68k-toolchain@13/HEAD-e2a4d4b/lib/gcc/m68k-elf-rosco/13.2.0/../../../../m68k-elf-rosco/lib/libc.a(libc_a-fiprintf.o)
 .text._fiprintf_r
                0x00009528       0x22 /opt/homebrew/Cellar/rosco-m68k-toolchain@13/HEAD-e2a4d4b/lib/gcc/m68k-elf-rosco/13.2.0/../../../../m68k-elf-rosco/lib/libc.a(libc_a-fiprintf.o)
                0x00009528                _fiprintf_r
 .text.fiprintf
                0x0000954a       0x24 /opt/homebrew/Cellar/rosco-m68k-toolchain@13/HEAD-e2a4d4b/lib/gcc/m68k-elf-rosco/13.2.0/../../../../m68k-elf-rosco/lib/libc.a(libc_a-fiprintf.o)
                0x0000954a                fiprintf
 *fill*         0x0000956e        0x2 
 .text          0x00009570        0x0 /opt/homebrew/Cellar/rosco-m68k-toolchain@13/HEAD-e2a4d4b/lib/gcc/m68k-elf-rosco/13.2.0/../../../../m68k-elf-rosco/lib/libc.a(libc_a-mbtowc_r.o)
 .text._mbtowc_r
                0x00009570        0x8 /opt/homebrew/Cellar/rosco-m68k-toolchain@13/HEAD-e2a4d4b/lib/gcc/m68k-elf-rosco/13.2.0/../../../../m68k-elf-rosco/lib/libc.a(libc_a-mbtowc_r.o)
                0x00009570                _mbtowc_r
 .text.__ascii_mbtowc
                0x00009578       0x44 /opt/homebrew/Cellar/rosco-m68k-toolchain@13/HEAD-e2a4d4b/lib/gcc/m68k-elf-rosco/13.2.0/../../../../m68k-elf-rosco/lib/libc.a(libc_a-mbtowc_r.o)
                0x00009578                __ascii_mbtowc
 .text          0x000095bc        0x0 /opt/homebrew/Cellar/rosco-m68k-toolchain@13/HEAD-e2a4d4b/lib/gcc/m68k-elf-rosco/13.2.0/../../../../m68k-elf-rosco/lib/libc.a(libc_a-vfiprintf.o)
 .text._vfiprintf_r
                0x000095bc      0xdce /opt/homebrew/Cellar/rosco-m68k-toolchain@13/HEAD-e2a4d4b/lib/gcc/m68k-elf-rosco/13.2.0/../../../../m68k-elf-rosco/lib/libc.a(libc_a-vfiprintf.o)
                0x000095bc                _vfiprintf_r
 .text.vfiprintf
                0x0000a38a       0x1e /opt/homebrew/Cellar/rosco-m68k-toolchain@13/HEAD-e2a4d4b/lib/gcc/m68k-elf-rosco/13.2.0/../../../../m68k-elf-rosco/lib/libc.a(libc_a-vfiprintf.o)
                0x0000a38a                vfiprintf
 .text.__sbprintf
                0x0000a3a8       0xa4 /opt/homebrew/Cellar/rosco-m68k-toolchain@13/HEAD-e2a4d4b/lib/gcc/m68k-elf-rosco/13.2.0/../../../../m68k-elf-rosco/lib/libc.a(libc_a-vfiprintf.o)
 .text          0x0000a44c        0x0 /opt/homebrew/Cellar/rosco-m68k-toolchain@13/HEAD-e2a4d4b/lib/gcc/m68k-elf-rosco/13.2.0/../../../../m68k-elf-rosco/lib/libc.a(libc_a-wctomb_r.o)
 .text._wctomb_r
                0x0000a44c        0x8 /opt/homebrew/Cellar/rosco-m68k-toolchain@13/HEAD-e2a4d4b/lib/gcc/m68k-elf-rosco/13.2.0/../../../../m68k-elf-rosco/lib/libc.a(libc_a-wctomb_r.o)
                0x0000a44c                _wctomb_r
 .text.__ascii_wctomb
                0x0000a454       0x2e /opt/homebrew/Cellar/rosco-m68k-toolchain@13/HEAD-e2a4d4b/lib/gcc/m68k-elf-rosco/13.2.0/../../../../m68k-elf-rosco/lib/libc.a(libc_a-wctomb_r.o)
                0x0000a454                __ascii_wctomb
 *fill*         0x0000a482        0x2 
 .text          0x0000a484        0x0 /opt/homebrew/Cellar/rosco-m68k-toolchain@13/HEAD-e2a4d4b/lib/gcc/m68k-elf-rosco/13.2.0/../../../../m68k-elf-rosco/lib/libc.a(libc_a-strcmp.o)
 .text.strcmp   0x0000a484       0x78 /opt/homebrew/Cellar/rosco-m68k-toolchain@13/HEAD-e2a4d4b/lib/gcc/m68k-elf-rosco/13.2.0/../../../../m68k-elf-rosco/lib/libc.a(libc_a-strcmp.o)
                0x0000a484                strcmp
 .text          0x0000a4fc        0x0 /opt/homebrew/Cellar/rosco-m68k-toolchain@13/HEAD-e2a4d4b/lib/gcc/m68k-elf-rosco/13.2.0/../../../../m68k-elf-rosco/lib/libc.a(libc_a-errno.o)
 .text.__errno  0x0000a4fc        0x8 /opt/homebrew/Cellar/rosco-m68k-toolchain@13/HEAD-e2a4d4b/lib/gcc/m68k-elf-rosco/13.2.0/../../../../m68k-elf-rosco/lib/libc.a(libc_a-errno.o)
                0x0000a4fc                __errno
 .text          0x0000a504        0x0 /opt/homebrew/Cellar/rosco-m68k-toolchain@13/HEAD-e2a4d4b/lib/gcc/m68k-elf-rosco/13.2.0/../../../../m68k-elf-rosco/lib/libc.a(libc_a-abort.o)
 .text.abort    0x0000a504       0x14 /opt/homebrew/Cellar/rosco-m68k-toolchain@13/HEAD-e2a4d4b/lib/gcc/m68k-elf-rosco/13.2.0/../../../../m68k-elf-rosco/lib/libc.a(libc_a-abort.o)
                0x0000a504                abort
 .text          0x0000a518        0x0 /opt/homebrew/Cellar/rosco-m68k-toolchain@13/HEAD-e2a4d4b/lib/gcc/m68k-elf-rosco/13.2.0/../../../../m68k-elf-rosco/lib/libc.a(libc_a-signal.o)
 .text._init_signal_r
                0x0000a518       0x42 /opt/homebrew/Cellar/rosco-m68k-toolchain@13/HEAD-e2a4d4b/lib/gcc/m68k-elf-rosco/13.2.0/../../../../m68k-elf-rosco/lib/libc.a(libc_a-signal.o)
                0x0000a518                _init_signal_r
 .text._signal_r
                0x0000a55a       0x64 /opt/homebrew/Cellar/rosco-m68k-toolchain@13/HEAD-e2a4d4b/lib/gcc/m68k-elf-rosco/13.2.0/../../../../m68k-elf-rosco/lib/libc.a(libc_a-signal.o)
                0x0000a55a                _signal_r
 .text._raise_r
                0x0000a5be       0x7c /opt/homebrew/Cellar/rosco-m68k-toolchain@13/HEAD-e2a4d4b/lib/gcc/m68k-elf-rosco/13.2.0/../../../../m68k-elf-rosco/lib/libc.a(libc_a-signal.o)
                0x0000a5be                _raise_r
 .text.__sigtramp_r
                0x0000a63a       0x92 /opt/homebrew/Cellar/rosco-m68k-toolchain@13/HEAD-e2a4d4b/lib/gcc/m68k-elf-rosco/13.2.0/../../../../m68k-elf-rosco/lib/libc.a(libc_a-signal.o)
                0x0000a63a                __sigtramp_r
 .text.raise    0x0000a6cc       0x7e /opt/homebrew/Cellar/rosco-m68k-toolchain@13/HEAD-e2a4d4b/lib/gcc/m68k-elf-rosco/13.2.0/../../../../m68k-elf-rosco/lib/libc.a(libc_a-signal.o)
                0x0000a6cc                raise
 .text.signal   0x0000a74a       0x66 /opt/homebrew/Cellar/rosco-m68k-toolchain@13/HEAD-e2a4d4b/lib/gcc/m68k-elf-rosco/13.2.0/../../../../m68k-elf-rosco/lib/libc.a(libc_a-signal.o)
                0x0000a74a                signal
 .text._init_signal
                0x0000a7b0       0x44 /opt/homebrew/Cellar/rosco-m68k-toolchain@13/HEAD-e2a4d4b/lib/gcc/m68k-elf-rosco/13.2.0/../../../../m68k-elf-rosco/lib/libc.a(libc_a-signal.o)
                0x0000a7b0                _init_signal
 .text.__sigtramp
                0x0000a7f4       0x94 /opt/homebrew/Cellar/rosco-m68k-toolchain@13/HEAD-e2a4d4b/lib/gcc/m68k-elf-rosco/13.2.0/../../../../m68k-elf-rosco/lib/libc.a(libc_a-signal.o)
                0x0000a7f4                __sigtramp
 .text          0x0000a888        0x0 /opt/homebrew/Cellar/rosco-m68k-toolchain@13/HEAD-e2a4d4b/lib/gcc/m68k-elf-rosco/13.2.0/../../../../m68k-elf-rosco/lib/libc.a(libc_a-signalr.o)
 .text._kill_r  0x0000a888       0x2e /opt/homebrew/Cellar/rosco-m68k-toolchain@13/HEAD-e2a4d4b/lib/gcc/m68k-elf-rosco/13.2.0/../../../../m68k-elf-rosco/lib/libc.a(libc_a-signalr.o)
                0x0000a888                _kill_r
 .text._getpid_r
                0x0000a8b6        0x6 /opt/homebrew/Cellar/rosco-m68k-toolchain@13/HEAD-e2a4d4b/lib/gcc/m68k-elf-rosco/13.2.0/../../../../m68k-elf-rosco/lib/libc.a(libc_a-signalr.o)
                0x0000a8b6                _getpid_r
 .text          0x0000a8bc        0x0 /opt/homebrew/Cellar/rosco-m68k-toolchain@13/HEAD-e2a4d4b/lib/gcc/m68k-elf-rosco/13.2.0/../../../../m68k-elf-rosco/lib/librosco.a(syscalls.o)
 .text._exit    0x0000a8bc        0x8 /opt/homebrew/Cellar/rosco-m68k-toolchain@13/HEAD-e2a4d4b/lib/gcc/m68k-elf-rosco/13.2.0/../../../../m68k-elf-rosco/lib/librosco.a(syscalls.o)
                0x0000a8bc                _exit
 .text._close   0x0000a8c4       0x7e /opt/homebrew/Cellar/rosco-m68k-toolchain@13/HEAD-e2a4d4b/lib/gcc/m68k-elf-rosco/13.2.0/../../../../m68k-elf-rosco/lib/librosco.a(syscalls.o)
                0x0000a8c4                _close
 .text._execve  0x0000a942        0xc /opt/homebrew/Cellar/rosco-m68k-toolchain@13/HEAD-e2a4d4b/lib/gcc/m68k-elf-rosco/13.2.0/../../../../m68k-elf-rosco/lib/librosco.a(syscalls.o)
                0x0000a942                _execve
 .text._fork    0x0000a94e        0xc /opt/homebrew/Cellar/rosco-m68k-toolchain@13/HEAD-e2a4d4b/lib/gcc/m68k-elf-rosco/13.2.0/../../../../m68k-elf-rosco/lib/librosco.a(syscalls.o)
                0x0000a94e                _fork
 .text._fstat   0x0000a95a       0x98 /opt/homebrew/Cellar/rosco-m68k-toolchain@13/HEAD-e2a4d4b/lib/gcc/m68k-elf-rosco/13.2.0/../../../../m68k-elf-rosco/lib/librosco.a(syscalls.o)
                0x0000a95a                _fstat
 .text._getpid  0x0000a9f2        0x4 /opt/homebrew/Cellar/rosco-m68k-toolchain@13/HEAD-e2a4d4b/lib/gcc/m68k-elf-rosco/13.2.0/../../../../m68k-elf-rosco/lib/librosco.a(syscalls.o)
                0x0000a9f2                _getpid
 .text._isatty  0x0000a9f6       0x10 /opt/homebrew/Cellar/rosco-m68k-toolchain@13/HEAD-e2a4d4b/lib/gcc/m68k-elf-rosco/13.2.0/../../../../m68k-elf-rosco/lib/librosco.a(syscalls.o)
                0x0000a9f6                _isatty
 .text._kill    0x0000aa06        0xc /opt/homebrew/Cellar/rosco-m68k-toolchain@13/HEAD-e2a4d4b/lib/gcc/m68k-elf-rosco/13.2.0/../../../../m68k-elf-rosco/lib/librosco.a(syscalls.o)
                0x0000aa06                _kill
 .text._link    0x0000aa12        0xc /opt/homebrew/Cellar/rosco-m68k-toolchain@13/HEAD-e2a4d4b/lib/gcc/m68k-elf-rosco/13.2.0/../../../../m68k-elf-rosco/lib/librosco.a(syscalls.o)
                0x0000aa12                _link
 .text._lseek   0x0000aa1e       0x68 /opt/homebrew/Cellar/rosco-m68k-toolchain@13/HEAD-e2a4d4b/lib/gcc/m68k-elf-rosco/13.2.0/../../../../m68k-elf-rosco/lib/librosco.a(syscalls.o)
                0x0000aa1e                _lseek
 .text._sd_open
                0x0000aa86       0x96 /opt/homebrew/Cellar/rosco-m68k-toolchain@13/HEAD-e2a4d4b/lib/gcc/m68k-elf-rosco/13.2.0/../../../../m68k-elf-rosco/lib/librosco.a(syscalls.o)
                0x0000aa86                _sd_open
 .text._open    0x0000ab1c       0xba /opt/homebrew/Cellar/rosco-m68k-toolchain@13/HEAD-e2a4d4b/lib/gcc/m68k-elf-rosco/13.2.0/../../../../m68k-elf-rosco/lib/librosco.a(syscalls.o)
                0x0000ab1c                _open
 .text._read    0x0000abd6      0x124 /opt/homebrew/Cellar/rosco-m68k-toolchain@13/HEAD-e2a4d4b/lib/gcc/m68k-elf-rosco/13.2.0/../../../../m68k-elf-rosco/lib/librosco.a(syscalls.o)
                0x0000abd6                _read
 .text._sbrk    0x0000acfa       0x72 /opt/homebrew/Cellar/rosco-m68k-toolchain@13/HEAD-e2a4d4b/lib/gcc/m68k-elf-rosco/13.2.0/../../../../m68k-elf-rosco/lib/librosco.a(syscalls.o)
                0x0000acfa                _sbrk
 .text._sd_stat
                0x0000ad6c      0x120 /opt/homebrew/Cellar/rosco-m68k-toolchain@13/HEAD-e2a4d4b/lib/gcc/m68k-elf-rosco/13.2.0/../../../../m68k-elf-rosco/lib/librosco.a(syscalls.o)
                0x0000ad6c                _sd_stat
 .text._stat    0x0000ae8c       0x9c /opt/homebrew/Cellar/rosco-m68k-toolchain@13/HEAD-e2a4d4b/lib/gcc/m68k-elf-rosco/13.2.0/../../../../m68k-elf-rosco/lib/librosco.a(syscalls.o)
                0x0000ae8c                _stat
 .text._times   0x0000af28       0x1a /opt/homebrew/Cellar/rosco-m68k-toolchain@13/HEAD-e2a4d4b/lib/gcc/m68k-elf-rosco/13.2.0/../../../../m68k-elf-rosco/lib/librosco.a(syscalls.o)
                0x0000af28                _times
 .text._unlink  0x0000af42        0xc /opt/homebrew/Cellar/rosco-m68k-toolchain@13/HEAD-e2a4d4b/lib/gcc/m68k-elf-rosco/13.2.0/../../../../m68k-elf-rosco/lib/librosco.a(syscalls.o)
                0x0000af42                _unlink
 .text._wait    0x0000af4e        0xc /opt/homebrew/Cellar/rosco-m68k-toolchain@13/HEAD-e2a4d4b/lib/gcc/m68k-elf-rosco/13.2.0/../../../../m68k-elf-rosco/lib/librosco.a(syscalls.o)
                0x0000af4e                _wait
 .text._write   0x0000af5a       0xbc /opt/homebrew/Cellar/rosco-m68k-toolchain@13/HEAD-e2a4d4b/lib/gcc/m68k-elf-rosco/13.2.0/../../../../m68k-elf-rosco/lib/librosco.a(syscalls.o)
                0x0000af5a                _write
 .text._gettimeofday
                0x0000b016        0xc /opt/homebrew/Cellar/rosco-m68k-toolchain@13/HEAD-e2a4d4b/lib/gcc/m68k-elf-rosco/13.2.0/../../../../m68k-elf-rosco/lib/librosco.a(syscalls.o)
                0x0000b016                _gettimeofday
 .text.breakpoint
                0x0000b022        0x2 /opt/homebrew/Cellar/rosco-m68k-toolchain@13/HEAD-e2a4d4b/lib/gcc/m68k-elf-rosco/13.2.0/../../../../m68k-elf-rosco/lib/librosco.a(syscalls.o)
                0x0000b022                breakpoint
 .text.mcPrint  0x0000b024       0x12 /opt/homebrew/Cellar/rosco-m68k-toolchain@13/HEAD-e2a4d4b/lib/gcc/m68k-elf-rosco/13.2.0/../../../../m68k-elf-rosco/lib/librosco.a(machine.o)
                0x0000b024                mcPrint
 .text.mcPrintln
                0x0000b036       0x12 /opt/homebrew/Cellar/rosco-m68k-toolchain@13/HEAD-e2a4d4b/lib/gcc/m68k-elf-rosco/13.2.0/../../../../m68k-elf-rosco/lib/librosco.a(machine.o)
                0x0000b036                mcPrintln
 .text.mcPrintchar
                0x0000b048        0xa /opt/homebrew/Cellar/rosco-m68k-toolchain@13/HEAD-e2a4d4b/lib/gcc/m68k-elf-rosco/13.2.0/../../../../m68k-elf-rosco/lib/librosco.a(machine.o)
                0x0000b048                mcPrintchar
 .text.mcSetcursor
                0x0000b052        0xe /opt/homebrew/Cellar/rosco-m68k-toolchain@13/HEAD-e2a4d4b/lib/gcc/m68k-elf-rosco/13.2.0/../../../../m68k-elf-rosco/lib/librosco.a(machine.o)
                0x0000b052                mcSetcursor
 .text.mcSendchar
                0x0000b060       0x12 /opt/homebrew/Cellar/rosco-m68k-toolchain@13/HEAD-e2a4d4b/lib/gcc/m68k-elf-rosco/13.2.0/../../../../m68k-elf-rosco/lib/librosco.a(machine.o)
                0x0000b060                mcSendchar
 .text.mcReadchar
                0x0000b072        0xa /opt/homebrew/Cellar/rosco-m68k-toolchain@13/HEAD-e2a4d4b/lib/gcc/m68k-elf-rosco/13.2.0/../../../../m68k-elf-rosco/lib/librosco.a(machine.o)
                0x0000b072                mcReadchar
 .text.mcCheckchar
                0x0000b07c        0xe /opt/homebrew/Cellar/rosco-m68k-toolchain@13/HEAD-e2a4d4b/lib/gcc/m68k-elf-rosco/13.2.0/../../../../m68k-elf-rosco/lib/librosco.a(machine.o)
                0x0000b07c                mcCheckchar
 .text.mcBusywait
                0x0000b08a        0xc /opt/homebrew/Cellar/rosco-m68k-toolchain@13/HEAD-e2a4d4b/lib/gcc/m68k-elf-rosco/13.2.0/../../../../m68k-elf-rosco/lib/librosco.a(machine.o)
                0x0000b08a                mcBusywait
 .text.mcDelaymsec10
                0x0000b096       0x10 /opt/homebrew/Cellar/rosco-m68k-toolchain@13/HEAD-e2a4d4b/lib/gcc/m68k-elf-rosco/13.2.0/../../../../m68k-elf-rosco/lib/librosco.a(machine.o)
                0x0000b096                mcDelaymsec10
 .text.mcDisableInterrupts
                0x0000b0a6        0xe /opt/homebrew/Cellar/rosco-m68k-toolchain@13/HEAD-e2a4d4b/lib/gcc/m68k-elf-rosco/13.2.0/../../../../m68k-elf-rosco/lib/librosco.a(machine.o)
                0x0000b0a6                mcDisableInterrupts
 .text.mcEnableInterrupts
                0x0000b0b4       0x1e /opt/homebrew/Cellar/rosco-m68k-toolchain@13/HEAD-e2a4d4b/lib/gcc/m68k-elf-rosco/13.2.0/../../../../m68k-elf-rosco/lib/librosco.a(machine.o)
                0x0000b0b4                mcEnableInterrupts
 .text.mcHalt   0x0000b0d2        0x6 /opt/homebrew/Cellar/rosco-m68k-toolchain@13/HEAD-e2a4d4b/lib/gcc/m68k-elf-rosco/13.2.0/../../../../m68k-elf-rosco/lib/librosco.a(machine.o)
                0x0000b0d2                mcHalt
 .text.mcCheckDeviceSupport
                0x0000b0d8       0x16 /opt/homebrew/Cellar/rosco-m68k-toolchain@13/HEAD-e2a4d4b/lib/gcc/m68k-elf-rosco/13.2.0/../../../../m68k-elf-rosco/lib/librosco.a(machine.o)
                0x0000b0d8                mcCheckDeviceSupport
 .text.mcGetDeviceCount
                0x0000b0ee        0xa /opt/homebrew/Cellar/rosco-m68k-toolchain@13/HEAD-e2a4d4b/lib/gcc/m68k-elf-rosco/13.2.0/../../../../m68k-elf-rosco/lib/librosco.a(machine.o)
                0x0000b0ee                mcGetDeviceCount
 .text.mcGetDevice
                0x0000b0f8       0x12 /opt/homebrew/Cellar/rosco-m68k-toolchain@13/HEAD-e2a4d4b/lib/gcc/m68k-elf-rosco/13.2.0/../../../../m68k-elf-rosco/lib/librosco.a(machine.o)
                0x0000b0f8                mcGetDevice
 .text.mcAddDevice
                0x0000b10a        0xe /opt/homebrew/Cellar/rosco-m68k-toolchain@13/HEAD-e2a4d4b/lib/gcc/m68k-elf-rosco/13.2.0/../../../../m68k-elf-rosco/lib/librosco.a(machine.o)
                0x0000b10a                mcAddDevice
 .text.mcCheckDevice
                0x0000b118        0xe /opt/homebrew/Cellar/rosco-m68k-toolchain@13/HEAD-e2a4d4b/lib/gcc/m68k-elf-rosco/13.2.0/../../../../m68k-elf-rosco/lib/librosco.a(machine.o)
                0x0000b118                mcCheckDevice
 .text.mcReadDevice
                0x0000b126        0xe /opt/homebrew/Cellar/rosco-m68k-toolchain@13/HEAD-e2a4d4b/lib/gcc/m68k-elf-rosco/13.2.0/../../../../m68k-elf-rosco/lib/librosco.a(machine.o)
                0x0000b126                mcReadDevice
 .text.mcSendDevice
                0x0000b134       0x12 /opt/homebrew/Cellar/rosco-m68k-toolchain@13/HEAD-e2a4d4b/lib/gcc/m68k-elf-rosco/13.2.0/../../../../m68k-elf-rosco/lib/librosco.a(machine.o)
                0x0000b134                mcSendDevice
 .text.mcDeviceCtrl
                0x0000b146       0x32 /opt/homebrew/Cellar/rosco-m68k-toolchain@13/HEAD-e2a4d4b/lib/gcc/m68k-elf-rosco/13.2.0/../../../../m68k-elf-rosco/lib/librosco.a(machine.o)
                0x0000b146                mcDeviceCtrl
                0x0000b160                mcGetVecBase
 .text.mcInputchar
                0x0000b178        0xa /opt/homebrew/Cellar/rosco-m68k-toolchain@13/HEAD-e2a4d4b/lib/gcc/m68k-elf-rosco/13.2.0/../../../../m68k-elf-rosco/lib/librosco.a(machine.o)
                0x0000b178                mcInputchar
 .text.mcCheckInput
                0x0000b182        0xe /opt/homebrew/Cellar/rosco-m68k-toolchain@13/HEAD-e2a4d4b/lib/gcc/m68k-elf-rosco/13.2.0/../../../../m68k-elf-rosco/lib/librosco.a(machine.o)
                0x0000b182                mcCheckInput
 .text.mcGetStackPointer
                0x0000b190        0x6 /opt/homebrew/Cellar/rosco-m68k-toolchain@13/HEAD-e2a4d4b/lib/gcc/m68k-elf-rosco/13.2.0/../../../../m68k-elf-rosco/lib/librosco.a(machine.o)
                0x0000b190                mcGetStackPointer
 *fill*         0x0000b196        0x2 
 .text          0x0000b198        0x0 /opt/homebrew/Cellar/rosco-m68k-toolchain@13/HEAD-e2a4d4b/lib/gcc/m68k-elf-rosco/13.2.0/../../../../m68k-elf-rosco/lib/librosco.a(sdcard.o)
 .text.__sd_fat_shutdown
                0x0000b198       0x10 /opt/homebrew/Cellar/rosco-m68k-toolchain@13/HEAD-e2a4d4b/lib/gcc/m68k-elf-rosco/13.2.0/../../../../m68k-elf-rosco/lib/librosco.a(sdcard.o)
 .text.FAT_media_write
                0x0000b1a8       0x20 /opt/homebrew/Cellar/rosco-m68k-toolchain@13/HEAD-e2a4d4b/lib/gcc/m68k-elf-rosco/13.2.0/../../../../m68k-elf-rosco/lib/librosco.a(sdcard.o)
 .text.FAT_media_read
                0x0000b1c8       0x20 /opt/homebrew/Cellar/rosco-m68k-toolchain@13/HEAD-e2a4d4b/lib/gcc/m68k-elf-rosco/13.2.0/../../../../m68k-elf-rosco/lib/librosco.a(sdcard.o)
 .text.SD_FAT_initialize
                0x0000b1e8       0x7c /opt/homebrew/Cellar/rosco-m68k-toolchain@13/HEAD-e2a4d4b/lib/gcc/m68k-elf-rosco/13.2.0/../../../../m68k-elf-rosco/lib/librosco.a(sdcard.o)
                0x0000b1e8                SD_FAT_initialize
 .text.SD_FAT_get_sd_card
                0x0000b264       0x14 /opt/homebrew/Cellar/rosco-m68k-toolchain@13/HEAD-e2a4d4b/lib/gcc/m68k-elf-rosco/13.2.0/../../../../m68k-elf-rosco/lib/librosco.a(sdcard.o)
                0x0000b264                SD_FAT_get_sd_card
 .text.SD_check_support
                0x0000b278       0x14 /opt/homebrew/Cellar/rosco-m68k-toolchain@13/HEAD-e2a4d4b/lib/gcc/m68k-elf-rosco/13.2.0/../../../../m68k-elf-rosco/lib/librosco.a(sdcard_asm.o)
                0x0000b278                SD_check_support
 .text.SD_initialize
                0x0000b28c       0x12 /opt/homebrew/Cellar/rosco-m68k-toolchain@13/HEAD-e2a4d4b/lib/gcc/m68k-elf-rosco/13.2.0/../../../../m68k-elf-rosco/lib/librosco.a(sdcard_asm.o)
                0x0000b28c                SD_initialize
 .text.SD_read_block
                0x0000b29e       0x1a /opt/homebrew/Cellar/rosco-m68k-toolchain@13/HEAD-e2a4d4b/lib/gcc/m68k-elf-rosco/13.2.0/../../../../m68k-elf-rosco/lib/librosco.a(sdcard_asm.o)
                0x0000b29e                SD_read_block
 .text.SD_write_block
                0x0000b2b8       0x1a /opt/homebrew/Cellar/rosco-m68k-toolchain@13/HEAD-e2a4d4b/lib/gcc/m68k-elf-rosco/13.2.0/../../../../m68k-elf-rosco/lib/librosco.a(sdcard_asm.o)
                0x0000b2b8                SD_write_block
 .text.SD_read_register
                0x0000b2d2       0x1a /opt/homebrew/Cellar/rosco-m68k-toolchain@13/HEAD-e2a4d4b/lib/gcc/m68k-elf-rosco/13.2.0/../../../../m68k-elf-rosco/lib/librosco.a(sdcard_asm.o)
                0x0000b2d2                SD_read_register
 .text          0x0000b2ec        0x0 /opt/homebrew/Cellar/rosco-m68k-toolchain@13/HEAD-e2a4d4b/lib/gcc/m68k-elf-rosco/13.2.0/../../../../m68k-elf-rosco/lib/librosco.a(part.o)
 .text.Part_init_SD
                0x0000b2ec       0x88 /opt/homebrew/Cellar/rosco-m68k-toolchain@13/HEAD-e2a4d4b/lib/gcc/m68k-elf-rosco/13.2.0/../../../../m68k-elf-rosco/lib/librosco.a(part.o)
                0x0000b2ec                Part_init_SD
 .text.Part_read
                0x0000b374       0xc0 /opt/homebrew/Cellar/rosco-m68k-toolchain@13/HEAD-e2a4d4b/lib/gcc/m68k-elf-rosco/13.2.0/../../../../m68k-elf-rosco/lib/librosco.a(part.o)
                0x0000b374                Part_read
 .text.Part_write
                0x0000b434       0xc0 /opt/homebrew/Cellar/rosco-m68k-toolchain@13/HEAD-e2a4d4b/lib/gcc/m68k-elf-rosco/13.2.0/../../../../m68k-elf-rosco/lib/librosco.a(part.o)
                0x0000b434                Part_write
 .text.Part_valid
                0x0000b4f4       0x20 /opt/homebrew/Cellar/rosco-m68k-toolchain@13/HEAD-e2a4d4b/lib/gcc/m68k-elf-rosco/13.2.0/../../../../m68k-elf-rosco/lib/librosco.a(part.o)
                0x0000b4f4                Part_valid
 .text          0x0000b514        0x0 /opt/homebrew/Cellar/rosco-m68k-toolchain@13/HEAD-e2a4d4b/lib/gcc/m68k-elf-rosco/13.2.0/../../../../m68k-elf-rosco/lib/librosco.a(fat_filelib.o)
 .text._open_directory
                0x0000b514       0xb4 /opt/homebrew/Cellar/rosco-m68k-toolchain@13/HEAD-e2a4d4b/lib/gcc/m68k-elf-rosco/13.2.0/../../../../m68k-elf-rosco/lib/librosco.a(fat_filelib.o)
 .text._write_sectors
                0x0000b5c8      0x1d8 /opt/homebrew/Cellar/rosco-m68k-toolchain@13/HEAD-e2a4d4b/lib/gcc/m68k-elf-rosco/13.2.0/../../../../m68k-elf-rosco/lib/librosco.a(fat_filelib.o)
 .text._read_sectors
                0x0000b7a0      0x136 /opt/homebrew/Cellar/rosco-m68k-toolchain@13/HEAD-e2a4d4b/lib/gcc/m68k-elf-rosco/13.2.0/../../../../m68k-elf-rosco/lib/librosco.a(fat_filelib.o)
 .text._allocate_file
                0x0000b8d6       0xc8 /opt/homebrew/Cellar/rosco-m68k-toolchain@13/HEAD-e2a4d4b/lib/gcc/m68k-elf-rosco/13.2.0/../../../../m68k-elf-rosco/lib/librosco.a(fat_filelib.o)
 .text._free_file
                0x0000b99e       0xcc /opt/homebrew/Cellar/rosco-m68k-toolchain@13/HEAD-e2a4d4b/lib/gcc/m68k-elf-rosco/13.2.0/../../../../m68k-elf-rosco/lib/librosco.a(fat_filelib.o)
 .text._open_file
                0x0000ba6a      0x196 /opt/homebrew/Cellar/rosco-m68k-toolchain@13/HEAD-e2a4d4b/lib/gcc/m68k-elf-rosco/13.2.0/../../../../m68k-elf-rosco/lib/librosco.a(fat_filelib.o)
 .text.fl_init  0x0000bc00       0xc0 /opt/homebrew/Cellar/rosco-m68k-toolchain@13/HEAD-e2a4d4b/lib/gcc/m68k-elf-rosco/13.2.0/../../../../m68k-elf-rosco/lib/librosco.a(fat_filelib.o)
                0x0000bc00                fl_init
 .text.fl_attach_locks
                0x0000bcc0       0x12 /opt/homebrew/Cellar/rosco-m68k-toolchain@13/HEAD-e2a4d4b/lib/gcc/m68k-elf-rosco/13.2.0/../../../../m68k-elf-rosco/lib/librosco.a(fat_filelib.o)
                0x0000bcc0                fl_attach_locks
 .text.fl_attach_media
                0x0000bcd2       0x3c /opt/homebrew/Cellar/rosco-m68k-toolchain@13/HEAD-e2a4d4b/lib/gcc/m68k-elf-rosco/13.2.0/../../../../m68k-elf-rosco/lib/librosco.a(fat_filelib.o)
                0x0000bcd2                fl_attach_media
 .text.fl_shutdown
                0x0000bd0e       0x3c /opt/homebrew/Cellar/rosco-m68k-toolchain@13/HEAD-e2a4d4b/lib/gcc/m68k-elf-rosco/13.2.0/../../../../m68k-elf-rosco/lib/librosco.a(fat_filelib.o)
                0x0000bd0e                fl_shutdown
 .text.fl_fopen
                0x0000bd4a      0x444 /opt/homebrew/Cellar/rosco-m68k-toolchain@13/HEAD-e2a4d4b/lib/gcc/m68k-elf-rosco/13.2.0/../../../../m68k-elf-rosco/lib/librosco.a(fat_filelib.o)
                0x0000bd4a                fl_fopen
 .text.fl_fflush
                0x0000c18e       0x72 /opt/homebrew/Cellar/rosco-m68k-toolchain@13/HEAD-e2a4d4b/lib/gcc/m68k-elf-rosco/13.2.0/../../../../m68k-elf-rosco/lib/librosco.a(fat_filelib.o)
                0x0000c18e                fl_fflush
 .text.fl_fclose
                0x0000c200       0xd6 /opt/homebrew/Cellar/rosco-m68k-toolchain@13/HEAD-e2a4d4b/lib/gcc/m68k-elf-rosco/13.2.0/../../../../m68k-elf-rosco/lib/librosco.a(fat_filelib.o)
                0x0000c200                fl_fclose
 .text.fl_fread
                0x0000c2d6      0x17e /opt/homebrew/Cellar/rosco-m68k-toolchain@13/HEAD-e2a4d4b/lib/gcc/m68k-elf-rosco/13.2.0/../../../../m68k-elf-rosco/lib/librosco.a(fat_filelib.o)
                0x0000c2d6                fl_fread
 .text.fl_fgetc
                0x0000c454       0x36 /opt/homebrew/Cellar/rosco-m68k-toolchain@13/HEAD-e2a4d4b/lib/gcc/m68k-elf-rosco/13.2.0/../../../../m68k-elf-rosco/lib/librosco.a(fat_filelib.o)
                0x0000c454                fl_fgetc
 .text.fl_fgets
                0x0000c48a       0x84 /opt/homebrew/Cellar/rosco-m68k-toolchain@13/HEAD-e2a4d4b/lib/gcc/m68k-elf-rosco/13.2.0/../../../../m68k-elf-rosco/lib/librosco.a(fat_filelib.o)
                0x0000c48a                fl_fgets
 .text.fl_fseek
                0x0000c50e      0x10c /opt/homebrew/Cellar/rosco-m68k-toolchain@13/HEAD-e2a4d4b/lib/gcc/m68k-elf-rosco/13.2.0/../../../../m68k-elf-rosco/lib/librosco.a(fat_filelib.o)
                0x0000c50e                fl_fseek
 .text.fl_fgetpos
                0x0000c61a       0x3c /opt/homebrew/Cellar/rosco-m68k-toolchain@13/HEAD-e2a4d4b/lib/gcc/m68k-elf-rosco/13.2.0/../../../../m68k-elf-rosco/lib/librosco.a(fat_filelib.o)
                0x0000c61a                fl_fgetpos
 .text.fl_ftell
                0x0000c656       0x3a /opt/homebrew/Cellar/rosco-m68k-toolchain@13/HEAD-e2a4d4b/lib/gcc/m68k-elf-rosco/13.2.0/../../../../m68k-elf-rosco/lib/librosco.a(fat_filelib.o)
                0x0000c656                fl_ftell
 .text.fl_feof  0x0000c690       0x4a /opt/homebrew/Cellar/rosco-m68k-toolchain@13/HEAD-e2a4d4b/lib/gcc/m68k-elf-rosco/13.2.0/../../../../m68k-elf-rosco/lib/librosco.a(fat_filelib.o)
                0x0000c690                fl_feof
 .text.fl_fwrite
                0x0000c6da      0x25c /opt/homebrew/Cellar/rosco-m68k-toolchain@13/HEAD-e2a4d4b/lib/gcc/m68k-elf-rosco/13.2.0/../../../../m68k-elf-rosco/lib/librosco.a(fat_filelib.o)
                0x0000c6da                fl_fwrite
 .text.fl_fputc
                0x0000c936       0x40 /opt/homebrew/Cellar/rosco-m68k-toolchain@13/HEAD-e2a4d4b/lib/gcc/m68k-elf-rosco/13.2.0/../../../../m68k-elf-rosco/lib/librosco.a(fat_filelib.o)
                0x0000c936                fl_fputc
 .text.fl_fputs
                0x0000c976       0x2a /opt/homebrew/Cellar/rosco-m68k-toolchain@13/HEAD-e2a4d4b/lib/gcc/m68k-elf-rosco/13.2.0/../../../../m68k-elf-rosco/lib/librosco.a(fat_filelib.o)
                0x0000c976                fl_fputs
 .text.fl_remove
                0x0000c9a0       0xca /opt/homebrew/Cellar/rosco-m68k-toolchain@13/HEAD-e2a4d4b/lib/gcc/m68k-elf-rosco/13.2.0/../../../../m68k-elf-rosco/lib/librosco.a(fat_filelib.o)
                0x0000c9a0                fl_remove
 .text.fl_createdirectory
                0x0000ca6a      0x27a /opt/homebrew/Cellar/rosco-m68k-toolchain@13/HEAD-e2a4d4b/lib/gcc/m68k-elf-rosco/13.2.0/../../../../m68k-elf-rosco/lib/librosco.a(fat_filelib.o)
                0x0000ca6a                fl_createdirectory
 .text          0x0000cce4        0x0 /opt/homebrew/Cellar/rosco-m68k-toolchain@13/HEAD-e2a4d4b/lib/gcc/m68k-elf-rosco/13.2.0/../../../../m68k-elf-rosco/lib/librosco.a(fat_misc.o)
 .text.fatfs_lfn_cache_init
                0x0000cce4       0x3c /opt/homebrew/Cellar/rosco-m68k-toolchain@13/HEAD-e2a4d4b/lib/gcc/m68k-elf-rosco/13.2.0/../../../../m68k-elf-rosco/lib/librosco.a(fat_misc.o)
                0x0000cce4                fatfs_lfn_cache_init
 .text.fatfs_lfn_cache_entry
                0x0000cd20       0xa6 /opt/homebrew/Cellar/rosco-m68k-toolchain@13/HEAD-e2a4d4b/lib/gcc/m68k-elf-rosco/13.2.0/../../../../m68k-elf-rosco/lib/librosco.a(fat_misc.o)
                0x0000cd20                fatfs_lfn_cache_entry
 .text.fatfs_lfn_cache_get
                0x0000cdc6       0x38 /opt/homebrew/Cellar/rosco-m68k-toolchain@13/HEAD-e2a4d4b/lib/gcc/m68k-elf-rosco/13.2.0/../../../../m68k-elf-rosco/lib/librosco.a(fat_misc.o)
                0x0000cdc6                fatfs_lfn_cache_get
 .text.fatfs_entry_lfn_text
                0x0000cdfe       0x1a /opt/homebrew/Cellar/rosco-m68k-toolchain@13/HEAD-e2a4d4b/lib/gcc/m68k-elf-rosco/13.2.0/../../../../m68k-elf-rosco/lib/librosco.a(fat_misc.o)
                0x0000cdfe                fatfs_entry_lfn_text
 .text.fatfs_entry_lfn_invalid
                0x0000ce18       0x30 /opt/homebrew/Cellar/rosco-m68k-toolchain@13/HEAD-e2a4d4b/lib/gcc/m68k-elf-rosco/13.2.0/../../../../m68k-elf-rosco/lib/librosco.a(fat_misc.o)
                0x0000ce18                fatfs_entry_lfn_invalid
 .text.fatfs_entry_lfn_exists
                0x0000ce48       0x44 /opt/homebrew/Cellar/rosco-m68k-toolchain@13/HEAD-e2a4d4b/lib/gcc/m68k-elf-rosco/13.2.0/../../../../m68k-elf-rosco/lib/librosco.a(fat_misc.o)
                0x0000ce48                fatfs_entry_lfn_exists
 .text.fatfs_entry_sfn_only
                0x0000ce8c       0x3a /opt/homebrew/Cellar/rosco-m68k-toolchain@13/HEAD-e2a4d4b/lib/gcc/m68k-elf-rosco/13.2.0/../../../../m68k-elf-rosco/lib/librosco.a(fat_misc.o)
                0x0000ce8c                fatfs_entry_sfn_only
 .text.fatfs_entry_is_dir
                0x0000cec6       0x10 /opt/homebrew/Cellar/rosco-m68k-toolchain@13/HEAD-e2a4d4b/lib/gcc/m68k-elf-rosco/13.2.0/../../../../m68k-elf-rosco/lib/librosco.a(fat_misc.o)
                0x0000cec6                fatfs_entry_is_dir
 .text.fatfs_entry_is_file
                0x0000ced6       0x10 /opt/homebrew/Cellar/rosco-m68k-toolchain@13/HEAD-e2a4d4b/lib/gcc/m68k-elf-rosco/13.2.0/../../../../m68k-elf-rosco/lib/librosco.a(fat_misc.o)
                0x0000ced6                fatfs_entry_is_file
 .text.fatfs_lfn_entries_required
                0x0000cee6       0x28 /opt/homebrew/Cellar/rosco-m68k-toolchain@13/HEAD-e2a4d4b/lib/gcc/m68k-elf-rosco/13.2.0/../../../../m68k-elf-rosco/lib/librosco.a(fat_misc.o)
                0x0000cee6                fatfs_lfn_entries_required
 .text.fatfs_filename_to_lfn
                0x0000cf0e      0x160 /opt/homebrew/Cellar/rosco-m68k-toolchain@13/HEAD-e2a4d4b/lib/gcc/m68k-elf-rosco/13.2.0/../../../../m68k-elf-rosco/lib/librosco.a(fat_misc.o)
                0x0000cf0e                fatfs_filename_to_lfn
 .text.fatfs_sfn_create_entry
                0x0000d06e      0x1b2 /opt/homebrew/Cellar/rosco-m68k-toolchain@13/HEAD-e2a4d4b/lib/gcc/m68k-elf-rosco/13.2.0/../../../../m68k-elf-rosco/lib/librosco.a(fat_misc.o)
                0x0000d06e                fatfs_sfn_create_entry
 .text.fatfs_lfn_create_sfn
                0x0000d220      0x130 /opt/homebrew/Cellar/rosco-m68k-toolchain@13/HEAD-e2a4d4b/lib/gcc/m68k-elf-rosco/13.2.0/../../../../m68k-elf-rosco/lib/librosco.a(fat_misc.o)
                0x0000d220                fatfs_lfn_create_sfn
 .text.fatfs_lfn_generate_tail
                0x0000d350      0x154 /opt/homebrew/Cellar/rosco-m68k-toolchain@13/HEAD-e2a4d4b/lib/gcc/m68k-elf-rosco/13.2.0/../../../../m68k-elf-rosco/lib/librosco.a(fat_misc.o)
                0x0000d350                fatfs_lfn_generate_tail
 .text          0x0000d4a4        0x0 /opt/homebrew/Cellar/rosco-m68k-toolchain@13/HEAD-e2a4d4b/lib/gcc/m68k-elf-rosco/13.2.0/../../../../m68k-elf-rosco/lib/librosco.a(fat_string.o)
 .text.FileString_StrCmpNoCase
                0x0000d4a4       0xb6 /opt/homebrew/Cellar/rosco-m68k-toolchain@13/HEAD-e2a4d4b/lib/gcc/m68k-elf-rosco/13.2.0/../../../../m68k-elf-rosco/lib/librosco.a(fat_string.o)
 .text.fatfs_total_path_levels
                0x0000d55a       0x66 /opt/homebrew/Cellar/rosco-m68k-toolchain@13/HEAD-e2a4d4b/lib/gcc/m68k-elf-rosco/13.2.0/../../../../m68k-elf-rosco/lib/librosco.a(fat_string.o)
                0x0000d55a                fatfs_total_path_levels
 .text.fatfs_get_substring
                0x0000d5c0       0xbe /opt/homebrew/Cellar/rosco-m68k-toolchain@13/HEAD-e2a4d4b/lib/gcc/m68k-elf-rosco/13.2.0/../../../../m68k-elf-rosco/lib/librosco.a(fat_string.o)
                0x0000d5c0                fatfs_get_substring
 .text.fatfs_split_path
                0x0000d67e       0xa4 /opt/homebrew/Cellar/rosco-m68k-toolchain@13/HEAD-e2a4d4b/lib/gcc/m68k-elf-rosco/13.2.0/../../../../m68k-elf-rosco/lib/librosco.a(fat_string.o)
                0x0000d67e                fatfs_split_path
 .text.fatfs_compare_names
                0x0000d722      0x154 /opt/homebrew/Cellar/rosco-m68k-toolchain@13/HEAD-e2a4d4b/lib/gcc/m68k-elf-rosco/13.2.0/../../../../m68k-elf-rosco/lib/librosco.a(fat_string.o)
                0x0000d722                fatfs_compare_names
 .text.fatfs_string_ends_with_slash
                0x0000d876       0x32 /opt/homebrew/Cellar/rosco-m68k-toolchain@13/HEAD-e2a4d4b/lib/gcc/m68k-elf-rosco/13.2.0/../../../../m68k-elf-rosco/lib/librosco.a(fat_string.o)
                0x0000d876                fatfs_string_ends_with_slash
 .text.fatfs_get_sfn_display_name
                0x0000d8a8       0x4a /opt/homebrew/Cellar/rosco-m68k-toolchain@13/HEAD-e2a4d4b/lib/gcc/m68k-elf-rosco/13.2.0/../../../../m68k-elf-rosco/lib/librosco.a(fat_string.o)
                0x0000d8a8                fatfs_get_sfn_display_name
 .text.fatfs_get_extension
                0x0000d8f2       0x7c /opt/homebrew/Cellar/rosco-m68k-toolchain@13/HEAD-e2a4d4b/lib/gcc/m68k-elf-rosco/13.2.0/../../../../m68k-elf-rosco/lib/librosco.a(fat_string.o)
                0x0000d8f2                fatfs_get_extension
 .text.fatfs_create_path_string
                0x0000d96e       0xa8 /opt/homebrew/Cellar/rosco-m68k-toolchain@13/HEAD-e2a4d4b/lib/gcc/m68k-elf-rosco/13.2.0/../../../../m68k-elf-rosco/lib/librosco.a(fat_string.o)
                0x0000d96e                fatfs_create_path_string
 *fill*         0x0000da16        0x2 
 .text          0x0000da18        0x0 /opt/homebrew/Cellar/rosco-m68k-toolchain@13/HEAD-e2a4d4b/lib/gcc/m68k-elf-rosco/13.2.0/../../../../m68k-elf-rosco/lib/librosco.a(fat_table.o)
 .text.fatfs_fat_read_sector
                0x0000da18      0x122 /opt/homebrew/Cellar/rosco-m68k-toolchain@13/HEAD-e2a4d4b/lib/gcc/m68k-elf-rosco/13.2.0/../../../../m68k-elf-rosco/lib/librosco.a(fat_table.o)
 .text.fatfs_fat_init
                0x0000db3a       0x5c /opt/homebrew/Cellar/rosco-m68k-toolchain@13/HEAD-e2a4d4b/lib/gcc/m68k-elf-rosco/13.2.0/../../../../m68k-elf-rosco/lib/librosco.a(fat_table.o)
                0x0000db3a                fatfs_fat_init
 .text.fatfs_fat_purge
                0x0000db96       0x84 /opt/homebrew/Cellar/rosco-m68k-toolchain@13/HEAD-e2a4d4b/lib/gcc/m68k-elf-rosco/13.2.0/../../../../m68k-elf-rosco/lib/librosco.a(fat_table.o)
                0x0000db96                fatfs_fat_purge
 .text.fatfs_find_next_cluster
                0x0000dc1a       0xde /opt/homebrew/Cellar/rosco-m68k-toolchain@13/HEAD-e2a4d4b/lib/gcc/m68k-elf-rosco/13.2.0/../../../../m68k-elf-rosco/lib/librosco.a(fat_table.o)
                0x0000dc1a                fatfs_find_next_cluster
 .text.fatfs_set_fs_info_next_free_cluster
                0x0000dcf8       0x9a /opt/homebrew/Cellar/rosco-m68k-toolchain@13/HEAD-e2a4d4b/lib/gcc/m68k-elf-rosco/13.2.0/../../../../m68k-elf-rosco/lib/librosco.a(fat_table.o)
                0x0000dcf8                fatfs_set_fs_info_next_free_cluster
 .text.fatfs_find_blank_cluster
                0x0000dd92       0xda /opt/homebrew/Cellar/rosco-m68k-toolchain@13/HEAD-e2a4d4b/lib/gcc/m68k-elf-rosco/13.2.0/../../../../m68k-elf-rosco/lib/librosco.a(fat_table.o)
                0x0000dd92                fatfs_find_blank_cluster
 .text.fatfs_fat_set_cluster
                0x0000de6c       0xca /opt/homebrew/Cellar/rosco-m68k-toolchain@13/HEAD-e2a4d4b/lib/gcc/m68k-elf-rosco/13.2.0/../../../../m68k-elf-rosco/lib/librosco.a(fat_table.o)
                0x0000de6c                fatfs_fat_set_cluster
 .text.fatfs_free_cluster_chain
                0x0000df36       0x4a /opt/homebrew/Cellar/rosco-m68k-toolchain@13/HEAD-e2a4d4b/lib/gcc/m68k-elf-rosco/13.2.0/../../../../m68k-elf-rosco/lib/librosco.a(fat_table.o)
                0x0000df36                fatfs_free_cluster_chain
 .text.fatfs_fat_add_cluster_to_chain
                0x0000df80       0x5c /opt/homebrew/Cellar/rosco-m68k-toolchain@13/HEAD-e2a4d4b/lib/gcc/m68k-elf-rosco/13.2.0/../../../../m68k-elf-rosco/lib/librosco.a(fat_table.o)
                0x0000df80                fatfs_fat_add_cluster_to_chain
 .text.fatfs_count_free_clusters
                0x0000dfdc       0xb4 /opt/homebrew/Cellar/rosco-m68k-toolchain@13/HEAD-e2a4d4b/lib/gcc/m68k-elf-rosco/13.2.0/../../../../m68k-elf-rosco/lib/librosco.a(fat_table.o)
                0x0000dfdc                fatfs_count_free_clusters
 .text          0x0000e090        0x0 /opt/homebrew/Cellar/rosco-m68k-toolchain@13/HEAD-e2a4d4b/lib/gcc/m68k-elf-rosco/13.2.0/../../../../m68k-elf-rosco/lib/librosco.a(fat_write.o)
 .text.fatfs_add_free_space
                0x0000e090       0x9c /opt/homebrew/Cellar/rosco-m68k-toolchain@13/HEAD-e2a4d4b/lib/gcc/m68k-elf-rosco/13.2.0/../../../../m68k-elf-rosco/lib/librosco.a(fat_write.o)
                0x0000e090                fatfs_add_free_space
 .text.fatfs_allocate_free_space
                0x0000e12c      0x10e /opt/homebrew/Cellar/rosco-m68k-toolchain@13/HEAD-e2a4d4b/lib/gcc/m68k-elf-rosco/13.2.0/../../../../m68k-elf-rosco/lib/librosco.a(fat_write.o)
                0x0000e12c                fatfs_allocate_free_space
 .text.fatfs_add_file_entry
                0x0000e23a      0x28c /opt/homebrew/Cellar/rosco-m68k-toolchain@13/HEAD-e2a4d4b/lib/gcc/m68k-elf-rosco/13.2.0/../../../../m68k-elf-rosco/lib/librosco.a(fat_write.o)
                0x0000e23a                fatfs_add_file_entry
 *fill*         0x0000e4c6        0x2 
 .text          0x0000e4c8        0x0 /opt/homebrew/Cellar/rosco-m68k-toolchain@13/HEAD-e2a4d4b/lib/gcc/m68k-elf-rosco/13.2.0/../../../../m68k-elf-rosco/lib/librosco.a(fat_access.o)
 .text.fatfs_init
                0x0000e4c8      0x202 /opt/homebrew/Cellar/rosco-m68k-toolchain@13/HEAD-e2a4d4b/lib/gcc/m68k-elf-rosco/13.2.0/../../../../m68k-elf-rosco/lib/librosco.a(fat_access.o)
                0x0000e4c8                fatfs_init
 .text.fatfs_lba_of_cluster
                0x0000e6ca       0x34 /opt/homebrew/Cellar/rosco-m68k-toolchain@13/HEAD-e2a4d4b/lib/gcc/m68k-elf-rosco/13.2.0/../../../../m68k-elf-rosco/lib/librosco.a(fat_access.o)
                0x0000e6ca                fatfs_lba_of_cluster
 .text.fatfs_sector_read
                0x0000e6fe       0x20 /opt/homebrew/Cellar/rosco-m68k-toolchain@13/HEAD-e2a4d4b/lib/gcc/m68k-elf-rosco/13.2.0/../../../../m68k-elf-rosco/lib/librosco.a(fat_access.o)
                0x0000e6fe                fatfs_sector_read
 .text.fatfs_sector_write
                0x0000e71e       0x20 /opt/homebrew/Cellar/rosco-m68k-toolchain@13/HEAD-e2a4d4b/lib/gcc/m68k-elf-rosco/13.2.0/../../../../m68k-elf-rosco/lib/librosco.a(fat_access.o)
                0x0000e71e                fatfs_sector_write
 .text.fatfs_sector_reader
                0x0000e73e      0x102 /opt/homebrew/Cellar/rosco-m68k-toolchain@13/HEAD-e2a4d4b/lib/gcc/m68k-elf-rosco/13.2.0/../../../../m68k-elf-rosco/lib/librosco.a(fat_access.o)
                0x0000e73e                fatfs_sector_reader
 .text.fatfs_read_sector
                0x0000e840       0xf0 /opt/homebrew/Cellar/rosco-m68k-toolchain@13/HEAD-e2a4d4b/lib/gcc/m68k-elf-rosco/13.2.0/../../../../m68k-elf-rosco/lib/librosco.a(fat_access.o)
                0x0000e840                fatfs_read_sector
 .text.fatfs_write_sector
                0x0000e930       0xf0 /opt/homebrew/Cellar/rosco-m68k-toolchain@13/HEAD-e2a4d4b/lib/gcc/m68k-elf-rosco/13.2.0/../../../../m68k-elf-rosco/lib/librosco.a(fat_access.o)
                0x0000e930                fatfs_write_sector
 .text.fatfs_get_root_cluster
                0x0000ea20        0xa /opt/homebrew/Cellar/rosco-m68k-toolchain@13/HEAD-e2a4d4b/lib/gcc/m68k-elf-rosco/13.2.0/../../../../m68k-elf-rosco/lib/librosco.a(fat_access.o)
                0x0000ea20                fatfs_get_root_cluster
 .text.fatfs_get_file_entry
                0x0000ea2a      0x1ee /opt/homebrew/Cellar/rosco-m68k-toolchain@13/HEAD-e2a4d4b/lib/gcc/m68k-elf-rosco/13.2.0/../../../../m68k-elf-rosco/lib/librosco.a(fat_access.o)
                0x0000ea2a                fatfs_get_file_entry
 .text.fatfs_sfn_exists
                0x0000ec18       0xaa /opt/homebrew/Cellar/rosco-m68k-toolchain@13/HEAD-e2a4d4b/lib/gcc/m68k-elf-rosco/13.2.0/../../../../m68k-elf-rosco/lib/librosco.a(fat_access.o)
                0x0000ec18                fatfs_sfn_exists
 .text.fatfs_update_file_length
                0x0000ecc2      0x120 /opt/homebrew/Cellar/rosco-m68k-toolchain@13/HEAD-e2a4d4b/lib/gcc/m68k-elf-rosco/13.2.0/../../../../m68k-elf-rosco/lib/librosco.a(fat_access.o)
                0x0000ecc2                fatfs_update_file_length
 .text.fatfs_mark_file_deleted
                0x0000ede2       0xca /opt/homebrew/Cellar/rosco-m68k-toolchain@13/HEAD-e2a4d4b/lib/gcc/m68k-elf-rosco/13.2.0/../../../../m68k-elf-rosco/lib/librosco.a(fat_access.o)
                0x0000ede2                fatfs_mark_file_deleted
 .text          0x0000eeac        0x0 /opt/homebrew/Cellar/rosco-m68k-toolchain@13/HEAD-e2a4d4b/lib/gcc/m68k-elf-rosco/13.2.0/../../../../m68k-elf-rosco/lib/librosco.a(fat_cache.o)
 .text.fatfs_cache_init
                0x0000eeac       0x34 /opt/homebrew/Cellar/rosco-m68k-toolchain@13/HEAD-e2a4d4b/lib/gcc/m68k-elf-rosco/13.2.0/../../../../m68k-elf-rosco/lib/librosco.a(fat_cache.o)
                0x0000eeac                fatfs_cache_init
 .text.fatfs_cache_get_next_cluster
                0x0000eee0       0x28 /opt/homebrew/Cellar/rosco-m68k-toolchain@13/HEAD-e2a4d4b/lib/gcc/m68k-elf-rosco/13.2.0/../../../../m68k-elf-rosco/lib/librosco.a(fat_cache.o)
                0x0000eee0                fatfs_cache_get_next_cluster
 .text.fatfs_cache_set_next_cluster
                0x0000ef08       0x26 /opt/homebrew/Cellar/rosco-m68k-toolchain@13/HEAD-e2a4d4b/lib/gcc/m68k-elf-rosco/13.2.0/../../../../m68k-elf-rosco/lib/librosco.a(fat_cache.o)
                0x0000ef08                fatfs_cache_set_next_cluster
 *fill*         0x0000ef2e        0x2 
 .text          0x0000ef30        0x0 /opt/homebrew/Cellar/rosco-m68k-toolchain@13/HEAD-e2a4d4b/lib/gcc/m68k-elf-rosco/13.2.0/../../../../m68k-elf-rosco/lib/libc.a(libc_a-strncmp.o)
 .text.strncmp  0x0000ef30       0xa8 /opt/homebrew/Cellar/rosco-m68k-toolchain@13/HEAD-e2a4d4b/lib/gcc/m68k-elf-rosco/13.2.0/../../../../m68k-elf-rosco/lib/libc.a(libc_a-strncmp.o)
                0x0000ef30                strncmp
 .text          0x0000efd8       0x22 /opt/homebrew/Cellar/rosco-m68k-toolchain@13/HEAD-e2a4d4b/lib/gcc/m68k-elf-rosco/13.2.0/libgcc.a(_mulsi3.o)
                0x0000efd8                __mulsi3_internal
                0x0000efd8                __mulsi3
 *fill*         0x0000effa        0x2 
 .text          0x0000effc       0x5c /opt/homebrew/Cellar/rosco-m68k-toolchain@13/HEAD-e2a4d4b/lib/gcc/m68k-elf-rosco/13.2.0/libgcc.a(_udivsi3.o)
                0x0000effc                __udivsi3_internal
                0x0000effc                __udivsi3
 .text          0x0000f058       0x2e /opt/homebrew/Cellar/rosco-m68k-toolchain@13/HEAD-e2a4d4b/lib/gcc/m68k-elf-rosco/13.2.0/libgcc.a(_divsi3.o)
                0x0000f058                __divsi3_internal
                0x0000f058                __divsi3
 *fill*         0x0000f086        0x2 
 .text          0x0000f088       0x2e /opt/homebrew/Cellar/rosco-m68k-toolchain@13/HEAD-e2a4d4b/lib/gcc/m68k-elf-rosco/13.2.0/libgcc.a(_umodsi3.o)
                0x0000f088                __umodsi3
 *fill*         0x0000f0b6        0x2 
 .text          0x0000f0b8       0x2e /opt/homebrew/Cellar/rosco-m68k-toolchain@13/HEAD-e2a4d4b/lib/gcc/m68k-elf-rosco/13.2.0/libgcc.a(_modsi3.o)
                0x0000f0b8                __modsi3
 *fill*         0x0000f0e6        0x2 
 .text          0x0000f0e8      0x9ce /opt/homebrew/Cellar/rosco-m68k-toolchain@13/HEAD-e2a4d4b/lib/gcc/m68k-elf-rosco/13.2.0/libgcc.a(_double.o)
                0x0000f142                __subdf3
                0x0000f148                __adddf3
                0x0000f4de                __muldf3
                0x0000f68c                __divdf3
                0x0000f900                __negdf2
                0x0000f95e                __cmpdf2_internal
                0x0000fa2e                __cmpdf2
 *fill*         0x0000fab6        0x2 
 .text          0x0000fab8       0x6a /opt/homebrew/Cellar/rosco-m68k-toolchain@13/HEAD-e2a4d4b/lib/gcc/m68k-elf-rosco/13.2.0/libgcc.a(_floatex.o)
                0x0000fab8                __clear_sticky_bit
                0x0000fac6                $_exception_handler
 *fill*         0x0000fb22        0x2 
 .text          0x0000fb24       0x22 /opt/homebrew/Cellar/rosco-m68k-toolchain@13/HEAD-e2a4d4b/lib/gcc/m68k-elf-rosco/13.2.0/libgcc.a(_eqdf2.o)
                0x0000fb24                __eqdf2
 *fill*         0x0000fb46        0x2 
 .text          0x0000fb48       0x22 /opt/homebrew/Cellar/rosco-m68k-toolchain@13/HEAD-e2a4d4b/lib/gcc/m68k-elf-rosco/13.2.0/libgcc.a(_nedf2.o)
                0x0000fb48                __nedf2
 *fill*         0x0000fb6a        0x2 
 .text          0x0000fb6c       0x22 /opt/homebrew/Cellar/rosco-m68k-toolchain@13/HEAD-e2a4d4b/lib/gcc/m68k-elf-rosco/13.2.0/libgcc.a(_gtdf2.o)
                0x0000fb6c                __gtdf2
 *fill*         0x0000fb8e        0x2 
 .text          0x0000fb90       0x22 /opt/homebrew/Cellar/rosco-m68k-toolchain@13/HEAD-e2a4d4b/lib/gcc/m68k-elf-rosco/13.2.0/libgcc.a(_ltdf2.o)
                0x0000fb90                __ltdf2
 *fill*         0x0000fbb2        0x2 
 .text          0x0000fbb4       0x22 /opt/homebrew/Cellar/rosco-m68k-toolchain@13/HEAD-e2a4d4b/lib/gcc/m68k-elf-rosco/13.2.0/libgcc.a(_ledf2.o)
                0x0000fbb4                __ledf2
 *fill*         0x0000fbd6        0x2 
 .text          0x0000fbd8      0x52c /opt/homebrew/Cellar/rosco-m68k-toolchain@13/HEAD-e2a4d4b/lib/gcc/m68k-elf-rosco/13.2.0/libgcc.a(fpgnulib.o)
                0x0000fc62                __unordsf2
                0x0000fcae                __unorddf2
                0x0000fd12                __floatunsidf
                0x0000fd94                __floatsidf
                0x0000fda8                __floatunsisf
                0x0000fe38                __floatsisf
                0x0000fe56                __extendsfdf2
                0x0000feca                __truncdfsf2
                0x0000ffde                __fixdfsi
                0x0001006e                __fixsfsi
 .text          0x00010104      0x8cc /opt/homebrew/Cellar/rosco-m68k-toolchain@13/HEAD-e2a4d4b/lib/gcc/m68k-elf-rosco/13.2.0/libgcc.a(xfgnulib.o)
                0x00010104                __unordxf2
                0x00010186                __extenddfxf2
                0x0001023c                __truncxfdf2
                0x00010304                __extendsfxf2
                0x000103be                __truncxfsf2
                0x000104b8                __floatsixf
                0x00010500                __floatunsixf
                0x00010548                __fixxfsi
                0x0001056c                __addxf3
                0x000105e6                __subxf3
                0x00010660                __mulxf3
                0x000106da                __divxf3
                0x00010754                __negxf2
                0x000107ae                __cmpxf2
                0x000107fc                __eqxf2
                0x0001084a                __nexf2
                0x00010898                __ltxf2
                0x000108e6                __lexf2
                0x00010934                __gtxf2
                0x00010982                __gexf2
 .text          0x000109d0       0x24 /opt/homebrew/Cellar/rosco-m68k-toolchain@13/HEAD-e2a4d4b/lib/gcc/m68k-elf-rosco/13.2.0/crtend.o
 .text          0x000109f4        0x0 /opt/homebrew/Cellar/rosco-m68k-toolchain@13/HEAD-e2a4d4b/lib/gcc/m68k-elf-rosco/13.2.0/crtn.o
                0x000109f4                        _ctors = .
 *(.ctors)
 .ctors         0x000109f4        0x4 /opt/homebrew/Cellar/rosco-m68k-toolchain@13/HEAD-e2a4d4b/lib/gcc/m68k-elf-rosco/13.2.0/crtbegin.o
 .ctors         0x000109f8        0x4 /opt/homebrew/Cellar/rosco-m68k-toolchain@13/HEAD-e2a4d4b/lib/gcc/m68k-elf-rosco/13.2.0/crtend.o
 *(SORT_BY_NAME(.ctors.*))
                0x000109fc                        _ctors_end = .
                0x000109fc                        _dtors = .
 *(SORT_BY_NAME(.dtors.*))
 *(.dtors)
 .dtors         0x000109fc        0x4 /opt/homebrew/Cellar/rosco-m68k-toolchain@13/HEAD-e2a4d4b/lib/gcc/m68k-elf-rosco/13.2.0/crtbegin.o
 .dtors         0x00010a00        0x4 /opt/homebrew/Cellar/rosco-m68k-toolchain@13/HEAD-e2a4d4b/lib/gcc/m68k-elf-rosco/13.2.0/crtend.o
                0x00010a00                __DTOR_END__
                0x00010a04                        _dtors_end = .
                0x00010a04                        . = ALIGN (0x4)
 *(.rodata .rodata.*)
 .rodata        0x00010a04        0xf main.o
 .rodata._vfprintf_r.str1.1
                0x00010a13      0x109 /opt/homebrew/Cellar/rosco-m68k-toolchain@13/HEAD-e2a4d4b/lib/gcc/m68k-elf-rosco/13.2.0/../../../../m68k-elf-rosco/lib/libc.a(libc_a-vfprintf.o)
                                 0x3b (size before relaxing)
 .rodata.zeroes.0
                0x00010b1c       0x10 /opt/homebrew/Cellar/rosco-m68k-toolchain@13/HEAD-e2a4d4b/lib/gcc/m68k-elf-rosco/13.2.0/../../../../m68k-elf-rosco/lib/libc.a(libc_a-vfprintf.o)
 .rodata.blanks.1
                0x00010b2c       0x10 /opt/homebrew/Cellar/rosco-m68k-toolchain@13/HEAD-e2a4d4b/lib/gcc/m68k-elf-rosco/13.2.0/../../../../m68k-elf-rosco/lib/libc.a(libc_a-vfprintf.o)
 .rodata._dtoa_r.str1.1
                0x00010b3c       0x48 /opt/homebrew/Cellar/rosco-m68k-toolchain@13/HEAD-e2a4d4b/lib/gcc/m68k-elf-rosco/13.2.0/../../../../m68k-elf-rosco/lib/libc.a(libc_a-dtoa.o)
 .rodata.__multadd.str1.1
                0x00010b3c       0x3a /opt/homebrew/Cellar/rosco-m68k-toolchain@13/HEAD-e2a4d4b/lib/gcc/m68k-elf-rosco/13.2.0/../../../../m68k-elf-rosco/lib/libc.a(libc_a-mprec.o)
 .rodata.p05.0  0x00010b3c        0xc /opt/homebrew/Cellar/rosco-m68k-toolchain@13/HEAD-e2a4d4b/lib/gcc/m68k-elf-rosco/13.2.0/../../../../m68k-elf-rosco/lib/libc.a(libc_a-mprec.o)
 .rodata.__mprec_tinytens
                0x00010b48       0x28 /opt/homebrew/Cellar/rosco-m68k-toolchain@13/HEAD-e2a4d4b/lib/gcc/m68k-elf-rosco/13.2.0/../../../../m68k-elf-rosco/lib/libc.a(libc_a-mprec.o)
                0x00010b48                __mprec_tinytens
 .rodata.__mprec_bigtens
                0x00010b70       0x28 /opt/homebrew/Cellar/rosco-m68k-toolchain@13/HEAD-e2a4d4b/lib/gcc/m68k-elf-rosco/13.2.0/../../../../m68k-elf-rosco/lib/libc.a(libc_a-mprec.o)
                0x00010b70                __mprec_bigtens
 .rodata.__mprec_tens
                0x00010b98       0xc8 /opt/homebrew/Cellar/rosco-m68k-toolchain@13/HEAD-e2a4d4b/lib/gcc/m68k-elf-rosco/13.2.0/../../../../m68k-elf-rosco/lib/libc.a(libc_a-mprec.o)
                0x00010b98                __mprec_tens
 .rodata._setlocale_r.str1.1
                0x00010c60        0x9 /opt/homebrew/Cellar/rosco-m68k-toolchain@13/HEAD-e2a4d4b/lib/gcc/m68k-elf-rosco/13.2.0/../../../../m68k-elf-rosco/lib/libc.a(libc_a-locale.o)
 .rodata.str1.1
                0x00010c60        0x2 /opt/homebrew/Cellar/rosco-m68k-toolchain@13/HEAD-e2a4d4b/lib/gcc/m68k-elf-rosco/13.2.0/../../../../m68k-elf-rosco/lib/libc.a(libc_a-locale.o)
 .rodata._ctype_
                0x00010c60      0x101 /opt/homebrew/Cellar/rosco-m68k-toolchain@13/HEAD-e2a4d4b/lib/gcc/m68k-elf-rosco/13.2.0/../../../../m68k-elf-rosco/lib/libc.a(libc_a-ctype_.o)
                0x00010c60                _ctype_
 .rodata.__assert_func.str1.1
                0x00010d61       0x3d /opt/homebrew/Cellar/rosco-m68k-toolchain@13/HEAD-e2a4d4b/lib/gcc/m68k-elf-rosco/13.2.0/../../../../m68k-elf-rosco/lib/libc.a(libc_a-assert.o)
 .rodata._vfiprintf_r.str1.1
                0x00010d61       0x29 /opt/homebrew/Cellar/rosco-m68k-toolchain@13/HEAD-e2a4d4b/lib/gcc/m68k-elf-rosco/13.2.0/../../../../m68k-elf-rosco/lib/libc.a(libc_a-vfiprintf.o)
 .rodata.zeroes.0
                0x00010d61       0x10 /opt/homebrew/Cellar/rosco-m68k-toolchain@13/HEAD-e2a4d4b/lib/gcc/m68k-elf-rosco/13.2.0/../../../../m68k-elf-rosco/lib/libc.a(libc_a-vfiprintf.o)
 .rodata.blanks.1
                0x00010d71       0x10 /opt/homebrew/Cellar/rosco-m68k-toolchain@13/HEAD-e2a4d4b/lib/gcc/m68k-elf-rosco/13.2.0/../../../../m68k-elf-rosco/lib/libc.a(libc_a-vfiprintf.o)
 .rodata._open.str1.1
                0x00010d81       0x19 /opt/homebrew/Cellar/rosco-m68k-toolchain@13/HEAD-e2a4d4b/lib/gcc/m68k-elf-rosco/13.2.0/../../../../m68k-elf-rosco/lib/librosco.a(syscalls.o)
 .rodata._read.str1.1
                0x00010d81        0x1 /opt/homebrew/Cellar/rosco-m68k-toolchain@13/HEAD-e2a4d4b/lib/gcc/m68k-elf-rosco/13.2.0/../../../../m68k-elf-rosco/lib/librosco.a(syscalls.o)
 .rodata.fatfs_lfn_generate_tail.str1.1
                0x00010d81       0x11 /opt/homebrew/Cellar/rosco-m68k-toolchain@13/HEAD-e2a4d4b/lib/gcc/m68k-elf-rosco/13.2.0/../../../../m68k-elf-rosco/lib/librosco.a(fat_misc.o)
                0x00010da0                        . = ALIGN (0x4)
 *fill*         0x00010d81        0x3 
 *(.gcc_except_table)
                0x00010d84                        . = ALIGN (0x4)
 *(.init*)
 .init          0x00010d84        0x4 /opt/homebrew/Cellar/rosco-m68k-toolchain@13/HEAD-e2a4d4b/lib/gcc/m68k-elf-rosco/13.2.0/crti.o
                0x00010d84                _init
 .init          0x00010d88        0x6 /opt/homebrew/Cellar/rosco-m68k-toolchain@13/HEAD-e2a4d4b/lib/gcc/m68k-elf-rosco/13.2.0/crtbegin.o
 .init          0x00010d8e        0x6 /opt/homebrew/Cellar/rosco-m68k-toolchain@13/HEAD-e2a4d4b/lib/gcc/m68k-elf-rosco/13.2.0/crtend.o
 .init          0x00010d94        0x4 /opt/homebrew/Cellar/rosco-m68k-toolchain@13/HEAD-e2a4d4b/lib/gcc/m68k-elf-rosco/13.2.0/crtn.o
 *(.fini*)
 .fini          0x00010d98        0x4 /opt/homebrew/Cellar/rosco-m68k-toolchain@13/HEAD-e2a4d4b/lib/gcc/m68k-elf-rosco/13.2.0/crti.o
                0x00010d98                _fini
 .fini          0x00010d9c        0x6 /opt/homebrew/Cellar/rosco-m68k-toolchain@13/HEAD-e2a4d4b/lib/gcc/m68k-elf-rosco/13.2.0/crtbegin.o
 .fini          0x00010da2        0x4 /opt/homebrew/Cellar/rosco-m68k-toolchain@13/HEAD-e2a4d4b/lib/gcc/m68k-elf-rosco/13.2.0/crtn.o
                0x00010da6                        _code_end = .
                0x00012da6                        . = DATA_SEGMENT_ALIGN (CONSTANT (MAXPAGESIZE), CONSTANT (COMMONPAGESIZE))

.data           0x00012da8      0x6c8 load address 0x00050da8
                0x00012da8                        _data_start = .
 *(.data*)
 .data          0x00012da8        0x0 /opt/homebrew/Cellar/rosco-m68k-toolchain@13/HEAD-e2a4d4b/lib/gcc/m68k-elf-rosco/13.2.0/crti.o
 .data          0x00012da8        0x4 /opt/homebrew/Cellar/rosco-m68k-toolchain@13/HEAD-e2a4d4b/lib/gcc/m68k-elf-rosco/13.2.0/crtbegin.o
                0x00012da8                __dso_handle
 .data          0x00012dac        0x0 main.o
 .data          0x00012dac        0x0 /opt/homebrew/Cellar/rosco-m68k-toolchain@13/HEAD-e2a4d4b/lib/gcc/m68k-elf-rosco/13.2.0/../../../../m68k-elf-rosco/lib/libc.a(libc_a-atexit.o)
 .data          0x00012dac        0x0 /opt/homebrew/Cellar/rosco-m68k-toolchain@13/HEAD-e2a4d4b/lib/gcc/m68k-elf-rosco/13.2.0/../../../../m68k-elf-rosco/lib/libc.a(libc_a-exit.o)
 .data          0x00012dac        0x0 /opt/homebrew/Cellar/rosco-m68k-toolchain@13/HEAD-e2a4d4b/lib/gcc/m68k-elf-rosco/13.2.0/../../../../m68k-elf-rosco/lib/libc.a(libc_a-printf.o)
 .data          0x00012dac        0x0 /opt/homebrew/Cellar/rosco-m68k-toolchain@13/HEAD-e2a4d4b/lib/gcc/m68k-elf-rosco/13.2.0/../../../../m68k-elf-rosco/lib/libc.a(libc_a-findfp.o)
 .data.__sglue  0x00012dac        0xc /opt/homebrew/Cellar/rosco-m68k-toolchain@13/HEAD-e2a4d4b/lib/gcc/m68k-elf-rosco/13.2.0/../../../../m68k-elf-rosco/lib/libc.a(libc_a-findfp.o)
                0x00012dac                __sglue
 .data          0x00012db8        0x0 /opt/homebrew/Cellar/rosco-m68k-toolchain@13/HEAD-e2a4d4b/lib/gcc/m68k-elf-rosco/13.2.0/../../../../m68k-elf-rosco/lib/libc.a(libc_a-fwalk.o)
 .data          0x00012db8        0x0 /opt/homebrew/Cellar/rosco-m68k-toolchain@13/HEAD-e2a4d4b/lib/gcc/m68k-elf-rosco/13.2.0/../../../../m68k-elf-rosco/lib/libc.a(libc_a-impure.o)
 .data._impure_ptr
                0x00012db8        0x4 /opt/homebrew/Cellar/rosco-m68k-toolchain@13/HEAD-e2a4d4b/lib/gcc/m68k-elf-rosco/13.2.0/../../../../m68k-elf-rosco/lib/libc.a(libc_a-impure.o)
                0x00012db8                _impure_ptr
 .data._impure_data
                0x00012dbc      0x116 /opt/homebrew/Cellar/rosco-m68k-toolchain@13/HEAD-e2a4d4b/lib/gcc/m68k-elf-rosco/13.2.0/../../../../m68k-elf-rosco/lib/libc.a(libc_a-impure.o)
                0x00012dbc                _impure_data
 *fill*         0x00012ed2        0x2 
 .data          0x00012ed4        0x0 /opt/homebrew/Cellar/rosco-m68k-toolchain@13/HEAD-e2a4d4b/lib/gcc/m68k-elf-rosco/13.2.0/../../../../m68k-elf-rosco/lib/libc.a(libc_a-memset.o)
 .data          0x00012ed4        0x0 /opt/homebrew/Cellar/rosco-m68k-toolchain@13/HEAD-e2a4d4b/lib/gcc/m68k-elf-rosco/13.2.0/../../../../m68k-elf-rosco/lib/libc.a(libc_a-__atexit.o)
 .data          0x00012ed4        0x0 /opt/homebrew/Cellar/rosco-m68k-toolchain@13/HEAD-e2a4d4b/lib/gcc/m68k-elf-rosco/13.2.0/../../../../m68k-elf-rosco/lib/libc.a(libc_a-__call_atexit.o)
 .data          0x00012ed4        0x0 /opt/homebrew/Cellar/rosco-m68k-toolchain@13/HEAD-e2a4d4b/lib/gcc/m68k-elf-rosco/13.2.0/../../../../m68k-elf-rosco/lib/libc.a(libc_a-mallocr.o)
 .data.__malloc_sbrk_base
                0x00012ed4        0x4 /opt/homebrew/Cellar/rosco-m68k-toolchain@13/HEAD-e2a4d4b/lib/gcc/m68k-elf-rosco/13.2.0/../../../../m68k-elf-rosco/lib/libc.a(libc_a-mallocr.o)
                0x00012ed4                __malloc_sbrk_base
 .data.__malloc_trim_threshold