Archive member included to satisfy reference by file (symbol)

/Users/malcolm/opt/cross-newlib/lib/gcc/m68k-elf-rosco/13.2.0/../../../../m68k-elf-rosco/lib/libc.a(libc_a-atexit.o)
                              /Users/malcolm/opt/cross-newlib/lib/gcc/m68k-elf-rosco/13.2.0/../../../../m68k-elf-rosco/lib/crt0.o (atexit)
/Users/malcolm/opt/cross-newlib/lib/gcc/m68k-elf-rosco/13.2.0/../../../../m68k-elf-rosco/lib/libc.a(libc_a-exit.o)
                              /Users/malcolm/opt/cross-newlib/lib/gcc/m68k-elf-rosco/13.2.0/../../../../m68k-elf-rosco/lib/crt0.o (exit)
/Users/malcolm/opt/cross-newlib/lib/gcc/m68k-elf-rosco/13.2.0/../../../../m68k-elf-rosco/lib/libc.a(libc_a-printf.o)
                              main.o (printf)
/Users/malcolm/opt/cross-newlib/lib/gcc/m68k-elf-rosco/13.2.0/../../../../m68k-elf-rosco/lib/libc.a(libc_a-findfp.o)
                              /Users/malcolm/opt/cross-newlib/lib/gcc/m68k-elf-rosco/13.2.0/../../../../m68k-elf-rosco/lib/libc.a(libc_a-exit.o) (__stdio_exit_handler)
/Users/malcolm/opt/cross-newlib/lib/gcc/m68k-elf-rosco/13.2.0/../../../../m68k-elf-rosco/lib/libc.a(libc_a-fwalk.o)
                              /Users/malcolm/opt/cross-newlib/lib/gcc/m68k-elf-rosco/13.2.0/../../../../m68k-elf-rosco/lib/libc.a(libc_a-findfp.o) (_fwalk_sglue)
/Users/malcolm/opt/cross-newlib/lib/gcc/m68k-elf-rosco/13.2.0/../../../../m68k-elf-rosco/lib/libc.a(libc_a-impure.o)
                              /Users/malcolm/opt/cross-newlib/lib/gcc/m68k-elf-rosco/13.2.0/../../../../m68k-elf-rosco/lib/libc.a(libc_a-printf.o) (_impure_ptr)
/Users/malcolm/opt/cross-newlib/lib/gcc/m68k-elf-rosco/13.2.0/../../../../m68k-elf-rosco/lib/libc.a(libc_a-memset.o)
                              /Users/malcolm/opt/cross-newlib/lib/gcc/m68k-elf-rosco/13.2.0/../../../../m68k-elf-rosco/lib/libc.a(libc_a-findfp.o) (memset)
/Users/malcolm/opt/cross-newlib/lib/gcc/m68k-elf-rosco/13.2.0/../../../../m68k-elf-rosco/lib/libc.a(libc_a-__atexit.o)
                              /Users/malcolm/opt/cross-newlib/lib/gcc/m68k-elf-rosco/13.2.0/../../../../m68k-elf-rosco/lib/libc.a(libc_a-atexit.o) (__register_exitproc)
/Users/malcolm/opt/cross-newlib/lib/gcc/m68k-elf-rosco/13.2.0/../../../../m68k-elf-rosco/lib/libc.a(libc_a-__call_atexit.o)
                              /Users/malcolm/opt/cross-newlib/lib/gcc/m68k-elf-rosco/13.2.0/../../../../m68k-elf-rosco/lib/libc.a(libc_a-exit.o) (__call_exitprocs)
/Users/malcolm/opt/cross-newlib/lib/gcc/m68k-elf-rosco/13.2.0/../../../../m68k-elf-rosco/lib/libc.a(libc_a-mallocr.o)
                              /Users/malcolm/opt/cross-newlib/lib/gcc/m68k-elf-rosco/13.2.0/../../../../m68k-elf-rosco/lib/libc.a(libc_a-findfp.o) (_malloc_r)
/Users/malcolm/opt/cross-newlib/lib/gcc/m68k-elf-rosco/13.2.0/../../../../m68k-elf-rosco/lib/libc.a(libc_a-vfprintf.o)
                              /Users/malcolm/opt/cross-newlib/lib/gcc/m68k-elf-rosco/13.2.0/../../../../m68k-elf-rosco/lib/libc.a(libc_a-printf.o) (_vfprintf_r)
/Users/malcolm/opt/cross-newlib/lib/gcc/m68k-elf-rosco/13.2.0/../../../../m68k-elf-rosco/lib/libc.a(libc_a-mlock.o)
                              /Users/malcolm/opt/cross-newlib/lib/gcc/m68k-elf-rosco/13.2.0/../../../../m68k-elf-rosco/lib/libc.a(libc_a-mallocr.o) (__malloc_lock)
/Users/malcolm/opt/cross-newlib/lib/gcc/m68k-elf-rosco/13.2.0/../../../../m68k-elf-rosco/lib/libc.a(libc_a-sprint_r.o)
                              /Users/malcolm/opt/cross-newlib/lib/gcc/m68k-elf-rosco/13.2.0/../../../../m68k-elf-rosco/lib/libc.a(libc_a-vfprintf.o) (__sprint_r)
/Users/malcolm/opt/cross-newlib/lib/gcc/m68k-elf-rosco/13.2.0/../../../../m68k-elf-rosco/lib/libc.a(libc_a-fclose.o)
                              /Users/malcolm/opt/cross-newlib/lib/gcc/m68k-elf-rosco/13.2.0/../../../../m68k-elf-rosco/lib/libc.a(libc_a-findfp.o) (_fclose_r)
/Users/malcolm/opt/cross-newlib/lib/gcc/m68k-elf-rosco/13.2.0/../../../../m68k-elf-rosco/lib/libc.a(libc_a-fflush.o)
                              /Users/malcolm/opt/cross-newlib/lib/gcc/m68k-elf-rosco/13.2.0/../../../../m68k-elf-rosco/lib/libc.a(libc_a-fclose.o) (__sflush_r)
/Users/malcolm/opt/cross-newlib/lib/gcc/m68k-elf-rosco/13.2.0/../../../../m68k-elf-rosco/lib/libc.a(libc_a-stdio.o)
                              /Users/malcolm/opt/cross-newlib/lib/gcc/m68k-elf-rosco/13.2.0/../../../../m68k-elf-rosco/lib/libc.a(libc_a-findfp.o) (__sread)
/Users/malcolm/opt/cross-newlib/lib/gcc/m68k-elf-rosco/13.2.0/../../../../m68k-elf-rosco/lib/libc.a(libc_a-fvwrite.o)
                              /Users/malcolm/opt/cross-newlib/lib/gcc/m68k-elf-rosco/13.2.0/../../../../m68k-elf-rosco/lib/libc.a(libc_a-sprint_r.o) (__sfvwrite_r)
/Users/malcolm/opt/cross-newlib/lib/gcc/m68k-elf-rosco/13.2.0/../../../../m68k-elf-rosco/lib/libc.a(libc_a-wsetup.o)
                              /Users/malcolm/opt/cross-newlib/lib/gcc/m68k-elf-rosco/13.2.0/../../../../m68k-elf-rosco/lib/libc.a(libc_a-vfprintf.o) (__swsetup_r)
[...]
Memory Configuration

Name             Origin             Length             Attributes
RAM              0x00000000         0x00100000
EXP_RAM          0x00100000         0x00d00000
ROM              0x00e00000         0x00100000
IO_SPACE         0x00f00000         0x00100000
*default*        0x00000000         0xffffffff

Linker script and memory map

LOAD /Users/malcolm/opt/cross-newlib/lib/gcc/m68k-elf-rosco/13.2.0/../../../../m68k-elf-rosco/lib/crt0.o
LOAD /Users/malcolm/opt/cross-newlib/lib/gcc/m68k-elf-rosco/13.2.0/crti.o
LOAD /Users/malcolm/opt/cross-newlib/lib/gcc/m68k-elf-rosco/13.2.0/crtbegin.o
LOAD main.o
LOAD /Users/malcolm/opt/cross-newlib/lib/gcc/m68k-elf-rosco/13.2.0/../../../../m68k-elf-rosco/lib/libm.a
LOAD /Users/malcolm/opt/cross-newlib/lib/gcc/m68k-elf-rosco/13.2.0/libgcc.a
LOAD /Users/malcolm/opt/cross-newlib/lib/gcc/m68k-elf-rosco/13.2.0/../../../../m68k-elf-rosco/lib/libc.a
LOAD /Users/malcolm/opt/cross-newlib/lib/gcc/m68k-elf-rosco/13.2.0/../../../../m68k-elf-rosco/lib/librosco.a
LOAD /Users/malcolm/opt/cross-newlib/lib/gcc/m68k-elf-rosco/13.2.0/../../../../m68k-elf-rosco/lib/libc.a
                [!provide]                        PROVIDE (_STACK_SIZE = 0x4000)
                [!provide]                        PROVIDE (_relocIAL_STACK = 0x0)
                [!provide]                        PROVIDE (_WARM_BOOT = 0x4)
                [!provide]                        PROVIDE (_MFP_VECTORS = 0x100)
                [!provide]                        PROVIDE (_SDB = 0x400)
                0x00000400                        PROVIDE (_SDB_MAGIC = 0x400)
                [!provide]                        PROVIDE (_SDB_STATUS = 0x404)
                [!provide]                        PROVIDE (_SDB_RSRVD_408 = 0x408)
                0x0000040c                        PROVIDE (_TIMER_100HZ = 0x40c)
                [!provide]                        PROVIDE (_EASY68K_ECHOON = 0x410)
                [!provide]                        PROVIDE (_EASY68K_PROMPT = 0x411)
                [!provide]                        PROVIDE (_EASY68K_SHOWLF = 0x412)
                [!provide]                        PROVIDE (_SDB_RSRVD_413 = 0x413)
                [!provide]                        PROVIDE (_SDB_MEM_SIZE = 0x414)
                [!provide]                        PROVIDE (_SDB_UART_BASE = 0x418)
                [!provide]                        PROVIDE (_SDB_CPU_INFO = 0x41c)
                [!provide]                        PROVIDE (_EFP_TABLE = 0x420)
                [!provide]                        PROVIDE (_EFP_PRINT = 0x420)
                [!provide]                        PROVIDE (_EFP_PRINTLN = 0x424)
                [!provide]                        PROVIDE (_EFP_PRINTCHAR = 0x428)
                [!provide]                        PROVIDE (_EFP_HALT = 0x42c)
                [!provide]                        PROVIDE (_EFP_SENDCHAR = 0x430)
                [!provide]                        PROVIDE (_EFP_RECVCHAR = 0x434)
                [!provide]                        PROVIDE (_EFP_CLRSCR = 0x438)
                [!provide]                        PROVIDE (_EFP_MOVEXY = 0x43c)
                [!provide]                        PROVIDE (_EFP_SETCURSOR = 0x440)
                [!provide]                        PROVIDE (_EFP_CHECKCHAR = 0x444)
                [!provide]                        PROVIDE (_EFP_PROGLOADER = 0x448)
                [!provide]                        PROVIDE (_EFP_SD_reloc = 0x44c)
                [!provide]                        PROVIDE (_EFP_SD_READ = 0x450)
                [!provide]                        PROVIDE (_EFP_SD_WRITE = 0x454)
                [!provide]                        PROVIDE (_EFP_SD_REG = 0x458)
                [!provide]                        PROVIDE (_EFP_SPI_reloc = 0x45c)
                [!provide]                        PROVIDE (_EFP_SPI_CS_A = 0x460)
                [!provide]                        PROVIDE (_EFP_SPI_CS_D = 0x464)
                [!provide]                        PROVIDE (_EFP_SPI_XFER_B = 0x468)
                [!provide]                        PROVIDE (_EFP_SPI_XFER_M = 0x46c)
                [!provide]                        PROVIDE (_EFP_SPI_RECV_B = 0x470)
                [!provide]                        PROVIDE (_EFP_SPI_RECV_M = 0x474)
                [!provide]                        PROVIDE (_EFP_SPI_SEND_B = 0x478)
                [!provide]                        PROVIDE (_EFP_SPI_SEND_M = 0x47c)
                [!provide]                        PROVIDE (_EFP_ATA_reloc = 0x480)
                [!provide]                        PROVIDE (_EFP_ATA_READ = 0x484)
                [!provide]                        PROVIDE (_EFP_ATA_WRITE = 0x488)
                [!provide]                        PROVIDE (_EFP_ATA_IDENT = 0x48c)
                [!provide]                        PROVIDE (_EFP_INPUTCHAR = 0x494)
                [!provide]                        PROVIDE (_EFP_CHECKINPUT = 0x498)
                [!provide]                        PROVIDE (_FIRMWARE = 0xe00000)
                [!provide]                        PROVIDE (_FIRMWARE_REV = 0xe00400)
                0x00040000                        PROVIDE (_LOAD_ADDRESS = 0x40000)
                0x00002000                        PROVIDE (_RUN_ADDRESS = 0x2000)

.text.reloc     0x00002000       0x22 load address 0x00040000
                0x00002000                        _reloc = .
 *(.reloc)
 .reloc         0x00002000       0x22 /Users/malcolm/opt/cross-newlib/lib/gcc/m68k-elf-rosco/13.2.0/../../../../m68k-elf-rosco/lib/crt0.o
                0x00002000                _start
                0x00002022                        _reloc_end = .

.text.postreloc
                0x00002024       0x7c load address 0x00040024
                0x00002024                        _postreloc = .
 *(.postreloc)
 *fill*         0x00002024        0xc 
 .postreloc     0x00002030       0x70 /Users/malcolm/opt/cross-newlib/lib/gcc/m68k-elf-rosco/13.2.0/../../../../m68k-elf-rosco/lib/crt0.o
                0x0000204a                _enter
                0x000020a0                        . = ALIGN (0x4)
                0x000020a0                        _postreloc_end = .

.eh_frame       0x000020a0        0x4 load address 0x000400a0
 .eh_frame      0x000020a0        0x0 /Users/malcolm/opt/cross-newlib/lib/gcc/m68k-elf-rosco/13.2.0/crtbegin.o
 .eh_frame      0x000020a0        0x4 /Users/malcolm/opt/cross-newlib/lib/gcc/m68k-elf-rosco/13.2.0/crtend.o

.text           0x000020a4     0xec8e load address 0x000400a4
                0x000020a4                        _code = .
 *(.text*)
 .text          0x000020a4        0x0 /Users/malcolm/opt/cross-newlib/lib/gcc/m68k-elf-rosco/13.2.0/crti.o
 .text          0x000020a4       0xf0 /Users/malcolm/opt/cross-newlib/lib/gcc/m68k-elf-rosco/13.2.0/crtbegin.o
 .text          0x00002194      0x1fe main.o
                0x00002194                gettimer
                0x000021a2                getduration
                0x000021ca                main
 *fill*         0x00002392        0x2 
 .text          0x00002394        0x0 /Users/malcolm/opt/cross-newlib/lib/gcc/m68k-elf-rosco/13.2.0/../../../../m68k-elf-rosco/lib/libc.a(libc_a-atexit.o)
 .text.atexit   0x00002394       0x16 /Users/malcolm/opt/cross-newlib/lib/gcc/m68k-elf-rosco/13.2.0/../../../../m68k-elf-rosco/lib/libc.a(libc_a-atexit.o)
                0x00002394                atexit
 *fill*         0x000023aa        0x2 
 .text          0x000023ac        0x0 /Users/malcolm/opt/cross-newlib/lib/gcc/m68k-elf-rosco/13.2.0/../../../../m68k-elf-rosco/lib/libc.a(libc_a-exit.o)
 .text.exit     0x000023ac       0x28 /Users/malcolm/opt/cross-newlib/lib/gcc/m68k-elf-rosco/13.2.0/../../../../m68k-elf-rosco/lib/libc.a(libc_a-exit.o)
                0x000023ac                exit
 .text          0x000023d4        0x0 /Users/malcolm/opt/cross-newlib/lib/gcc/m68k-elf-rosco/13.2.0/../../../../m68k-elf-rosco/lib/libc.a(libc_a-printf.o)
 .text._printf_r
                0x000023d4       0x24 /Users/malcolm/opt/cross-newlib/lib/gcc/m68k-elf-rosco/13.2.0/../../../../m68k-elf-rosco/lib/libc.a(libc_a-printf.o)
                0x000023d4                _printf_r
 .text.printf   0x000023f8       0x26 /Users/malcolm/opt/cross-newlib/lib/gcc/m68k-elf-rosco/13.2.0/../../../../m68k-elf-rosco/lib/libc.a(libc_a-printf.o)
                0x000023f8                printf
 *fill*         0x0000241e        0x2 
 .text          0x00002420        0x0 /Users/malcolm/opt/cross-newlib/lib/gcc/m68k-elf-rosco/13.2.0/../../../../m68k-elf-rosco/lib/libc.a(libc_a-findfp.o)
 .text.__fp_lock
                0x00002420        0x4 /Users/malcolm/opt/cross-newlib/lib/gcc/m68k-elf-rosco/13.2.0/../../../../m68k-elf-rosco/lib/libc.a(libc_a-findfp.o)
 .text.stdio_exit_handler
                0x00002424       0x1e /Users/malcolm/opt/cross-newlib/lib/gcc/m68k-elf-rosco/13.2.0/../../../../m68k-elf-rosco/lib/libc.a(libc_a-findfp.o)
 .text.cleanup_stdio
                0x00002442       0x52 /Users/malcolm/opt/cross-newlib/lib/gcc/m68k-elf-rosco/13.2.0/../../../../m68k-elf-rosco/lib/libc.a(libc_a-findfp.o)
 .text.__fp_unlock
                0x00002494        0x4 /Users/malcolm/opt/cross-newlib/lib/gcc/m68k-elf-rosco/13.2.0/../../../../m68k-elf-rosco/lib/libc.a(libc_a-findfp.o)
 .text.global_stdio_init.part.0
                0x00002498      0x178 /Users/malcolm/opt/cross-newlib/lib/gcc/m68k-elf-rosco/13.2.0/../../../../m68k-elf-rosco/lib/libc.a(libc_a-findfp.o)
 .text.__sfp    0x00002610      0x100 /Users/malcolm/opt/cross-newlib/lib/gcc/m68k-elf-rosco/13.2.0/../../../../m68k-elf-rosco/lib/libc.a(libc_a-findfp.o)
                0x00002610                __sfp
 .text.__sinit  0x00002710       0x22 /Users/malcolm/opt/cross-newlib/lib/gcc/m68k-elf-rosco/13.2.0/../../../../m68k-elf-rosco/lib/libc.a(libc_a-findfp.o)
                0x00002710                __sinit
 .text.__sfp_lock_acquire
                0x00002732        0x2 /Users/malcolm/opt/cross-newlib/lib/gcc/m68k-elf-rosco/13.2.0/../../../../m68k-elf-rosco/lib/libc.a(libc_a-findfp.o)
                0x00002732                __sfp_lock_acquire
 .text.__sfp_lock_release
                0x00002734        0x2 /Users/malcolm/opt/cross-newlib/lib/gcc/m68k-elf-rosco/13.2.0/../../../../m68k-elf-rosco/lib/libc.a(libc_a-findfp.o)
                0x00002734                __sfp_lock_release
 .text.__fp_lock_all
                0x00002736       0x1a /Users/malcolm/opt/cross-newlib/lib/gcc/m68k-elf-rosco/13.2.0/../../../../m68k-elf-rosco/lib/libc.a(libc_a-findfp.o)
                0x00002736                __fp_lock_all
 .text.__fp_unlock_all
                0x00002750       0x1a /Users/malcolm/opt/cross-newlib/lib/gcc/m68k-elf-rosco/13.2.0/../../../../m68k-elf-rosco/lib/libc.a(libc_a-findfp.o)
                0x00002750                __fp_unlock_all
 *fill*         0x0000276a        0x2 
 .text          0x0000276c        0x0 /Users/malcolm/opt/cross-newlib/lib/gcc/m68k-elf-rosco/13.2.0/../../../../m68k-elf-rosco/lib/libc.a(libc_a-fwalk.o)
 .text._fwalk_sglue
                0x0000276c       0x56 /Users/malcolm/opt/cross-newlib/lib/gcc/m68k-elf-rosco/13.2.0/../../../../m68k-elf-rosco/lib/libc.a(libc_a-fwalk.o)
                0x0000276c                _fwalk_sglue
 *fill*         0x000027c2        0x2 
 .text          0x000027c4        0x0 /Users/malcolm/opt/cross-newlib/lib/gcc/m68k-elf-rosco/13.2.0/../../../../m68k-elf-rosco/lib/libc.a(libc_a-impure.o)
 .text          0x000027c4       0x72 /Users/malcolm/opt/cross-newlib/lib/gcc/m68k-elf-rosco/13.2.0/../../../../m68k-elf-rosco/lib/libc.a(libc_a-memset.o)
                0x000027c4                memset
 *fill*         0x00002836        0x2 
 .text          0x00002838        0x0 /Users/malcolm/opt/cross-newlib/lib/gcc/m68k-elf-rosco/13.2.0/../../../../m68k-elf-rosco/lib/libc.a(libc_a-__atexit.o)
 .text.__register_exitproc
                0x00002838       0x96 /Users/malcolm/opt/cross-newlib/lib/gcc/m68k-elf-rosco/13.2.0/../../../../m68k-elf-rosco/lib/libc.a(libc_a-__atexit.o)
                0x00002838                __register_exitproc
 *fill*         0x000028ce        0x2 
 .text          0x000028d0        0x0 /Users/malcolm/opt/cross-newlib/lib/gcc/m68k-elf-rosco/13.2.0/../../../../m68k-elf-rosco/lib/libc.a(libc_a-__call_atexit.o)
 .text.__call_exitprocs
                0x000028d0       0xbc /Users/malcolm/opt/cross-newlib/lib/gcc/m68k-elf-rosco/13.2.0/../../../../m68k-elf-rosco/lib/libc.a(libc_a-__call_atexit.o)
                0x000028d0                __call_exitprocs
 .text          0x0000298c        0x0 /Users/malcolm/opt/cross-newlib/lib/gcc/m68k-elf-rosco/13.2.0/../../../../m68k-elf-rosco/lib/libc.a(libc_a-mallocr.o)
 .text._malloc_r
                0x0000298c      0x842 /Users/malcolm/opt/cross-newlib/lib/gcc/m68k-elf-rosco/13.2.0/../../../../m68k-elf-rosco/lib/libc.a(libc_a-mallocr.o)
                0x0000298c                _malloc_r
 *fill*         0x000031ce        0x2 
 .text          0x000031d0        0x0 /Users/malcolm/opt/cross-newlib/lib/gcc/m68k-elf-rosco/13.2.0/../../../../m68k-elf-rosco/lib/libc.a(libc_a-vfprintf.o)
 .text._vfprintf_r
                0x000031d0     0x1d04 /Users/malcolm/opt/cross-newlib/lib/gcc/m68k-elf-rosco/13.2.0/../../../../m68k-elf-rosco/lib/libc.a(libc_a-vfprintf.o)
                0x000031d0                _vfprintf_r
 .text.vfprintf
                0x00004ed4       0x1e /Users/malcolm/opt/cross-newlib/lib/gcc/m68k-elf-rosco/13.2.0/../../../../m68k-elf-rosco/lib/libc.a(libc_a-vfprintf.o)
                0x00004ed4                vfprintf
 .text.__sbprintf
                0x00004ef2       0xa4 /Users/malcolm/opt/cross-newlib/lib/gcc/m68k-elf-rosco/13.2.0/../../../../m68k-elf-rosco/lib/libc.a(libc_a-vfprintf.o)
 *fill*         0x00004f96        0x2 
 .text          0x00004f98        0x0 /Users/malcolm/opt/cross-newlib/lib/gcc/m68k-elf-rosco/13.2.0/../../../../m68k-elf-rosco/lib/libc.a(libc_a-mlock.o)
 .text.__malloc_lock
                0x00004f98        0x2 /Users/malcolm/opt/cross-newlib/lib/gcc/m68k-elf-rosco/13.2.0/../../../../m68k-elf-rosco/lib/libc.a(libc_a-mlock.o)
                0x00004f98                __malloc_lock
 .text.__malloc_unlock
                0x00004f9a        0x2 /Users/malcolm/opt/cross-newlib/lib/gcc/m68k-elf-rosco/13.2.0/../../../../m68k-elf-rosco/lib/libc.a(libc_a-mlock.o)
                0x00004f9a                __malloc_unlock
 .text          0x00004f9c        0x0 /Users/malcolm/opt/cross-newlib/lib/gcc/m68k-elf-rosco/13.2.0/../../../../m68k-elf-rosco/lib/libc.a(libc_a-sprint_r.o)
 .text.__sprint_r
                0x00004f9c       0x36 /Users/malcolm/opt/cross-newlib/lib/gcc/m68k-elf-rosco/13.2.0/../../../../m68k-elf-rosco/lib/libc.a(libc_a-sprint_r.o)
                0x00004f9c                __sprint_r
 *fill*         0x00004fd2        0x2 
 .text          0x00004fd4        0x0 /Users/malcolm/opt/cross-newlib/lib/gcc/m68k-elf-rosco/13.2.0/../../../../m68k-elf-rosco/lib/libc.a(libc_a-fclose.o)
 .text._fclose_r
                0x00004fd4       0xd8 /Users/malcolm/opt/cross-newlib/lib/gcc/m68k-elf-rosco/13.2.0/../../../../m68k-elf-rosco/lib/libc.a(libc_a-fclose.o)
                0x00004fd4                _fclose_r
 .text.fclose   0x000050ac       0x14 /Users/malcolm/opt/cross-newlib/lib/gcc/m68k-elf-rosco/13.2.0/../../../../m68k-elf-rosco/lib/libc.a(libc_a-fclose.o)
                0x000050ac                fclose
 .text          0x000050c0        0x0 /Users/malcolm/opt/cross-newlib/lib/gcc/m68k-elf-rosco/13.2.0/../../../../m68k-elf-rosco/lib/libc.a(libc_a-fflush.o)
 .text.__sflush_r
                0x000050c0      0x1ba /Users/malcolm/opt/cross-newlib/lib/gcc/m68k-elf-rosco/13.2.0/../../../../m68k-elf-rosco/lib/libc.a(libc_a-fflush.o)
                0x000050c0                __sflush_r
 .text._fflush_r
                0x0000527a       0x44 /Users/malcolm/opt/cross-newlib/lib/gcc/m68k-elf-rosco/13.2.0/../../../../m68k-elf-rosco/lib/libc.a(libc_a-fflush.o)
                0x0000527a                _fflush_r
 .text.fflush   0x000052be       0x74 /Users/malcolm/opt/cross-newlib/lib/gcc/m68k-elf-rosco/13.2.0/../../../../m68k-elf-rosco/lib/libc.a(libc_a-fflush.o)
                0x000052be                fflush
 *fill*         0x00005332        0x2 
 .text          0x00005334        0x0 /Users/malcolm/opt/cross-newlib/lib/gcc/m68k-elf-rosco/13.2.0/../../../../m68k-elf-rosco/lib/libc.a(libc_a-stdio.o)
 .text.__sread  0x00005334       0x38 /Users/malcolm/opt/cross-newlib/lib/gcc/m68k-elf-rosco/13.2.0/../../../../m68k-elf-rosco/lib/libc.a(libc_a-stdio.o)
                0x00005334                __sread
 .text.__seofread
                0x0000536c        0x4 /Users/malcolm/opt/cross-newlib/lib/gcc/m68k-elf-rosco/13.2.0/../../../../m68k-elf-rosco/lib/libc.a(libc_a-stdio.o)
                0x0000536c                __seofread
 .text.__swrite
                0x00005370       0x86 /Users/malcolm/opt/cross-newlib/lib/gcc/m68k-elf-rosco/13.2.0/../../../../m68k-elf-rosco/lib/libc.a(libc_a-stdio.o)
                0x00005370                __swrite
 .text.__sseek  0x000053f6       0x40 /Users/malcolm/opt/cross-newlib/lib/gcc/m68k-elf-rosco/13.2.0/../../../../m68k-elf-rosco/lib/libc.a(libc_a-stdio.o)
                0x000053f6                __sseek
 .text.__sclose
                0x00005436       0x12 /Users/malcolm/opt/cross-newlib/lib/gcc/m68k-elf-rosco/13.2.0/../../../../m68k-elf-rosco/lib/libc.a(libc_a-stdio.o)
                0x00005436                __sclose
 .text          0x00005448        0x0 /Users/malcolm/opt/cross-newlib/lib/gcc/m68k-elf-rosco/13.2.0/../../../../m68k-elf-rosco/lib/libc.a(libc_a-fvwrite.o)
 .text.__sfvwrite_r
                0x00005448      0x3b6 /Users/malcolm/opt/cross-newlib/lib/gcc/m68k-elf-rosco/13.2.0/../../../../m68k-elf-rosco/lib/libc.a(libc_a-fvwrite.o)
                0x00005448                __sfvwrite_r
 *fill*         0x000057fe        0x2 
 .text          0x00005800        0x0 /Users/malcolm/opt/cross-newlib/lib/gcc/m68k-elf-rosco/13.2.0/../../../../m68k-elf-rosco/lib/libc.a(libc_a-wsetup.o)
 .text.__swsetup_r
                0x00005800      0x128 /Users/malcolm/opt/cross-newlib/lib/gcc/m68k-elf-rosco/13.2.0/../../../../m68k-elf-rosco/lib/libc.a(libc_a-wsetup.o)
                0x00005800                __swsetup_r
 .text          0x00005928        0x0 /Users/malcolm/opt/cross-newlib/lib/gcc/m68k-elf-rosco/13.2.0/../../../../m68k-elf-rosco/lib/libc.a(libc_a-memchr.o)
 .text.memchr   0x00005928       0x9c /Users/malcolm/opt/cross-newlib/lib/gcc/m68k-elf-rosco/13.2.0/../../../../m68k-elf-rosco/lib/libc.a(libc_a-memchr.o)
                0x00005928                memchr
 .text          0x000059c4        0x0 /Users/malcolm/opt/cross-newlib/lib/gcc/m68k-elf-rosco/13.2.0/../../../../m68k-elf-rosco/lib/libc.a(libc_a-memmove.o)
 .text.memmove  0x000059c4       0xf8 /Users/malcolm/opt/cross-newlib/lib/gcc/m68k-elf-rosco/13.2.0/../../../../m68k-elf-rosco/lib/libc.a(libc_a-memmove.o)
                0x000059c4                memmove
 .text          0x00005abc        0x0 /Users/malcolm/opt/cross-newlib/lib/gcc/m68k-elf-rosco/13.2.0/../../../../m68k-elf-rosco/lib/libc.a(libc_a-localeconv.o)
 .text.__localeconv_l
                0x00005abc        0xc /Users/malcolm/opt/cross-newlib/lib/gcc/m68k-elf-rosco/13.2.0/../../../../m68k-elf-rosco/lib/libc.a(libc_a-localeconv.o)
                0x00005abc                __localeconv_l
 .text._localeconv_r
                0x00005ac8        0x8 /Users/malcolm/opt/cross-newlib/lib/gcc/m68k-elf-rosco/13.2.0/../../../../m68k-elf-rosco/lib/libc.a(libc_a-localeconv.o)
                0x00005ac8                _localeconv_r
 .text.localeconv
                0x00005ad0        0x8 /Users/malcolm/opt/cross-newlib/lib/gcc/m68k-elf-rosco/13.2.0/../../../../m68k-elf-rosco/lib/libc.a(libc_a-localeconv.o)
                0x00005ad0                localeconv
 .text          0x00005ad8        0x0 /Users/malcolm/opt/cross-newlib/lib/gcc/m68k-elf-rosco/13.2.0/../../../../m68k-elf-rosco/lib/libc.a(libc_a-closer.o)
 .text._close_r
                0x00005ad8       0x2a /Users/malcolm/opt/cross-newlib/lib/gcc/m68k-elf-rosco/13.2.0/../../../../m68k-elf-rosco/lib/libc.a(libc_a-closer.o)
                0x00005ad8                _close_r
 *fill*         0x00005b02        0x2 
 .text          0x00005b04        0x0 /Users/malcolm/opt/cross-newlib/lib/gcc/m68k-elf-rosco/13.2.0/../../../../m68k-elf-rosco/lib/libc.a(libc_a-reent.o)
 .text._reclaim_reent
                0x00005b04       0xb6 /Users/malcolm/opt/cross-newlib/lib/gcc/m68k-elf-rosco/13.2.0/../../../../m68k-elf-rosco/lib/libc.a(libc_a-reent.o)
                0x00005b04                _reclaim_reent
 *fill*         0x00005bba        0x2 
 .text          0x00005bbc        0x0 /Users/malcolm/opt/cross-newlib/lib/gcc/m68k-elf-rosco/13.2.0/../../../../m68k-elf-rosco/lib/libc.a(libc_a-lseekr.o)
 .text._lseek_r
                0x00005bbc       0x34 /Users/malcolm/opt/cross-newlib/lib/gcc/m68k-elf-rosco/13.2.0/../../../../m68k-elf-rosco/lib/libc.a(libc_a-lseekr.o)
                0x00005bbc                _lseek_r
 .text          0x00005bf0        0x0 /Users/malcolm/opt/cross-newlib/lib/gcc/m68k-elf-rosco/13.2.0/../../../../m68k-elf-rosco/lib/libc.a(libc_a-readr.o)
 .text._read_r  0x00005bf0       0x34 /Users/malcolm/opt/cross-newlib/lib/gcc/m68k-elf-rosco/13.2.0/../../../../m68k-elf-rosco/lib/libc.a(libc_a-readr.o)
                0x00005bf0                _read_r
 .text          0x00005c24        0x0 /Users/malcolm/opt/cross-newlib/lib/gcc/m68k-elf-rosco/13.2.0/../../../../m68k-elf-rosco/lib/libc.a(libc_a-sbrkr.o)
 .text._sbrk_r  0x00005c24       0x2a /Users/malcolm/opt/cross-newlib/lib/gcc/m68k-elf-rosco/13.2.0/../../../../m68k-elf-rosco/lib/libc.a(libc_a-sbrkr.o)
                0x00005c24                _sbrk_r
 *fill*         0x00005c4e        0x2 
 .text          0x00005c50        0x0 /Users/malcolm/opt/cross-newlib/lib/gcc/m68k-elf-rosco/13.2.0/../../../../m68k-elf-rosco/lib/libc.a(libc_a-writer.o)
 .text._write_r
                0x00005c50       0x34 /Users/malcolm/opt/cross-newlib/lib/gcc/m68k-elf-rosco/13.2.0/../../../../m68k-elf-rosco/lib/libc.a(libc_a-writer.o)
                0x00005c50                _write_r
 .text          0x00005c84        0x0 /Users/malcolm/opt/cross-newlib/lib/gcc/m68k-elf-rosco/13.2.0/../../../../m68k-elf-rosco/lib/libc.a(libc_a-strlen.o)
 .text.strlen   0x00005c84       0x14 /Users/malcolm/opt/cross-newlib/lib/gcc/m68k-elf-rosco/13.2.0/../../../../m68k-elf-rosco/lib/libc.a(libc_a-strlen.o)
                0x00005c84                strlen
 .text          0x00005c98       0x6e /Users/malcolm/opt/cross-newlib/lib/gcc/m68k-elf-rosco/13.2.0/../../../../m68k-elf-rosco/lib/libc.a(libc_a-memcpy.o)
                0x00005c98                memcpy
 *fill*         0x00005d06        0x2 
 .text          0x00005d08        0x0 /Users/malcolm/opt/cross-newlib/lib/gcc/m68k-elf-rosco/13.2.0/../../../../m68k-elf-rosco/lib/libc.a(libc_a-dtoa.o)
 .text.quorem   0x00005d08      0x1a2 /Users/malcolm/opt/cross-newlib/lib/gcc/m68k-elf-rosco/13.2.0/../../../../m68k-elf-rosco/lib/libc.a(libc_a-dtoa.o)
 .text._dtoa_r  0x00005eaa     0x196a /Users/malcolm/opt/cross-newlib/lib/gcc/m68k-elf-rosco/13.2.0/../../../../m68k-elf-rosco/lib/libc.a(libc_a-dtoa.o)
                0x00005eaa                _dtoa_r
 .text          0x00007814        0x0 /Users/malcolm/opt/cross-newlib/lib/gcc/m68k-elf-rosco/13.2.0/../../../../m68k-elf-rosco/lib/libc.a(libc_a-freer.o)
 .text._malloc_trim_r
                0x00007814       0xda /Users/malcolm/opt/cross-newlib/lib/gcc/m68k-elf-rosco/13.2.0/../../../../m68k-elf-rosco/lib/libc.a(libc_a-freer.o)
                0x00007814                _malloc_trim_r
 .text._free_r  0x000078ee      0x352 /Users/malcolm/opt/cross-newlib/lib/gcc/m68k-elf-rosco/13.2.0/../../../../m68k-elf-rosco/lib/libc.a(libc_a-freer.o)
                0x000078ee                _free_r
 .text          0x00007c40        0x0 /Users/malcolm/opt/cross-newlib/lib/gcc/m68k-elf-rosco/13.2.0/../../../../m68k-elf-rosco/lib/libc.a(libc_a-mprec.o)
 .text._Balloc  0x00007c40       0x90 /Users/malcolm/opt/cross-newlib/lib/gcc/m68k-elf-rosco/13.2.0/../../../../m68k-elf-rosco/lib/libc.a(libc_a-mprec.o)
                0x00007c40                _Balloc
 .text._Bfree   0x00007cd0       0x24 /Users/malcolm/opt/cross-newlib/lib/gcc/m68k-elf-rosco/13.2.0/../../../../m68k-elf-rosco/lib/libc.a(libc_a-mprec.o)
                0x00007cd0                _Bfree
 .text.__multadd
                0x00007cf4       0xfc /Users/malcolm/opt/cross-newlib/lib/gcc/m68k-elf-rosco/13.2.0/../../../../m68k-elf-rosco/lib/libc.a(libc_a-mprec.o)
                0x00007cf4                __multadd
 .text.__s2b    0x00007df0       0xe4 /Users/malcolm/opt/cross-newlib/lib/gcc/m68k-elf-rosco/13.2.0/../../../../m68k-elf-rosco/lib/libc.a(libc_a-mprec.o)
                0x00007df0                __s2b
 .text.__hi0bits
                0x00007ed4       0x66 /Users/malcolm/opt/cross-newlib/lib/gcc/m68k-elf-rosco/13.2.0/../../../../m68k-elf-rosco/lib/libc.a(libc_a-mprec.o)
                0x00007ed4                __hi0bits
 .text.__lo0bits
                0x00007f3a       0x76 /Users/malcolm/opt/cross-newlib/lib/gcc/m68k-elf-rosco/13.2.0/../../../../m68k-elf-rosco/lib/libc.a(libc_a-mprec.o)
                0x00007f3a                __lo0bits
 .text.__i2b    0x00007fb0       0xa4 /Users/malcolm/opt/cross-newlib/lib/gcc/m68k-elf-rosco/13.2.0/../../../../m68k-elf-rosco/lib/libc.a(libc_a-mprec.o)
                0x00007fb0                __i2b
 .text.__multiply
                0x00008054      0x20a /Users/malcolm/opt/cross-newlib/lib/gcc/m68k-elf-rosco/13.2.0/../../../../m68k-elf-rosco/lib/libc.a(libc_a-mprec.o)
                0x00008054                __multiply
 .text.__pow5mult
                0x0000825e       0xfc /Users/malcolm/opt/cross-newlib/lib/gcc/m68k-elf-rosco/13.2.0/../../../../m68k-elf-rosco/lib/libc.a(libc_a-mprec.o)
                0x0000825e                __pow5mult
 .text.__lshift
                0x0000835a      0x112 /Users/malcolm/opt/cross-newlib/lib/gcc/m68k-elf-rosco/13.2.0/../../../../m68k-elf-rosco/lib/libc.a(libc_a-mprec.o)
                0x0000835a                __lshift
 .text.__mcmp   0x0000846c       0x4e /Users/malcolm/opt/cross-newlib/lib/gcc/m68k-elf-rosco/13.2.0/../../../../m68k-elf-rosco/lib/libc.a(libc_a-mprec.o)
                0x0000846c                __mcmp
 .text.__mdiff  0x000084ba      0x1d0 /Users/malcolm/opt/cross-newlib/lib/gcc/m68k-elf-rosco/13.2.0/../../../../m68k-elf-rosco/lib/libc.a(libc_a-mprec.o)
                0x000084ba                __mdiff
 .text.__ulp    0x0000868a       0x52 /Users/malcolm/opt/cross-newlib/lib/gcc/m68k-elf-rosco/13.2.0/../../../../m68k-elf-rosco/lib/libc.a(libc_a-mprec.o)
                0x0000868a                __ulp
 .text.__b2d    0x000086dc       0xf4 /Users/malcolm/opt/cross-newlib/lib/gcc/m68k-elf-rosco/13.2.0/../../../../m68k-elf-rosco/lib/libc.a(libc_a-mprec.o)
                0x000086dc                __b2d
 .text.__d2b    0x000087d0      0x122 /Users/malcolm/opt/cross-newlib/lib/gcc/m68k-elf-rosco/13.2.0/../../../../m68k-elf-rosco/lib/libc.a(libc_a-mprec.o)
                0x000087d0                __d2b
 .text.__ratio  0x000088f2       0x9a /Users/malcolm/opt/cross-newlib/lib/gcc/m68k-elf-rosco/13.2.0/../../../../m68k-elf-rosco/lib/libc.a(libc_a-mprec.o)
                0x000088f2                __ratio
 .text._mprec_log10
                0x0000898c       0x5a /Users/malcolm/opt/cross-newlib/lib/gcc/m68k-elf-rosco/13.2.0/../../../../m68k-elf-rosco/lib/libc.a(libc_a-mprec.o)
                0x0000898c                _mprec_log10
 .text.__copybits
                0x000089e6       0x58 /Users/malcolm/opt/cross-newlib/lib/gcc/m68k-elf-rosco/13.2.0/../../../../m68k-elf-rosco/lib/libc.a(libc_a-mprec.o)
                0x000089e6                __copybits
 .text.__any_on
                0x00008a3e       0x5a /Users/malcolm/opt/cross-newlib/lib/gcc/m68k-elf-rosco/13.2.0/../../../../m68k-elf-rosco/lib/libc.a(libc_a-mprec.o)
                0x00008a3e                __any_on
 .text          0x00008a98        0x0 /Users/malcolm/opt/cross-newlib/lib/gcc/m68k-elf-rosco/13.2.0/../../../../m68k-elf-rosco/lib/libc.a(libc_a-makebuf.o)
 .text.__swhatbuf_r
                0x00008a98       0xb6 /Users/malcolm/opt/cross-newlib/lib/gcc/m68k-elf-rosco/13.2.0/../../../../m68k-elf-rosco/lib/libc.a(libc_a-makebuf.o)
                0x00008a98                __swhatbuf_r
 .text.__smakebuf_r
                0x00008b4e       0xde /Users/malcolm/opt/cross-newlib/lib/gcc/m68k-elf-rosco/13.2.0/../../../../m68k-elf-rosco/lib/libc.a(libc_a-makebuf.o)
                0x00008b4e                __smakebuf_r
 .text          0x00008c2c        0x0 /Users/malcolm/opt/cross-newlib/lib/gcc/m68k-elf-rosco/13.2.0/../../../../m68k-elf-rosco/lib/libc.a(libc_a-reallocr.o)
 .text._realloc_r
                0x00008c2c      0x5f0 /Users/malcolm/opt/cross-newlib/lib/gcc/m68k-elf-rosco/13.2.0/../../../../m68k-elf-rosco/lib/libc.a(libc_a-reallocr.o)
                0x00008c2c                _realloc_r
 .text          0x0000921c        0x0 /Users/malcolm/opt/cross-newlib/lib/gcc/m68k-elf-rosco/13.2.0/../../../../m68k-elf-rosco/lib/libc.a(libc_a-locale.o)
 .text._setlocale_r
                0x0000921c       0x54 /Users/malcolm/opt/cross-newlib/lib/gcc/m68k-elf-rosco/13.2.0/../../../../m68k-elf-rosco/lib/libc.a(libc_a-locale.o)
                0x0000921c                _setlocale_r
 .text.__locale_mb_cur_max
                0x00009270        0xc /Users/malcolm/opt/cross-newlib/lib/gcc/m68k-elf-rosco/13.2.0/../../../../m68k-elf-rosco/lib/libc.a(libc_a-locale.o)
                0x00009270                __locale_mb_cur_max
 .text.setlocale
                0x0000927c       0x54 /Users/malcolm/opt/cross-newlib/lib/gcc/m68k-elf-rosco/13.2.0/../../../../m68k-elf-rosco/lib/libc.a(libc_a-locale.o)
                0x0000927c                setlocale
 .text          0x000092d0        0x0 /Users/malcolm/opt/cross-newlib/lib/gcc/m68k-elf-rosco/13.2.0/../../../../m68k-elf-rosco/lib/libc.a(libc_a-fstatr.o)
 .text._fstat_r
                0x000092d0       0x2e /Users/malcolm/opt/cross-newlib/lib/gcc/m68k-elf-rosco/13.2.0/../../../../m68k-elf-rosco/lib/libc.a(libc_a-fstatr.o)
                0x000092d0                _fstat_r
 *fill*         0x000092fe        0x2 
 .text          0x00009300        0x0 /Users/malcolm/opt/cross-newlib/lib/gcc/m68k-elf-rosco/13.2.0/../../../../m68k-elf-rosco/lib/libc.a(libc_a-isattyr.o)
 .text._isatty_r
                0x00009300       0x2a /Users/malcolm/opt/cross-newlib/lib/gcc/m68k-elf-rosco/13.2.0/../../../../m68k-elf-rosco/lib/libc.a(libc_a-isattyr.o)
                0x00009300                _isatty_r
 *fill*         0x0000932a        0x2 
 .text          0x0000932c        0x0 /Users/malcolm/opt/cross-newlib/lib/gcc/m68k-elf-rosco/13.2.0/../../../../m68k-elf-rosco/lib/libc.a(libc_a-ctype_.o)
 .text          0x0000932c        0x0 /Users/malcolm/opt/cross-newlib/lib/gcc/m68k-elf-rosco/13.2.0/../../../../m68k-elf-rosco/lib/libc.a(libc_a-assert.o)
 .text.__assert_func
                0x0000932c       0x6c /Users/malcolm/opt/cross-newlib/lib/gcc/m68k-elf-rosco/13.2.0/../../../../m68k-elf-rosco/lib/libc.a(libc_a-assert.o)
                0x0000932c                __assert_func
 .text.__assert
                0x00009398       0x14 /Users/malcolm/opt/cross-newlib/lib/gcc/m68k-elf-rosco/13.2.0/../../../../m68k-elf-rosco/lib/libc.a(libc_a-assert.o)
                0x00009398                __assert
 .text          0x000093ac        0x0 /Users/malcolm/opt/cross-newlib/lib/gcc/m68k-elf-rosco/13.2.0/../../../../m68k-elf-rosco/lib/libc.a(libc_a-callocr.o)
 .text._calloc_r
                0x000093ac      0x13a /Users/malcolm/opt/cross-newlib/lib/gcc/m68k-elf-rosco/13.2.0/../../../../m68k-elf-rosco/lib/libc.a(libc_a-callocr.o)
                0x000093ac                _calloc_r
 *fill*         0x000094e6        0x2 
 .text          0x000094e8        0x0 /Users/malcolm/opt/cross-newlib/lib/gcc/m68k-elf-rosco/13.2.0/../../../../m68k-elf-rosco/lib/libc.a(libc_a-fiprintf.o)
 .text._fiprintf_r
                0x000094e8       0x22 /Users/malcolm/opt/cross-newlib/lib/gcc/m68k-elf-rosco/13.2.0/../../../../m68k-elf-rosco/lib/libc.a(libc_a-fiprintf.o)
                0x000094e8                _fiprintf_r
 .text.fiprintf
                0x0000950a       0x24 /Users/malcolm/opt/cross-newlib/lib/gcc/m68k-elf-rosco/13.2.0/../../../../m68k-elf-rosco/lib/libc.a(libc_a-fiprintf.o)
                0x0000950a                fiprintf
 *fill*         0x0000952e        0x2 
 .text          0x00009530        0x0 /Users/malcolm/opt/cross-newlib/lib/gcc/m68k-elf-rosco/13.2.0/../../../../m68k-elf-rosco/lib/libc.a(libc_a-mbtowc_r.o)
 .text._mbtowc_r
                0x00009530        0x8 /Users/malcolm/opt/cross-newlib/lib/gcc/m68k-elf-rosco/13.2.0/../../../../m68k-elf-rosco/lib/libc.a(libc_a-mbtowc_r.o)
                0x00009530                _mbtowc_r
 .text.__ascii_mbtowc
                0x00009538       0x44 /Users/malcolm/opt/cross-newlib/lib/gcc/m68k-elf-rosco/13.2.0/../../../../m68k-elf-rosco/lib/libc.a(libc_a-mbtowc_r.o)
                0x00009538                __ascii_mbtowc
 .text          0x0000957c        0x0 /Users/malcolm/opt/cross-newlib/lib/gcc/m68k-elf-rosco/13.2.0/../../../../m68k-elf-rosco/lib/libc.a(libc_a-vfiprintf.o)
 .text._vfiprintf_r
                0x0000957c      0xdce /Users/malcolm/opt/cross-newlib/lib/gcc/m68k-elf-rosco/13.2.0/../../../../m68k-elf-rosco/lib/libc.a(libc_a-vfiprintf.o)
                0x0000957c                _vfiprintf_r
 .text.vfiprintf
                0x0000a34a       0x1e /Users/malcolm/opt/cross-newlib/lib/gcc/m68k-elf-rosco/13.2.0/../../../../m68k-elf-rosco/lib/libc.a(libc_a-vfiprintf.o)
                0x0000a34a                vfiprintf
 .text.__sbprintf
                0x0000a368       0xa4 /Users/malcolm/opt/cross-newlib/lib/gcc/m68k-elf-rosco/13.2.0/../../../../m68k-elf-rosco/lib/libc.a(libc_a-vfiprintf.o)
 .text          0x0000a40c        0x0 /Users/malcolm/opt/cross-newlib/lib/gcc/m68k-elf-rosco/13.2.0/../../../../m68k-elf-rosco/lib/libc.a(libc_a-wctomb_r.o)
 .text._wctomb_r
                0x0000a40c        0x8 /Users/malcolm/opt/cross-newlib/lib/gcc/m68k-elf-rosco/13.2.0/../../../../m68k-elf-rosco/lib/libc.a(libc_a-wctomb_r.o)
                0x0000a40c                _wctomb_r
 .text.__ascii_wctomb
                0x0000a414       0x2e /Users/malcolm/opt/cross-newlib/lib/gcc/m68k-elf-rosco/13.2.0/../../../../m68k-elf-rosco/lib/libc.a(libc_a-wctomb_r.o)
                0x0000a414                __ascii_wctomb
 *fill*         0x0000a442        0x2 
 .text          0x0000a444        0x0 /Users/malcolm/opt/cross-newlib/lib/gcc/m68k-elf-rosco/13.2.0/../../../../m68k-elf-rosco/lib/libc.a(libc_a-strcmp.o)
 .text.strcmp   0x0000a444       0x78 /Users/malcolm/opt/cross-newlib/lib/gcc/m68k-elf-rosco/13.2.0/../../../../m68k-elf-rosco/lib/libc.a(libc_a-strcmp.o)
                0x0000a444                strcmp
 .text          0x0000a4bc        0x0 /Users/malcolm/opt/cross-newlib/lib/gcc/m68k-elf-rosco/13.2.0/../../../../m68k-elf-rosco/lib/libc.a(libc_a-errno.o)
 .text.__errno  0x0000a4bc        0x8 /Users/malcolm/opt/cross-newlib/lib/gcc/m68k-elf-rosco/13.2.0/../../../../m68k-elf-rosco/lib/libc.a(libc_a-errno.o)
                0x0000a4bc                __errno
 .text          0x0000a4c4        0x0 /Users/malcolm/opt/cross-newlib/lib/gcc/m68k-elf-rosco/13.2.0/../../../../m68k-elf-rosco/lib/libc.a(libc_a-abort.o)
 .text.abort    0x0000a4c4       0x14 /Users/malcolm/opt/cross-newlib/lib/gcc/m68k-elf-rosco/13.2.0/../../../../m68k-elf-rosco/lib/libc.a(libc_a-abort.o)
                0x0000a4c4                abort
 .text          0x0000a4d8        0x0 /Users/malcolm/opt/cross-newlib/lib/gcc/m68k-elf-rosco/13.2.0/../../../../m68k-elf-rosco/lib/libc.a(libc_a-signal.o)
 .text._init_signal_r
                0x0000a4d8       0x42 /Users/malcolm/opt/cross-newlib/lib/gcc/m68k-elf-rosco/13.2.0/../../../../m68k-elf-rosco/lib/libc.a(libc_a-signal.o)
                0x0000a4d8                _init_signal_r
 .text._signal_r
                0x0000a51a       0x64 /Users/malcolm/opt/cross-newlib/lib/gcc/m68k-elf-rosco/13.2.0/../../../../m68k-elf-rosco/lib/libc.a(libc_a-signal.o)
                0x0000a51a                _signal_r
 .text._raise_r
                0x0000a57e       0x7c /Users/malcolm/opt/cross-newlib/lib/gcc/m68k-elf-rosco/13.2.0/../../../../m68k-elf-rosco/lib/libc.a(libc_a-signal.o)
                0x0000a57e                _raise_r
 .text.__sigtramp_r
                0x0000a5fa       0x92 /Users/malcolm/opt/cross-newlib/lib/gcc/m68k-elf-rosco/13.2.0/../../../../m68k-elf-rosco/lib/libc.a(libc_a-signal.o)
                0x0000a5fa                __sigtramp_r
 .text.raise    0x0000a68c       0x7e /Users/malcolm/opt/cross-newlib/lib/gcc/m68k-elf-rosco/13.2.0/../../../../m68k-elf-rosco/lib/libc.a(libc_a-signal.o)
                0x0000a68c                raise
 .text.signal   0x0000a70a       0x66 /Users/malcolm/opt/cross-newlib/lib/gcc/m68k-elf-rosco/13.2.0/../../../../m68k-elf-rosco/lib/libc.a(libc_a-signal.o)
                0x0000a70a                signal
 .text._init_signal
                0x0000a770       0x44 /Users/malcolm/opt/cross-newlib/lib/gcc/m68k-elf-rosco/13.2.0/../../../../m68k-elf-rosco/lib/libc.a(libc_a-signal.o)
                0x0000a770                _init_signal
 .text.__sigtramp
                0x0000a7b4       0x94 /Users/malcolm/opt/cross-newlib/lib/gcc/m68k-elf-rosco/13.2.0/../../../../m68k-elf-rosco/lib/libc.a(libc_a-signal.o)
                0x0000a7b4                __sigtramp
 .text          0x0000a848        0x0 /Users/malcolm/opt/cross-newlib/lib/gcc/m68k-elf-rosco/13.2.0/../../../../m68k-elf-rosco/lib/libc.a(libc_a-signalr.o)
 .text._kill_r  0x0000a848       0x2e /Users/malcolm/opt/cross-newlib/lib/gcc/m68k-elf-rosco/13.2.0/../../../../m68k-elf-rosco/lib/libc.a(libc_a-signalr.o)
                0x0000a848                _kill_r
 .text._getpid_r
                0x0000a876        0x6 /Users/malcolm/opt/cross-newlib/lib/gcc/m68k-elf-rosco/13.2.0/../../../../m68k-elf-rosco/lib/libc.a(libc_a-signalr.o)
                0x0000a876                _getpid_r
 .text          0x0000a87c        0x0 /Users/malcolm/opt/cross-newlib/lib/gcc/m68k-elf-rosco/13.2.0/../../../../m68k-elf-rosco/lib/librosco.a(syscalls.o)
 .text._exit    0x0000a87c        0x8 /Users/malcolm/opt/cross-newlib/lib/gcc/m68k-elf-rosco/13.2.0/../../../../m68k-elf-rosco/lib/librosco.a(syscalls.o)
                0x0000a87c                _exit
 .text._close   0x0000a884       0x7e /Users/malcolm/opt/cross-newlib/lib/gcc/m68k-elf-rosco/13.2.0/../../../../m68k-elf-rosco/lib/librosco.a(syscalls.o)
                0x0000a884                _close
 .text._execve  0x0000a902        0xc /Users/malcolm/opt/cross-newlib/lib/gcc/m68k-elf-rosco/13.2.0/../../../../m68k-elf-rosco/lib/librosco.a(syscalls.o)
                0x0000a902                _execve
 .text._fork    0x0000a90e        0xc /Users/malcolm/opt/cross-newlib/lib/gcc/m68k-elf-rosco/13.2.0/../../../../m68k-elf-rosco/lib/librosco.a(syscalls.o)
                0x0000a90e                _fork
 .text._fstat   0x0000a91a       0x98 /Users/malcolm/opt/cross-newlib/lib/gcc/m68k-elf-rosco/13.2.0/../../../../m68k-elf-rosco/lib/librosco.a(syscalls.o)
                0x0000a91a                _fstat
 .text._getpid  0x0000a9b2        0x4 /Users/malcolm/opt/cross-newlib/lib/gcc/m68k-elf-rosco/13.2.0/../../../../m68k-elf-rosco/lib/librosco.a(syscalls.o)
                0x0000a9b2                _getpid
 .text._isatty  0x0000a9b6       0x10 /Users/malcolm/opt/cross-newlib/lib/gcc/m68k-elf-rosco/13.2.0/../../../../m68k-elf-rosco/lib/librosco.a(syscalls.o)
                0x0000a9b6                _isatty
 .text._kill    0x0000a9c6        0xc /Users/malcolm/opt/cross-newlib/lib/gcc/m68k-elf-rosco/13.2.0/../../../../m68k-elf-rosco/lib/librosco.a(syscalls.o)
                0x0000a9c6                _kill
 .text._link    0x0000a9d2        0xc /Users/malcolm/opt/cross-newlib/lib/gcc/m68k-elf-rosco/13.2.0/../../../../m68k-elf-rosco/lib/librosco.a(syscalls.o)
                0x0000a9d2                _link
 .text._lseek   0x0000a9de       0x68 /Users/malcolm/opt/cross-newlib/lib/gcc/m68k-elf-rosco/13.2.0/../../../../m68k-elf-rosco/lib/librosco.a(syscalls.o)
                0x0000a9de                _lseek
 .text._sd_open
                0x0000aa46       0x96 /Users/malcolm/opt/cross-newlib/lib/gcc/m68k-elf-rosco/13.2.0/../../../../m68k-elf-rosco/lib/librosco.a(syscalls.o)
                0x0000aa46                _sd_open
 .text._open    0x0000aadc       0xba /Users/malcolm/opt/cross-newlib/lib/gcc/m68k-elf-rosco/13.2.0/../../../../m68k-elf-rosco/lib/librosco.a(syscalls.o)
                0x0000aadc                _open
 .text._read    0x0000ab96      0x124 /Users/malcolm/opt/cross-newlib/lib/gcc/m68k-elf-rosco/13.2.0/../../../../m68k-elf-rosco/lib/librosco.a(syscalls.o)
                0x0000ab96                _read
 .text._sbrk    0x0000acba       0x72 /Users/malcolm/opt/cross-newlib/lib/gcc/m68k-elf-rosco/13.2.0/../../../../m68k-elf-rosco/lib/librosco.a(syscalls.o)
                0x0000acba                _sbrk
 .text._sd_stat
                0x0000ad2c      0x120 /Users/malcolm/opt/cross-newlib/lib/gcc/m68k-elf-rosco/13.2.0/../../../../m68k-elf-rosco/lib/librosco.a(syscalls.o)
                0x0000ad2c                _sd_stat
 .text._stat    0x0000ae4c       0x9c /Users/malcolm/opt/cross-newlib/lib/gcc/m68k-elf-rosco/13.2.0/../../../../m68k-elf-rosco/lib/librosco.a(syscalls.o)
                0x0000ae4c                _stat
 .text._times   0x0000aee8       0x1a /Users/malcolm/opt/cross-newlib/lib/gcc/m68k-elf-rosco/13.2.0/../../../../m68k-elf-rosco/lib/librosco.a(syscalls.o)
                0x0000aee8                _times
 .text._unlink  0x0000af02        0xc /Users/malcolm/opt/cross-newlib/lib/gcc/m68k-elf-rosco/13.2.0/../../../../m68k-elf-rosco/lib/librosco.a(syscalls.o)
                0x0000af02                _unlink
 .text._wait    0x0000af0e        0xc /Users/malcolm/opt/cross-newlib/lib/gcc/m68k-elf-rosco/13.2.0/../../../../m68k-elf-rosco/lib/librosco.a(syscalls.o)
                0x0000af0e                _wait
 .text._write   0x0000af1a       0xbc /Users/malcolm/opt/cross-newlib/lib/gcc/m68k-elf-rosco/13.2.0/../../../../m68k-elf-rosco/lib/librosco.a(syscalls.o)
                0x0000af1a                _write
 .text._gettimeofday
                0x0000afd6        0xc /Users/malcolm/opt/cross-newlib/lib/gcc/m68k-elf-rosco/13.2.0/../../../../m68k-elf-rosco/lib/librosco.a(syscalls.o)
                0x0000afd6                _gettimeofday
 .text.breakpoint
                0x0000afe2        0x2 /Users/malcolm/opt/cross-newlib/lib/gcc/m68k-elf-rosco/13.2.0/../../../../m68k-elf-rosco/lib/librosco.a(syscalls.o)
                0x0000afe2                breakpoint
 .text.mcPrint  0x0000afe4       0x12 /Users/malcolm/opt/cross-newlib/lib/gcc/m68k-elf-rosco/13.2.0/../../../../m68k-elf-rosco/lib/librosco.a(machine.o)
                0x0000afe4                mcPrint
 .text.mcPrintln
                0x0000aff6       0x12 /Users/malcolm/opt/cross-newlib/lib/gcc/m68k-elf-rosco/13.2.0/../../../../m68k-elf-rosco/lib/librosco.a(machine.o)
                0x0000aff6                mcPrintln
 .text.mcPrintchar
                0x0000b008        0xa /Users/malcolm/opt/cross-newlib/lib/gcc/m68k-elf-rosco/13.2.0/../../../../m68k-elf-rosco/lib/librosco.a(machine.o)
                0x0000b008                mcPrintchar
 .text.mcSetcursor
                0x0000b012        0xe /Users/malcolm/opt/cross-newlib/lib/gcc/m68k-elf-rosco/13.2.0/../../../../m68k-elf-rosco/lib/librosco.a(machine.o)
                0x0000b012                mcSetcursor
 .text.mcSendchar
                0x0000b020       0x12 /Users/malcolm/opt/cross-newlib/lib/gcc/m68k-elf-rosco/13.2.0/../../../../m68k-elf-rosco/lib/librosco.a(machine.o)
                0x0000b020                mcSendchar
 .text.mcReadchar
                0x0000b032        0xa /Users/malcolm/opt/cross-newlib/lib/gcc/m68k-elf-rosco/13.2.0/../../../../m68k-elf-rosco/lib/librosco.a(machine.o)
                0x0000b032                mcReadchar
 .text.mcCheckchar
                0x0000b03c        0xe /Users/malcolm/opt/cross-newlib/lib/gcc/m68k-elf-rosco/13.2.0/../../../../m68k-elf-rosco/lib/librosco.a(machine.o)
                0x0000b03c                mcCheckchar
 .text.mcBusywait
                0x0000b04a        0xc /Users/malcolm/opt/cross-newlib/lib/gcc/m68k-elf-rosco/13.2.0/../../../../m68k-elf-rosco/lib/librosco.a(machine.o)
                0x0000b04a                mcBusywait
 .text.mcDelaymsec10
                0x0000b056       0x10 /Users/malcolm/opt/cross-newlib/lib/gcc/m68k-elf-rosco/13.2.0/../../../../m68k-elf-rosco/lib/librosco.a(machine.o)
                0x0000b056                mcDelaymsec10
 .text.mcDisableInterrupts
                0x0000b066        0xe /Users/malcolm/opt/cross-newlib/lib/gcc/m68k-elf-rosco/13.2.0/../../../../m68k-elf-rosco/lib/librosco.a(machine.o)
                0x0000b066                mcDisableInterrupts
 .text.mcEnableInterrupts
                0x0000b074       0x1e /Users/malcolm/opt/cross-newlib/lib/gcc/m68k-elf-rosco/13.2.0/../../../../m68k-elf-rosco/lib/librosco.a(machine.o)
                0x0000b074                mcEnableInterrupts
 .text.mcHalt   0x0000b092        0x6 /Users/malcolm/opt/cross-newlib/lib/gcc/m68k-elf-rosco/13.2.0/../../../../m68k-elf-rosco/lib/librosco.a(machine.o)
                0x0000b092                mcHalt
 .text.mcCheckDeviceSupport
                0x0000b098       0x16 /Users/malcolm/opt/cross-newlib/lib/gcc/m68k-elf-rosco/13.2.0/../../../../m68k-elf-rosco/lib/librosco.a(machine.o)
                0x0000b098                mcCheckDeviceSupport
 .text.mcGetDeviceCount
                0x0000b0ae        0xa /Users/malcolm/opt/cross-newlib/lib/gcc/m68k-elf-rosco/13.2.0/../../../../m68k-elf-rosco/lib/librosco.a(machine.o)
                0x0000b0ae                mcGetDeviceCount
 .text.mcGetDevice
                0x0000b0b8       0x12 /Users/malcolm/opt/cross-newlib/lib/gcc/m68k-elf-rosco/13.2.0/../../../../m68k-elf-rosco/lib/librosco.a(machine.o)
                0x0000b0b8                mcGetDevice
 .text.mcAddDevice
                0x0000b0ca        0xe /Users/malcolm/opt/cross-newlib/lib/gcc/m68k-elf-rosco/13.2.0/../../../../m68k-elf-rosco/lib/librosco.a(machine.o)
                0x0000b0ca                mcAddDevice
 .text.mcCheckDevice
                0x0000b0d8        0xe /Users/malcolm/opt/cross-newlib/lib/gcc/m68k-elf-rosco/13.2.0/../../../../m68k-elf-rosco/lib/librosco.a(machine.o)
                0x0000b0d8                mcCheckDevice
 .text.mcReadDevice
                0x0000b0e6        0xe /Users/malcolm/opt/cross-newlib/lib/gcc/m68k-elf-rosco/13.2.0/../../../../m68k-elf-rosco/lib/librosco.a(machine.o)
                0x0000b0e6                mcReadDevice
 .text.mcSendDevice
                0x0000b0f4       0x12 /Users/malcolm/opt/cross-newlib/lib/gcc/m68k-elf-rosco/13.2.0/../../../../m68k-elf-rosco/lib/librosco.a(machine.o)
                0x0000b0f4                mcSendDevice
 .text.mcDeviceCtrl
                0x0000b106       0x32 /Users/malcolm/opt/cross-newlib/lib/gcc/m68k-elf-rosco/13.2.0/../../../../m68k-elf-rosco/lib/librosco.a(machine.o)
                0x0000b106                mcDeviceCtrl
                0x0000b120                mcGetVecBase
 .text.mcInputchar
                0x0000b138        0xa /Users/malcolm/opt/cross-newlib/lib/gcc/m68k-elf-rosco/13.2.0/../../../../m68k-elf-rosco/lib/librosco.a(machine.o)
                0x0000b138                mcInputchar
 .text.mcCheckInput
                0x0000b142        0xe /Users/malcolm/opt/cross-newlib/lib/gcc/m68k-elf-rosco/13.2.0/../../../../m68k-elf-rosco/lib/librosco.a(machine.o)
                0x0000b142                mcCheckInput
 .text.mcGetStackPointer
                0x0000b150        0x6 /Users/malcolm/opt/cross-newlib/lib/gcc/m68k-elf-rosco/13.2.0/../../../../m68k-elf-rosco/lib/librosco.a(machine.o)
                0x0000b150                mcGetStackPointer
 *fill*         0x0000b156        0x2 
 .text          0x0000b158        0x0 /Users/malcolm/opt/cross-newlib/lib/gcc/m68k-elf-rosco/13.2.0/../../../../m68k-elf-rosco/lib/librosco.a(sdcard.o)
 .text.__sd_fat_shutdown
                0x0000b158       0x10 /Users/malcolm/opt/cross-newlib/lib/gcc/m68k-elf-rosco/13.2.0/../../../../m68k-elf-rosco/lib/librosco.a(sdcard.o)
 .text.FAT_media_write
                0x0000b168       0x20 /Users/malcolm/opt/cross-newlib/lib/gcc/m68k-elf-rosco/13.2.0/../../../../m68k-elf-rosco/lib/librosco.a(sdcard.o)
 .text.FAT_media_read
                0x0000b188       0x20 /Users/malcolm/opt/cross-newlib/lib/gcc/m68k-elf-rosco/13.2.0/../../../../m68k-elf-rosco/lib/librosco.a(sdcard.o)
 .text.SD_FAT_initialize
                0x0000b1a8       0x7c /Users/malcolm/opt/cross-newlib/lib/gcc/m68k-elf-rosco/13.2.0/../../../../m68k-elf-rosco/lib/librosco.a(sdcard.o)
                0x0000b1a8                SD_FAT_initialize
 .text.SD_FAT_get_sd_card
                0x0000b224       0x14 /Users/malcolm/opt/cross-newlib/lib/gcc/m68k-elf-rosco/13.2.0/../../../../m68k-elf-rosco/lib/librosco.a(sdcard.o)
                0x0000b224                SD_FAT_get_sd_card
 .text.SD_check_support
                0x0000b238       0x14 /Users/malcolm/opt/cross-newlib/lib/gcc/m68k-elf-rosco/13.2.0/../../../../m68k-elf-rosco/lib/librosco.a(sdcard_asm.o)
                0x0000b238                SD_check_support
 .text.SD_initialize
                0x0000b24c       0x12 /Users/malcolm/opt/cross-newlib/lib/gcc/m68k-elf-rosco/13.2.0/../../../../m68k-elf-rosco/lib/librosco.a(sdcard_asm.o)
                0x0000b24c                SD_initialize
 .text.SD_read_block
                0x0000b25e       0x1a /Users/malcolm/opt/cross-newlib/lib/gcc/m68k-elf-rosco/13.2.0/../../../../m68k-elf-rosco/lib/librosco.a(sdcard_asm.o)
                0x0000b25e                SD_read_block
 .text.SD_write_block
                0x0000b278       0x1a /Users/malcolm/opt/cross-newlib/lib/gcc/m68k-elf-rosco/13.2.0/../../../../m68k-elf-rosco/lib/librosco.a(sdcard_asm.o)
                0x0000b278                SD_write_block
 .text.SD_read_register
                0x0000b292       0x1a /Users/malcolm/opt/cross-newlib/lib/gcc/m68k-elf-rosco/13.2.0/../../../../m68k-elf-rosco/lib/librosco.a(sdcard_asm.o)
                0x0000b292                SD_read_register
 .text          0x0000b2ac        0x0 /Users/malcolm/opt/cross-newlib/lib/gcc/m68k-elf-rosco/13.2.0/../../../../m68k-elf-rosco/lib/librosco.a(part.o)
 .text.Part_init_SD
                0x0000b2ac       0x88 /Users/malcolm/opt/cross-newlib/lib/gcc/m68k-elf-rosco/13.2.0/../../../../m68k-elf-rosco/lib/librosco.a(part.o)
                0x0000b2ac                Part_init_SD
 .text.Part_read
                0x0000b334       0xc0 /Users/malcolm/opt/cross-newlib/lib/gcc/m68k-elf-rosco/13.2.0/../../../../m68k-elf-rosco/lib/librosco.a(part.o)
                0x0000b334                Part_read
 .text.Part_write
                0x0000b3f4       0xc0 /Users/malcolm/opt/cross-newlib/lib/gcc/m68k-elf-rosco/13.2.0/../../../../m68k-elf-rosco/lib/librosco.a(part.o)
                0x0000b3f4                Part_write
 .text.Part_valid
                0x0000b4b4       0x20 /Users/malcolm/opt/cross-newlib/lib/gcc/m68k-elf-rosco/13.2.0/../../../../m68k-elf-rosco/lib/librosco.a(part.o)
                0x0000b4b4                Part_valid
 .text          0x0000b4d4        0x0 /Users/malcolm/opt/cross-newlib/lib/gcc/m68k-elf-rosco/13.2.0/../../../../m68k-elf-rosco/lib/librosco.a(fat_filelib.o)
 .text._open_directory
                0x0000b4d4       0xb4 /Users/malcolm/opt/cross-newlib/lib/gcc/m68k-elf-rosco/13.2.0/../../../../m68k-elf-rosco/lib/librosco.a(fat_filelib.o)
 .text._write_sectors
                0x0000b588      0x1d8 /Users/malcolm/opt/cross-newlib/lib/gcc/m68k-elf-rosco/13.2.0/../../../../m68k-elf-rosco/lib/librosco.a(fat_filelib.o)
 .text._read_sectors
                0x0000b760      0x136 /Users/malcolm/opt/cross-newlib/lib/gcc/m68k-elf-rosco/13.2.0/../../../../m68k-elf-rosco/lib/librosco.a(fat_filelib.o)
 .text._allocate_file
                0x0000b896       0xc8 /Users/malcolm/opt/cross-newlib/lib/gcc/m68k-elf-rosco/13.2.0/../../../../m68k-elf-rosco/lib/librosco.a(fat_filelib.o)
 .text._free_file
                0x0000b95e       0xcc /Users/malcolm/opt/cross-newlib/lib/gcc/m68k-elf-rosco/13.2.0/../../../../m68k-elf-rosco/lib/librosco.a(fat_filelib.o)
 .text._open_file
                0x0000ba2a      0x196 /Users/malcolm/opt/cross-newlib/lib/gcc/m68k-elf-rosco/13.2.0/../../../../m68k-elf-rosco/lib/librosco.a(fat_filelib.o)
 .text.fl_init  0x0000bbc0       0xc0 /Users/malcolm/opt/cross-newlib/lib/gcc/m68k-elf-rosco/13.2.0/../../../../m68k-elf-rosco/lib/librosco.a(fat_filelib.o)
                0x0000bbc0                fl_init
 .text.fl_attach_locks
                0x0000bc80       0x12 /Users/malcolm/opt/cross-newlib/lib/gcc/m68k-elf-rosco/13.2.0/../../../../m68k-elf-rosco/lib/librosco.a(fat_filelib.o)
                0x0000bc80                fl_attach_locks
 .text.fl_attach_media
                0x0000bc92       0x3c /Users/malcolm/opt/cross-newlib/lib/gcc/m68k-elf-rosco/13.2.0/../../../../m68k-elf-rosco/lib/librosco.a(fat_filelib.o)
                0x0000bc92                fl_attach_media
 .text.fl_shutdown
                0x0000bcce       0x3c /Users/malcolm/opt/cross-newlib/lib/gcc/m68k-elf-rosco/13.2.0/../../../../m68k-elf-rosco/lib/librosco.a(fat_filelib.o)
                0x0000bcce                fl_shutdown
 .text.fl_fopen
                0x0000bd0a      0x444 /Users/malcolm/opt/cross-newlib/lib/gcc/m68k-elf-rosco/13.2.0/../../../../m68k-elf-rosco/lib/librosco.a(fat_filelib.o)
                0x0000bd0a                fl_fopen
 .text.fl_fflush
                0x0000c14e       0x72 /Users/malcolm/opt/cross-newlib/lib/gcc/m68k-elf-rosco/13.2.0/../../../../m68k-elf-rosco/lib/librosco.a(fat_filelib.o)
                0x0000c14e                fl_fflush
 .text.fl_fclose
                0x0000c1c0       0xd6 /Users/malcolm/opt/cross-newlib/lib/gcc/m68k-elf-rosco/13.2.0/../../../../m68k-elf-rosco/lib/librosco.a(fat_filelib.o)
                0x0000c1c0                fl_fclose
 .text.fl_fread
                0x0000c296      0x17e /Users/malcolm/opt/cross-newlib/lib/gcc/m68k-elf-rosco/13.2.0/../../../../m68k-elf-rosco/lib/librosco.a(fat_filelib.o)
                0x0000c296                fl_fread
 .text.fl_fgetc
                0x0000c414       0x36 /Users/malcolm/opt/cross-newlib/lib/gcc/m68k-elf-rosco/13.2.0/../../../../m68k-elf-rosco/lib/librosco.a(fat_filelib.o)
                0x0000c414                fl_fgetc
 .text.fl_fgets
                0x0000c44a       0x84 /Users/malcolm/opt/cross-newlib/lib/gcc/m68k-elf-rosco/13.2.0/../../../../m68k-elf-rosco/lib/librosco.a(fat_filelib.o)
                0x0000c44a                fl_fgets
 .text.fl_lseek
                0x0000c4ce      0x112 /Users/malcolm/opt/cross-newlib/lib/gcc/m68k-elf-rosco/13.2.0/../../../../m68k-elf-rosco/lib/librosco.a(fat_filelib.o)
                0x0000c4ce                fl_lseek
 .text.fl_fgetpos
                0x0000c5e0       0x3c /Users/malcolm/opt/cross-newlib/lib/gcc/m68k-elf-rosco/13.2.0/../../../../m68k-elf-rosco/lib/librosco.a(fat_filelib.o)
                0x0000c5e0                fl_fgetpos
 .text.fl_feof  0x0000c61c       0x4a /Users/malcolm/opt/cross-newlib/lib/gcc/m68k-elf-rosco/13.2.0/../../../../m68k-elf-rosco/lib/librosco.a(fat_filelib.o)
                0x0000c61c                fl_feof
 .text.fl_fwrite
                0x0000c666      0x25c /Users/malcolm/opt/cross-newlib/lib/gcc/m68k-elf-rosco/13.2.0/../../../../m68k-elf-rosco/lib/librosco.a(fat_filelib.o)
                0x0000c666                fl_fwrite
 .text.fl_fputc
                0x0000c8c2       0x40 /Users/malcolm/opt/cross-newlib/lib/gcc/m68k-elf-rosco/13.2.0/../../../../m68k-elf-rosco/lib/librosco.a(fat_filelib.o)
                0x0000c8c2                fl_fputc
 .text.fl_fputs
                0x0000c902       0x2a /Users/malcolm/opt/cross-newlib/lib/gcc/m68k-elf-rosco/13.2.0/../../../../m68k-elf-rosco/lib/librosco.a(fat_filelib.o)
                0x0000c902                fl_fputs
 .text.fl_remove
                0x0000c92c       0xca /Users/malcolm/opt/cross-newlib/lib/gcc/m68k-elf-rosco/13.2.0/../../../../m68k-elf-rosco/lib/librosco.a(fat_filelib.o)
                0x0000c92c                fl_remove
 .text.fl_createdirectory
                0x0000c9f6      0x27a /Users/malcolm/opt/cross-newlib/lib/gcc/m68k-elf-rosco/13.2.0/../../../../m68k-elf-rosco/lib/librosco.a(fat_filelib.o)
                0x0000c9f6                fl_createdirectory
 .text          0x0000cc70        0x0 /Users/malcolm/opt/cross-newlib/lib/gcc/m68k-elf-rosco/13.2.0/../../../../m68k-elf-rosco/lib/librosco.a(fat_misc.o)
 .text.fatfs_lfn_cache_init
                0x0000cc70       0x3c /Users/malcolm/opt/cross-newlib/lib/gcc/m68k-elf-rosco/13.2.0/../../../../m68k-elf-rosco/lib/librosco.a(fat_misc.o)
                0x0000cc70                fatfs_lfn_cache_init
 .text.fatfs_lfn_cache_entry
                0x0000ccac       0xa6 /Users/malcolm/opt/cross-newlib/lib/gcc/m68k-elf-rosco/13.2.0/../../../../m68k-elf-rosco/lib/librosco.a(fat_misc.o)
                0x0000ccac                fatfs_lfn_cache_entry
 .text.fatfs_lfn_cache_get
                0x0000cd52       0x38 /Users/malcolm/opt/cross-newlib/lib/gcc/m68k-elf-rosco/13.2.0/../../../../m68k-elf-rosco/lib/librosco.a(fat_misc.o)
                0x0000cd52                fatfs_lfn_cache_get
 .text.fatfs_entry_lfn_text
                0x0000cd8a       0x1a /Users/malcolm/opt/cross-newlib/lib/gcc/m68k-elf-rosco/13.2.0/../../../../m68k-elf-rosco/lib/librosco.a(fat_misc.o)
                0x0000cd8a                fatfs_entry_lfn_text
 .text.fatfs_entry_lfn_invalid
                0x0000cda4       0x30 /Users/malcolm/opt/cross-newlib/lib/gcc/m68k-elf-rosco/13.2.0/../../../../m68k-elf-rosco/lib/librosco.a(fat_misc.o)
                0x0000cda4                fatfs_entry_lfn_invalid
 .text.fatfs_entry_lfn_exists
                0x0000cdd4       0x44 /Users/malcolm/opt/cross-newlib/lib/gcc/m68k-elf-rosco/13.2.0/../../../../m68k-elf-rosco/lib/librosco.a(fat_misc.o)
                0x0000cdd4                fatfs_entry_lfn_exists
 .text.fatfs_entry_sfn_only
                0x0000ce18       0x3a /Users/malcolm/opt/cross-newlib/lib/gcc/m68k-elf-rosco/13.2.0/../../../../m68k-elf-rosco/lib/librosco.a(fat_misc.o)
                0x0000ce18                fatfs_entry_sfn_only
 .text.fatfs_entry_is_dir
                0x0000ce52       0x10 /Users/malcolm/opt/cross-newlib/lib/gcc/m68k-elf-rosco/13.2.0/../../../../m68k-elf-rosco/lib/librosco.a(fat_misc.o)
                0x0000ce52                fatfs_entry_is_dir
 .text.fatfs_entry_is_file
                0x0000ce62       0x10 /Users/malcolm/opt/cross-newlib/lib/gcc/m68k-elf-rosco/13.2.0/../../../../m68k-elf-rosco/lib/librosco.a(fat_misc.o)
                0x0000ce62                fatfs_entry_is_file
 .text.fatfs_lfn_entries_required
                0x0000ce72       0x28 /Users/malcolm/opt/cross-newlib/lib/gcc/m68k-elf-rosco/13.2.0/../../../../m68k-elf-rosco/lib/librosco.a(fat_misc.o)
                0x0000ce72                fatfs_lfn_entries_required
 .text.fatfs_filename_to_lfn
                0x0000ce9a      0x160 /Users/malcolm/opt/cross-newlib/lib/gcc/m68k-elf-rosco/13.2.0/../../../../m68k-elf-rosco/lib/librosco.a(fat_misc.o)
                0x0000ce9a                fatfs_filename_to_lfn
 .text.fatfs_sfn_create_entry
                0x0000cffa      0x1b2 /Users/malcolm/opt/cross-newlib/lib/gcc/m68k-elf-rosco/13.2.0/../../../../m68k-elf-rosco/lib/librosco.a(fat_misc.o)
                0x0000cffa                fatfs_sfn_create_entry
 .text.fatfs_lfn_create_sfn
                0x0000d1ac      0x130 /Users/malcolm/opt/cross-newlib/lib/gcc/m68k-elf-rosco/13.2.0/../../../../m68k-elf-rosco/lib/librosco.a(fat_misc.o)
                0x0000d1ac                fatfs_lfn_create_sfn
 .text.fatfs_lfn_generate_tail
                0x0000d2dc      0x154 /Users/malcolm/opt/cross-newlib/lib/gcc/m68k-elf-rosco/13.2.0/../../../../m68k-elf-rosco/lib/librosco.a(fat_misc.o)
                0x0000d2dc                fatfs_lfn_generate_tail
 .text          0x0000d430        0x0 /Users/malcolm/opt/cross-newlib/lib/gcc/m68k-elf-rosco/13.2.0/../../../../m68k-elf-rosco/lib/librosco.a(fat_string.o)
 .text.FileString_StrCmpNoCase
                0x0000d430       0xb6 /Users/malcolm/opt/cross-newlib/lib/gcc/m68k-elf-rosco/13.2.0/../../../../m68k-elf-rosco/lib/librosco.a(fat_string.o)
 .text.fatfs_total_path_levels
                0x0000d4e6       0x66 /Users/malcolm/opt/cross-newlib/lib/gcc/m68k-elf-rosco/13.2.0/../../../../m68k-elf-rosco/lib/librosco.a(fat_string.o)
                0x0000d4e6                fatfs_total_path_levels
 .text.fatfs_get_substring
                0x0000d54c       0xbe /Users/malcolm/opt/cross-newlib/lib/gcc/m68k-elf-rosco/13.2.0/../../../../m68k-elf-rosco/lib/librosco.a(fat_string.o)
                0x0000d54c                fatfs_get_substring
 .text.fatfs_split_path
                0x0000d60a       0xa4 /Users/malcolm/opt/cross-newlib/lib/gcc/m68k-elf-rosco/13.2.0/../../../../m68k-elf-rosco/lib/librosco.a(fat_string.o)
                0x0000d60a                fatfs_split_path
 .text.fatfs_compare_names
                0x0000d6ae      0x154 /Users/malcolm/opt/cross-newlib/lib/gcc/m68k-elf-rosco/13.2.0/../../../../m68k-elf-rosco/lib/librosco.a(fat_string.o)
                0x0000d6ae                fatfs_compare_names
 .text.fatfs_string_ends_with_slash
                0x0000d802       0x32 /Users/malcolm/opt/cross-newlib/lib/gcc/m68k-elf-rosco/13.2.0/../../../../m68k-elf-rosco/lib/librosco.a(fat_string.o)
                0x0000d802                fatfs_string_ends_with_slash
 .text.fatfs_get_sfn_display_name
                0x0000d834       0x4a /Users/malcolm/opt/cross-newlib/lib/gcc/m68k-elf-rosco/13.2.0/../../../../m68k-elf-rosco/lib/librosco.a(fat_string.o)
                0x0000d834                fatfs_get_sfn_display_name
 .text.fatfs_get_extension
                0x0000d87e       0x7c /Users/malcolm/opt/cross-newlib/lib/gcc/m68k-elf-rosco/13.2.0/../../../../m68k-elf-rosco/lib/librosco.a(fat_string.o)
                0x0000d87e                fatfs_get_extension
 .text.fatfs_create_path_string
                0x0000d8fa       0xa8 /Users/malcolm/opt/cross-newlib/lib/gcc/m68k-elf-rosco/13.2.0/../../../../m68k-elf-rosco/lib/librosco.a(fat_string.o)
                0x0000d8fa                fatfs_create_path_string
 *fill*         0x0000d9a2        0x2 
 .text          0x0000d9a4        0x0 /Users/malcolm/opt/cross-newlib/lib/gcc/m68k-elf-rosco/13.2.0/../../../../m68k-elf-rosco/lib/librosco.a(fat_table.o)
 .text.fatfs_fat_read_sector
                0x0000d9a4      0x122 /Users/malcolm/opt/cross-newlib/lib/gcc/m68k-elf-rosco/13.2.0/../../../../m68k-elf-rosco/lib/librosco.a(fat_table.o)
 .text.fatfs_fat_init
                0x0000dac6       0x5c /Users/malcolm/opt/cross-newlib/lib/gcc/m68k-elf-rosco/13.2.0/../../../../m68k-elf-rosco/lib/librosco.a(fat_table.o)
                0x0000dac6                fatfs_fat_init
 .text.fatfs_fat_purge
                0x0000db22       0x84 /Users/malcolm/opt/cross-newlib/lib/gcc/m68k-elf-rosco/13.2.0/../../../../m68k-elf-rosco/lib/librosco.a(fat_table.o)
                0x0000db22                fatfs_fat_purge
 .text.fatfs_find_next_cluster
                0x0000dba6       0xde /Users/malcolm/opt/cross-newlib/lib/gcc/m68k-elf-rosco/13.2.0/../../../../m68k-elf-rosco/lib/librosco.a(fat_table.o)
                0x0000dba6                fatfs_find_next_cluster
 .text.fatfs_set_fs_info_next_free_cluster
                0x0000dc84       0x9a /Users/malcolm/opt/cross-newlib/lib/gcc/m68k-elf-rosco/13.2.0/../../../../m68k-elf-rosco/lib/librosco.a(fat_table.o)
                0x0000dc84                fatfs_set_fs_info_next_free_cluster
 .text.fatfs_find_blank_cluster
                0x0000dd1e       0xda /Users/malcolm/opt/cross-newlib/lib/gcc/m68k-elf-rosco/13.2.0/../../../../m68k-elf-rosco/lib/librosco.a(fat_table.o)
                0x0000dd1e                fatfs_find_blank_cluster
 .text.fatfs_fat_set_cluster
                0x0000ddf8       0xca /Users/malcolm/opt/cross-newlib/lib/gcc/m68k-elf-rosco/13.2.0/../../../../m68k-elf-rosco/lib/librosco.a(fat_table.o)
                0x0000ddf8                fatfs_fat_set_cluster
 .text.fatfs_free_cluster_chain
                0x0000dec2       0x4a /Users/malcolm/opt/cross-newlib/lib/gcc/m68k-elf-rosco/13.2.0/../../../../m68k-elf-rosco/lib/librosco.a(fat_table.o)
                0x0000dec2                fatfs_free_cluster_chain
 .text.fatfs_fat_add_cluster_to_chain
                0x0000df0c       0x5c /Users/malcolm/opt/cross-newlib/lib/gcc/m68k-elf-rosco/13.2.0/../../../../m68k-elf-rosco/lib/librosco.a(fat_table.o)
                0x0000df0c                fatfs_fat_add_cluster_to_chain
 .text.fatfs_count_free_clusters
                0x0000df68       0xb4 /Users/malcolm/opt/cross-newlib/lib/gcc/m68k-elf-rosco/13.2.0/../../../../m68k-elf-rosco/lib/librosco.a(fat_table.o)
                0x0000df68                fatfs_count_free_clusters
 .text          0x0000e01c        0x0 /Users/malcolm/opt/cross-newlib/lib/gcc/m68k-elf-rosco/13.2.0/../../../../m68k-elf-rosco/lib/librosco.a(fat_write.o)
 .text.fatfs_add_free_space
                0x0000e01c       0x9c /Users/malcolm/opt/cross-newlib/lib/gcc/m68k-elf-rosco/13.2.0/../../../../m68k-elf-rosco/lib/librosco.a(fat_write.o)
                0x0000e01c                fatfs_add_free_space
 .text.fatfs_allocate_free_space
                0x0000e0b8      0x10e /Users/malcolm/opt/cross-newlib/lib/gcc/m68k-elf-rosco/13.2.0/../../../../m68k-elf-rosco/lib/librosco.a(fat_write.o)
                0x0000e0b8                fatfs_allocate_free_space
 .text.fatfs_add_file_entry
                0x0000e1c6      0x28c /Users/malcolm/opt/cross-newlib/lib/gcc/m68k-elf-rosco/13.2.0/../../../../m68k-elf-rosco/lib/librosco.a(fat_write.o)
                0x0000e1c6                fatfs_add_file_entry
 *fill*         0x0000e452        0x2 
 .text          0x0000e454        0x0 /Users/malcolm/opt/cross-newlib/lib/gcc/m68k-elf-rosco/13.2.0/../../../../m68k-elf-rosco/lib/librosco.a(fat_access.o)
 .text.fatfs_init
                0x0000e454      0x202 /Users/malcolm/opt/cross-newlib/lib/gcc/m68k-elf-rosco/13.2.0/../../../../m68k-elf-rosco/lib/librosco.a(fat_access.o)
                0x0000e454                fatfs_init
 .text.fatfs_lba_of_cluster
                0x0000e656       0x34 /Users/malcolm/opt/cross-newlib/lib/gcc/m68k-elf-rosco/13.2.0/../../../../m68k-elf-rosco/lib/librosco.a(fat_access.o)
                0x0000e656                fatfs_lba_of_cluster
 .text.fatfs_sector_read
                0x0000e68a       0x20 /Users/malcolm/opt/cross-newlib/lib/gcc/m68k-elf-rosco/13.2.0/../../../../m68k-elf-rosco/lib/librosco.a(fat_access.o)
                0x0000e68a                fatfs_sector_read
 .text.fatfs_sector_write
                0x0000e6aa       0x20 /Users/malcolm/opt/cross-newlib/lib/gcc/m68k-elf-rosco/13.2.0/../../../../m68k-elf-rosco/lib/librosco.a(fat_access.o)
                0x0000e6aa                fatfs_sector_write
 .text.fatfs_sector_reader
                0x0000e6ca      0x102 /Users/malcolm/opt/cross-newlib/lib/gcc/m68k-elf-rosco/13.2.0/../../../../m68k-elf-rosco/lib/librosco.a(fat_access.o)
                0x0000e6ca                fatfs_sector_reader
 .text.fatfs_read_sector
                0x0000e7cc       0xf0 /Users/malcolm/opt/cross-newlib/lib/gcc/m68k-elf-rosco/13.2.0/../../../../m68k-elf-rosco/lib/librosco.a(fat_access.o)
                0x0000e7cc                fatfs_read_sector
 .text.fatfs_write_sector
                0x0000e8bc       0xf0 /Users/malcolm/opt/cross-newlib/lib/gcc/m68k-elf-rosco/13.2.0/../../../../m68k-elf-rosco/lib/librosco.a(fat_access.o)
                0x0000e8bc                fatfs_write_sector
 .text.fatfs_get_root_cluster
                0x0000e9ac        0xa /Users/malcolm/opt/cross-newlib/lib/gcc/m68k-elf-rosco/13.2.0/../../../../m68k-elf-rosco/lib/librosco.a(fat_access.o)
                0x0000e9ac                fatfs_get_root_cluster
 .text.fatfs_get_file_entry
                0x0000e9b6      0x1ee /Users/malcolm/opt/cross-newlib/lib/gcc/m68k-elf-rosco/13.2.0/../../../../m68k-elf-rosco/lib/librosco.a(fat_access.o)
                0x0000e9b6                fatfs_get_file_entry
 .text.fatfs_sfn_exists
                0x0000eba4       0xaa /Users/malcolm/opt/cross-newlib/lib/gcc/m68k-elf-rosco/13.2.0/../../../../m68k-elf-rosco/lib/librosco.a(fat_access.o)
                0x0000eba4                fatfs_sfn_exists
 .text.fatfs_update_file_length
                0x0000ec4e      0x120 /Users/malcolm/opt/cross-newlib/lib/gcc/m68k-elf-rosco/13.2.0/../../../../m68k-elf-rosco/lib/librosco.a(fat_access.o)
                0x0000ec4e                fatfs_update_file_length
 .text.fatfs_mark_file_deleted
                0x0000ed6e       0xca /Users/malcolm/opt/cross-newlib/lib/gcc/m68k-elf-rosco/13.2.0/../../../../m68k-elf-rosco/lib/librosco.a(fat_access.o)
                0x0000ed6e                fatfs_mark_file_deleted
 .text          0x0000ee38        0x0 /Users/malcolm/opt/cross-newlib/lib/gcc/m68k-elf-rosco/13.2.0/../../../../m68k-elf-rosco/lib/librosco.a(fat_cache.o)
 .text.fatfs_cache_init
                0x0000ee38       0x34 /Users/malcolm/opt/cross-newlib/lib/gcc/m68k-elf-rosco/13.2.0/../../../../m68k-elf-rosco/lib/librosco.a(fat_cache.o)
                0x0000ee38                fatfs_cache_init
 .text.fatfs_cache_get_next_cluster
                0x0000ee6c       0x28 /Users/malcolm/opt/cross-newlib/lib/gcc/m68k-elf-rosco/13.2.0/../../../../m68k-elf-rosco/lib/librosco.a(fat_cache.o)
                0x0000ee6c                fatfs_cache_get_next_cluster
 .text.fatfs_cache_set_next_cluster
                0x0000ee94       0x26 /Users/malcolm/opt/cross-newlib/lib/gcc/m68k-elf-rosco/13.2.0/../../../../m68k-elf-rosco/lib/librosco.a(fat_cache.o)
                0x0000ee94                fatfs_cache_set_next_cluster
 *fill*         0x0000eeba        0x2 
 .text          0x0000eebc        0x0 /Users/malcolm/opt/cross-newlib/lib/gcc/m68k-elf-rosco/13.2.0/../../../../m68k-elf-rosco/lib/libc.a(libc_a-strncmp.o)
 .text.strncmp  0x0000eebc       0xa8 /Users/malcolm/opt/cross-newlib/lib/gcc/m68k-elf-rosco/13.2.0/../../../../m68k-elf-rosco/lib/libc.a(libc_a-strncmp.o)
                0x0000eebc                strncmp
 .text          0x0000ef64       0x22 /Users/malcolm/opt/cross-newlib/lib/gcc/m68k-elf-rosco/13.2.0/libgcc.a(_mulsi3.o)
                0x0000ef64                __mulsi3_internal
                0x0000ef64                __mulsi3
 *fill*         0x0000ef86        0x2 
 .text          0x0000ef88       0x5c /Users/malcolm/opt/cross-newlib/lib/gcc/m68k-elf-rosco/13.2.0/libgcc.a(_udivsi3.o)
                0x0000ef88                __udivsi3_internal
                0x0000ef88                __udivsi3
 .text          0x0000efe4       0x2e /Users/malcolm/opt/cross-newlib/lib/gcc/m68k-elf-rosco/13.2.0/libgcc.a(_divsi3.o)
                0x0000efe4                __divsi3_internal
                0x0000efe4                __divsi3
 *fill*         0x0000f012        0x2 
 .text          0x0000f014       0x2e /Users/malcolm/opt/cross-newlib/lib/gcc/m68k-elf-rosco/13.2.0/libgcc.a(_umodsi3.o)
                0x0000f014                __umodsi3
 *fill*         0x0000f042        0x2 
 .text          0x0000f044       0x2e /Users/malcolm/opt/cross-newlib/lib/gcc/m68k-elf-rosco/13.2.0/libgcc.a(_modsi3.o)
                0x0000f044                __modsi3
 *fill*         0x0000f072        0x2 
 .text          0x0000f074      0x9ce /Users/malcolm/opt/cross-newlib/lib/gcc/m68k-elf-rosco/13.2.0/libgcc.a(_double.o)
                0x0000f0ce                __subdf3
                0x0000f0d4                __adddf3
                0x0000f46a                __muldf3
                0x0000f618                __divdf3
                0x0000f88c                __negdf2
                0x0000f8ea                __cmpdf2_internal
                0x0000f9ba                __cmpdf2
 *fill*         0x0000fa42        0x2 
 .text          0x0000fa44       0x6a /Users/malcolm/opt/cross-newlib/lib/gcc/m68k-elf-rosco/13.2.0/libgcc.a(_floatex.o)
                0x0000fa44                __clear_sticky_bit
                0x0000fa52                $_exception_handler
 *fill*         0x0000faae        0x2 
 .text          0x0000fab0       0x22 /Users/malcolm/opt/cross-newlib/lib/gcc/m68k-elf-rosco/13.2.0/libgcc.a(_eqdf2.o)
                0x0000fab0                __eqdf2
 *fill*         0x0000fad2        0x2 
 .text          0x0000fad4       0x22 /Users/malcolm/opt/cross-newlib/lib/gcc/m68k-elf-rosco/13.2.0/libgcc.a(_nedf2.o)
                0x0000fad4                __nedf2
 *fill*         0x0000faf6        0x2 
 .text          0x0000faf8       0x22 /Users/malcolm/opt/cross-newlib/lib/gcc/m68k-elf-rosco/13.2.0/libgcc.a(_gtdf2.o)
                0x0000faf8                __gtdf2
 *fill*         0x0000fb1a        0x2 
 .text          0x0000fb1c       0x22 /Users/malcolm/opt/cross-newlib/lib/gcc/m68k-elf-rosco/13.2.0/libgcc.a(_ltdf2.o)
                0x0000fb1c                __ltdf2
 *fill*         0x0000fb3e        0x2 
 .text          0x0000fb40       0x22 /Users/malcolm/opt/cross-newlib/lib/gcc/m68k-elf-rosco/13.2.0/libgcc.a(_ledf2.o)
                0x0000fb40                __ledf2
 *fill*         0x0000fb62        0x2 
 .text          0x0000fb64      0x52c /Users/malcolm/opt/cross-newlib/lib/gcc/m68k-elf-rosco/13.2.0/libgcc.a(fpgnulib.o)
                0x0000fbee                __unordsf2
                0x0000fc3a                __unorddf2
                0x0000fc9e                __floatunsidf
                0x0000fd20                __floatsidf
                0x0000fd34                __floatunsisf
                0x0000fdc4                __floatsisf
                0x0000fde2                __extendsfdf2
                0x0000fe56                __truncdfsf2
                0x0000ff6a                __fixdfsi
                0x0000fffa                __fixsfsi
 .text          0x00010090      0x8cc /Users/malcolm/opt/cross-newlib/lib/gcc/m68k-elf-rosco/13.2.0/libgcc.a(xfgnulib.o)
                0x00010090                __unordxf2
                0x00010112                __extenddfxf2
                0x000101c8                __truncxfdf2
                0x00010290                __extendsfxf2
                0x0001034a                __truncxfsf2
                0x00010444                __floatsixf
                0x0001048c                __floatunsixf
                0x000104d4                __fixxfsi
                0x000104f8                __addxf3
                0x00010572                __subxf3
                0x000105ec                __mulxf3
                0x00010666                __divxf3
                0x000106e0                __negxf2
                0x0001073a                __cmpxf2
                0x00010788                __eqxf2
                0x000107d6                __nexf2
                0x00010824                __ltxf2
                0x00010872                __lexf2
                0x000108c0                __gtxf2
                0x0001090e                __gexf2
 .text          0x0001095c       0x24 /Users/malcolm/opt/cross-newlib/lib/gcc/m68k-elf-rosco/13.2.0/crtend.o
 .text          0x00010980        0x0 /Users/malcolm/opt/cross-newlib/lib/gcc/m68k-elf-rosco/13.2.0/crtn.o
                0x00010980                        _ctors = .
 *(.ctors)
 .ctors         0x00010980        0x4 /Users/malcolm/opt/cross-newlib/lib/gcc/m68k-elf-rosco/13.2.0/crtbegin.o
 .ctors         0x00010984        0x4 /Users/malcolm/opt/cross-newlib/lib/gcc/m68k-elf-rosco/13.2.0/crtend.o
 *(SORT_BY_NAME(.ctors.*))
                0x00010988                        _ctors_end = .
                0x00010988                        _dtors = .
 *(SORT_BY_NAME(.dtors.*))
 *(.dtors)
 .dtors         0x00010988        0x4 /Users/malcolm/opt/cross-newlib/lib/gcc/m68k-elf-rosco/13.2.0/crtbegin.o
 .dtors         0x0001098c        0x4 /Users/malcolm/opt/cross-newlib/lib/gcc/m68k-elf-rosco/13.2.0/crtend.o
                0x0001098c                __DTOR_END__
                0x00010990                        _dtors_end = .
                0x00010990                        . = ALIGN (0x4)
 *(.rodata .rodata.*)
 .rodata        0x00010990        0xf main.o
 .rodata._vfprintf_r.str1.1
                0x0001099f      0x109 /Users/malcolm/opt/cross-newlib/lib/gcc/m68k-elf-rosco/13.2.0/../../../../m68k-elf-rosco/lib/libc.a(libc_a-vfprintf.o)
                                 0x3b (size before relaxing)
 .rodata.zeroes.0
                0x00010aa8       0x10 /Users/malcolm/opt/cross-newlib/lib/gcc/m68k-elf-rosco/13.2.0/../../../../m68k-elf-rosco/lib/libc.a(libc_a-vfprintf.o)
 .rodata.blanks.1
                0x00010ab8       0x10 /Users/malcolm/opt/cross-newlib/lib/gcc/m68k-elf-rosco/13.2.0/../../../../m68k-elf-rosco/lib/libc.a(libc_a-vfprintf.o)
 .rodata._dtoa_r.str1.1
                0x00010ac8       0x48 /Users/malcolm/opt/cross-newlib/lib/gcc/m68k-elf-rosco/13.2.0/../../../../m68k-elf-rosco/lib/libc.a(libc_a-dtoa.o)
 .rodata.__multadd.str1.1
                0x00010ac8       0x3a /Users/malcolm/opt/cross-newlib/lib/gcc/m68k-elf-rosco/13.2.0/../../../../m68k-elf-rosco/lib/libc.a(libc_a-mprec.o)
 .rodata.p05.0  0x00010ac8        0xc /Users/malcolm/opt/cross-newlib/lib/gcc/m68k-elf-rosco/13.2.0/../../../../m68k-elf-rosco/lib/libc.a(libc_a-mprec.o)
 .rodata.__mprec_tinytens
                0x00010ad4       0x28 /Users/malcolm/opt/cross-newlib/lib/gcc/m68k-elf-rosco/13.2.0/../../../../m68k-elf-rosco/lib/libc.a(libc_a-mprec.o)
                0x00010ad4                __mprec_tinytens
 .rodata.__mprec_bigtens
                0x00010afc       0x28 /Users/malcolm/opt/cross-newlib/lib/gcc/m68k-elf-rosco/13.2.0/../../../../m68k-elf-rosco/lib/libc.a(libc_a-mprec.o)
                0x00010afc                __mprec_bigtens
 .rodata.__mprec_tens
                0x00010b24       0xc8 /Users/malcolm/opt/cross-newlib/lib/gcc/m68k-elf-rosco/13.2.0/../../../../m68k-elf-rosco/lib/libc.a(libc_a-mprec.o)
                0x00010b24                __mprec_tens
 .rodata._setlocale_r.str1.1
                0x00010bec        0x9 /Users/malcolm/opt/cross-newlib/lib/gcc/m68k-elf-rosco/13.2.0/../../../../m68k-elf-rosco/lib/libc.a(libc_a-locale.o)
 .rodata.str1.1
                0x00010bec        0x2 /Users/malcolm/opt/cross-newlib/lib/gcc/m68k-elf-rosco/13.2.0/../../../../m68k-elf-rosco/lib/libc.a(libc_a-locale.o)
 .rodata._ctype_
                0x00010bec      0x101 /Users/malcolm/opt/cross-newlib/lib/gcc/m68k-elf-rosco/13.2.0/../../../../m68k-elf-rosco/lib/libc.a(libc_a-ctype_.o)
                0x00010bec                _ctype_
 .rodata.__assert_func.str1.1
                0x00010ced       0x3d /Users/malcolm/opt/cross-newlib/lib/gcc/m68k-elf-rosco/13.2.0/../../../../m68k-elf-rosco/lib/libc.a(libc_a-assert.o)
 .rodata._vfiprintf_r.str1.1
                0x00010ced       0x29 /Users/malcolm/opt/cross-newlib/lib/gcc/m68k-elf-rosco/13.2.0/../../../../m68k-elf-rosco/lib/libc.a(libc_a-vfiprintf.o)
 .rodata.zeroes.0
                0x00010ced       0x10 /Users/malcolm/opt/cross-newlib/lib/gcc/m68k-elf-rosco/13.2.0/../../../../m68k-elf-rosco/lib/libc.a(libc_a-vfiprintf.o)
 .rodata.blanks.1
                0x00010cfd       0x10 /Users/malcolm/opt/cross-newlib/lib/gcc/m68k-elf-rosco/13.2.0/../../../../m68k-elf-rosco/lib/libc.a(libc_a-vfiprintf.o)
 .rodata._open.str1.1
                0x00010d0d       0x19 /Users/malcolm/opt/cross-newlib/lib/gcc/m68k-elf-rosco/13.2.0/../../../../m68k-elf-rosco/lib/librosco.a(syscalls.o)
 .rodata._read.str1.1
                0x00010d0d        0x1 /Users/malcolm/opt/cross-newlib/lib/gcc/m68k-elf-rosco/13.2.0/../../../../m68k-elf-rosco/lib/librosco.a(syscalls.o)
 .rodata.fatfs_lfn_generate_tail.str1.1
                0x00010d0d       0x11 /Users/malcolm/opt/cross-newlib/lib/gcc/m68k-elf-rosco/13.2.0/../../../../m68k-elf-rosco/lib/librosco.a(fat_misc.o)
                0x00010d2c                        . = ALIGN (0x4)
 *fill*         0x00010d0d        0x3 
 *(.gcc_except_table)
                0x00010d10                        . = ALIGN (0x4)
 *(.init*)
 .init          0x00010d10        0x4 /Users/malcolm/opt/cross-newlib/lib/gcc/m68k-elf-rosco/13.2.0/crti.o
                0x00010d10                _init
 .init          0x00010d14        0x6 /Users/malcolm/opt/cross-newlib/lib/gcc/m68k-elf-rosco/13.2.0/crtbegin.o
 .init          0x00010d1a        0x6 /Users/malcolm/opt/cross-newlib/lib/gcc/m68k-elf-rosco/13.2.0/crtend.o
 .init          0x00010d20        0x4 /Users/malcolm/opt/cross-newlib/lib/gcc/m68k-elf-rosco/13.2.0/crtn.o
 *(.fini*)
 .fini          0x00010d24        0x4 /Users/malcolm/opt/cross-newlib/lib/gcc/m68k-elf-rosco/13.2.0/crti.o
                0x00010d24                _fini
 .fini          0x00010d28        0x6 /Users/malcolm/opt/cross-newlib/lib/gcc/m68k-elf-rosco/13.2.0/crtbegin.o
 .fini          0x00010d2e        0x4 /Users/malcolm/opt/cross-newlib/lib/gcc/m68k-elf-rosco/13.2.0/crtn.o
                0x00010d32                        _code_end = .
                0x00012d32                        . = DATA_SEGMENT_ALIGN (CONSTANT (MAXPAGESIZE), CONSTANT (COMMONPAGESIZE))

.data           0x00012d34      0x6c4 load address 0x00050d34
                0x00012d34                        _data_start = .
 *(.data*)
 .data          0x00012d34        0x0 /Users/malcolm/opt/cross-newlib/lib/gcc/m68k-elf-rosco/13.2.0/crti.o
 .data          0x00012d34        0x4 /Users/malcolm/opt/cross-newlib/lib/gcc/m68k-elf-rosco/13.2.0/crtbegin.o
                0x00012d34                __dso_handle
 .data          0x00012d38        0x0 main.o
 .data          0x00012d38        0x0 /Users/malcolm/opt/cross-newlib/lib/gcc/m68k-elf-rosco/13.2.0/../../../../m68k-elf-rosco/lib/libc.a(libc_a-atexit.o)
 .data          0x00012d38        0x0 /Users/malcolm/opt/cross-newlib/lib/gcc/m68k-elf-rosco/13.2.0/../../../../m68k-elf-rosco/lib/libc.a(libc_a-exit.o)
 .data          0x00012d38        0x0 /Users/malcolm/opt/cross-newlib/lib/gcc/m68k-elf-rosco/13.2.0/../../../../m68k-elf-rosco/lib/libc.a(libc_a-printf.o)
 .data          0x00012d38        0x0 /Users/malcolm/opt/cross-newlib/lib/gcc/m68k-elf-rosco/13.2.0/../../../../m68k-elf-rosco/lib/libc.a(libc_a-findfp.o)
 .data.__sglue  0x00012d38        0xc /Users/malcolm/opt/cross-newlib/lib/gcc/m68k-elf-rosco/13.2.0/../../../../m68k-elf-rosco/lib/libc.a(libc_a-findfp.o)
                0x00012d38                __sglue
 .data          0x00012d44        0x0 /Users/malcolm/opt/cross-newlib/lib/gcc/m68k-elf-rosco/13.2.0/../../../../m68k-elf-rosco/lib/libc.a(libc_a-fwalk.o)
 .data          0x00012d44        0x0 /Users/malcolm/opt/cross-newlib/lib/gcc/m68k-elf-rosco/13.2.0/../../../../m68k-elf-rosco/lib/libc.a(libc_a-impure.o)
 .data._impure_ptr
                0x00012d44        0x4 /Users/malcolm/opt/cross-newlib/lib/gcc/m68k-elf-rosco/13.2.0/../../../../m68k-elf-rosco/lib/libc.a(libc_a-impure.o)
                0x00012d44                _impure_ptr
 .data._impure_data
                0x00012d48      0x116 /Users/malcolm/opt/cross-newlib/lib/gcc/m68k-elf-rosco/13.2.0/../../../../m68k-elf-rosco/lib/libc.a(libc_a-impure.o)
                0x00012d48                _impure_data
 *fill*         0x00012e5e        0x2 
 .data          0x00012e60        0x0 /Users/malcolm/opt/cross-newlib/lib/gcc/m68k-elf-rosco/13.2.0/../../../../m68k-elf-rosco/lib/libc.a(libc_a-memset.o)
 .data          0x00012e60        0x0 /Users/malcolm/opt/cross-newlib/lib/gcc/m68k-elf-rosco/13.2.0/../../../../m68k-elf-rosco/lib/libc.a(libc_a-__atexit.o)
 .data          0x00012e60        0x0 /Users/malcolm/opt/cross-newlib/lib/gcc/m68k-elf-rosco/13.2.0/../../../../m68k-elf-rosco/lib/libc.a(libc_a-__call_atexit.o)
 .data          0x00012e60        0x0 /Users/malcolm/opt/cross-newlib/lib/gcc/m68k-elf-rosco/13.2.0/../../../../m68k-elf-rosco/lib/libc.a(libc_a-mallocr.o)
 .data.__malloc_sbrk_base
                0x00012e60        0x4 /Users/malcolm/opt/cross-newlib/lib/gcc/m68k-elf-rosco/13.2.0/../../../../m68k-elf-rosco/lib/libc.a(libc_a-mallocr.o)
                0x00012e60                __malloc_sbrk_base
 .data.__malloc_trim_threshold
                0x00012e64        0x4 /Users/malcolm/opt/cross-newlib/lib/gcc/m68k-elf-rosco/13.2.0/../../../../m68k-elf-rosco/lib/libc.a(libc_a-mallocr.o)
                0x00012e64                __malloc_trim_threshold
 .data.__malloc_av_
                0x00012e68      0x408 /Users/malcolm/opt/cross-newlib/lib/gcc/m68k-elf-rosco/13.2.0/../../../../m68k-elf-rosco/lib/libc.a(libc_a-mallocr.o)
                0x00012e68                __malloc_av_
 .data          0x00013270        0x0 /Users/malcolm/opt/cross-newlib/lib/gcc/m68k-elf-rosco/13.2.0/../../../../m68k-elf-rosco/lib/libc.a(libc_a-vfprintf.o)
 .data          0x00013270        0x0 /Users/malcolm/opt/cross-newlib/lib/gcc/m68k-elf-rosco/13.2.0/../../../../m68k-elf-rosco/lib/libc.a(libc_a-mlock.o)
 .data          0x00013270        0x0 /Users/malcolm/opt/cross-newlib/lib/gcc/m68k-elf-rosco/13.2.0/../../../../m68k-elf-rosco/lib/libc.a(libc_a-sprint_r.o)
 .data          0x00013270        0x0 /Users/malcolm/opt/cross-newlib/lib/gcc/m68k-elf-rosco/13.2.0/../../../../m68k-elf-rosco/lib/libc.a(libc_a-fclose.o)
 .data          0x00013270        0x0 /Users/malcolm/opt/cross-newlib/lib/gcc/m68k-elf-rosco/13.2.0/../../../../m68k-elf-rosco/lib/libc.a(libc_a-fflush.o)
 .data          0x00013270        0x0 /Users/malcolm/opt/cross-newlib/lib/gcc/m68k-elf-rosco/13.2.0/../../../../m68k-elf-rosco/lib/libc.a(libc_a-stdio.o)
 .data          0x00013270        0x0 /Users/malcolm/opt/cross-newlib/lib/gcc/m68k-elf-rosco/13.2.0/../../../../m68k-elf-rosco/lib/libc.a(libc_a-fvwrite.o)
 .data          0x00013270        0x0 /Users/malcolm/opt/cross-newlib/lib/gcc/m68k-elf-rosco/13.2.0/../../../../m68k-elf-rosco/lib/libc.a(libc_a-wsetup.o)
 .data          0x00013270        0x0 /Users/malcolm/opt/cross-newlib/lib/gcc/m68k-elf-rosco/13.2.0/../../../../m68k-elf-rosco/lib/libc.a(libc_a-memchr.o)
 .data          0x00013270        0x0 /Users/malcolm/opt/cross-newlib/lib/gcc/m68k-elf-rosco/13.2.0/../../../../m68k-elf-rosco/lib/libc.a(libc_a-memmove.o)
 .data          0x00013270        0x0 /Users/malcolm/opt/cross-newlib/lib/gcc/m68k-elf-rosco/13.2.0/../../../../m68k-elf-rosco/lib/libc.a(libc_a-localeconv.o)
 .data          0x00013270        0x0 /Users/malcolm/opt/cross-newlib/lib/gcc/m68k-elf-rosco/13.2.0/../../../../m68k-elf-rosco/lib/libc.a(libc_a-closer.o)
 .data          0x00013270        0x0 /Users/malcolm/opt/cross-newlib/lib/gcc/m68k-elf-rosco/13.2.0/../../../../m68k-elf-rosco/lib/libc.a(libc_a-reent.o)
 .data          0x00013270        0x0 /Users/malcolm/opt/cross-newlib/lib/gcc/m68k-elf-rosco/13.2.0/../../../../m68k-elf-rosco/lib/libc.a(libc_a-lseekr.o)
 .data          0x00013270        0x0 /Users/malcolm/opt/cross-newlib/lib/gcc/m68k-elf-rosco/13.2.0/../../../../m68k-elf-rosco/lib/libc.a(libc_a-readr.o)
 .data          0x00013270        0x0 /Users/malcolm/opt/cross-newlib/lib/gcc/m68k-elf-rosco/13.2.0/../../../../m68k-elf-rosco/lib/libc.a(libc_a-sbrkr.o)
 .data          0x00013270        0x0 /Users/malcolm/opt/cross-newlib/lib/gcc/m68k-elf-rosco/13.2.0/../../../../m68k-elf-rosco/lib/libc.a(libc_a-writer.o)
 .data          0x00013270        0x0 /Users/malcolm/opt/cross-newlib/lib/gcc/m68k-elf-rosco/13.2.0/../../../../m68k-elf-rosco/lib/libc.a(libc_a-strlen.o)
 .data          0x00013270        0x0 /Users/malcolm/opt/cross-newlib/lib/gcc/m68k-elf-rosco/13.2.0/../../../../m68k-elf-rosco/lib/libc.a(libc_a-memcpy.o)
 .data          0x00013270        0x0 /Users/malcolm/opt/cross-newlib/lib/gcc/m68k-elf-rosco/13.2.0/../../../../m68k-elf-rosco/lib/libc.a(libc_a-dtoa.o)
 .data          0x00013270        0x0 /Users/malcolm/opt/cross-newlib/lib/gcc/m68k-elf-rosco/13.2.0/../../../../m68k-elf-rosco/lib/libc.a(libc_a-freer.o)
 .data          0x00013270        0x0 /Users/malcolm/opt/cross-newlib/lib/gcc/m68k-elf-rosco/13.2.0/../../../../m68k-elf-rosco/lib/libc.a(libc_a-mprec.o)
 .data          0x00013270        0x0 /Users/malcolm/opt/cross-newlib/lib/gcc/m68k-elf-rosco/13.2.0/../../../../m68k-elf-rosco/lib/libc.a(libc_a-makebuf.o)
 .data          0x00013270        0x0 /Users/malcolm/opt/cross-newlib/lib/gcc/m68k-elf-rosco/13.2.0/../../../../m68k-elf-rosco/lib/libc.a(libc_a-reallocr.o)
 .data          0x00013270        0x0 /Users/malcolm/opt/cross-newlib/lib/gcc/m68k-elf-rosco/13.2.0/../../../../m68k-elf-rosco/lib/libc.a(libc_a-locale.o)
 .data.__global_locale
                0x00013270      0x168 /Users/malcolm/opt/cross-newlib/lib/gcc/m68k-elf-rosco/13.2.0/../../../../m68k-elf-rosco/lib/libc.a(libc_a-locale.o)
                0x00013270                __global_locale
 .data          0x000133d8        0x0 /Users/malcolm/opt/cross-newlib/lib/gcc/m68k-elf-rosco/13.2.0/../../../../m68k-elf-rosco/lib/libc.a(libc_a-fstatr.o)
 .data          0x000133d8        0x0 /Users/malcolm/opt/cross-newlib/lib/gcc/m68k-elf-rosco/13.2.0/../../../../m68k-elf-rosco/lib/libc.a(libc_a-isattyr.o)
 .data          0x000133d8        0x0 /Users/malcolm/opt/cross-newlib/lib/gcc/m68k-elf-rosco/13.2.0/../../../../m68k-elf-rosco/lib/libc.a(libc_a-ctype_.o)
 .data          0x000133d8        0x0 /Users/malcolm/opt/cross-newlib/lib/gcc/m68k-elf-rosco/13.2.0/../../../../m68k-elf-rosco/lib/libc.a(libc_a-assert.o)
 .data          0x000133d8        0x0 /Users/malcolm/opt/cross-newlib/lib/gcc/m68k-elf-rosco/13.2.0/../../../../m68k-elf-rosco/lib/libc.a(libc_a-callocr.o)
 .data          0x000133d8        0x0 /Users/malcolm/opt/cross-newlib/lib/gcc/m68k-elf-rosco/13.2.0/../../../../m68k-elf-rosco/lib/libc.a(libc_a-fiprintf.o)
 .data          0x000133d8        0x0 /Users/malcolm/opt/cross-newlib/lib/gcc/m68k-elf-rosco/13.2.0/../../../../m68k-elf-rosco/lib/libc.a(libc_a-mbtowc_r.o)
 .data          0x000133d8        0x0 /Users/malcolm/opt/cross-newlib/lib/gcc/m68k-elf-rosco/13.2.0/../../../../m68k-elf-rosco/lib/libc.a(libc_a-vfiprintf.o)
 .data          0x000133d8        0x0 /Users/malcolm/opt/cross-newlib/lib/gcc/m68k-elf-rosco/13.2.0/../../../../m68k-elf-rosco/lib/libc.a(libc_a-wctomb_r.o)
 .data          0x000133d8        0x0 /Users/malcolm/opt/cross-newlib/lib/gcc/m68k-elf-rosco/13.2.0/../../../../m68k-elf-rosco/lib/libc.a(libc_a-strcmp.o)
 .data          0x000133d8        0x0 /Users/malcolm/opt/cross-newlib/lib/gcc/m68k-elf-rosco/13.2.0/../../../../m68k-elf-rosco/lib/libc.a(libc_a-errno.o)
 .data          0x000133d8        0x0 /Users/malcolm/opt/cross-newlib/lib/gcc/m68k-elf-rosco/13.2.0/../../../../m68k-elf-rosco/lib/libc.a(libc_a-abort.o)
 .data          0x000133d8        0x0 /Users/malcolm/opt/cross-newlib/lib/gcc/m68k-elf-rosco/13.2.0/../../../../m68k-elf-rosco/lib/libc.a(libc_a-signal.o)
 .data          0x000133d8        0x0 /Users/malcolm/opt/cross-newlib/lib/gcc/m68k-elf-rosco/13.2.0/../../../../m68k-elf-rosco/lib/libc.a(libc_a-signalr.o)
 .data          0x000133d8        0x0 /Users/malcolm/opt/cross-newlib/lib/gcc/m68k-elf-rosco/13.2.0/../../../../m68k-elf-rosco/lib/librosco.a(syscalls.o)
 .data.backspace
                0x000133d8        0x4 /Users/malcolm/opt/cross-newlib/lib/gcc/m68k-elf-rosco/13.2.0/../../../../m68k-elf-rosco/lib/librosco.a(syscalls.o)
 .data          0x000133dc        0x0 /Users/malcolm/opt/cross-newlib/lib/gcc/m68k-elf-rosco/13.2.0/../../../../m68k-elf-rosco/lib/librosco.a(sdcard.o)
 .data          0x000133dc        0x0 /Users/malcolm/opt/cross-newlib/lib/gcc/m68k-elf-rosco/13.2.0/../../../../m68k-elf-rosco/lib/librosco.a(part.o)
 .data          0x000133dc        0x0 /Users/malcolm/opt/cross-newlib/lib/gcc/m68k-elf-rosco/13.2.0/../../../../m68k-elf-rosco/lib/librosco.a(fat_filelib.o)
 .data          0x000133dc        0x0 /Users/malcolm/opt/cross-newlib/lib/gcc/m68k-elf-rosco/13.2.0/../../../../m68k-elf-rosco/lib/librosco.a(fat_misc.o)
 .data          0x000133dc        0x0 /Users/malcolm/opt/cross-newlib/lib/gcc/m68k-elf-rosco/13.2.0/../../../../m68k-elf-rosco/lib/librosco.a(fat_string.o)
 .data          0x000133dc        0x0 /Users/malcolm/opt/cross-newlib/lib/gcc/m68k-elf-rosco/13.2.0/../../../../m68k-elf-rosco/lib/librosco.a(fat_table.o)
 .data          0x000133dc        0x0 /Users/malcolm/opt/cross-newlib/lib/gcc/m68k-elf-rosco/13.2.0/../../../../m68k-elf-rosco/lib/librosco.a(fat_write.o)
 .data          0x000133dc        0x0 /Users/malcolm/opt/cross-newlib/lib/gcc/m68k-elf-rosco/13.2.0/../../../../m68k-elf-rosco/lib/librosco.a(fat_access.o)
 .data          0x000133dc        0x0 /Users/malcolm/opt/cross-newlib/lib/gcc/m68k-elf-rosco/13.2.0/../../../../m68k-elf-rosco/lib/librosco.a(fat_cache.o)
 .data          0x000133dc        0x0 /Users/malcolm/opt/cross-newlib/lib/gcc/m68k-elf-rosco/13.2.0/../../../../m68k-elf-rosco/lib/libc.a(libc_a-strncmp.o)
 .data          0x000133dc        0x0 /Users/malcolm/opt/cross-newlib/lib/gcc/m68k-elf-rosco/13.2.0/libgcc.a(_mulsi3.o)
 .data          0x000133dc        0x0 /Users/malcolm/opt/cross-newlib/lib/gcc/m68k-elf-rosco/13.2.0/libgcc.a(_udivsi3.o)
 .data          0x000133dc        0x0 /Users/malcolm/opt/cross-newlib/lib/gcc/m68k-elf-rosco/13.2.0/libgcc.a(_divsi3.o)
 .data          0x000133dc        0x0 /Users/malcolm/opt/cross-newlib/lib/gcc/m68k-elf-rosco/13.2.0/libgcc.a(_umodsi3.o)
 .data          0x000133dc        0x0 /Users/malcolm/opt/cross-newlib/lib/gcc/m68k-elf-rosco/13.2.0/libgcc.a(_modsi3.o)
 .data          0x000133dc        0x0 /Users/malcolm/opt/cross-newlib/lib/gcc/m68k-elf-rosco/13.2.0/libgcc.a(_double.o)
 .data          0x000133dc       0x1c /Users/malcolm/opt/cross-newlib/lib/gcc/m68k-elf-rosco/13.2.0/libgcc.a(_floatex.o)
                0x000133dc                _fpCCR
 .data          0x000133f8        0x0 /Users/malcolm/opt/cross-newlib/lib/gcc/m68k-elf-rosco/13.2.0/libgcc.a(_eqdf2.o)
 .data          0x000133f8        0x0 /Users/malcolm/opt/cross-newlib/lib/gcc/m68k-elf-rosco/13.2.0/libgcc.a(_nedf2.o)
 .data          0x000133f8        0x0 /Users/malcolm/opt/cross-newlib/lib/gcc/m68k-elf-rosco/13.2.0/libgcc.a(_gtdf2.o)
 .data          0x000133f8        0x0 /Users/malcolm/opt/cross-newlib/lib/gcc/m68k-elf-rosco/13.2.0/libgcc.a(_ltdf2.o)